
Merging program properties


As-needed library included to satisfy reference by file (symbol)

libpq.so.5                    /tmp/ccRxThJr.o (PQstatus)
libc.so.6                     /tmp/cc5TsvdC.o (clock@@GLIBC_2.2.5)

Discarded input sections

 .note.GNU-stack
                0x0000000000000000        0x0 /usr/lib/gcc/x86_64-linux-gnu/11/../../../x86_64-linux-gnu/Scrt1.o
 .note.gnu.property
                0x0000000000000000       0x20 /usr/lib/gcc/x86_64-linux-gnu/11/../../../x86_64-linux-gnu/crti.o
 .note.GNU-stack
                0x0000000000000000        0x0 /usr/lib/gcc/x86_64-linux-gnu/11/../../../x86_64-linux-gnu/crti.o
 .note.GNU-stack
                0x0000000000000000        0x0 /usr/lib/gcc/x86_64-linux-gnu/11/crtbeginS.o
 .note.gnu.property
                0x0000000000000000       0x20 /usr/lib/gcc/x86_64-linux-gnu/11/crtbeginS.o
 .note.GNU-stack
                0x0000000000000000        0x0 /tmp/cc5TsvdC.o
 .note.gnu.property
                0x0000000000000000       0x20 /tmp/cc5TsvdC.o
 .note.GNU-stack
                0x0000000000000000        0x0 /tmp/cc9ketpn.o
 .note.gnu.property
                0x0000000000000000       0x20 /tmp/cc9ketpn.o
 .note.GNU-stack
                0x0000000000000000        0x0 /tmp/ccpo2PIy.o
 .note.gnu.property
                0x0000000000000000       0x20 /tmp/ccpo2PIy.o
 .note.GNU-stack
                0x0000000000000000        0x0 /tmp/ccpDT7fI.o
 .note.gnu.property
                0x0000000000000000       0x20 /tmp/ccpDT7fI.o
 .note.GNU-stack
                0x0000000000000000        0x0 /tmp/ccZedFYd.o
 .note.gnu.property
                0x0000000000000000       0x20 /tmp/ccZedFYd.o
 .note.GNU-stack
                0x0000000000000000        0x0 /tmp/cctyEaJZ.o
 .note.gnu.property
                0x0000000000000000       0x20 /tmp/cctyEaJZ.o
 .note.GNU-stack
                0x0000000000000000        0x0 /tmp/ccufxwNB.o
 .note.gnu.property
                0x0000000000000000       0x20 /tmp/ccufxwNB.o
 .note.GNU-stack
                0x0000000000000000        0x0 /tmp/ccRxThJr.o
 .note.gnu.property
                0x0000000000000000       0x20 /tmp/ccRxThJr.o
 .note.GNU-stack
                0x0000000000000000        0x0 /tmp/ccJkR28U.o
 .note.gnu.property
                0x0000000000000000       0x20 /tmp/ccJkR28U.o
 .note.GNU-stack
                0x0000000000000000        0x0 /tmp/ccVpNHyJ.o
 .note.gnu.property
                0x0000000000000000       0x20 /tmp/ccVpNHyJ.o
 .note.GNU-stack
                0x0000000000000000        0x0 /tmp/ccAO0cuo.o
 .note.gnu.property
                0x0000000000000000       0x20 /tmp/ccAO0cuo.o
 .note.GNU-stack
                0x0000000000000000        0x0 /tmp/cciTlpXz.o
 .note.gnu.property
                0x0000000000000000       0x20 /tmp/cciTlpXz.o
 .note.GNU-stack
                0x0000000000000000        0x0 /tmp/ccZdbovv.o
 .note.gnu.property
                0x0000000000000000       0x20 /tmp/ccZdbovv.o
 .note.GNU-stack
                0x0000000000000000        0x0 /tmp/ccC5NirW.o
 .note.gnu.property
                0x0000000000000000       0x20 /tmp/ccC5NirW.o
 .note.GNU-stack
                0x0000000000000000        0x0 /usr/lib/gcc/x86_64-linux-gnu/11/crtendS.o
 .note.gnu.property
                0x0000000000000000       0x20 /usr/lib/gcc/x86_64-linux-gnu/11/crtendS.o
 .note.gnu.property
                0x0000000000000000       0x20 /usr/lib/gcc/x86_64-linux-gnu/11/../../../x86_64-linux-gnu/crtn.o
 .note.GNU-stack
                0x0000000000000000        0x0 /usr/lib/gcc/x86_64-linux-gnu/11/../../../x86_64-linux-gnu/crtn.o

Memory Configuration

Name             Origin             Length             Attributes
*default*        0x0000000000000000 0xffffffffffffffff

Linker script and memory map

LOAD /usr/lib/gcc/x86_64-linux-gnu/11/../../../x86_64-linux-gnu/Scrt1.o
LOAD /usr/lib/gcc/x86_64-linux-gnu/11/../../../x86_64-linux-gnu/crti.o
LOAD /usr/lib/gcc/x86_64-linux-gnu/11/crtbeginS.o
LOAD /tmp/cc5TsvdC.o
LOAD /tmp/cc9ketpn.o
LOAD /tmp/ccpo2PIy.o
LOAD /tmp/ccpDT7fI.o
LOAD /tmp/ccZedFYd.o
LOAD /tmp/cctyEaJZ.o
LOAD /tmp/ccufxwNB.o
LOAD /tmp/ccRxThJr.o
LOAD /tmp/ccJkR28U.o
LOAD /tmp/ccVpNHyJ.o
LOAD /tmp/ccAO0cuo.o
LOAD /tmp/cciTlpXz.o
LOAD /tmp/ccZdbovv.o
LOAD /tmp/ccC5NirW.o
LOAD /usr/lib/gcc/x86_64-linux-gnu/11/../../../x86_64-linux-gnu/libpq.so
LOAD /usr/lib/gcc/x86_64-linux-gnu/11/libgcc.a
LOAD /usr/lib/gcc/x86_64-linux-gnu/11/libgcc_s.so
START GROUP
LOAD /usr/lib/gcc/x86_64-linux-gnu/11/../../../x86_64-linux-gnu/libgcc_s.so.1
LOAD /usr/lib/gcc/x86_64-linux-gnu/11/libgcc.a
END GROUP
LOAD /usr/lib/gcc/x86_64-linux-gnu/11/../../../x86_64-linux-gnu/libc.so
START GROUP
LOAD /lib/x86_64-linux-gnu/libc.so.6
LOAD /usr/lib/x86_64-linux-gnu/libc_nonshared.a
LOAD /lib64/ld-linux-x86-64.so.2
END GROUP
LOAD /usr/lib/gcc/x86_64-linux-gnu/11/libgcc.a
LOAD /usr/lib/gcc/x86_64-linux-gnu/11/libgcc_s.so
START GROUP
LOAD /usr/lib/gcc/x86_64-linux-gnu/11/../../../x86_64-linux-gnu/libgcc_s.so.1
LOAD /usr/lib/gcc/x86_64-linux-gnu/11/libgcc.a
END GROUP
LOAD /usr/lib/gcc/x86_64-linux-gnu/11/crtendS.o
LOAD /usr/lib/gcc/x86_64-linux-gnu/11/../../../x86_64-linux-gnu/crtn.o
                [!provide]                        PROVIDE (__executable_start = SEGMENT_START ("text-segment", 0x0))
                0x0000000000000318                . = (SEGMENT_START ("text-segment", 0x0) + SIZEOF_HEADERS)

.interp         0x0000000000000318       0x1c
 *(.interp)
 .interp        0x0000000000000318       0x1c /usr/lib/gcc/x86_64-linux-gnu/11/../../../x86_64-linux-gnu/Scrt1.o

.note.gnu.property
                0x0000000000000338       0x30
 .note.gnu.property
                0x0000000000000338       0x30 /usr/lib/gcc/x86_64-linux-gnu/11/../../../x86_64-linux-gnu/Scrt1.o

.note.gnu.build-id
                0x0000000000000368       0x24
 *(.note.gnu.build-id)
 .note.gnu.build-id
                0x0000000000000368       0x24 /usr/lib/gcc/x86_64-linux-gnu/11/../../../x86_64-linux-gnu/Scrt1.o

.note.ABI-tag   0x000000000000038c       0x20
 .note.ABI-tag  0x000000000000038c       0x20 /usr/lib/gcc/x86_64-linux-gnu/11/../../../x86_64-linux-gnu/Scrt1.o

.hash
 *(.hash)

.gnu.hash       0x00000000000003b0       0x28
 *(.gnu.hash)
 .gnu.hash      0x00000000000003b0       0x28 /usr/lib/gcc/x86_64-linux-gnu/11/../../../x86_64-linux-gnu/Scrt1.o

.dynsym         0x00000000000003d8      0x678
 *(.dynsym)
 .dynsym        0x00000000000003d8      0x678 /usr/lib/gcc/x86_64-linux-gnu/11/../../../x86_64-linux-gnu/Scrt1.o

.dynstr         0x0000000000000a50      0x29d
 *(.dynstr)
 .dynstr        0x0000000000000a50      0x29d /usr/lib/gcc/x86_64-linux-gnu/11/../../../x86_64-linux-gnu/Scrt1.o

.gnu.version    0x0000000000000cee       0x8a
 *(.gnu.version)
 .gnu.version   0x0000000000000cee       0x8a /usr/lib/gcc/x86_64-linux-gnu/11/../../../x86_64-linux-gnu/Scrt1.o

.gnu.version_d  0x0000000000000d78        0x0
 *(.gnu.version_d)
 .gnu.version_d
                0x0000000000000d78        0x0 /usr/lib/gcc/x86_64-linux-gnu/11/../../../x86_64-linux-gnu/Scrt1.o

.gnu.version_r  0x0000000000000d78       0x60
 *(.gnu.version_r)
 .gnu.version_r
                0x0000000000000d78       0x60 /usr/lib/gcc/x86_64-linux-gnu/11/../../../x86_64-linux-gnu/Scrt1.o

.rela.dyn       0x0000000000000dd8       0xd8
 *(.rela.init)
 *(.rela.text .rela.text.* .rela.gnu.linkonce.t.*)
 .rela.text     0x0000000000000dd8        0x0 /usr/lib/gcc/x86_64-linux-gnu/11/../../../x86_64-linux-gnu/Scrt1.o
 *(.rela.fini)
 *(.rela.rodata .rela.rodata.* .rela.gnu.linkonce.r.*)
 *(.rela.data .rela.data.* .rela.gnu.linkonce.d.*)
 .rela.data.rel.ro
                0x0000000000000dd8        0x0 /usr/lib/gcc/x86_64-linux-gnu/11/../../../x86_64-linux-gnu/Scrt1.o
 .rela.data.rel.local
                0x0000000000000dd8       0x18 /usr/lib/gcc/x86_64-linux-gnu/11/../../../x86_64-linux-gnu/Scrt1.o
 *(.rela.tdata .rela.tdata.* .rela.gnu.linkonce.td.*)
 *(.rela.tbss .rela.tbss.* .rela.gnu.linkonce.tb.*)
 *(.rela.ctors)
 *(.rela.dtors)
 *(.rela.got)
 .rela.got      0x0000000000000df0       0x78 /usr/lib/gcc/x86_64-linux-gnu/11/../../../x86_64-linux-gnu/Scrt1.o
 *(.rela.bss .rela.bss.* .rela.gnu.linkonce.b.*)
 .rela.bss      0x0000000000000e68       0x18 /usr/lib/gcc/x86_64-linux-gnu/11/../../../x86_64-linux-gnu/Scrt1.o
 *(.rela.ldata .rela.ldata.* .rela.gnu.linkonce.l.*)
 *(.rela.lbss .rela.lbss.* .rela.gnu.linkonce.lb.*)
 *(.rela.lrodata .rela.lrodata.* .rela.gnu.linkonce.lr.*)
 *(.rela.ifunc)
 .rela.ifunc    0x0000000000000e80        0x0 /usr/lib/gcc/x86_64-linux-gnu/11/../../../x86_64-linux-gnu/Scrt1.o
 .rela.fini_array
                0x0000000000000e80       0x18 /usr/lib/gcc/x86_64-linux-gnu/11/../../../x86_64-linux-gnu/Scrt1.o
 .rela.init_array
                0x0000000000000e98       0x18 /usr/lib/gcc/x86_64-linux-gnu/11/../../../x86_64-linux-gnu/Scrt1.o

.rela.plt       0x0000000000000eb0      0x5d0
 *(.rela.plt)
 .rela.plt      0x0000000000000eb0      0x5d0 /usr/lib/gcc/x86_64-linux-gnu/11/../../../x86_64-linux-gnu/Scrt1.o
 *(.rela.iplt)

.relr.dyn
 *(.relr.dyn)
                0x0000000000002000                . = ALIGN (CONSTANT (MAXPAGESIZE))

.init           0x0000000000002000       0x1b
 *(SORT_NONE(.init))
 .init          0x0000000000002000       0x16 /usr/lib/gcc/x86_64-linux-gnu/11/../../../x86_64-linux-gnu/crti.o
                0x0000000000002000                _init
 .init          0x0000000000002016        0x5 /usr/lib/gcc/x86_64-linux-gnu/11/../../../x86_64-linux-gnu/crtn.o

.plt            0x0000000000002020      0x3f0
 *(.plt)
 .plt           0x0000000000002020      0x3f0 /usr/lib/gcc/x86_64-linux-gnu/11/../../../x86_64-linux-gnu/Scrt1.o
 *(.iplt)

.plt.got        0x0000000000002410       0x10
 *(.plt.got)
 .plt.got       0x0000000000002410       0x10 /usr/lib/gcc/x86_64-linux-gnu/11/../../../x86_64-linux-gnu/Scrt1.o
                0x0000000000002410                __cxa_finalize@@GLIBC_2.2.5

.plt.sec        0x0000000000002420      0x3e0
 *(.plt.sec)
 .plt.sec       0x0000000000002420      0x3e0 /usr/lib/gcc/x86_64-linux-gnu/11/../../../x86_64-linux-gnu/Scrt1.o
                0x0000000000002420                ftell@@GLIBC_2.2.5
                0x0000000000002430                PQresultStatus
                0x0000000000002440                PQgetvalue
                0x0000000000002450                __errno_location@@GLIBC_2.2.5
                0x0000000000002460                printf@@GLIBC_2.2.5
                0x0000000000002470                PQclear
                0x0000000000002480                htons@@GLIBC_2.2.5
                0x0000000000002490                sendto@@GLIBC_2.2.5
                0x00000000000024a0                rewind@@GLIBC_2.2.5
                0x00000000000024b0                bind@@GLIBC_2.2.5
                0x00000000000024c0                sprintf@@GLIBC_2.2.5
                0x00000000000024d0                socket@@GLIBC_2.2.5
                0x00000000000024e0                strlen@@GLIBC_2.2.5
                0x00000000000024f0                PQexec
                0x0000000000002500                inet_ntoa@@GLIBC_2.2.5
                0x0000000000002510                memcmp@@GLIBC_2.2.5
                0x0000000000002520                mkdir@@GLIBC_2.2.5
                0x0000000000002530                strncpy@@GLIBC_2.2.5
                0x0000000000002540                localtime_r@@GLIBC_2.2.5
                0x0000000000002550                memset@@GLIBC_2.2.5
                0x0000000000002560                fcntl@@GLIBC_2.2.5
                0x0000000000002570                rename@@GLIBC_2.2.5
                0x0000000000002580                clock@@GLIBC_2.2.5
                0x0000000000002590                PQgetisnull
                0x00000000000025a0                localtime@@GLIBC_2.2.5
                0x00000000000025b0                sleep@@GLIBC_2.2.5
                0x00000000000025c0                recvfrom@@GLIBC_2.2.5
                0x00000000000025d0                PQerrorMessage
                0x00000000000025e0                atoll@@GLIBC_2.2.5
                0x00000000000025f0                strftime@@GLIBC_2.2.5
                0x0000000000002600                memcpy@@GLIBC_2.14
                0x0000000000002610                perror@@GLIBC_2.2.5
                0x0000000000002620                stat@@GLIBC_2.33
                0x0000000000002630                time@@GLIBC_2.2.5
                0x0000000000002640                strcpy@@GLIBC_2.2.5
                0x0000000000002650                fclose@@GLIBC_2.2.5
                0x0000000000002660                inet_ntop@@GLIBC_2.2.5
                0x0000000000002670                PQexecParams
                0x0000000000002680                fseek@@GLIBC_2.2.5
                0x0000000000002690                __stack_chk_fail@@GLIBC_2.4
                0x00000000000026a0                PQconnectdb
                0x00000000000026b0                fopen@@GLIBC_2.2.5
                0x00000000000026c0                signal@@GLIBC_2.2.5
                0x00000000000026d0                exit@@GLIBC_2.2.5
                0x00000000000026e0                PQstatus
                0x00000000000026f0                atof@@GLIBC_2.2.5
                0x0000000000002700                PQntuples
                0x0000000000002710                vfprintf@@GLIBC_2.2.5
                0x0000000000002720                putchar@@GLIBC_2.2.5
                0x0000000000002730                strcmp@@GLIBC_2.2.5
                0x0000000000002740                fprintf@@GLIBC_2.2.5
                0x0000000000002750                fread@@GLIBC_2.2.5
                0x0000000000002760                puts@@GLIBC_2.2.5
                0x0000000000002770                atoi@@GLIBC_2.2.5
                0x0000000000002780                snprintf@@GLIBC_2.2.5
                0x0000000000002790                PQfinish
                0x00000000000027a0                ntohs@@GLIBC_2.2.5
                0x00000000000027b0                inet_pton@@GLIBC_2.2.5
                0x00000000000027c0                PQcmdTuples
                0x00000000000027d0                fwrite@@GLIBC_2.2.5
                0x00000000000027e0                close@@GLIBC_2.2.5
                0x00000000000027f0                PQnfields

.text           0x0000000000002800     0xcc76
 *(.text.unlikely .text.*_unlikely .text.unlikely.*)
 *(.text.exit .text.exit.*)
 *(.text.startup .text.startup.*)
 *(.text.hot .text.hot.*)
 *(SORT_BY_NAME(.text.sorted.*))
 *(.text .stub .text.* .gnu.linkonce.t.*)
 .text          0x0000000000002800       0x26 /usr/lib/gcc/x86_64-linux-gnu/11/../../../x86_64-linux-gnu/Scrt1.o
                0x0000000000002800                _start
 .text          0x0000000000002826        0x0 /usr/lib/gcc/x86_64-linux-gnu/11/../../../x86_64-linux-gnu/crti.o
 *fill*         0x0000000000002826        0xa 
 .text          0x0000000000002830       0xb9 /usr/lib/gcc/x86_64-linux-gnu/11/crtbeginS.o
 .text          0x00000000000028e9     0x2d31 /tmp/cc5TsvdC.o
                0x00000000000028e9                GetDateTime
                0x0000000000002996                _GetTimer1ms
                0x00000000000029c9                sigintHandler
                0x00000000000029fe                _initlog
                0x0000000000002a5c                _log
                0x0000000000002bfc                printIPAddress
                0x0000000000002cdb                _Look4BTxFree
                0x0000000000002df7                _Look4BTxPos
                0x0000000000002e86                _Look4BTxRelease
                0x0000000000002ef6                _InitRCServer
                0x0000000000003142                _Send2EQ
                0x00000000000031c0                _ProcIDLE
                0x00000000000031cb                _ProcRx
                0x000000000000524a                _ProcTxVFileTimeout
                0x0000000000005338                _Proc10msFuncs
                0x0000000000005459                main
 .text          0x000000000000561a      0x232 /tmp/cc9ketpn.o
                0x000000000000561a                CalcCrc16
                0x00000000000057ba                crc_ccitt
 .text          0x000000000000584c      0xfcb /tmp/ccpo2PIy.o
                0x000000000000584c                _strcpyln
                0x00000000000058cc                _InitStoreFiles
                0x00000000000058f0                _Look4Free
                0x0000000000005966                _Look4Pos
                0x00000000000059da                _Look4Release
                0x0000000000005a33                _ProcStFilesTimeout
                0x0000000000005b42                _CreateFolder
                0x0000000000005c3d                _StoreFile
 .text          0x0000000000006817      0x3f9 /tmp/ccpDT7fI.o
                0x0000000000006817                Hex2Bin
                0x00000000000069a9                _Init_dbread
                0x00000000000069e0                _dbread_bulk
                0x0000000000006a1a                _Stfind_Eqid
                0x0000000000006ab5                _Stfind_Hubid
                0x0000000000006b50                _Findtargetfolder
                0x0000000000006b90                _CheckEq
                0x0000000000006bd0                _CheckHubId
 .text          0x0000000000006c10      0x18c /tmp/ccZedFYd.o
                0x0000000000006c10                _EncriptDecript
                0x0000000000006d2c                strcopys
 .text          0x0000000000006d9c      0x46a /tmp/cctyEaJZ.o
                0x0000000000006d9c                init_loop2app
                0x0000000000006ed6                udp_receive
                0x000000000000703c                udp_send
                0x0000000000007150                test_loop
 .text          0x0000000000007206      0x750 /tmp/ccufxwNB.o
                0x0000000000007468                _GetTotBinFrames
                0x000000000000748a                _LoadNetHubBin
                0x00000000000077fb                _GetNetHubFileInfo
                0x000000000000781e                _Create_Hub
                0x00000000000078ea                _Find_Hub
 .text          0x0000000000007956     0x1d3b /tmp/ccRxThJr.o
                0x0000000000007956                _dbread_devstate_size
                0x000000000000799f                _Stfind_Devstate
                0x0000000000007a37                _Stfind_Devstate_ByZone
                0x0000000000007aae                _dbread_table_devstate
                0x0000000000008dd7                _dbwrite_devstate
                0x00000000000092d8                _dbcheck_devstate
                0x000000000000965d                _InitDb_devstate
 .text          0x0000000000009691     0x1079 /tmp/ccJkR28U.o
                0x0000000000009691                _DbDeviceEventTypeToString
                0x0000000000009715                _DbDeviceEventSeverityToString
                0x0000000000009771                _DbDeviceEventTypeFromString
                0x00000000000098ad                _DbDeviceEventSeverityFromString
                0x0000000000009959                _dbread_deviceevent
                0x000000000000a1b1                _dbinsert_deviceevent
 .text          0x000000000000a70a      0x368 /tmp/ccVpNHyJ.o
                0x000000000000a70a                _dbread_db_version
 .text          0x000000000000aa72      0xf07 /tmp/ccAO0cuo.o
                0x000000000000aa72                _dbalarm_type_from_string
                0x000000000000ab66                _dbalarm_type_to_string
                0x000000000000abda                _dbalarm_severity_from_string
                0x000000000000ac86                _dbalarm_severity_to_string
                0x000000000000ace4                _dbread_alarm
                0x000000000000b563                _dbinsert_alarm
 .text          0x000000000000b979     0x19a8 /tmp/cciTlpXz.o
                0x000000000000b979                _dbread_devices_size
                0x000000000000b9d3                _Stfind_Devices
                0x000000000000baa2                _Stfind_Devices_ByEqid
                0x000000000000bce3                _Stfind_Devices_ByZone
                0x000000000000bd91                _dbread_table_devices
                0x000000000000cf1e                _dbcheck_devices
                0x000000000000d2bb                _InitDb_devices
 .text          0x000000000000d321     0x1e12 /tmp/ccZdbovv.o
                0x000000000000d321                _dbread_devcalendar_size
                0x000000000000d37f                _Stfind_Devcalendar
                0x000000000000d45a                _dbread_table_devcalendar
                0x000000000000e659                _dbwrite_devcalendar
                0x000000000000edce                _dbcheck_devcalendar
                0x000000000000f100                _InitDb_devcalendar
 .text          0x000000000000f133      0x343 /tmp/ccC5NirW.o
                0x000000000000f133                _logDevice
 .text          0x000000000000f476        0x0 /usr/lib/gcc/x86_64-linux-gnu/11/crtendS.o
 .text          0x000000000000f476        0x0 /usr/lib/gcc/x86_64-linux-gnu/11/../../../x86_64-linux-gnu/crtn.o
 *(.gnu.warning)

.fini           0x000000000000f478        0xd
 *(SORT_NONE(.fini))
 .fini          0x000000000000f478        0x8 /usr/lib/gcc/x86_64-linux-gnu/11/../../../x86_64-linux-gnu/crti.o
                0x000000000000f478                _fini
 .fini          0x000000000000f480        0x5 /usr/lib/gcc/x86_64-linux-gnu/11/../../../x86_64-linux-gnu/crtn.o
                [!provide]                        PROVIDE (__etext = .)
                [!provide]                        PROVIDE (_etext = .)
                [!provide]                        PROVIDE (etext = .)
                0x0000000000010000                . = ALIGN (CONSTANT (MAXPAGESIZE))
                0x0000000000010000                . = SEGMENT_START ("rodata-segment", (ALIGN (CONSTANT (MAXPAGESIZE)) + (. & (CONSTANT (MAXPAGESIZE) - 0x1))))

.rodata         0x0000000000010000     0x3c5c
 *(.rodata .rodata.* .gnu.linkonce.r.*)
 .rodata.cst4   0x0000000000010000        0x4 /usr/lib/gcc/x86_64-linux-gnu/11/../../../x86_64-linux-gnu/Scrt1.o
                0x0000000000010000                _IO_stdin_used
 *fill*         0x0000000000010004        0x4 
 .rodata        0x0000000000010008      0xf4c /tmp/cc5TsvdC.o
 *fill*         0x0000000000010f54        0xc 
 .rodata        0x0000000000010f60      0x222 /tmp/cc9ketpn.o
 *fill*         0x0000000000011182        0x6 
 .rodata        0x0000000000011188      0x213 /tmp/ccpo2PIy.o
 *fill*         0x000000000001139b        0x5 
 .rodata        0x00000000000113a0       0x28 /tmp/ccpDT7fI.o
 .rodata        0x00000000000113c8       0x8f /tmp/ccZedFYd.o
 *fill*         0x0000000000011457        0x1 
 .rodata        0x0000000000011458       0xbb /tmp/cctyEaJZ.o
 *fill*         0x0000000000011513        0x5 
 .rodata        0x0000000000011518      0x1a1 /tmp/ccufxwNB.o
 *fill*         0x00000000000116b9        0x7 
 .rodata        0x00000000000116c0      0x8ab /tmp/ccRxThJr.o
 *fill*         0x0000000000011f6b        0x5 
 .rodata        0x0000000000011f70      0x608 /tmp/ccJkR28U.o
 .rodata        0x0000000000012578      0x180 /tmp/ccVpNHyJ.o
 .rodata        0x00000000000126f8      0x523 /tmp/ccAO0cuo.o
 *fill*         0x0000000000012c1b        0x5 
 .rodata        0x0000000000012c20      0x58a /tmp/cciTlpXz.o
 *fill*         0x00000000000131aa        0x6 
 .rodata        0x00000000000131b0      0xa0f /tmp/ccZdbovv.o
 *fill*         0x0000000000013bbf        0x1 
 .rodata        0x0000000000013bc0       0x9c /tmp/ccC5NirW.o

.rodata1
 *(.rodata1)

.eh_frame_hdr   0x0000000000013c5c      0x2bc
 *(.eh_frame_hdr)
 .eh_frame_hdr  0x0000000000013c5c      0x2bc /usr/lib/gcc/x86_64-linux-gnu/11/../../../x86_64-linux-gnu/Scrt1.o
                0x0000000000013c5c                __GNU_EH_FRAME_HDR
 *(.eh_frame_entry .eh_frame_entry.*)

.eh_frame       0x0000000000013f18      0xad4
 *(.eh_frame)
 .eh_frame      0x0000000000013f18       0x30 /usr/lib/gcc/x86_64-linux-gnu/11/../../../x86_64-linux-gnu/Scrt1.o
                                         0x2c (size before relaxing)
 *fill*         0x0000000000013f48        0x0 
 .eh_frame      0x0000000000013f48       0x28 /usr/lib/gcc/x86_64-linux-gnu/11/../../../x86_64-linux-gnu/Scrt1.o
                                         0x40 (size before relaxing)
 .eh_frame      0x0000000000013f70       0x18 /usr/lib/gcc/x86_64-linux-gnu/11/../../../x86_64-linux-gnu/Scrt1.o
                                         0x30 (size before relaxing)
 .eh_frame      0x0000000000013f88       0x18 /usr/lib/gcc/x86_64-linux-gnu/11/../../../x86_64-linux-gnu/Scrt1.o
                                         0x30 (size before relaxing)
 .eh_frame      0x0000000000013fa0      0x200 /tmp/cc5TsvdC.o
                                        0x218 (size before relaxing)
 .eh_frame      0x00000000000141a0       0x40 /tmp/cc9ketpn.o
                                         0x58 (size before relaxing)
 .eh_frame      0x00000000000141e0      0x108 /tmp/ccpo2PIy.o
                                        0x120 (size before relaxing)
 .eh_frame      0x00000000000142e8      0x100 /tmp/ccpDT7fI.o
                                        0x118 (size before relaxing)
 .eh_frame      0x00000000000143e8       0x40 /tmp/ccZedFYd.o
                                         0x58 (size before relaxing)
 .eh_frame      0x0000000000014428       0x80 /tmp/cctyEaJZ.o
                                         0x98 (size before relaxing)
 .eh_frame      0x00000000000144a8      0x100 /tmp/ccufxwNB.o
                                        0x118 (size before relaxing)
 .eh_frame      0x00000000000145a8       0xe0 /tmp/ccRxThJr.o
                                         0xf8 (size before relaxing)
 .eh_frame      0x0000000000014688       0xc0 /tmp/ccJkR28U.o
                                         0xd8 (size before relaxing)
 .eh_frame      0x0000000000014748       0x20 /tmp/ccVpNHyJ.o
                                         0x38 (size before relaxing)
 .eh_frame      0x0000000000014768       0xc0 /tmp/ccAO0cuo.o
                                         0xd8 (size before relaxing)
 .eh_frame      0x0000000000014828       0xe0 /tmp/cciTlpXz.o
                                         0xf8 (size before relaxing)
 .eh_frame      0x0000000000014908       0xc0 /tmp/ccZdbovv.o
                                         0xd8 (size before relaxing)
 .eh_frame      0x00000000000149c8       0x20 /tmp/ccC5NirW.o
                                         0x38 (size before relaxing)
 .eh_frame      0x00000000000149e8        0x4 /usr/lib/gcc/x86_64-linux-gnu/11/crtendS.o
 *(.eh_frame.*)

.gcc_except_table
 *(.gcc_except_table .gcc_except_table.*)

.gnu_extab
 *(.gnu_extab*)

.exception_ranges
 *(.exception_ranges*)
                0x0000000000015bc0                . = DATA_SEGMENT_ALIGN (CONSTANT (MAXPAGESIZE), CONSTANT (COMMONPAGESIZE))

.eh_frame
 *(.eh_frame)
 *(.eh_frame.*)

.gnu_extab
 *(.gnu_extab)

.gcc_except_table
 *(.gcc_except_table .gcc_except_table.*)

.exception_ranges
 *(.exception_ranges*)

.tdata          0x0000000000015bc0        0x0
                [!provide]                        PROVIDE (__tdata_start = .)
 *(.tdata .tdata.* .gnu.linkonce.td.*)

.tbss
 *(.tbss .tbss.* .gnu.linkonce.tb.*)
 *(.tcommon)

.preinit_array  0x0000000000015bc0        0x0
                [!provide]                        PROVIDE (__preinit_array_start = .)
 *(.preinit_array)
                [!provide]                        PROVIDE (__preinit_array_end = .)

.init_array     0x0000000000015bc0        0x8
                [!provide]                        PROVIDE (__init_array_start = .)
 *(SORT_BY_INIT_PRIORITY(.init_array.*) SORT_BY_INIT_PRIORITY(.ctors.*))
 *(.init_array EXCLUDE_FILE(*crtend?.o *crtend.o *crtbegin?.o *crtbegin.o) .ctors)
 .init_array    0x0000000000015bc0        0x8 /usr/lib/gcc/x86_64-linux-gnu/11/crtbeginS.o
                [!provide]                        PROVIDE (__init_array_end = .)

.fini_array     0x0000000000015bc8        0x8
                [!provide]                        PROVIDE (__fini_array_start = .)
 *(SORT_BY_INIT_PRIORITY(.fini_array.*) SORT_BY_INIT_PRIORITY(.dtors.*))
 *(.fini_array EXCLUDE_FILE(*crtend?.o *crtend.o *crtbegin?.o *crtbegin.o) .dtors)
 .fini_array    0x0000000000015bc8        0x8 /usr/lib/gcc/x86_64-linux-gnu/11/crtbeginS.o
                [!provide]                        PROVIDE (__fini_array_end = .)

.ctors
 *crtbegin.o(.ctors)
 *crtbegin?.o(.ctors)
 *(EXCLUDE_FILE(*crtend?.o *crtend.o) .ctors)
 *(SORT_BY_NAME(.ctors.*))
 *(.ctors)

.dtors
 *crtbegin.o(.dtors)
 *crtbegin?.o(.dtors)
 *(EXCLUDE_FILE(*crtend?.o *crtend.o) .dtors)
 *(SORT_BY_NAME(.dtors.*))
 *(.dtors)

.jcr
 *(.jcr)

.data.rel.ro    0x0000000000015bd0        0x0
 *(.data.rel.ro.local* .gnu.linkonce.d.rel.ro.local.*)
 *(.data.rel.ro .data.rel.ro.* .gnu.linkonce.d.rel.ro.*)
 .data.rel.ro   0x0000000000015bd0        0x0 /usr/lib/gcc/x86_64-linux-gnu/11/../../../x86_64-linux-gnu/Scrt1.o

.dynamic        0x0000000000015bd0      0x200
 *(.dynamic)
 .dynamic       0x0000000000015bd0      0x200 /usr/lib/gcc/x86_64-linux-gnu/11/../../../x86_64-linux-gnu/Scrt1.o
                0x0000000000015bd0                _DYNAMIC

.got            0x0000000000015dd0      0x230
 *(.got.plt)
 .got.plt       0x0000000000015dd0      0x208 /usr/lib/gcc/x86_64-linux-gnu/11/../../../x86_64-linux-gnu/Scrt1.o
                0x0000000000015dd0                _GLOBAL_OFFSET_TABLE_
 *(.igot.plt)
 *(.got)
 .got           0x0000000000015fd8       0x28 /usr/lib/gcc/x86_64-linux-gnu/11/../../../x86_64-linux-gnu/Scrt1.o
 *(.igot)
                0x0000000000016000                . = DATA_SEGMENT_RELRO_END (., 0x0)

.data           0x0000000000016000       0x10
 *(.data .data.* .gnu.linkonce.d.*)
 .data          0x0000000000016000        0x4 /usr/lib/gcc/x86_64-linux-gnu/11/../../../x86_64-linux-gnu/Scrt1.o
                0x0000000000016000                data_start
                0x0000000000016000                __data_start
 .data          0x0000000000016004        0x0 /usr/lib/gcc/x86_64-linux-gnu/11/../../../x86_64-linux-gnu/crti.o
 .data          0x0000000000016004        0x0 /usr/lib/gcc/x86_64-linux-gnu/11/crtbeginS.o
 *fill*         0x0000000000016004        0x4 
 .data.rel.local
                0x0000000000016008        0x8 /usr/lib/gcc/x86_64-linux-gnu/11/crtbeginS.o
                0x0000000000016008                __dso_handle
 .data          0x0000000000016010        0x0 /tmp/cc5TsvdC.o
 .data          0x0000000000016010        0x0 /tmp/cc9ketpn.o
 .data          0x0000000000016010        0x0 /tmp/ccpo2PIy.o
 .data          0x0000000000016010        0x0 /tmp/ccpDT7fI.o
 .data          0x0000000000016010        0x0 /tmp/ccZedFYd.o
 .data          0x0000000000016010        0x0 /tmp/cctyEaJZ.o
 .data          0x0000000000016010        0x0 /tmp/ccufxwNB.o
 .data          0x0000000000016010        0x0 /tmp/ccRxThJr.o
 .data          0x0000000000016010        0x0 /tmp/ccJkR28U.o
 .data          0x0000000000016010        0x0 /tmp/ccVpNHyJ.o
 .data          0x0000000000016010        0x0 /tmp/ccAO0cuo.o
 .data          0x0000000000016010        0x0 /tmp/cciTlpXz.o
 .data          0x0000000000016010        0x0 /tmp/ccZdbovv.o
 .data          0x0000000000016010        0x0 /tmp/ccC5NirW.o
 .data          0x0000000000016010        0x0 /usr/lib/gcc/x86_64-linux-gnu/11/crtendS.o
 .data          0x0000000000016010        0x0 /usr/lib/gcc/x86_64-linux-gnu/11/../../../x86_64-linux-gnu/crtn.o

.tm_clone_table
                0x0000000000016010        0x0
 .tm_clone_table
                0x0000000000016010        0x0 /usr/lib/gcc/x86_64-linux-gnu/11/crtbeginS.o
 .tm_clone_table
                0x0000000000016010        0x0 /usr/lib/gcc/x86_64-linux-gnu/11/crtendS.o

.data1
 *(.data1)
                0x0000000000016010                _edata = .
                [!provide]                        PROVIDE (edata = .)
                0x0000000000016010                . = .
                0x0000000000016010                __bss_start = .

.bss            0x0000000000016020   0xddef08
 *(.dynbss)
 .dynbss        0x0000000000016020        0x8 /usr/lib/gcc/x86_64-linux-gnu/11/../../../x86_64-linux-gnu/Scrt1.o
                0x0000000000016020                stderr@@GLIBC_2.2.5
 *(.bss .bss.* .gnu.linkonce.b.*)
 .bss           0x0000000000016028        0x0 /usr/lib/gcc/x86_64-linux-gnu/11/../../../x86_64-linux-gnu/Scrt1.o
 .bss           0x0000000000016028        0x0 /usr/lib/gcc/x86_64-linux-gnu/11/../../../x86_64-linux-gnu/crti.o
 .bss           0x0000000000016028        0x1 /usr/lib/gcc/x86_64-linux-gnu/11/crtbeginS.o
 *fill*         0x0000000000016029       0x17 
 .bss           0x0000000000016040   0x13c781 /tmp/cc5TsvdC.o
                0x0000000000016040                sockfd
                0x0000000000016044                RCServer
                0x0000000000016050                servaddr
                0x0000000000016060                cliaddr
 *fill*         0x00000000001527c1        0x3 
 .bss           0x00000000001527c4        0x4 /tmp/cc9ketpn.o
 *fill*         0x00000000001527c8       0x18 
 .bss           0x00000000001527e0     0x7081 /tmp/ccpo2PIy.o
                0x00000000001527e0                _StoreV
 *fill*         0x0000000000159861       0x1f 
 .bss           0x0000000000159880   0x111700 /tmp/ccpDT7fI.o
                0x0000000000159880                T_sector
 .bss           0x000000000026af80        0x0 /tmp/ccZedFYd.o
 .bss           0x000000000026af80      0x420 /tmp/cctyEaJZ.o
 .bss           0x000000000026b3a0    0x10aa0 /tmp/ccufxwNB.o
 .bss           0x000000000027be40   0x543aa4 /tmp/ccRxThJr.o
                0x000000000027be40                T_devstate
                0x00000000007bf8c0                devstate_info
 .bss           0x00000000007bf8e4        0x0 /tmp/ccJkR28U.o
 .bss           0x00000000007bf8e4        0x0 /tmp/ccVpNHyJ.o
 .bss           0x00000000007bf8e4        0x0 /tmp/ccAO0cuo.o
 *fill*         0x00000000007bf8e4       0x1c 
 .bss           0x00000000007bf900   0x426064 /tmp/cciTlpXz.o
                0x00000000007bf900                T_devices
                0x0000000000bb7300                SessionData_T_dev
                0x0000000000be5940                devices_info
 *fill*         0x0000000000be5964       0x1c 
 .bss           0x0000000000be5980   0x20f5a4 /tmp/ccZdbovv.o
                0x0000000000be5980                T_devcalendar
                0x0000000000df4f00                devcalendar_info
 .bss           0x0000000000df4f24        0x0 /tmp/ccC5NirW.o
 .bss           0x0000000000df4f24        0x0 /usr/lib/gcc/x86_64-linux-gnu/11/crtendS.o
 .bss           0x0000000000df4f24        0x0 /usr/lib/gcc/x86_64-linux-gnu/11/../../../x86_64-linux-gnu/crtn.o
 *(COMMON)
                0x0000000000df4f28                . = ALIGN ((. != 0x0)?0x8:0x1)
 *fill*         0x0000000000df4f24        0x4 

.lbss
 *(.dynlbss)
 *(.lbss .lbss.* .gnu.linkonce.lb.*)
 *(LARGE_COMMON)
                0x0000000000df4f28                . = ALIGN (0x8)
                0x0000000000df4f28                . = SEGMENT_START ("ldata-segment", .)

.lrodata
 *(.lrodata .lrodata.* .gnu.linkonce.lr.*)

.ldata          0x0000000000df6f28        0x0
 *(.ldata .ldata.* .gnu.linkonce.l.*)
                0x0000000000df6f28                . = ALIGN ((. != 0x0)?0x8:0x1)
                0x0000000000df6f28                . = ALIGN (0x8)
                0x0000000000df4f28                _end = .
                [!provide]                        PROVIDE (end = .)
                0x0000000000df6f28                . = DATA_SEGMENT_END (.)

.stab
 *(.stab)

.stabstr
 *(.stabstr)

.stab.excl
 *(.stab.excl)

.stab.exclstr
 *(.stab.exclstr)

.stab.index
 *(.stab.index)

.stab.indexstr
 *(.stab.indexstr)

.comment        0x0000000000000000       0x2d
 *(.comment)
 .comment       0x0000000000000000       0x2d /usr/lib/gcc/x86_64-linux-gnu/11/crtbeginS.o
                                         0x2e (size before relaxing)
 .comment       0x000000000000002d       0x2e /tmp/cc5TsvdC.o
 .comment       0x000000000000002d       0x2e /tmp/cc9ketpn.o
 .comment       0x000000000000002d       0x2e /tmp/ccpo2PIy.o
 .comment       0x000000000000002d       0x2e /tmp/ccpDT7fI.o
 .comment       0x000000000000002d       0x2e /tmp/ccZedFYd.o
 .comment       0x000000000000002d       0x2e /tmp/cctyEaJZ.o
 .comment       0x000000000000002d       0x2e /tmp/ccufxwNB.o
 .comment       0x000000000000002d       0x2e /tmp/ccRxThJr.o
 .comment       0x000000000000002d       0x2e /tmp/ccJkR28U.o
 .comment       0x000000000000002d       0x2e /tmp/ccVpNHyJ.o
 .comment       0x000000000000002d       0x2e /tmp/ccAO0cuo.o
 .comment       0x000000000000002d       0x2e /tmp/cciTlpXz.o
 .comment       0x000000000000002d       0x2e /tmp/ccZdbovv.o
 .comment       0x000000000000002d       0x2e /tmp/ccC5NirW.o
 .comment       0x000000000000002d       0x2e /usr/lib/gcc/x86_64-linux-gnu/11/crtendS.o

.gnu.build.attributes
 *(.gnu.build.attributes .gnu.build.attributes.*)

.debug
 *(.debug)

.line
 *(.line)

.debug_srcinfo
 *(.debug_srcinfo)

.debug_sfnames
 *(.debug_sfnames)

.debug_aranges  0x0000000000000000      0x2a0
 *(.debug_aranges)
 .debug_aranges
                0x0000000000000000       0x30 /tmp/cc5TsvdC.o
 .debug_aranges
                0x0000000000000030       0x30 /tmp/cc9ketpn.o
 .debug_aranges
                0x0000000000000060       0x30 /tmp/ccpo2PIy.o
 .debug_aranges
                0x0000000000000090       0x30 /tmp/ccpDT7fI.o
 .debug_aranges
                0x00000000000000c0       0x30 /tmp/ccZedFYd.o
 .debug_aranges
                0x00000000000000f0       0x30 /tmp/cctyEaJZ.o
 .debug_aranges
                0x0000000000000120       0x30 /tmp/ccufxwNB.o
 .debug_aranges
                0x0000000000000150       0x30 /tmp/ccRxThJr.o
 .debug_aranges
                0x0000000000000180       0x30 /tmp/ccJkR28U.o
 .debug_aranges
                0x00000000000001b0       0x30 /tmp/ccVpNHyJ.o
 .debug_aranges
                0x00000000000001e0       0x30 /tmp/ccAO0cuo.o
 .debug_aranges
                0x0000000000000210       0x30 /tmp/cciTlpXz.o
 .debug_aranges
                0x0000000000000240       0x30 /tmp/ccZdbovv.o
 .debug_aranges
                0x0000000000000270       0x30 /tmp/ccC5NirW.o

.debug_pubnames
 *(.debug_pubnames)

.debug_info     0x0000000000000000     0x9d4f
 *(.debug_info .gnu.linkonce.wi.*)
 .debug_info    0x0000000000000000     0x26cc /tmp/cc5TsvdC.o
 .debug_info    0x00000000000026cc      0x217 /tmp/cc9ketpn.o
 .debug_info    0x00000000000028e3      0xc29 /tmp/ccpo2PIy.o
 .debug_info    0x000000000000350c      0x8f5 /tmp/ccpDT7fI.o
 .debug_info    0x0000000000003e01      0x181 /tmp/ccZedFYd.o
 .debug_info    0x0000000000003f82      0x74d /tmp/cctyEaJZ.o
 .debug_info    0x00000000000046cf      0xa75 /tmp/ccufxwNB.o
 .debug_info    0x0000000000005144      0xeb2 /tmp/ccRxThJr.o
 .debug_info    0x0000000000005ff6      0xa97 /tmp/ccJkR28U.o
 .debug_info    0x0000000000006a8d      0x67b /tmp/ccVpNHyJ.o
 .debug_info    0x0000000000007108      0xa62 /tmp/ccAO0cuo.o
 .debug_info    0x0000000000007b6a      0xca6 /tmp/cciTlpXz.o
 .debug_info    0x0000000000008810      0xf07 /tmp/ccZdbovv.o
 .debug_info    0x0000000000009717      0x638 /tmp/ccC5NirW.o

.debug_abbrev   0x0000000000000000     0x1fe0
 *(.debug_abbrev)
 .debug_abbrev  0x0000000000000000      0x49d /tmp/cc5TsvdC.o
 .debug_abbrev  0x000000000000049d      0x119 /tmp/cc9ketpn.o
 .debug_abbrev  0x00000000000005b6      0x268 /tmp/ccpo2PIy.o
 .debug_abbrev  0x000000000000081e      0x251 /tmp/ccpDT7fI.o
 .debug_abbrev  0x0000000000000a6f       0xe5 /tmp/ccZedFYd.o
 .debug_abbrev  0x0000000000000b54      0x21c /tmp/cctyEaJZ.o
 .debug_abbrev  0x0000000000000d70      0x2b3 /tmp/ccufxwNB.o
 .debug_abbrev  0x0000000000001023      0x2b0 /tmp/ccRxThJr.o
 .debug_abbrev  0x00000000000012d3      0x252 /tmp/ccJkR28U.o
 .debug_abbrev  0x0000000000001525      0x194 /tmp/ccVpNHyJ.o
 .debug_abbrev  0x00000000000016b9      0x25d /tmp/ccAO0cuo.o
 .debug_abbrev  0x0000000000001916      0x2bd /tmp/cciTlpXz.o
 .debug_abbrev  0x0000000000001bd3      0x292 /tmp/ccZdbovv.o
 .debug_abbrev  0x0000000000001e65      0x17b /tmp/ccC5NirW.o

.debug_line     0x0000000000000000     0x3c3d
 *(.debug_line .debug_line.* .debug_line_end)
 .debug_line    0x0000000000000000      0xcfa /tmp/cc5TsvdC.o
 .debug_line    0x0000000000000cfa      0x133 /tmp/cc9ketpn.o
 .debug_line    0x0000000000000e2d      0x455 /tmp/ccpo2PIy.o
 .debug_line    0x0000000000001282      0x1be /tmp/ccpDT7fI.o
 .debug_line    0x0000000000001440      0x100 /tmp/ccZedFYd.o
 .debug_line    0x0000000000001540      0x1c8 /tmp/cctyEaJZ.o
 .debug_line    0x0000000000001708      0x2ea /tmp/ccufxwNB.o
 .debug_line    0x00000000000019f2      0x82e /tmp/ccRxThJr.o
 .debug_line    0x0000000000002220      0x3ea /tmp/ccJkR28U.o
 .debug_line    0x000000000000260a      0x134 /tmp/ccVpNHyJ.o
 .debug_line    0x000000000000273e      0x46c /tmp/ccAO0cuo.o
 .debug_line    0x0000000000002baa      0x64f /tmp/cciTlpXz.o
 .debug_line    0x00000000000031f9      0x908 /tmp/ccZdbovv.o
 .debug_line    0x0000000000003b01      0x13c /tmp/ccC5NirW.o

.debug_frame
 *(.debug_frame)

.debug_str      0x0000000000000000     0x2153
 *(.debug_str)
 .debug_str     0x0000000000000000     0x12cf /tmp/cc5TsvdC.o
                                       0x14f5 (size before relaxing)
 .debug_str     0x00000000000012cf       0x2e /tmp/cc9ketpn.o
                                        0x16d (size before relaxing)
 .debug_str     0x00000000000012fd      0x307 /tmp/ccpo2PIy.o
                                        0x7e1 (size before relaxing)
 .debug_str     0x0000000000001604       0xf2 /tmp/ccpDT7fI.o
                                        0x5b7 (size before relaxing)
 .debug_str     0x00000000000016f6        0x7 /tmp/ccZedFYd.o
                                        0x143 (size before relaxing)
 .debug_str     0x00000000000016fd       0xd1 /tmp/cctyEaJZ.o
                                        0x46d (size before relaxing)
 .debug_str     0x00000000000017ce       0xdf /tmp/ccufxwNB.o
                                        0x57a (size before relaxing)
 .debug_str     0x00000000000018ad      0x3a5 /tmp/ccRxThJr.o
                                        0x9ab (size before relaxing)
 .debug_str     0x0000000000001c52      0x24e /tmp/ccJkR28U.o
                                        0x93d (size before relaxing)
 .debug_str     0x0000000000001ea0       0x25 /tmp/ccVpNHyJ.o
                                        0x6a0 (size before relaxing)
 .debug_str     0x0000000000001ec5      0x1ae /tmp/ccAO0cuo.o
                                        0x91a (size before relaxing)
 .debug_str     0x0000000000002073       0x4c /tmp/cciTlpXz.o
                                        0x954 (size before relaxing)
 .debug_str     0x00000000000020bf       0x83 /tmp/ccZdbovv.o
                                        0x9d2 (size before relaxing)
 .debug_str     0x0000000000002142       0x11 /tmp/ccC5NirW.o
                                        0x452 (size before relaxing)

.debug_loc
 *(.debug_loc)

.debug_macinfo
 *(.debug_macinfo)

.debug_weaknames
 *(.debug_weaknames)

.debug_funcnames
 *(.debug_funcnames)

.debug_typenames
 *(.debug_typenames)

.debug_varnames
 *(.debug_varnames)

.debug_pubtypes
 *(.debug_pubtypes)

.debug_ranges
 *(.debug_ranges)

.debug_addr
 *(.debug_addr)

.debug_line_str
                0x0000000000000000      0x357
 *(.debug_line_str)
 .debug_line_str
                0x0000000000000000      0x229 /tmp/cc5TsvdC.o
                                        0x27b (size before relaxing)
 .debug_line_str
                0x0000000000000229        0x6 /tmp/cc9ketpn.o
                                         0xe1 (size before relaxing)
 .debug_line_str
                0x000000000000022f       0x34 /tmp/ccpo2PIy.o
                                        0x1b3 (size before relaxing)
 .debug_line_str
                0x0000000000000263        0x5 /tmp/ccpDT7fI.o
                                        0x112 (size before relaxing)
 .debug_line_str
                0x0000000000000268        0x7 /tmp/ccZedFYd.o
                                         0x78 (size before relaxing)
 .debug_line_str
                0x000000000000026f       0x26 /tmp/cctyEaJZ.o
                                        0x1b1 (size before relaxing)
 .debug_line_str
                0x0000000000000295        0xc /tmp/ccufxwNB.o
                                        0x151 (size before relaxing)
 .debug_line_str
                0x00000000000002a1       0x40 /tmp/ccRxThJr.o
                                        0x1a7 (size before relaxing)
 .debug_line_str
                0x00000000000002e1       0x1c /tmp/ccJkR28U.o
                                        0x198 (size before relaxing)
 .debug_line_str
                0x00000000000002fd       0x1a /tmp/ccVpNHyJ.o
                                        0x177 (size before relaxing)
 .debug_line_str
                0x0000000000000317       0x16 /tmp/ccAO0cuo.o
                                        0x1a9 (size before relaxing)
 .debug_line_str
                0x000000000000032d        0xd /tmp/cciTlpXz.o
                                        0x194 (size before relaxing)
 .debug_line_str
                0x000000000000033a       0x11 /tmp/ccZdbovv.o
                                        0x1a5 (size before relaxing)
 .debug_line_str
                0x000000000000034b        0xc /tmp/ccC5NirW.o
                                        0x192 (size before relaxing)

.debug_loclists
 *(.debug_loclists)

.debug_macro
 *(.debug_macro)

.debug_names
 *(.debug_names)

.debug_rnglists
                0x0000000000000000       0x3d
 *(.debug_rnglists)
 .debug_rnglists
                0x0000000000000000       0x3d /tmp/cc5TsvdC.o

.debug_str_offsets
 *(.debug_str_offsets)

.debug_sup
 *(.debug_sup)

.gnu.attributes
 *(.gnu.attributes)

/DISCARD/
 *(.note.GNU-stack)
 *(.gnu_debuglink)
 *(.gnu.lto_*)
OUTPUT(rcserver elf64-x86-64)
