
Merging program properties


As-needed library included to satisfy reference by file (symbol)

libpq.so.5                    /tmp/ccC6MbDA.o (PQstatus)
libc.so.6                     /tmp/cc6CZsMf.o (clock@@GLIBC_2.2.5)

Discarded input sections

 .note.GNU-stack
                0x0000000000000000        0x0 /usr/lib/gcc/x86_64-linux-gnu/11/../../../x86_64-linux-gnu/Scrt1.o
 .note.gnu.property
                0x0000000000000000       0x20 /usr/lib/gcc/x86_64-linux-gnu/11/../../../x86_64-linux-gnu/crti.o
 .note.GNU-stack
                0x0000000000000000        0x0 /usr/lib/gcc/x86_64-linux-gnu/11/../../../x86_64-linux-gnu/crti.o
 .note.GNU-stack
                0x0000000000000000        0x0 /usr/lib/gcc/x86_64-linux-gnu/11/crtbeginS.o
 .note.gnu.property
                0x0000000000000000       0x20 /usr/lib/gcc/x86_64-linux-gnu/11/crtbeginS.o
 .note.GNU-stack
                0x0000000000000000        0x0 /tmp/cc6CZsMf.o
 .note.gnu.property
                0x0000000000000000       0x20 /tmp/cc6CZsMf.o
 .note.GNU-stack
                0x0000000000000000        0x0 /tmp/cc3qnQOP.o
 .note.gnu.property
                0x0000000000000000       0x20 /tmp/cc3qnQOP.o
 .note.GNU-stack
                0x0000000000000000        0x0 /tmp/ccU9DmX0.o
 .note.gnu.property
                0x0000000000000000       0x20 /tmp/ccU9DmX0.o
 .note.GNU-stack
                0x0000000000000000        0x0 /tmp/ccC6MbDA.o
 .note.gnu.property
                0x0000000000000000       0x20 /tmp/ccC6MbDA.o
 .note.GNU-stack
                0x0000000000000000        0x0 /tmp/ccOCX8VX.o
 .note.gnu.property
                0x0000000000000000       0x20 /tmp/ccOCX8VX.o
 .note.GNU-stack
                0x0000000000000000        0x0 /tmp/ccptQFb5.o
 .note.gnu.property
                0x0000000000000000       0x20 /tmp/ccptQFb5.o
 .note.GNU-stack
                0x0000000000000000        0x0 /tmp/ccAkbCDY.o
 .note.gnu.property
                0x0000000000000000       0x20 /tmp/ccAkbCDY.o
 .note.GNU-stack
                0x0000000000000000        0x0 /tmp/ccSmLbT3.o
 .note.gnu.property
                0x0000000000000000       0x20 /tmp/ccSmLbT3.o
 .note.GNU-stack
                0x0000000000000000        0x0 /tmp/ccrM9djC.o
 .note.gnu.property
                0x0000000000000000       0x20 /tmp/ccrM9djC.o
 .note.GNU-stack
                0x0000000000000000        0x0 /usr/lib/gcc/x86_64-linux-gnu/11/crtendS.o
 .note.gnu.property
                0x0000000000000000       0x20 /usr/lib/gcc/x86_64-linux-gnu/11/crtendS.o
 .note.gnu.property
                0x0000000000000000       0x20 /usr/lib/gcc/x86_64-linux-gnu/11/../../../x86_64-linux-gnu/crtn.o
 .note.GNU-stack
                0x0000000000000000        0x0 /usr/lib/gcc/x86_64-linux-gnu/11/../../../x86_64-linux-gnu/crtn.o

Memory Configuration

Name             Origin             Length             Attributes
*default*        0x0000000000000000 0xffffffffffffffff

Linker script and memory map

LOAD /usr/lib/gcc/x86_64-linux-gnu/11/../../../x86_64-linux-gnu/Scrt1.o
LOAD /usr/lib/gcc/x86_64-linux-gnu/11/../../../x86_64-linux-gnu/crti.o
LOAD /usr/lib/gcc/x86_64-linux-gnu/11/crtbeginS.o
LOAD /tmp/cc6CZsMf.o
LOAD /tmp/cc3qnQOP.o
LOAD /tmp/ccU9DmX0.o
LOAD /tmp/ccC6MbDA.o
LOAD /tmp/ccOCX8VX.o
LOAD /tmp/ccptQFb5.o
LOAD /tmp/ccAkbCDY.o
LOAD /tmp/ccSmLbT3.o
LOAD /tmp/ccrM9djC.o
LOAD /usr/lib/gcc/x86_64-linux-gnu/11/../../../x86_64-linux-gnu/libpq.so
LOAD /usr/lib/gcc/x86_64-linux-gnu/11/libgcc.a
LOAD /usr/lib/gcc/x86_64-linux-gnu/11/libgcc_s.so
START GROUP
LOAD /usr/lib/gcc/x86_64-linux-gnu/11/../../../x86_64-linux-gnu/libgcc_s.so.1
LOAD /usr/lib/gcc/x86_64-linux-gnu/11/libgcc.a
END GROUP
LOAD /usr/lib/gcc/x86_64-linux-gnu/11/../../../x86_64-linux-gnu/libc.so
START GROUP
LOAD /lib/x86_64-linux-gnu/libc.so.6
LOAD /usr/lib/x86_64-linux-gnu/libc_nonshared.a
LOAD /lib64/ld-linux-x86-64.so.2
END GROUP
LOAD /usr/lib/gcc/x86_64-linux-gnu/11/libgcc.a
LOAD /usr/lib/gcc/x86_64-linux-gnu/11/libgcc_s.so
START GROUP
LOAD /usr/lib/gcc/x86_64-linux-gnu/11/../../../x86_64-linux-gnu/libgcc_s.so.1
LOAD /usr/lib/gcc/x86_64-linux-gnu/11/libgcc.a
END GROUP
LOAD /usr/lib/gcc/x86_64-linux-gnu/11/crtendS.o
LOAD /usr/lib/gcc/x86_64-linux-gnu/11/../../../x86_64-linux-gnu/crtn.o
                [!provide]                        PROVIDE (__executable_start = SEGMENT_START ("text-segment", 0x0))
                0x0000000000000318                . = (SEGMENT_START ("text-segment", 0x0) + SIZEOF_HEADERS)

.interp         0x0000000000000318       0x1c
 *(.interp)
 .interp        0x0000000000000318       0x1c /usr/lib/gcc/x86_64-linux-gnu/11/../../../x86_64-linux-gnu/Scrt1.o

.note.gnu.property
                0x0000000000000338       0x30
 .note.gnu.property
                0x0000000000000338       0x30 /usr/lib/gcc/x86_64-linux-gnu/11/../../../x86_64-linux-gnu/Scrt1.o

.note.gnu.build-id
                0x0000000000000368       0x24
 *(.note.gnu.build-id)
 .note.gnu.build-id
                0x0000000000000368       0x24 /usr/lib/gcc/x86_64-linux-gnu/11/../../../x86_64-linux-gnu/Scrt1.o

.note.ABI-tag   0x000000000000038c       0x20
 .note.ABI-tag  0x000000000000038c       0x20 /usr/lib/gcc/x86_64-linux-gnu/11/../../../x86_64-linux-gnu/Scrt1.o

.hash
 *(.hash)

.gnu.hash       0x00000000000003b0       0x28
 *(.gnu.hash)
 .gnu.hash      0x00000000000003b0       0x28 /usr/lib/gcc/x86_64-linux-gnu/11/../../../x86_64-linux-gnu/Scrt1.o

.dynsym         0x00000000000003d8      0x648
 *(.dynsym)
 .dynsym        0x00000000000003d8      0x648 /usr/lib/gcc/x86_64-linux-gnu/11/../../../x86_64-linux-gnu/Scrt1.o

.dynstr         0x0000000000000a20      0x289
 *(.dynstr)
 .dynstr        0x0000000000000a20      0x289 /usr/lib/gcc/x86_64-linux-gnu/11/../../../x86_64-linux-gnu/Scrt1.o

.gnu.version    0x0000000000000caa       0x86
 *(.gnu.version)
 .gnu.version   0x0000000000000caa       0x86 /usr/lib/gcc/x86_64-linux-gnu/11/../../../x86_64-linux-gnu/Scrt1.o

.gnu.version_d  0x0000000000000d30        0x0
 *(.gnu.version_d)
 .gnu.version_d
                0x0000000000000d30        0x0 /usr/lib/gcc/x86_64-linux-gnu/11/../../../x86_64-linux-gnu/Scrt1.o

.gnu.version_r  0x0000000000000d30       0x60
 *(.gnu.version_r)
 .gnu.version_r
                0x0000000000000d30       0x60 /usr/lib/gcc/x86_64-linux-gnu/11/../../../x86_64-linux-gnu/Scrt1.o

.rela.dyn       0x0000000000000d90      0x408
 *(.rela.init)
 *(.rela.text .rela.text.* .rela.gnu.linkonce.t.*)
 .rela.text     0x0000000000000d90        0x0 /usr/lib/gcc/x86_64-linux-gnu/11/../../../x86_64-linux-gnu/Scrt1.o
 *(.rela.fini)
 *(.rela.rodata .rela.rodata.* .rela.gnu.linkonce.r.*)
 *(.rela.data .rela.data.* .rela.gnu.linkonce.d.*)
 .rela.data.rel.ro
                0x0000000000000d90        0x0 /usr/lib/gcc/x86_64-linux-gnu/11/../../../x86_64-linux-gnu/Scrt1.o
 .rela.data.rel.local
                0x0000000000000d90      0x348 /usr/lib/gcc/x86_64-linux-gnu/11/../../../x86_64-linux-gnu/Scrt1.o
 *(.rela.tdata .rela.tdata.* .rela.gnu.linkonce.td.*)
 *(.rela.tbss .rela.tbss.* .rela.gnu.linkonce.tb.*)
 *(.rela.ctors)
 *(.rela.dtors)
 *(.rela.got)
 .rela.got      0x00000000000010d8       0x78 /usr/lib/gcc/x86_64-linux-gnu/11/../../../x86_64-linux-gnu/Scrt1.o
 *(.rela.bss .rela.bss.* .rela.gnu.linkonce.b.*)
 .rela.bss      0x0000000000001150       0x18 /usr/lib/gcc/x86_64-linux-gnu/11/../../../x86_64-linux-gnu/Scrt1.o
 *(.rela.ldata .rela.ldata.* .rela.gnu.linkonce.l.*)
 *(.rela.lbss .rela.lbss.* .rela.gnu.linkonce.lb.*)
 *(.rela.lrodata .rela.lrodata.* .rela.gnu.linkonce.lr.*)
 *(.rela.ifunc)
 .rela.ifunc    0x0000000000001168        0x0 /usr/lib/gcc/x86_64-linux-gnu/11/../../../x86_64-linux-gnu/Scrt1.o
 .rela.fini_array
                0x0000000000001168       0x18 /usr/lib/gcc/x86_64-linux-gnu/11/../../../x86_64-linux-gnu/Scrt1.o
 .rela.init_array
                0x0000000000001180       0x18 /usr/lib/gcc/x86_64-linux-gnu/11/../../../x86_64-linux-gnu/Scrt1.o

.rela.plt       0x0000000000001198      0x5a0
 *(.rela.plt)
 .rela.plt      0x0000000000001198      0x5a0 /usr/lib/gcc/x86_64-linux-gnu/11/../../../x86_64-linux-gnu/Scrt1.o
 *(.rela.iplt)

.relr.dyn
 *(.relr.dyn)
                0x0000000000002000                . = ALIGN (CONSTANT (MAXPAGESIZE))

.init           0x0000000000002000       0x1b
 *(SORT_NONE(.init))
 .init          0x0000000000002000       0x16 /usr/lib/gcc/x86_64-linux-gnu/11/../../../x86_64-linux-gnu/crti.o
                0x0000000000002000                _init
 .init          0x0000000000002016        0x5 /usr/lib/gcc/x86_64-linux-gnu/11/../../../x86_64-linux-gnu/crtn.o

.plt            0x0000000000002020      0x3d0
 *(.plt)
 .plt           0x0000000000002020      0x3d0 /usr/lib/gcc/x86_64-linux-gnu/11/../../../x86_64-linux-gnu/Scrt1.o
 *(.iplt)

.plt.got        0x00000000000023f0       0x10
 *(.plt.got)
 .plt.got       0x00000000000023f0       0x10 /usr/lib/gcc/x86_64-linux-gnu/11/../../../x86_64-linux-gnu/Scrt1.o
                0x00000000000023f0                __cxa_finalize@@GLIBC_2.2.5

.plt.sec        0x0000000000002400      0x3c0
 *(.plt.sec)
 .plt.sec       0x0000000000002400      0x3c0 /usr/lib/gcc/x86_64-linux-gnu/11/../../../x86_64-linux-gnu/Scrt1.o
                0x0000000000002400                ftell@@GLIBC_2.2.5
                0x0000000000002410                PQresultStatus
                0x0000000000002420                PQgetvalue
                0x0000000000002430                __errno_location@@GLIBC_2.2.5
                0x0000000000002440                printf@@GLIBC_2.2.5
                0x0000000000002450                PQclear
                0x0000000000002460                htons@@GLIBC_2.2.5
                0x0000000000002470                sendto@@GLIBC_2.2.5
                0x0000000000002480                rewind@@GLIBC_2.2.5
                0x0000000000002490                bind@@GLIBC_2.2.5
                0x00000000000024a0                socket@@GLIBC_2.2.5
                0x00000000000024b0                strlen@@GLIBC_2.2.5
                0x00000000000024c0                PQexec
                0x00000000000024d0                inet_ntoa@@GLIBC_2.2.5
                0x00000000000024e0                memcmp@@GLIBC_2.2.5
                0x00000000000024f0                mkdir@@GLIBC_2.2.5
                0x0000000000002500                strncpy@@GLIBC_2.2.5
                0x0000000000002510                memset@@GLIBC_2.2.5
                0x0000000000002520                fcntl@@GLIBC_2.2.5
                0x0000000000002530                rename@@GLIBC_2.2.5
                0x0000000000002540                clock@@GLIBC_2.2.5
                0x0000000000002550                PQgetisnull
                0x0000000000002560                localtime@@GLIBC_2.2.5
                0x0000000000002570                sleep@@GLIBC_2.2.5
                0x0000000000002580                recvfrom@@GLIBC_2.2.5
                0x0000000000002590                PQerrorMessage
                0x00000000000025a0                atoll@@GLIBC_2.2.5
                0x00000000000025b0                strftime@@GLIBC_2.2.5
                0x00000000000025c0                memcpy@@GLIBC_2.14
                0x00000000000025d0                perror@@GLIBC_2.2.5
                0x00000000000025e0                stat@@GLIBC_2.33
                0x00000000000025f0                time@@GLIBC_2.2.5
                0x0000000000002600                strcpy@@GLIBC_2.2.5
                0x0000000000002610                fclose@@GLIBC_2.2.5
                0x0000000000002620                inet_ntop@@GLIBC_2.2.5
                0x0000000000002630                PQexecParams
                0x0000000000002640                fseek@@GLIBC_2.2.5
                0x0000000000002650                __stack_chk_fail@@GLIBC_2.4
                0x0000000000002660                PQconnectdb
                0x0000000000002670                fopen@@GLIBC_2.2.5
                0x0000000000002680                signal@@GLIBC_2.2.5
                0x0000000000002690                exit@@GLIBC_2.2.5
                0x00000000000026a0                PQstatus
                0x00000000000026b0                atof@@GLIBC_2.2.5
                0x00000000000026c0                PQntuples
                0x00000000000026d0                vfprintf@@GLIBC_2.2.5
                0x00000000000026e0                putchar@@GLIBC_2.2.5
                0x00000000000026f0                strcmp@@GLIBC_2.2.5
                0x0000000000002700                fprintf@@GLIBC_2.2.5
                0x0000000000002710                fread@@GLIBC_2.2.5
                0x0000000000002720                puts@@GLIBC_2.2.5
                0x0000000000002730                atoi@@GLIBC_2.2.5
                0x0000000000002740                snprintf@@GLIBC_2.2.5
                0x0000000000002750                PQfinish
                0x0000000000002760                ntohs@@GLIBC_2.2.5
                0x0000000000002770                inet_pton@@GLIBC_2.2.5
                0x0000000000002780                PQcmdTuples
                0x0000000000002790                fwrite@@GLIBC_2.2.5
                0x00000000000027a0                close@@GLIBC_2.2.5
                0x00000000000027b0                PQnfields

.text           0x00000000000027c0     0x8035
 *(.text.unlikely .text.*_unlikely .text.unlikely.*)
 *(.text.exit .text.exit.*)
 *(.text.startup .text.startup.*)
 *(.text.hot .text.hot.*)
 *(SORT_BY_NAME(.text.sorted.*))
 *(.text .stub .text.* .gnu.linkonce.t.*)
 .text          0x00000000000027c0       0x26 /usr/lib/gcc/x86_64-linux-gnu/11/../../../x86_64-linux-gnu/Scrt1.o
                0x00000000000027c0                _start
 .text          0x00000000000027e6        0x0 /usr/lib/gcc/x86_64-linux-gnu/11/../../../x86_64-linux-gnu/crti.o
 *fill*         0x00000000000027e6        0xa 
 .text          0x00000000000027f0       0xb9 /usr/lib/gcc/x86_64-linux-gnu/11/crtbeginS.o
 .text          0x00000000000028a9     0x20c9 /tmp/cc6CZsMf.o
                0x00000000000028a9                _GetTimer1ms
                0x00000000000028dc                sigintHandler
                0x0000000000002911                _initlog
                0x000000000000296f                _log
                0x0000000000002b0f                printIPAddress
                0x0000000000002bee                _Look4BTxFree
                0x0000000000002d0a                _Look4BTxPos
                0x0000000000002d99                _Look4BTxRelease
                0x0000000000002e09                _InitRCServer
                0x0000000000003055                _Send2EQ
                0x00000000000030b9                _ProcIDLE
                0x00000000000030c4                _ProcRx
                0x000000000000477f                _ProcTxVFileTimeout
                0x000000000000486d                _Proc10msFuncs
 .text          0x0000000000004972      0x232 /tmp/cc3qnQOP.o
                0x0000000000004972                CalcCrc16
                0x0000000000004b12                crc_ccitt
 .text          0x0000000000004ba4      0xfcb /tmp/ccU9DmX0.o
                0x0000000000004ba4                _strcpyln
                0x0000000000004c24                _InitStoreFiles
                0x0000000000004c48                _Look4Free
                0x0000000000004cbe                _Look4Pos
                0x0000000000004d32                _Look4Release
                0x0000000000004d8b                _ProcStFilesTimeout
                0x0000000000004e9a                _CreateFolder
                0x0000000000004f95                _StoreFile
 .text          0x0000000000005b6f     0x1aee /tmp/ccC6MbDA.o
                0x0000000000005b6f                Hex2Bin
                0x0000000000005d01                _Init_dbread
                0x0000000000005da3                _dbread_table_tableschema_sector
                0x00000000000060d6                _dbread_table_tableschema_dev
                0x0000000000006409                _dbread_table_version
                0x00000000000065ea                _dbread_table_sector
                0x0000000000006aac                _dbread_table_devices
                0x000000000000745b                _dbread_bulk
                0x000000000000748b                _Stfind_Eqid
                0x0000000000007506                _Stfind_Hubid
                0x0000000000007581                _Findtargetfolder
                0x00000000000075dd                _CheckEq
                0x000000000000761d                _CheckHubId
 .text          0x000000000000765d      0x18c /tmp/ccOCX8VX.o
                0x000000000000765d                _EncriptDecript
                0x0000000000007779                strcopys
 .text          0x00000000000077e9      0x46a /tmp/ccptQFb5.o
                0x00000000000077e9                init_loop2app
                0x0000000000007923                udp_receive
                0x0000000000007a89                udp_send
                0x0000000000007b9d                test_loop
 .text          0x0000000000007c53      0x750 /tmp/ccAkbCDY.o
                0x0000000000007eb5                _GetTotBinFrames
                0x0000000000007ed7                _LoadNetHubBin
                0x0000000000008248                _GetNetHubFileInfo
                0x000000000000826b                _Create_Hub
                0x0000000000008337                _Find_Hub
 .text          0x00000000000083a3     0x1160 /tmp/ccSmLbT3.o
                0x00000000000083a3                _dbread_devstate_size
                0x00000000000083ec                _Stfind_Devstate
                0x0000000000008484                _Stfind_Devstate_ByZone
                0x00000000000084fb                _dbread_table_devstate
                0x000000000000900e                _dbwrite_devstate
 .text          0x0000000000009503     0x12f2 /tmp/ccrM9djC.o
                0x0000000000009503                _DbDeviceEventTypeToString
                0x0000000000009587                _DbDeviceEventSeverityToString
                0x00000000000095e3                _DbDeviceEventTypeFromString
                0x000000000000971f                _DbDeviceEventSeverityFromString
                0x00000000000097cb                _dbread_deviceevent
                0x000000000000a023                _dbinsert_deviceevent
                0x000000000000a57c                main
 .text          0x000000000000a7f5        0x0 /usr/lib/gcc/x86_64-linux-gnu/11/crtendS.o
 .text          0x000000000000a7f5        0x0 /usr/lib/gcc/x86_64-linux-gnu/11/../../../x86_64-linux-gnu/crtn.o
 *(.gnu.warning)

.fini           0x000000000000a7f8        0xd
 *(SORT_NONE(.fini))
 .fini          0x000000000000a7f8        0x8 /usr/lib/gcc/x86_64-linux-gnu/11/../../../x86_64-linux-gnu/crti.o
                0x000000000000a7f8                _fini
 .fini          0x000000000000a800        0x5 /usr/lib/gcc/x86_64-linux-gnu/11/../../../x86_64-linux-gnu/crtn.o
                [!provide]                        PROVIDE (__etext = .)
                [!provide]                        PROVIDE (_etext = .)
                [!provide]                        PROVIDE (etext = .)
                0x000000000000b000                . = ALIGN (CONSTANT (MAXPAGESIZE))
                0x000000000000b000                . = SEGMENT_START ("rodata-segment", (ALIGN (CONSTANT (MAXPAGESIZE)) + (. & (CONSTANT (MAXPAGESIZE) - 0x1))))

.rodata         0x000000000000b000     0x2638
 *(.rodata .rodata.* .gnu.linkonce.r.*)
 .rodata.cst4   0x000000000000b000        0x4 /usr/lib/gcc/x86_64-linux-gnu/11/../../../x86_64-linux-gnu/Scrt1.o
                0x000000000000b000                _IO_stdin_used
 *fill*         0x000000000000b004        0x4 
 .rodata        0x000000000000b008      0xb79 /tmp/cc6CZsMf.o
 *fill*         0x000000000000bb81       0x1f 
 .rodata        0x000000000000bba0      0x222 /tmp/cc3qnQOP.o
 *fill*         0x000000000000bdc2        0x6 
 .rodata        0x000000000000bdc8      0x213 /tmp/ccU9DmX0.o
 *fill*         0x000000000000bfdb        0x5 
 .rodata        0x000000000000bfe0      0x701 /tmp/ccC6MbDA.o
 *fill*         0x000000000000c6e1        0x7 
 .rodata        0x000000000000c6e8       0x8f /tmp/ccOCX8VX.o
 *fill*         0x000000000000c777        0x1 
 .rodata        0x000000000000c778       0xbb /tmp/ccptQFb5.o
 *fill*         0x000000000000c833        0x5 
 .rodata        0x000000000000c838      0x1a1 /tmp/ccAkbCDY.o
 *fill*         0x000000000000c9d9        0x7 
 .rodata        0x000000000000c9e0      0x559 /tmp/ccSmLbT3.o
 *fill*         0x000000000000cf39        0x7 
 .rodata        0x000000000000cf40      0x6f8 /tmp/ccrM9djC.o

.rodata1
 *(.rodata1)

.eh_frame_hdr   0x000000000000d638      0x224
 *(.eh_frame_hdr)
 .eh_frame_hdr  0x000000000000d638      0x224 /usr/lib/gcc/x86_64-linux-gnu/11/../../../x86_64-linux-gnu/Scrt1.o
                0x000000000000d638                __GNU_EH_FRAME_HDR
 *(.eh_frame_entry .eh_frame_entry.*)

.eh_frame       0x000000000000d860      0x87c
 *(.eh_frame)
 .eh_frame      0x000000000000d860       0x30 /usr/lib/gcc/x86_64-linux-gnu/11/../../../x86_64-linux-gnu/Scrt1.o
                                         0x2c (size before relaxing)
 *fill*         0x000000000000d890        0x0 
 .eh_frame      0x000000000000d890       0x28 /usr/lib/gcc/x86_64-linux-gnu/11/../../../x86_64-linux-gnu/Scrt1.o
                                         0x40 (size before relaxing)
 .eh_frame      0x000000000000d8b8       0x18 /usr/lib/gcc/x86_64-linux-gnu/11/../../../x86_64-linux-gnu/Scrt1.o
                                         0x30 (size before relaxing)
 .eh_frame      0x000000000000d8d0       0x18 /usr/lib/gcc/x86_64-linux-gnu/11/../../../x86_64-linux-gnu/Scrt1.o
                                         0x30 (size before relaxing)
 .eh_frame      0x000000000000d8e8      0x1c0 /tmp/cc6CZsMf.o
                                        0x1d8 (size before relaxing)
 .eh_frame      0x000000000000daa8       0x40 /tmp/cc3qnQOP.o
                                         0x58 (size before relaxing)
 .eh_frame      0x000000000000dae8      0x108 /tmp/ccU9DmX0.o
                                        0x120 (size before relaxing)
 .eh_frame      0x000000000000dbf0      0x1a8 /tmp/ccC6MbDA.o
                                        0x1c0 (size before relaxing)
 .eh_frame      0x000000000000dd98       0x40 /tmp/ccOCX8VX.o
                                         0x58 (size before relaxing)
 .eh_frame      0x000000000000ddd8       0x80 /tmp/ccptQFb5.o
                                         0x98 (size before relaxing)
 .eh_frame      0x000000000000de58      0x100 /tmp/ccAkbCDY.o
                                        0x118 (size before relaxing)
 .eh_frame      0x000000000000df58       0xa0 /tmp/ccSmLbT3.o
                                         0xb8 (size before relaxing)
 .eh_frame      0x000000000000dff8       0xe0 /tmp/ccrM9djC.o
                                         0xf8 (size before relaxing)
 .eh_frame      0x000000000000e0d8        0x4 /usr/lib/gcc/x86_64-linux-gnu/11/crtendS.o
 *(.eh_frame.*)

.gcc_except_table
 *(.gcc_except_table .gcc_except_table.*)

.gnu_extab
 *(.gnu_extab*)

.exception_ranges
 *(.exception_ranges*)
                0x000000000000fbd0                . = DATA_SEGMENT_ALIGN (CONSTANT (MAXPAGESIZE), CONSTANT (COMMONPAGESIZE))

.eh_frame
 *(.eh_frame)
 *(.eh_frame.*)

.gnu_extab
 *(.gnu_extab)

.gcc_except_table
 *(.gcc_except_table .gcc_except_table.*)

.exception_ranges
 *(.exception_ranges*)

.tdata          0x000000000000fbd0        0x0
                [!provide]                        PROVIDE (__tdata_start = .)
 *(.tdata .tdata.* .gnu.linkonce.td.*)

.tbss
 *(.tbss .tbss.* .gnu.linkonce.tb.*)
 *(.tcommon)

.preinit_array  0x000000000000fbd0        0x0
                [!provide]                        PROVIDE (__preinit_array_start = .)
 *(.preinit_array)
                [!provide]                        PROVIDE (__preinit_array_end = .)

.init_array     0x000000000000fbd0        0x8
                [!provide]                        PROVIDE (__init_array_start = .)
 *(SORT_BY_INIT_PRIORITY(.init_array.*) SORT_BY_INIT_PRIORITY(.ctors.*))
 *(.init_array EXCLUDE_FILE(*crtend?.o *crtend.o *crtbegin?.o *crtbegin.o) .ctors)
 .init_array    0x000000000000fbd0        0x8 /usr/lib/gcc/x86_64-linux-gnu/11/crtbeginS.o
                [!provide]                        PROVIDE (__init_array_end = .)

.fini_array     0x000000000000fbd8        0x8
                [!provide]                        PROVIDE (__fini_array_start = .)
 *(SORT_BY_INIT_PRIORITY(.fini_array.*) SORT_BY_INIT_PRIORITY(.dtors.*))
 *(.fini_array EXCLUDE_FILE(*crtend?.o *crtend.o *crtbegin?.o *crtbegin.o) .dtors)
 .fini_array    0x000000000000fbd8        0x8 /usr/lib/gcc/x86_64-linux-gnu/11/crtbeginS.o
                [!provide]                        PROVIDE (__fini_array_end = .)

.ctors
 *crtbegin.o(.ctors)
 *crtbegin?.o(.ctors)
 *(EXCLUDE_FILE(*crtend?.o *crtend.o) .ctors)
 *(SORT_BY_NAME(.ctors.*))
 *(.ctors)

.dtors
 *crtbegin.o(.dtors)
 *crtbegin?.o(.dtors)
 *(EXCLUDE_FILE(*crtend?.o *crtend.o) .dtors)
 *(SORT_BY_NAME(.dtors.*))
 *(.dtors)

.jcr
 *(.jcr)

.data.rel.ro    0x000000000000fbe0        0x0
 *(.data.rel.ro.local* .gnu.linkonce.d.rel.ro.local.*)
 *(.data.rel.ro .data.rel.ro.* .gnu.linkonce.d.rel.ro.*)
 .data.rel.ro   0x000000000000fbe0        0x0 /usr/lib/gcc/x86_64-linux-gnu/11/../../../x86_64-linux-gnu/Scrt1.o

.dynamic        0x000000000000fbe0      0x200
 *(.dynamic)
 .dynamic       0x000000000000fbe0      0x200 /usr/lib/gcc/x86_64-linux-gnu/11/../../../x86_64-linux-gnu/Scrt1.o
                0x000000000000fbe0                _DYNAMIC

.got            0x000000000000fde0      0x220
 *(.got.plt)
 .got.plt       0x000000000000fde0      0x1f8 /usr/lib/gcc/x86_64-linux-gnu/11/../../../x86_64-linux-gnu/Scrt1.o
                0x000000000000fde0                _GLOBAL_OFFSET_TABLE_
 *(.igot.plt)
 *(.got)
 .got           0x000000000000ffd8       0x28 /usr/lib/gcc/x86_64-linux-gnu/11/../../../x86_64-linux-gnu/Scrt1.o
 *(.igot)
                0x0000000000010000                . = DATA_SEGMENT_RELRO_END (., 0x0)

.data           0x0000000000010000      0x148
 *(.data .data.* .gnu.linkonce.d.*)
 .data          0x0000000000010000        0x4 /usr/lib/gcc/x86_64-linux-gnu/11/../../../x86_64-linux-gnu/Scrt1.o
                0x0000000000010000                data_start
                0x0000000000010000                __data_start
 .data          0x0000000000010004        0x0 /usr/lib/gcc/x86_64-linux-gnu/11/../../../x86_64-linux-gnu/crti.o
 .data          0x0000000000010004        0x0 /usr/lib/gcc/x86_64-linux-gnu/11/crtbeginS.o
 *fill*         0x0000000000010004        0x4 
 .data.rel.local
                0x0000000000010008        0x8 /usr/lib/gcc/x86_64-linux-gnu/11/crtbeginS.o
                0x0000000000010008                __dso_handle
 .data          0x0000000000010010        0x0 /tmp/cc6CZsMf.o
 .data          0x0000000000010010        0x0 /tmp/cc3qnQOP.o
 .data          0x0000000000010010        0x0 /tmp/ccU9DmX0.o
 .data          0x0000000000010010        0x0 /tmp/ccC6MbDA.o
 *fill*         0x0000000000010010       0x10 
 .data.rel.local
                0x0000000000010020      0x128 /tmp/ccC6MbDA.o
                0x0000000000010020                T_muni_names
                0x0000000000010080                T_dev_names
 .data          0x0000000000010148        0x0 /tmp/ccOCX8VX.o
 .data          0x0000000000010148        0x0 /tmp/ccptQFb5.o
 .data          0x0000000000010148        0x0 /tmp/ccAkbCDY.o
 .data          0x0000000000010148        0x0 /tmp/ccSmLbT3.o
 .data          0x0000000000010148        0x0 /tmp/ccrM9djC.o
 .data          0x0000000000010148        0x0 /usr/lib/gcc/x86_64-linux-gnu/11/crtendS.o
 .data          0x0000000000010148        0x0 /usr/lib/gcc/x86_64-linux-gnu/11/../../../x86_64-linux-gnu/crtn.o

.tm_clone_table
                0x0000000000010148        0x0
 .tm_clone_table
                0x0000000000010148        0x0 /usr/lib/gcc/x86_64-linux-gnu/11/crtbeginS.o
 .tm_clone_table
                0x0000000000010148        0x0 /usr/lib/gcc/x86_64-linux-gnu/11/crtendS.o

.data1
 *(.data1)
                0x0000000000010148                _edata = .
                [!provide]                        PROVIDE (edata = .)
                0x0000000000010148                . = .
                0x0000000000010148                __bss_start = .

.bss            0x0000000000010160   0xa85f60
 *(.dynbss)
 .dynbss        0x0000000000010160        0x8 /usr/lib/gcc/x86_64-linux-gnu/11/../../../x86_64-linux-gnu/Scrt1.o
                0x0000000000010160                stderr@@GLIBC_2.2.5
 *(.bss .bss.* .gnu.linkonce.b.*)
 .bss           0x0000000000010168        0x0 /usr/lib/gcc/x86_64-linux-gnu/11/../../../x86_64-linux-gnu/Scrt1.o
 .bss           0x0000000000010168        0x0 /usr/lib/gcc/x86_64-linux-gnu/11/../../../x86_64-linux-gnu/crti.o
 .bss           0x0000000000010168        0x1 /usr/lib/gcc/x86_64-linux-gnu/11/crtbeginS.o
 *fill*         0x0000000000010169       0x17 
 .bss           0x0000000000010180   0x13c77b /tmp/cc6CZsMf.o
                0x0000000000010180                sockfd
                0x0000000000010184                RCServer
                0x0000000000010190                servaddr
                0x00000000000101a0                cliaddr
 *fill*         0x000000000014c8fb        0x1 
 .bss           0x000000000014c8fc        0x4 /tmp/cc3qnQOP.o
 .bss           0x000000000014c900     0x7081 /tmp/ccU9DmX0.o
                0x000000000014c900                _StoreV
 *fill*         0x0000000000153981       0x1f 
 .bss           0x00000000001539a0   0x48a1e0 /tmp/ccC6MbDA.o
                0x00000000001539a0                T_db_version
                0x00000000001539c0                T_sector
                0x00000000002650c0                T_devices
 .bss           0x00000000005ddb80        0x0 /tmp/ccOCX8VX.o
 .bss           0x00000000005ddb80      0x420 /tmp/ccptQFb5.o
 .bss           0x00000000005ddfa0    0x10aa0 /tmp/ccAkbCDY.o
 .bss           0x00000000005eea40   0x4a7680 /tmp/ccSmLbT3.o
                0x00000000005eea40                T_devstate
 .bss           0x0000000000a960c0        0x0 /tmp/ccrM9djC.o
 .bss           0x0000000000a960c0        0x0 /usr/lib/gcc/x86_64-linux-gnu/11/crtendS.o
 .bss           0x0000000000a960c0        0x0 /usr/lib/gcc/x86_64-linux-gnu/11/../../../x86_64-linux-gnu/crtn.o
 *(COMMON)
                0x0000000000a960c0                . = ALIGN ((. != 0x0)?0x8:0x1)

.lbss
 *(.dynlbss)
 *(.lbss .lbss.* .gnu.linkonce.lb.*)
 *(LARGE_COMMON)
                0x0000000000a960c0                . = ALIGN (0x8)
                0x0000000000a960c0                . = SEGMENT_START ("ldata-segment", .)

.lrodata
 *(.lrodata .lrodata.* .gnu.linkonce.lr.*)

.ldata          0x0000000000a980c0        0x0
 *(.ldata .ldata.* .gnu.linkonce.l.*)
                0x0000000000a980c0                . = ALIGN ((. != 0x0)?0x8:0x1)
                0x0000000000a980c0                . = ALIGN (0x8)
                0x0000000000a960c0                _end = .
                [!provide]                        PROVIDE (end = .)
                0x0000000000a980c0                . = DATA_SEGMENT_END (.)

.stab
 *(.stab)

.stabstr
 *(.stabstr)

.stab.excl
 *(.stab.excl)

.stab.exclstr
 *(.stab.exclstr)

.stab.index
 *(.stab.index)

.stab.indexstr
 *(.stab.indexstr)

.comment        0x0000000000000000       0x2d
 *(.comment)
 .comment       0x0000000000000000       0x2d /usr/lib/gcc/x86_64-linux-gnu/11/crtbeginS.o
                                         0x2e (size before relaxing)
 .comment       0x000000000000002d       0x2e /tmp/cc6CZsMf.o
 .comment       0x000000000000002d       0x2e /tmp/cc3qnQOP.o
 .comment       0x000000000000002d       0x2e /tmp/ccU9DmX0.o
 .comment       0x000000000000002d       0x2e /tmp/ccC6MbDA.o
 .comment       0x000000000000002d       0x2e /tmp/ccOCX8VX.o
 .comment       0x000000000000002d       0x2e /tmp/ccptQFb5.o
 .comment       0x000000000000002d       0x2e /tmp/ccAkbCDY.o
 .comment       0x000000000000002d       0x2e /tmp/ccSmLbT3.o
 .comment       0x000000000000002d       0x2e /tmp/ccrM9djC.o
 .comment       0x000000000000002d       0x2e /usr/lib/gcc/x86_64-linux-gnu/11/crtendS.o

.gnu.build.attributes
 *(.gnu.build.attributes .gnu.build.attributes.*)

.debug
 *(.debug)

.line
 *(.line)

.debug_srcinfo
 *(.debug_srcinfo)

.debug_sfnames
 *(.debug_sfnames)

.debug_aranges  0x0000000000000000      0x1b0
 *(.debug_aranges)
 .debug_aranges
                0x0000000000000000       0x30 /tmp/cc6CZsMf.o
 .debug_aranges
                0x0000000000000030       0x30 /tmp/cc3qnQOP.o
 .debug_aranges
                0x0000000000000060       0x30 /tmp/ccU9DmX0.o
 .debug_aranges
                0x0000000000000090       0x30 /tmp/ccC6MbDA.o
 .debug_aranges
                0x00000000000000c0       0x30 /tmp/ccOCX8VX.o
 .debug_aranges
                0x00000000000000f0       0x30 /tmp/ccptQFb5.o
 .debug_aranges
                0x0000000000000120       0x30 /tmp/ccAkbCDY.o
 .debug_aranges
                0x0000000000000150       0x30 /tmp/ccSmLbT3.o
 .debug_aranges
                0x0000000000000180       0x30 /tmp/ccrM9djC.o

.debug_pubnames
 *(.debug_pubnames)

.debug_info     0x0000000000000000     0x63fa
 *(.debug_info .gnu.linkonce.wi.*)
 .debug_info    0x0000000000000000     0x1a25 /tmp/cc6CZsMf.o
 .debug_info    0x0000000000001a25      0x217 /tmp/cc3qnQOP.o
 .debug_info    0x0000000000001c3c      0xc22 /tmp/ccU9DmX0.o
 .debug_info    0x000000000000285e     0x11e0 /tmp/ccC6MbDA.o
 .debug_info    0x0000000000003a3e      0x181 /tmp/ccOCX8VX.o
 .debug_info    0x0000000000003bbf      0x746 /tmp/ccptQFb5.o
 .debug_info    0x0000000000004305      0xa6e /tmp/ccAkbCDY.o
 .debug_info    0x0000000000004d73      0xbb7 /tmp/ccSmLbT3.o
 .debug_info    0x000000000000592a      0xad0 /tmp/ccrM9djC.o

.debug_abbrev   0x0000000000000000     0x14be
 *(.debug_abbrev)
 .debug_abbrev  0x0000000000000000      0x431 /tmp/cc6CZsMf.o
 .debug_abbrev  0x0000000000000431      0x119 /tmp/cc3qnQOP.o
 .debug_abbrev  0x000000000000054a      0x268 /tmp/ccU9DmX0.o
 .debug_abbrev  0x00000000000007b2      0x28b /tmp/ccC6MbDA.o
 .debug_abbrev  0x0000000000000a3d       0xe5 /tmp/ccOCX8VX.o
 .debug_abbrev  0x0000000000000b22      0x21c /tmp/ccptQFb5.o
 .debug_abbrev  0x0000000000000d3e      0x2b3 /tmp/ccAkbCDY.o
 .debug_abbrev  0x0000000000000ff1      0x278 /tmp/ccSmLbT3.o
 .debug_abbrev  0x0000000000001269      0x255 /tmp/ccrM9djC.o

.debug_line     0x0000000000000000     0x24c0
 *(.debug_line .debug_line.* .debug_line_end)
 .debug_line    0x0000000000000000      0x97d /tmp/cc6CZsMf.o
 .debug_line    0x000000000000097d      0x133 /tmp/cc3qnQOP.o
 .debug_line    0x0000000000000ab0      0x455 /tmp/ccU9DmX0.o
 .debug_line    0x0000000000000f05      0x740 /tmp/ccC6MbDA.o
 .debug_line    0x0000000000001645      0x100 /tmp/ccOCX8VX.o
 .debug_line    0x0000000000001745      0x1c8 /tmp/ccptQFb5.o
 .debug_line    0x000000000000190d      0x2ea /tmp/ccAkbCDY.o
 .debug_line    0x0000000000001bf7      0x483 /tmp/ccSmLbT3.o
 .debug_line    0x000000000000207a      0x446 /tmp/ccrM9djC.o

.debug_frame
 *(.debug_frame)

.debug_str      0x0000000000000000     0x1a38
 *(.debug_str)
 .debug_str     0x0000000000000000      0xbc1 /tmp/cc6CZsMf.o
                                        0xd2a (size before relaxing)
 .debug_str     0x0000000000000bc1       0x2e /tmp/cc3qnQOP.o
                                        0x16d (size before relaxing)
 .debug_str     0x0000000000000bef      0x307 /tmp/ccU9DmX0.o
                                        0x7db (size before relaxing)
 .debug_str     0x0000000000000ef6      0x5d3 /tmp/ccC6MbDA.o
                                        0xab7 (size before relaxing)
 .debug_str     0x00000000000014c9        0x7 /tmp/ccOCX8VX.o
                                        0x143 (size before relaxing)
 .debug_str     0x00000000000014d0       0xda /tmp/ccptQFb5.o
                                        0x467 (size before relaxing)
 .debug_str     0x00000000000015aa       0xe1 /tmp/ccAkbCDY.o
                                        0x573 (size before relaxing)
 .debug_str     0x000000000000168b      0x153 /tmp/ccSmLbT3.o
                                        0x895 (size before relaxing)
 .debug_str     0x00000000000017de      0x25a /tmp/ccrM9djC.o
                                        0x932 (size before relaxing)

.debug_loc
 *(.debug_loc)

.debug_macinfo
 *(.debug_macinfo)

.debug_weaknames
 *(.debug_weaknames)

.debug_funcnames
 *(.debug_funcnames)

.debug_typenames
 *(.debug_typenames)

.debug_varnames
 *(.debug_varnames)

.debug_pubtypes
 *(.debug_pubtypes)

.debug_ranges
 *(.debug_ranges)

.debug_addr
 *(.debug_addr)

.debug_line_str
                0x0000000000000000      0x2d3
 *(.debug_line_str)
 .debug_line_str
                0x0000000000000000      0x1f1 /tmp/cc6CZsMf.o
                                        0x243 (size before relaxing)
 .debug_line_str
                0x00000000000001f1        0x6 /tmp/cc3qnQOP.o
                                         0xe1 (size before relaxing)
 .debug_line_str
                0x00000000000001f7       0x34 /tmp/ccU9DmX0.o
                                        0x1b3 (size before relaxing)
 .debug_line_str
                0x000000000000022b       0x28 /tmp/ccC6MbDA.o
                                        0x16f (size before relaxing)
 .debug_line_str
                0x0000000000000253        0x7 /tmp/ccOCX8VX.o
                                         0x78 (size before relaxing)
 .debug_line_str
                0x000000000000025a       0x26 /tmp/ccptQFb5.o
                                        0x1b1 (size before relaxing)
 .debug_line_str
                0x0000000000000280        0xc /tmp/ccAkbCDY.o
                                        0x151 (size before relaxing)
 .debug_line_str
                0x000000000000028c       0x2b /tmp/ccSmLbT3.o
                                        0x198 (size before relaxing)
 .debug_line_str
                0x00000000000002b7       0x1c /tmp/ccrM9djC.o
                                        0x198 (size before relaxing)

.debug_loclists
 *(.debug_loclists)

.debug_macro
 *(.debug_macro)

.debug_names
 *(.debug_names)

.debug_rnglists
                0x0000000000000000       0x49
 *(.debug_rnglists)
 .debug_rnglists
                0x0000000000000000       0x2d /tmp/cc6CZsMf.o
 .debug_rnglists
                0x000000000000002d       0x1c /tmp/ccC6MbDA.o

.debug_str_offsets
 *(.debug_str_offsets)

.debug_sup
 *(.debug_sup)

.gnu.attributes
 *(.gnu.attributes)

/DISCARD/
 *(.note.GNU-stack)
 *(.gnu_debuglink)
 *(.gnu.lto_*)
OUTPUT(rcserver elf64-x86-64)
