
Merging program properties


As-needed library included to satisfy reference by file (symbol)

libpq.so.5                    /tmp/ccd9Bnwy.o (PQstatus)
libc.so.6                     /tmp/ccVhjcVz.o (clock@@GLIBC_2.2.5)

Discarded input sections

 .note.GNU-stack
                0x0000000000000000        0x0 /usr/lib/gcc/x86_64-linux-gnu/11/../../../x86_64-linux-gnu/Scrt1.o
 .note.gnu.property
                0x0000000000000000       0x20 /usr/lib/gcc/x86_64-linux-gnu/11/../../../x86_64-linux-gnu/crti.o
 .note.GNU-stack
                0x0000000000000000        0x0 /usr/lib/gcc/x86_64-linux-gnu/11/../../../x86_64-linux-gnu/crti.o
 .note.GNU-stack
                0x0000000000000000        0x0 /usr/lib/gcc/x86_64-linux-gnu/11/crtbeginS.o
 .note.gnu.property
                0x0000000000000000       0x20 /usr/lib/gcc/x86_64-linux-gnu/11/crtbeginS.o
 .note.GNU-stack
                0x0000000000000000        0x0 /tmp/ccVhjcVz.o
 .note.gnu.property
                0x0000000000000000       0x20 /tmp/ccVhjcVz.o
 .note.GNU-stack
                0x0000000000000000        0x0 /tmp/ccJICEaL.o
 .note.gnu.property
                0x0000000000000000       0x20 /tmp/ccJICEaL.o
 .note.GNU-stack
                0x0000000000000000        0x0 /tmp/ccbcCCM5.o
 .note.gnu.property
                0x0000000000000000       0x20 /tmp/ccbcCCM5.o
 .note.GNU-stack
                0x0000000000000000        0x0 /tmp/cctoqIZG.o
 .note.gnu.property
                0x0000000000000000       0x20 /tmp/cctoqIZG.o
 .note.GNU-stack
                0x0000000000000000        0x0 /tmp/ccXLsApZ.o
 .note.gnu.property
                0x0000000000000000       0x20 /tmp/ccXLsApZ.o
 .note.GNU-stack
                0x0000000000000000        0x0 /tmp/ccFTEe59.o
 .note.gnu.property
                0x0000000000000000       0x20 /tmp/ccFTEe59.o
 .note.GNU-stack
                0x0000000000000000        0x0 /tmp/ccsxDcQK.o
 .note.gnu.property
                0x0000000000000000       0x20 /tmp/ccsxDcQK.o
 .note.GNU-stack
                0x0000000000000000        0x0 /tmp/ccd9Bnwy.o
 .note.gnu.property
                0x0000000000000000       0x20 /tmp/ccd9Bnwy.o
 .note.GNU-stack
                0x0000000000000000        0x0 /tmp/ccuApLLO.o
 .note.gnu.property
                0x0000000000000000       0x20 /tmp/ccuApLLO.o
 .note.GNU-stack
                0x0000000000000000        0x0 /tmp/cc99xjBZ.o
 .note.gnu.property
                0x0000000000000000       0x20 /tmp/cc99xjBZ.o
 .note.GNU-stack
                0x0000000000000000        0x0 /tmp/ccWnVgua.o
 .note.gnu.property
                0x0000000000000000       0x20 /tmp/ccWnVgua.o
 .note.GNU-stack
                0x0000000000000000        0x0 /tmp/ccH5ON8j.o
 .note.gnu.property
                0x0000000000000000       0x20 /tmp/ccH5ON8j.o
 .note.GNU-stack
                0x0000000000000000        0x0 /usr/lib/gcc/x86_64-linux-gnu/11/crtendS.o
 .note.gnu.property
                0x0000000000000000       0x20 /usr/lib/gcc/x86_64-linux-gnu/11/crtendS.o
 .note.gnu.property
                0x0000000000000000       0x20 /usr/lib/gcc/x86_64-linux-gnu/11/../../../x86_64-linux-gnu/crtn.o
 .note.GNU-stack
                0x0000000000000000        0x0 /usr/lib/gcc/x86_64-linux-gnu/11/../../../x86_64-linux-gnu/crtn.o

Memory Configuration

Name             Origin             Length             Attributes
*default*        0x0000000000000000 0xffffffffffffffff

Linker script and memory map

LOAD /usr/lib/gcc/x86_64-linux-gnu/11/../../../x86_64-linux-gnu/Scrt1.o
LOAD /usr/lib/gcc/x86_64-linux-gnu/11/../../../x86_64-linux-gnu/crti.o
LOAD /usr/lib/gcc/x86_64-linux-gnu/11/crtbeginS.o
LOAD /tmp/ccVhjcVz.o
LOAD /tmp/ccJICEaL.o
LOAD /tmp/ccbcCCM5.o
LOAD /tmp/cctoqIZG.o
LOAD /tmp/ccXLsApZ.o
LOAD /tmp/ccFTEe59.o
LOAD /tmp/ccsxDcQK.o
LOAD /tmp/ccd9Bnwy.o
LOAD /tmp/ccuApLLO.o
LOAD /tmp/cc99xjBZ.o
LOAD /tmp/ccWnVgua.o
LOAD /tmp/ccH5ON8j.o
LOAD /usr/lib/gcc/x86_64-linux-gnu/11/../../../x86_64-linux-gnu/libpq.so
LOAD /usr/lib/gcc/x86_64-linux-gnu/11/libgcc.a
LOAD /usr/lib/gcc/x86_64-linux-gnu/11/libgcc_s.so
START GROUP
LOAD /usr/lib/gcc/x86_64-linux-gnu/11/../../../x86_64-linux-gnu/libgcc_s.so.1
LOAD /usr/lib/gcc/x86_64-linux-gnu/11/libgcc.a
END GROUP
LOAD /usr/lib/gcc/x86_64-linux-gnu/11/../../../x86_64-linux-gnu/libc.so
START GROUP
LOAD /lib/x86_64-linux-gnu/libc.so.6
LOAD /usr/lib/x86_64-linux-gnu/libc_nonshared.a
LOAD /lib64/ld-linux-x86-64.so.2
END GROUP
LOAD /usr/lib/gcc/x86_64-linux-gnu/11/libgcc.a
LOAD /usr/lib/gcc/x86_64-linux-gnu/11/libgcc_s.so
START GROUP
LOAD /usr/lib/gcc/x86_64-linux-gnu/11/../../../x86_64-linux-gnu/libgcc_s.so.1
LOAD /usr/lib/gcc/x86_64-linux-gnu/11/libgcc.a
END GROUP
LOAD /usr/lib/gcc/x86_64-linux-gnu/11/crtendS.o
LOAD /usr/lib/gcc/x86_64-linux-gnu/11/../../../x86_64-linux-gnu/crtn.o
                [!provide]                        PROVIDE (__executable_start = SEGMENT_START ("text-segment", 0x0))
                0x0000000000000318                . = (SEGMENT_START ("text-segment", 0x0) + SIZEOF_HEADERS)

.interp         0x0000000000000318       0x1c
 *(.interp)
 .interp        0x0000000000000318       0x1c /usr/lib/gcc/x86_64-linux-gnu/11/../../../x86_64-linux-gnu/Scrt1.o

.note.gnu.property
                0x0000000000000338       0x30
 .note.gnu.property
                0x0000000000000338       0x30 /usr/lib/gcc/x86_64-linux-gnu/11/../../../x86_64-linux-gnu/Scrt1.o

.note.gnu.build-id
                0x0000000000000368       0x24
 *(.note.gnu.build-id)
 .note.gnu.build-id
                0x0000000000000368       0x24 /usr/lib/gcc/x86_64-linux-gnu/11/../../../x86_64-linux-gnu/Scrt1.o

.note.ABI-tag   0x000000000000038c       0x20
 .note.ABI-tag  0x000000000000038c       0x20 /usr/lib/gcc/x86_64-linux-gnu/11/../../../x86_64-linux-gnu/Scrt1.o

.hash
 *(.hash)

.gnu.hash       0x00000000000003b0       0x28
 *(.gnu.hash)
 .gnu.hash      0x00000000000003b0       0x28 /usr/lib/gcc/x86_64-linux-gnu/11/../../../x86_64-linux-gnu/Scrt1.o

.dynsym         0x00000000000003d8      0x630
 *(.dynsym)
 .dynsym        0x00000000000003d8      0x630 /usr/lib/gcc/x86_64-linux-gnu/11/../../../x86_64-linux-gnu/Scrt1.o

.dynstr         0x0000000000000a08      0x281
 *(.dynstr)
 .dynstr        0x0000000000000a08      0x281 /usr/lib/gcc/x86_64-linux-gnu/11/../../../x86_64-linux-gnu/Scrt1.o

.gnu.version    0x0000000000000c8a       0x84
 *(.gnu.version)
 .gnu.version   0x0000000000000c8a       0x84 /usr/lib/gcc/x86_64-linux-gnu/11/../../../x86_64-linux-gnu/Scrt1.o

.gnu.version_d  0x0000000000000d10        0x0
 *(.gnu.version_d)
 .gnu.version_d
                0x0000000000000d10        0x0 /usr/lib/gcc/x86_64-linux-gnu/11/../../../x86_64-linux-gnu/Scrt1.o

.gnu.version_r  0x0000000000000d10       0x60
 *(.gnu.version_r)
 .gnu.version_r
                0x0000000000000d10       0x60 /usr/lib/gcc/x86_64-linux-gnu/11/../../../x86_64-linux-gnu/Scrt1.o

.rela.dyn       0x0000000000000d70       0xd8
 *(.rela.init)
 *(.rela.text .rela.text.* .rela.gnu.linkonce.t.*)
 .rela.text     0x0000000000000d70        0x0 /usr/lib/gcc/x86_64-linux-gnu/11/../../../x86_64-linux-gnu/Scrt1.o
 *(.rela.fini)
 *(.rela.rodata .rela.rodata.* .rela.gnu.linkonce.r.*)
 *(.rela.data .rela.data.* .rela.gnu.linkonce.d.*)
 .rela.data.rel.ro
                0x0000000000000d70        0x0 /usr/lib/gcc/x86_64-linux-gnu/11/../../../x86_64-linux-gnu/Scrt1.o
 .rela.data.rel.local
                0x0000000000000d70       0x18 /usr/lib/gcc/x86_64-linux-gnu/11/../../../x86_64-linux-gnu/Scrt1.o
 *(.rela.tdata .rela.tdata.* .rela.gnu.linkonce.td.*)
 *(.rela.tbss .rela.tbss.* .rela.gnu.linkonce.tb.*)
 *(.rela.ctors)
 *(.rela.dtors)
 *(.rela.got)
 .rela.got      0x0000000000000d88       0x78 /usr/lib/gcc/x86_64-linux-gnu/11/../../../x86_64-linux-gnu/Scrt1.o
 *(.rela.bss .rela.bss.* .rela.gnu.linkonce.b.*)
 .rela.bss      0x0000000000000e00       0x18 /usr/lib/gcc/x86_64-linux-gnu/11/../../../x86_64-linux-gnu/Scrt1.o
 *(.rela.ldata .rela.ldata.* .rela.gnu.linkonce.l.*)
 *(.rela.lbss .rela.lbss.* .rela.gnu.linkonce.lb.*)
 *(.rela.lrodata .rela.lrodata.* .rela.gnu.linkonce.lr.*)
 *(.rela.ifunc)
 .rela.ifunc    0x0000000000000e18        0x0 /usr/lib/gcc/x86_64-linux-gnu/11/../../../x86_64-linux-gnu/Scrt1.o
 .rela.fini_array
                0x0000000000000e18       0x18 /usr/lib/gcc/x86_64-linux-gnu/11/../../../x86_64-linux-gnu/Scrt1.o
 .rela.init_array
                0x0000000000000e30       0x18 /usr/lib/gcc/x86_64-linux-gnu/11/../../../x86_64-linux-gnu/Scrt1.o

.rela.plt       0x0000000000000e48      0x588
 *(.rela.plt)
 .rela.plt      0x0000000000000e48      0x588 /usr/lib/gcc/x86_64-linux-gnu/11/../../../x86_64-linux-gnu/Scrt1.o
 *(.rela.iplt)

.relr.dyn
 *(.relr.dyn)
                0x0000000000002000                . = ALIGN (CONSTANT (MAXPAGESIZE))

.init           0x0000000000002000       0x1b
 *(SORT_NONE(.init))
 .init          0x0000000000002000       0x16 /usr/lib/gcc/x86_64-linux-gnu/11/../../../x86_64-linux-gnu/crti.o
                0x0000000000002000                _init
 .init          0x0000000000002016        0x5 /usr/lib/gcc/x86_64-linux-gnu/11/../../../x86_64-linux-gnu/crtn.o

.plt            0x0000000000002020      0x3c0
 *(.plt)
 .plt           0x0000000000002020      0x3c0 /usr/lib/gcc/x86_64-linux-gnu/11/../../../x86_64-linux-gnu/Scrt1.o
 *(.iplt)

.plt.got        0x00000000000023e0       0x10
 *(.plt.got)
 .plt.got       0x00000000000023e0       0x10 /usr/lib/gcc/x86_64-linux-gnu/11/../../../x86_64-linux-gnu/Scrt1.o
                0x00000000000023e0                __cxa_finalize@@GLIBC_2.2.5

.plt.sec        0x00000000000023f0      0x3b0
 *(.plt.sec)
 .plt.sec       0x00000000000023f0      0x3b0 /usr/lib/gcc/x86_64-linux-gnu/11/../../../x86_64-linux-gnu/Scrt1.o
                0x00000000000023f0                ftell@@GLIBC_2.2.5
                0x0000000000002400                PQresultStatus
                0x0000000000002410                PQgetvalue
                0x0000000000002420                __errno_location@@GLIBC_2.2.5
                0x0000000000002430                printf@@GLIBC_2.2.5
                0x0000000000002440                PQclear
                0x0000000000002450                htons@@GLIBC_2.2.5
                0x0000000000002460                sendto@@GLIBC_2.2.5
                0x0000000000002470                rewind@@GLIBC_2.2.5
                0x0000000000002480                bind@@GLIBC_2.2.5
                0x0000000000002490                socket@@GLIBC_2.2.5
                0x00000000000024a0                strlen@@GLIBC_2.2.5
                0x00000000000024b0                PQexec
                0x00000000000024c0                inet_ntoa@@GLIBC_2.2.5
                0x00000000000024d0                memcmp@@GLIBC_2.2.5
                0x00000000000024e0                mkdir@@GLIBC_2.2.5
                0x00000000000024f0                strncpy@@GLIBC_2.2.5
                0x0000000000002500                memset@@GLIBC_2.2.5
                0x0000000000002510                fcntl@@GLIBC_2.2.5
                0x0000000000002520                rename@@GLIBC_2.2.5
                0x0000000000002530                clock@@GLIBC_2.2.5
                0x0000000000002540                PQgetisnull
                0x0000000000002550                localtime@@GLIBC_2.2.5
                0x0000000000002560                sleep@@GLIBC_2.2.5
                0x0000000000002570                recvfrom@@GLIBC_2.2.5
                0x0000000000002580                PQerrorMessage
                0x0000000000002590                atoll@@GLIBC_2.2.5
                0x00000000000025a0                strftime@@GLIBC_2.2.5
                0x00000000000025b0                memcpy@@GLIBC_2.14
                0x00000000000025c0                perror@@GLIBC_2.2.5
                0x00000000000025d0                stat@@GLIBC_2.33
                0x00000000000025e0                time@@GLIBC_2.2.5
                0x00000000000025f0                strcpy@@GLIBC_2.2.5
                0x0000000000002600                fclose@@GLIBC_2.2.5
                0x0000000000002610                inet_ntop@@GLIBC_2.2.5
                0x0000000000002620                PQexecParams
                0x0000000000002630                fseek@@GLIBC_2.2.5
                0x0000000000002640                __stack_chk_fail@@GLIBC_2.4
                0x0000000000002650                PQconnectdb
                0x0000000000002660                fopen@@GLIBC_2.2.5
                0x0000000000002670                signal@@GLIBC_2.2.5
                0x0000000000002680                exit@@GLIBC_2.2.5
                0x0000000000002690                PQstatus
                0x00000000000026a0                atof@@GLIBC_2.2.5
                0x00000000000026b0                PQntuples
                0x00000000000026c0                vfprintf@@GLIBC_2.2.5
                0x00000000000026d0                strcmp@@GLIBC_2.2.5
                0x00000000000026e0                fprintf@@GLIBC_2.2.5
                0x00000000000026f0                fread@@GLIBC_2.2.5
                0x0000000000002700                puts@@GLIBC_2.2.5
                0x0000000000002710                atoi@@GLIBC_2.2.5
                0x0000000000002720                snprintf@@GLIBC_2.2.5
                0x0000000000002730                PQfinish
                0x0000000000002740                ntohs@@GLIBC_2.2.5
                0x0000000000002750                inet_pton@@GLIBC_2.2.5
                0x0000000000002760                PQcmdTuples
                0x0000000000002770                fwrite@@GLIBC_2.2.5
                0x0000000000002780                close@@GLIBC_2.2.5
                0x0000000000002790                PQnfields

.text           0x00000000000027a0     0x9659
 *(.text.unlikely .text.*_unlikely .text.unlikely.*)
 *(.text.exit .text.exit.*)
 *(.text.startup .text.startup.*)
 *(.text.hot .text.hot.*)
 *(SORT_BY_NAME(.text.sorted.*))
 *(.text .stub .text.* .gnu.linkonce.t.*)
 .text          0x00000000000027a0       0x26 /usr/lib/gcc/x86_64-linux-gnu/11/../../../x86_64-linux-gnu/Scrt1.o
                0x00000000000027a0                _start
 .text          0x00000000000027c6        0x0 /usr/lib/gcc/x86_64-linux-gnu/11/../../../x86_64-linux-gnu/crti.o
 *fill*         0x00000000000027c6        0xa 
 .text          0x00000000000027d0       0xb9 /usr/lib/gcc/x86_64-linux-gnu/11/crtbeginS.o
 .text          0x0000000000002889     0x2225 /tmp/ccVhjcVz.o
                0x0000000000002889                _GetTimer1ms
                0x00000000000028bc                sigintHandler
                0x00000000000028f1                _initlog
                0x000000000000294f                _log
                0x0000000000002aef                printIPAddress
                0x0000000000002bce                _Look4BTxFree
                0x0000000000002cea                _Look4BTxPos
                0x0000000000002d79                _Look4BTxRelease
                0x0000000000002de9                _InitRCServer
                0x0000000000003035                _Send2EQ
                0x0000000000003099                _ProcIDLE
                0x00000000000030a4                _ProcRx
                0x000000000000475f                _ProcTxVFileTimeout
                0x000000000000484d                _Proc10msFuncs
                0x00000000000048ed                main
 .text          0x0000000000004aae      0x232 /tmp/ccJICEaL.o
                0x0000000000004aae                CalcCrc16
                0x0000000000004c4e                crc_ccitt
 .text          0x0000000000004ce0      0xfcb /tmp/ccbcCCM5.o
                0x0000000000004ce0                _strcpyln
                0x0000000000004d60                _InitStoreFiles
                0x0000000000004d84                _Look4Free
                0x0000000000004dfa                _Look4Pos
                0x0000000000004e6e                _Look4Release
                0x0000000000004ec7                _ProcStFilesTimeout
                0x0000000000004fd6                _CreateFolder
                0x00000000000050d1                _StoreFile
 .text          0x0000000000005cab      0x3e2 /tmp/cctoqIZG.o
                0x0000000000005cab                Hex2Bin
                0x0000000000005e3d                _Init_dbread
                0x0000000000005e6a                _dbread_bulk
                0x0000000000005e97                _Stfind_Eqid
                0x0000000000005f32                _Stfind_Hubid
                0x0000000000005fcd                _Findtargetfolder
                0x000000000000600d                _CheckEq
                0x000000000000604d                _CheckHubId
 .text          0x000000000000608d      0x18c /tmp/ccXLsApZ.o
                0x000000000000608d                _EncriptDecript
                0x00000000000061a9                strcopys
 .text          0x0000000000006219      0x46a /tmp/ccFTEe59.o
                0x0000000000006219                init_loop2app
                0x0000000000006353                udp_receive
                0x00000000000064b9                udp_send
                0x00000000000065cd                test_loop
 .text          0x0000000000006683      0x750 /tmp/ccsxDcQK.o
                0x00000000000068e5                _GetTotBinFrames
                0x0000000000006907                _LoadNetHubBin
                0x0000000000006c78                _GetNetHubFileInfo
                0x0000000000006c9b                _Create_Hub
                0x0000000000006d67                _Find_Hub
 .text          0x0000000000006dd3     0x1519 /tmp/ccd9Bnwy.o
                0x0000000000006dd3                _dbread_devstate_size
                0x0000000000006e1c                _Stfind_Devstate
                0x0000000000006eb4                _Stfind_Devstate_ByZone
                0x0000000000006f2b                _dbread_table_devstate
                0x0000000000007a3e                _dbwrite_devstate
                0x0000000000007f33                _dbcheck_devstate
                0x00000000000082b8                _InitDb_devstate
 .text          0x00000000000082ec     0x1079 /tmp/ccuApLLO.o
                0x00000000000082ec                _DbDeviceEventTypeToString
                0x0000000000008370                _DbDeviceEventSeverityToString
                0x00000000000083cc                _DbDeviceEventTypeFromString
                0x0000000000008508                _DbDeviceEventSeverityFromString
                0x00000000000085b4                _dbread_deviceevent
                0x0000000000008e0c                _dbinsert_deviceevent
 .text          0x0000000000009365      0x368 /tmp/cc99xjBZ.o
                0x0000000000009365                _dbread_db_version
 .text          0x00000000000096cd      0xf07 /tmp/ccWnVgua.o
                0x00000000000096cd                _dbalarm_type_from_string
                0x00000000000097c1                _dbalarm_type_to_string
                0x0000000000009835                _dbalarm_severity_from_string
                0x00000000000098e1                _dbalarm_severity_to_string
                0x000000000000993f                _dbread_alarm
                0x000000000000a1be                _dbinsert_alarm
 .text          0x000000000000a5d4     0x1825 /tmp/ccH5ON8j.o
                0x000000000000a5d4                _dbread_devices_size
                0x000000000000a62e                _Stfind_Devices
                0x000000000000a6fd                _Stfind_Devices_ByEqid
                0x000000000000a7d4                _Stfind_Devices_ByZone
                0x000000000000a882                _dbread_table_devices
                0x000000000000ba0f                _dbcheck_devices
                0x000000000000bdac                _InitDb_devices
 .text          0x000000000000bdf9        0x0 /usr/lib/gcc/x86_64-linux-gnu/11/crtendS.o
 .text          0x000000000000bdf9        0x0 /usr/lib/gcc/x86_64-linux-gnu/11/../../../x86_64-linux-gnu/crtn.o
 *(.gnu.warning)

.fini           0x000000000000bdfc        0xd
 *(SORT_NONE(.fini))
 .fini          0x000000000000bdfc        0x8 /usr/lib/gcc/x86_64-linux-gnu/11/../../../x86_64-linux-gnu/crti.o
                0x000000000000bdfc                _fini
 .fini          0x000000000000be04        0x5 /usr/lib/gcc/x86_64-linux-gnu/11/../../../x86_64-linux-gnu/crtn.o
                [!provide]                        PROVIDE (__etext = .)
                [!provide]                        PROVIDE (_etext = .)
                [!provide]                        PROVIDE (etext = .)
                0x000000000000c000                . = ALIGN (CONSTANT (MAXPAGESIZE))
                0x000000000000c000                . = SEGMENT_START ("rodata-segment", (ALIGN (CONSTANT (MAXPAGESIZE)) + (. & (CONSTANT (MAXPAGESIZE) - 0x1))))

.rodata         0x000000000000c000     0x2bfa
 *(.rodata .rodata.* .gnu.linkonce.r.*)
 .rodata.cst4   0x000000000000c000        0x4 /usr/lib/gcc/x86_64-linux-gnu/11/../../../x86_64-linux-gnu/Scrt1.o
                0x000000000000c000                _IO_stdin_used
 *fill*         0x000000000000c004        0x4 
 .rodata        0x000000000000c008      0xbd4 /tmp/ccVhjcVz.o
 *fill*         0x000000000000cbdc        0x4 
 .rodata        0x000000000000cbe0      0x222 /tmp/ccJICEaL.o
 *fill*         0x000000000000ce02        0x6 
 .rodata        0x000000000000ce08      0x213 /tmp/ccbcCCM5.o
 *fill*         0x000000000000d01b        0x5 
 .rodata        0x000000000000d020       0x28 /tmp/cctoqIZG.o
 .rodata        0x000000000000d048       0x8f /tmp/ccXLsApZ.o
 *fill*         0x000000000000d0d7        0x1 
 .rodata        0x000000000000d0d8       0xbb /tmp/ccFTEe59.o
 *fill*         0x000000000000d193        0x5 
 .rodata        0x000000000000d198      0x1a1 /tmp/ccsxDcQK.o
 *fill*         0x000000000000d339        0x7 
 .rodata        0x000000000000d340      0x69b /tmp/ccd9Bnwy.o
 *fill*         0x000000000000d9db        0x5 
 .rodata        0x000000000000d9e0      0x608 /tmp/ccuApLLO.o
 .rodata        0x000000000000dfe8      0x180 /tmp/cc99xjBZ.o
 .rodata        0x000000000000e168      0x523 /tmp/ccWnVgua.o
 *fill*         0x000000000000e68b        0x5 
 .rodata        0x000000000000e690      0x56a /tmp/ccH5ON8j.o

.rodata1
 *(.rodata1)

.eh_frame_hdr   0x000000000000ebfc      0x27c
 *(.eh_frame_hdr)
 .eh_frame_hdr  0x000000000000ebfc      0x27c /usr/lib/gcc/x86_64-linux-gnu/11/../../../x86_64-linux-gnu/Scrt1.o
                0x000000000000ebfc                __GNU_EH_FRAME_HDR
 *(.eh_frame_entry .eh_frame_entry.*)

.eh_frame       0x000000000000ee78      0x9d4
 *(.eh_frame)
 .eh_frame      0x000000000000ee78       0x30 /usr/lib/gcc/x86_64-linux-gnu/11/../../../x86_64-linux-gnu/Scrt1.o
                                         0x2c (size before relaxing)
 *fill*         0x000000000000eea8        0x0 
 .eh_frame      0x000000000000eea8       0x28 /usr/lib/gcc/x86_64-linux-gnu/11/../../../x86_64-linux-gnu/Scrt1.o
                                         0x40 (size before relaxing)
 .eh_frame      0x000000000000eed0       0x18 /usr/lib/gcc/x86_64-linux-gnu/11/../../../x86_64-linux-gnu/Scrt1.o
                                         0x30 (size before relaxing)
 .eh_frame      0x000000000000eee8       0x18 /usr/lib/gcc/x86_64-linux-gnu/11/../../../x86_64-linux-gnu/Scrt1.o
                                         0x30 (size before relaxing)
 .eh_frame      0x000000000000ef00      0x1e0 /tmp/ccVhjcVz.o
                                        0x1f8 (size before relaxing)
 .eh_frame      0x000000000000f0e0       0x40 /tmp/ccJICEaL.o
                                         0x58 (size before relaxing)
 .eh_frame      0x000000000000f120      0x108 /tmp/ccbcCCM5.o
                                        0x120 (size before relaxing)
 .eh_frame      0x000000000000f228      0x100 /tmp/cctoqIZG.o
                                        0x118 (size before relaxing)
 .eh_frame      0x000000000000f328       0x40 /tmp/ccXLsApZ.o
                                         0x58 (size before relaxing)
 .eh_frame      0x000000000000f368       0x80 /tmp/ccFTEe59.o
                                         0x98 (size before relaxing)
 .eh_frame      0x000000000000f3e8      0x100 /tmp/ccsxDcQK.o
                                        0x118 (size before relaxing)
 .eh_frame      0x000000000000f4e8       0xe0 /tmp/ccd9Bnwy.o
                                         0xf8 (size before relaxing)
 .eh_frame      0x000000000000f5c8       0xc0 /tmp/ccuApLLO.o
                                         0xd8 (size before relaxing)
 .eh_frame      0x000000000000f688       0x20 /tmp/cc99xjBZ.o
                                         0x38 (size before relaxing)
 .eh_frame      0x000000000000f6a8       0xc0 /tmp/ccWnVgua.o
                                         0xd8 (size before relaxing)
 .eh_frame      0x000000000000f768       0xe0 /tmp/ccH5ON8j.o
                                         0xf8 (size before relaxing)
 .eh_frame      0x000000000000f848        0x4 /usr/lib/gcc/x86_64-linux-gnu/11/crtendS.o
 *(.eh_frame.*)

.gcc_except_table
 *(.gcc_except_table .gcc_except_table.*)

.gnu_extab
 *(.gnu_extab*)

.exception_ranges
 *(.exception_ranges*)
                0x0000000000010bd8                . = DATA_SEGMENT_ALIGN (CONSTANT (MAXPAGESIZE), CONSTANT (COMMONPAGESIZE))

.eh_frame
 *(.eh_frame)
 *(.eh_frame.*)

.gnu_extab
 *(.gnu_extab)

.gcc_except_table
 *(.gcc_except_table .gcc_except_table.*)

.exception_ranges
 *(.exception_ranges*)

.tdata          0x0000000000010bd8        0x0
                [!provide]                        PROVIDE (__tdata_start = .)
 *(.tdata .tdata.* .gnu.linkonce.td.*)

.tbss
 *(.tbss .tbss.* .gnu.linkonce.tb.*)
 *(.tcommon)

.preinit_array  0x0000000000010bd8        0x0
                [!provide]                        PROVIDE (__preinit_array_start = .)
 *(.preinit_array)
                [!provide]                        PROVIDE (__preinit_array_end = .)

.init_array     0x0000000000010bd8        0x8
                [!provide]                        PROVIDE (__init_array_start = .)
 *(SORT_BY_INIT_PRIORITY(.init_array.*) SORT_BY_INIT_PRIORITY(.ctors.*))
 *(.init_array EXCLUDE_FILE(*crtend?.o *crtend.o *crtbegin?.o *crtbegin.o) .ctors)
 .init_array    0x0000000000010bd8        0x8 /usr/lib/gcc/x86_64-linux-gnu/11/crtbeginS.o
                [!provide]                        PROVIDE (__init_array_end = .)

.fini_array     0x0000000000010be0        0x8
                [!provide]                        PROVIDE (__fini_array_start = .)
 *(SORT_BY_INIT_PRIORITY(.fini_array.*) SORT_BY_INIT_PRIORITY(.dtors.*))
 *(.fini_array EXCLUDE_FILE(*crtend?.o *crtend.o *crtbegin?.o *crtbegin.o) .dtors)
 .fini_array    0x0000000000010be0        0x8 /usr/lib/gcc/x86_64-linux-gnu/11/crtbeginS.o
                [!provide]                        PROVIDE (__fini_array_end = .)

.ctors
 *crtbegin.o(.ctors)
 *crtbegin?.o(.ctors)
 *(EXCLUDE_FILE(*crtend?.o *crtend.o) .ctors)
 *(SORT_BY_NAME(.ctors.*))
 *(.ctors)

.dtors
 *crtbegin.o(.dtors)
 *crtbegin?.o(.dtors)
 *(EXCLUDE_FILE(*crtend?.o *crtend.o) .dtors)
 *(SORT_BY_NAME(.dtors.*))
 *(.dtors)

.jcr
 *(.jcr)

.data.rel.ro    0x0000000000010be8        0x0
 *(.data.rel.ro.local* .gnu.linkonce.d.rel.ro.local.*)
 *(.data.rel.ro .data.rel.ro.* .gnu.linkonce.d.rel.ro.*)
 .data.rel.ro   0x0000000000010be8        0x0 /usr/lib/gcc/x86_64-linux-gnu/11/../../../x86_64-linux-gnu/Scrt1.o

.dynamic        0x0000000000010be8      0x200
 *(.dynamic)
 .dynamic       0x0000000000010be8      0x200 /usr/lib/gcc/x86_64-linux-gnu/11/../../../x86_64-linux-gnu/Scrt1.o
                0x0000000000010be8                _DYNAMIC

.got            0x0000000000010de8      0x218
 *(.got.plt)
 .got.plt       0x0000000000010de8      0x1f0 /usr/lib/gcc/x86_64-linux-gnu/11/../../../x86_64-linux-gnu/Scrt1.o
                0x0000000000010de8                _GLOBAL_OFFSET_TABLE_
 *(.igot.plt)
 *(.got)
 .got           0x0000000000010fd8       0x28 /usr/lib/gcc/x86_64-linux-gnu/11/../../../x86_64-linux-gnu/Scrt1.o
 *(.igot)
                0x0000000000011000                . = DATA_SEGMENT_RELRO_END (., 0x0)

.data           0x0000000000011000       0x10
 *(.data .data.* .gnu.linkonce.d.*)
 .data          0x0000000000011000        0x4 /usr/lib/gcc/x86_64-linux-gnu/11/../../../x86_64-linux-gnu/Scrt1.o
                0x0000000000011000                data_start
                0x0000000000011000                __data_start
 .data          0x0000000000011004        0x0 /usr/lib/gcc/x86_64-linux-gnu/11/../../../x86_64-linux-gnu/crti.o
 .data          0x0000000000011004        0x0 /usr/lib/gcc/x86_64-linux-gnu/11/crtbeginS.o
 *fill*         0x0000000000011004        0x4 
 .data.rel.local
                0x0000000000011008        0x8 /usr/lib/gcc/x86_64-linux-gnu/11/crtbeginS.o
                0x0000000000011008                __dso_handle
 .data          0x0000000000011010        0x0 /tmp/ccVhjcVz.o
 .data          0x0000000000011010        0x0 /tmp/ccJICEaL.o
 .data          0x0000000000011010        0x0 /tmp/ccbcCCM5.o
 .data          0x0000000000011010        0x0 /tmp/cctoqIZG.o
 .data          0x0000000000011010        0x0 /tmp/ccXLsApZ.o
 .data          0x0000000000011010        0x0 /tmp/ccFTEe59.o
 .data          0x0000000000011010        0x0 /tmp/ccsxDcQK.o
 .data          0x0000000000011010        0x0 /tmp/ccd9Bnwy.o
 .data          0x0000000000011010        0x0 /tmp/ccuApLLO.o
 .data          0x0000000000011010        0x0 /tmp/cc99xjBZ.o
 .data          0x0000000000011010        0x0 /tmp/ccWnVgua.o
 .data          0x0000000000011010        0x0 /tmp/ccH5ON8j.o
 .data          0x0000000000011010        0x0 /usr/lib/gcc/x86_64-linux-gnu/11/crtendS.o
 .data          0x0000000000011010        0x0 /usr/lib/gcc/x86_64-linux-gnu/11/../../../x86_64-linux-gnu/crtn.o

.tm_clone_table
                0x0000000000011010        0x0
 .tm_clone_table
                0x0000000000011010        0x0 /usr/lib/gcc/x86_64-linux-gnu/11/crtbeginS.o
 .tm_clone_table
                0x0000000000011010        0x0 /usr/lib/gcc/x86_64-linux-gnu/11/crtendS.o

.data1
 *(.data1)
                0x0000000000011010                _edata = .
                [!provide]                        PROVIDE (edata = .)
                0x0000000000011010                . = .
                0x0000000000011010                __bss_start = .

.bss            0x0000000000011020   0xb04f08
 *(.dynbss)
 .dynbss        0x0000000000011020        0x8 /usr/lib/gcc/x86_64-linux-gnu/11/../../../x86_64-linux-gnu/Scrt1.o
                0x0000000000011020                stderr@@GLIBC_2.2.5
 *(.bss .bss.* .gnu.linkonce.b.*)
 .bss           0x0000000000011028        0x0 /usr/lib/gcc/x86_64-linux-gnu/11/../../../x86_64-linux-gnu/Scrt1.o
 .bss           0x0000000000011028        0x0 /usr/lib/gcc/x86_64-linux-gnu/11/../../../x86_64-linux-gnu/crti.o
 .bss           0x0000000000011028        0x1 /usr/lib/gcc/x86_64-linux-gnu/11/crtbeginS.o
 *fill*         0x0000000000011029       0x17 
 .bss           0x0000000000011040   0x13c781 /tmp/ccVhjcVz.o
                0x0000000000011040                sockfd
                0x0000000000011044                RCServer
                0x0000000000011050                servaddr
                0x0000000000011060                cliaddr
 *fill*         0x000000000014d7c1        0x3 
 .bss           0x000000000014d7c4        0x4 /tmp/ccJICEaL.o
 *fill*         0x000000000014d7c8       0x18 
 .bss           0x000000000014d7e0     0x7081 /tmp/ccbcCCM5.o
                0x000000000014d7e0                _StoreV
 *fill*         0x0000000000154861       0x1f 
 .bss           0x0000000000154880   0x111700 /tmp/cctoqIZG.o
                0x0000000000154880                T_sector
 .bss           0x0000000000265f80        0x0 /tmp/ccXLsApZ.o
 .bss           0x0000000000265f80      0x420 /tmp/ccFTEe59.o
 .bss           0x00000000002663a0    0x10aa0 /tmp/ccsxDcQK.o
 .bss           0x0000000000276e40   0x4a76a4 /tmp/ccd9Bnwy.o
                0x0000000000276e40                T_devstate
                0x000000000071e4c0                devstate_info
 .bss           0x000000000071e4e4        0x0 /tmp/ccuApLLO.o
 .bss           0x000000000071e4e4        0x0 /tmp/cc99xjBZ.o
 .bss           0x000000000071e4e4        0x0 /tmp/ccWnVgua.o
 *fill*         0x000000000071e4e4       0x1c 
 .bss           0x000000000071e500   0x3f7a24 /tmp/ccH5ON8j.o
                0x000000000071e500                T_devices
                0x0000000000b15f00                devices_info
 .bss           0x0000000000b15f24        0x0 /usr/lib/gcc/x86_64-linux-gnu/11/crtendS.o
 .bss           0x0000000000b15f24        0x0 /usr/lib/gcc/x86_64-linux-gnu/11/../../../x86_64-linux-gnu/crtn.o
 *(COMMON)
                0x0000000000b15f28                . = ALIGN ((. != 0x0)?0x8:0x1)
 *fill*         0x0000000000b15f24        0x4 

.lbss
 *(.dynlbss)
 *(.lbss .lbss.* .gnu.linkonce.lb.*)
 *(LARGE_COMMON)
                0x0000000000b15f28                . = ALIGN (0x8)
                0x0000000000b15f28                . = SEGMENT_START ("ldata-segment", .)

.lrodata
 *(.lrodata .lrodata.* .gnu.linkonce.lr.*)

.ldata          0x0000000000b17f28        0x0
 *(.ldata .ldata.* .gnu.linkonce.l.*)
                0x0000000000b17f28                . = ALIGN ((. != 0x0)?0x8:0x1)
                0x0000000000b17f28                . = ALIGN (0x8)
                0x0000000000b15f28                _end = .
                [!provide]                        PROVIDE (end = .)
                0x0000000000b17f28                . = DATA_SEGMENT_END (.)

.stab
 *(.stab)

.stabstr
 *(.stabstr)

.stab.excl
 *(.stab.excl)

.stab.exclstr
 *(.stab.exclstr)

.stab.index
 *(.stab.index)

.stab.indexstr
 *(.stab.indexstr)

.comment        0x0000000000000000       0x2d
 *(.comment)
 .comment       0x0000000000000000       0x2d /usr/lib/gcc/x86_64-linux-gnu/11/crtbeginS.o
                                         0x2e (size before relaxing)
 .comment       0x000000000000002d       0x2e /tmp/ccVhjcVz.o
 .comment       0x000000000000002d       0x2e /tmp/ccJICEaL.o
 .comment       0x000000000000002d       0x2e /tmp/ccbcCCM5.o
 .comment       0x000000000000002d       0x2e /tmp/cctoqIZG.o
 .comment       0x000000000000002d       0x2e /tmp/ccXLsApZ.o
 .comment       0x000000000000002d       0x2e /tmp/ccFTEe59.o
 .comment       0x000000000000002d       0x2e /tmp/ccsxDcQK.o
 .comment       0x000000000000002d       0x2e /tmp/ccd9Bnwy.o
 .comment       0x000000000000002d       0x2e /tmp/ccuApLLO.o
 .comment       0x000000000000002d       0x2e /tmp/cc99xjBZ.o
 .comment       0x000000000000002d       0x2e /tmp/ccWnVgua.o
 .comment       0x000000000000002d       0x2e /tmp/ccH5ON8j.o
 .comment       0x000000000000002d       0x2e /usr/lib/gcc/x86_64-linux-gnu/11/crtendS.o

.gnu.build.attributes
 *(.gnu.build.attributes .gnu.build.attributes.*)

.debug
 *(.debug)

.line
 *(.line)

.debug_srcinfo
 *(.debug_srcinfo)

.debug_sfnames
 *(.debug_sfnames)

.debug_aranges  0x0000000000000000      0x240
 *(.debug_aranges)
 .debug_aranges
                0x0000000000000000       0x30 /tmp/ccVhjcVz.o
 .debug_aranges
                0x0000000000000030       0x30 /tmp/ccJICEaL.o
 .debug_aranges
                0x0000000000000060       0x30 /tmp/ccbcCCM5.o
 .debug_aranges
                0x0000000000000090       0x30 /tmp/cctoqIZG.o
 .debug_aranges
                0x00000000000000c0       0x30 /tmp/ccXLsApZ.o
 .debug_aranges
                0x00000000000000f0       0x30 /tmp/ccFTEe59.o
 .debug_aranges
                0x0000000000000120       0x30 /tmp/ccsxDcQK.o
 .debug_aranges
                0x0000000000000150       0x30 /tmp/ccd9Bnwy.o
 .debug_aranges
                0x0000000000000180       0x30 /tmp/ccuApLLO.o
 .debug_aranges
                0x00000000000001b0       0x30 /tmp/cc99xjBZ.o
 .debug_aranges
                0x00000000000001e0       0x30 /tmp/ccWnVgua.o
 .debug_aranges
                0x0000000000000210       0x30 /tmp/ccH5ON8j.o

.debug_pubnames
 *(.debug_pubnames)

.debug_info     0x0000000000000000     0x7a34
 *(.debug_info .gnu.linkonce.wi.*)
 .debug_info    0x0000000000000000     0x1c0f /tmp/ccVhjcVz.o
 .debug_info    0x0000000000001c0f      0x217 /tmp/ccJICEaL.o
 .debug_info    0x0000000000001e26      0xc22 /tmp/ccbcCCM5.o
 .debug_info    0x0000000000002a48      0x8b1 /tmp/cctoqIZG.o
 .debug_info    0x00000000000032f9      0x181 /tmp/ccXLsApZ.o
 .debug_info    0x000000000000347a      0x746 /tmp/ccFTEe59.o
 .debug_info    0x0000000000003bc0      0xa75 /tmp/ccsxDcQK.o
 .debug_info    0x0000000000004635      0xcb1 /tmp/ccd9Bnwy.o
 .debug_info    0x00000000000052e6      0xa97 /tmp/ccuApLLO.o
 .debug_info    0x0000000000005d7d      0x67b /tmp/cc99xjBZ.o
 .debug_info    0x00000000000063f8      0xa62 /tmp/ccWnVgua.o
 .debug_info    0x0000000000006e5a      0xbda /tmp/ccH5ON8j.o

.debug_abbrev   0x0000000000000000     0x1b70
 *(.debug_abbrev)
 .debug_abbrev  0x0000000000000000      0x44c /tmp/ccVhjcVz.o
 .debug_abbrev  0x000000000000044c      0x119 /tmp/ccJICEaL.o
 .debug_abbrev  0x0000000000000565      0x268 /tmp/ccbcCCM5.o
 .debug_abbrev  0x00000000000007cd      0x251 /tmp/cctoqIZG.o
 .debug_abbrev  0x0000000000000a1e       0xe5 /tmp/ccXLsApZ.o
 .debug_abbrev  0x0000000000000b03      0x21c /tmp/ccFTEe59.o
 .debug_abbrev  0x0000000000000d1f      0x2b3 /tmp/ccsxDcQK.o
 .debug_abbrev  0x0000000000000fd2      0x2b6 /tmp/ccd9Bnwy.o
 .debug_abbrev  0x0000000000001288      0x252 /tmp/ccuApLLO.o
 .debug_abbrev  0x00000000000014da      0x194 /tmp/cc99xjBZ.o
 .debug_abbrev  0x000000000000166e      0x25d /tmp/ccWnVgua.o
 .debug_abbrev  0x00000000000018cb      0x2a5 /tmp/ccH5ON8j.o

.debug_line     0x0000000000000000     0x2b90
 *(.debug_line .debug_line.* .debug_line_end)
 .debug_line    0x0000000000000000      0xa11 /tmp/ccVhjcVz.o
 .debug_line    0x0000000000000a11      0x133 /tmp/ccJICEaL.o
 .debug_line    0x0000000000000b44      0x455 /tmp/ccbcCCM5.o
 .debug_line    0x0000000000000f99      0x1b7 /tmp/cctoqIZG.o
 .debug_line    0x0000000000001150      0x100 /tmp/ccXLsApZ.o
 .debug_line    0x0000000000001250      0x1c8 /tmp/ccFTEe59.o
 .debug_line    0x0000000000001418      0x2ea /tmp/ccsxDcQK.o
 .debug_line    0x0000000000001702      0x55b /tmp/ccd9Bnwy.o
 .debug_line    0x0000000000001c5d      0x3ea /tmp/ccuApLLO.o
 .debug_line    0x0000000000002047      0x134 /tmp/cc99xjBZ.o
 .debug_line    0x000000000000217b      0x46c /tmp/ccWnVgua.o
 .debug_line    0x00000000000025e7      0x5a9 /tmp/ccH5ON8j.o

.debug_frame
 *(.debug_frame)

.debug_str      0x0000000000000000     0x1d23
 *(.debug_str)
 .debug_str     0x0000000000000000      0xd01 /tmp/ccVhjcVz.o
                                        0xe90 (size before relaxing)
 .debug_str     0x0000000000000d01       0x2e /tmp/ccJICEaL.o
                                        0x16d (size before relaxing)
 .debug_str     0x0000000000000d2f      0x307 /tmp/ccbcCCM5.o
                                        0x7db (size before relaxing)
 .debug_str     0x0000000000001036      0x24e /tmp/cctoqIZG.o
                                        0x583 (size before relaxing)
 .debug_str     0x0000000000001284        0x7 /tmp/ccXLsApZ.o
                                        0x143 (size before relaxing)
 .debug_str     0x000000000000128b       0xd1 /tmp/ccFTEe59.o
                                        0x467 (size before relaxing)
 .debug_str     0x000000000000135c       0xe9 /tmp/ccsxDcQK.o
                                        0x57a (size before relaxing)
 .debug_str     0x0000000000001445      0x46a /tmp/ccd9Bnwy.o
                                        0x91c (size before relaxing)
 .debug_str     0x00000000000018af      0x24e /tmp/ccuApLLO.o
                                        0x93d (size before relaxing)
 .debug_str     0x0000000000001afd       0x25 /tmp/cc99xjBZ.o
                                        0x6a0 (size before relaxing)
 .debug_str     0x0000000000001b22      0x1ae /tmp/ccWnVgua.o
                                        0x91a (size before relaxing)
 .debug_str     0x0000000000001cd0       0x53 /tmp/ccH5ON8j.o
                                        0x8ff (size before relaxing)

.debug_loc
 *(.debug_loc)

.debug_macinfo
 *(.debug_macinfo)

.debug_weaknames
 *(.debug_weaknames)

.debug_funcnames
 *(.debug_funcnames)

.debug_typenames
 *(.debug_typenames)

.debug_varnames
 *(.debug_varnames)

.debug_pubtypes
 *(.debug_pubtypes)

.debug_ranges
 *(.debug_ranges)

.debug_addr
 *(.debug_addr)

.debug_line_str
                0x0000000000000000      0x31d
 *(.debug_line_str)
 .debug_line_str
                0x0000000000000000      0x1fe /tmp/ccVhjcVz.o
                                        0x250 (size before relaxing)
 .debug_line_str
                0x00000000000001fe        0x6 /tmp/ccJICEaL.o
                                         0xe1 (size before relaxing)
 .debug_line_str
                0x0000000000000204       0x34 /tmp/ccbcCCM5.o
                                        0x1b3 (size before relaxing)
 .debug_line_str
                0x0000000000000238        0x5 /tmp/cctoqIZG.o
                                        0x112 (size before relaxing)
 .debug_line_str
                0x000000000000023d        0x7 /tmp/ccXLsApZ.o
                                         0x78 (size before relaxing)
 .debug_line_str
                0x0000000000000244       0x26 /tmp/ccFTEe59.o
                                        0x1b1 (size before relaxing)
 .debug_line_str
                0x000000000000026a        0xc /tmp/ccsxDcQK.o
                                        0x151 (size before relaxing)
 .debug_line_str
                0x0000000000000276       0x4e /tmp/ccd9Bnwy.o
                                        0x198 (size before relaxing)
 .debug_line_str
                0x00000000000002c4       0x1c /tmp/ccuApLLO.o
                                        0x198 (size before relaxing)
 .debug_line_str
                0x00000000000002e0       0x1a /tmp/cc99xjBZ.o
                                        0x177 (size before relaxing)
 .debug_line_str
                0x00000000000002fa       0x16 /tmp/ccWnVgua.o
                                        0x1a9 (size before relaxing)
 .debug_line_str
                0x0000000000000310        0xd /tmp/ccH5ON8j.o
                                        0x185 (size before relaxing)

.debug_loclists
 *(.debug_loclists)

.debug_macro
 *(.debug_macro)

.debug_names
 *(.debug_names)

.debug_rnglists
                0x0000000000000000       0x3d
 *(.debug_rnglists)
 .debug_rnglists
                0x0000000000000000       0x3d /tmp/ccVhjcVz.o

.debug_str_offsets
 *(.debug_str_offsets)

.debug_sup
 *(.debug_sup)

.gnu.attributes
 *(.gnu.attributes)

/DISCARD/
 *(.note.GNU-stack)
 *(.gnu_debuglink)
 *(.gnu.lto_*)
OUTPUT(rcserver elf64-x86-64)
