
Merging program properties


As-needed library included to satisfy reference by file (symbol)

libpq.so.5                    /tmp/ccFTkGjn.o (PQstatus)
libc.so.6                     /tmp/ccr1zvAE.o (clock@@GLIBC_2.2.5)

Discarded input sections

 .note.GNU-stack
                0x0000000000000000        0x0 /usr/lib/gcc/x86_64-linux-gnu/11/../../../x86_64-linux-gnu/Scrt1.o
 .note.gnu.property
                0x0000000000000000       0x20 /usr/lib/gcc/x86_64-linux-gnu/11/../../../x86_64-linux-gnu/crti.o
 .note.GNU-stack
                0x0000000000000000        0x0 /usr/lib/gcc/x86_64-linux-gnu/11/../../../x86_64-linux-gnu/crti.o
 .note.GNU-stack
                0x0000000000000000        0x0 /usr/lib/gcc/x86_64-linux-gnu/11/crtbeginS.o
 .note.gnu.property
                0x0000000000000000       0x20 /usr/lib/gcc/x86_64-linux-gnu/11/crtbeginS.o
 .note.GNU-stack
                0x0000000000000000        0x0 /tmp/ccr1zvAE.o
 .note.gnu.property
                0x0000000000000000       0x20 /tmp/ccr1zvAE.o
 .note.GNU-stack
                0x0000000000000000        0x0 /tmp/ccelG3Mo.o
 .note.gnu.property
                0x0000000000000000       0x20 /tmp/ccelG3Mo.o
 .note.GNU-stack
                0x0000000000000000        0x0 /tmp/ccTxCkj8.o
 .note.gnu.property
                0x0000000000000000       0x20 /tmp/ccTxCkj8.o
 .note.GNU-stack
                0x0000000000000000        0x0 /tmp/ccFTkGjn.o
 .note.gnu.property
                0x0000000000000000       0x20 /tmp/ccFTkGjn.o
 .note.GNU-stack
                0x0000000000000000        0x0 /tmp/ccxCTmQ1.o
 .note.gnu.property
                0x0000000000000000       0x20 /tmp/ccxCTmQ1.o
 .note.GNU-stack
                0x0000000000000000        0x0 /tmp/ccl2MaZl.o
 .note.gnu.property
                0x0000000000000000       0x20 /tmp/ccl2MaZl.o
 .note.GNU-stack
                0x0000000000000000        0x0 /tmp/ccXtbSfa.o
 .note.gnu.property
                0x0000000000000000       0x20 /tmp/ccXtbSfa.o
 .note.GNU-stack
                0x0000000000000000        0x0 /tmp/ccIaBTj0.o
 .note.gnu.property
                0x0000000000000000       0x20 /tmp/ccIaBTj0.o
 .note.GNU-stack
                0x0000000000000000        0x0 /tmp/ccSXVtmq.o
 .note.gnu.property
                0x0000000000000000       0x20 /tmp/ccSXVtmq.o
 .note.GNU-stack
                0x0000000000000000        0x0 /tmp/cc3l5b6M.o
 .note.gnu.property
                0x0000000000000000       0x20 /tmp/cc3l5b6M.o
 .note.GNU-stack
                0x0000000000000000        0x0 /tmp/cc6qzKqa.o
 .note.gnu.property
                0x0000000000000000       0x20 /tmp/cc6qzKqa.o
 .note.GNU-stack
                0x0000000000000000        0x0 /usr/lib/gcc/x86_64-linux-gnu/11/crtendS.o
 .note.gnu.property
                0x0000000000000000       0x20 /usr/lib/gcc/x86_64-linux-gnu/11/crtendS.o
 .note.gnu.property
                0x0000000000000000       0x20 /usr/lib/gcc/x86_64-linux-gnu/11/../../../x86_64-linux-gnu/crtn.o
 .note.GNU-stack
                0x0000000000000000        0x0 /usr/lib/gcc/x86_64-linux-gnu/11/../../../x86_64-linux-gnu/crtn.o

Memory Configuration

Name             Origin             Length             Attributes
*default*        0x0000000000000000 0xffffffffffffffff

Linker script and memory map

LOAD /usr/lib/gcc/x86_64-linux-gnu/11/../../../x86_64-linux-gnu/Scrt1.o
LOAD /usr/lib/gcc/x86_64-linux-gnu/11/../../../x86_64-linux-gnu/crti.o
LOAD /usr/lib/gcc/x86_64-linux-gnu/11/crtbeginS.o
LOAD /tmp/ccr1zvAE.o
LOAD /tmp/ccelG3Mo.o
LOAD /tmp/ccTxCkj8.o
LOAD /tmp/ccFTkGjn.o
LOAD /tmp/ccxCTmQ1.o
LOAD /tmp/ccl2MaZl.o
LOAD /tmp/ccXtbSfa.o
LOAD /tmp/ccIaBTj0.o
LOAD /tmp/ccSXVtmq.o
LOAD /tmp/cc3l5b6M.o
LOAD /tmp/cc6qzKqa.o
LOAD /usr/lib/gcc/x86_64-linux-gnu/11/../../../x86_64-linux-gnu/libpq.so
LOAD /usr/lib/gcc/x86_64-linux-gnu/11/libgcc.a
LOAD /usr/lib/gcc/x86_64-linux-gnu/11/libgcc_s.so
START GROUP
LOAD /usr/lib/gcc/x86_64-linux-gnu/11/../../../x86_64-linux-gnu/libgcc_s.so.1
LOAD /usr/lib/gcc/x86_64-linux-gnu/11/libgcc.a
END GROUP
LOAD /usr/lib/gcc/x86_64-linux-gnu/11/../../../x86_64-linux-gnu/libc.so
START GROUP
LOAD /lib/x86_64-linux-gnu/libc.so.6
LOAD /usr/lib/x86_64-linux-gnu/libc_nonshared.a
LOAD /lib64/ld-linux-x86-64.so.2
END GROUP
LOAD /usr/lib/gcc/x86_64-linux-gnu/11/libgcc.a
LOAD /usr/lib/gcc/x86_64-linux-gnu/11/libgcc_s.so
START GROUP
LOAD /usr/lib/gcc/x86_64-linux-gnu/11/../../../x86_64-linux-gnu/libgcc_s.so.1
LOAD /usr/lib/gcc/x86_64-linux-gnu/11/libgcc.a
END GROUP
LOAD /usr/lib/gcc/x86_64-linux-gnu/11/crtendS.o
LOAD /usr/lib/gcc/x86_64-linux-gnu/11/../../../x86_64-linux-gnu/crtn.o
                [!provide]                        PROVIDE (__executable_start = SEGMENT_START ("text-segment", 0x0))
                0x0000000000000318                . = (SEGMENT_START ("text-segment", 0x0) + SIZEOF_HEADERS)

.interp         0x0000000000000318       0x1c
 *(.interp)
 .interp        0x0000000000000318       0x1c /usr/lib/gcc/x86_64-linux-gnu/11/../../../x86_64-linux-gnu/Scrt1.o

.note.gnu.property
                0x0000000000000338       0x30
 .note.gnu.property
                0x0000000000000338       0x30 /usr/lib/gcc/x86_64-linux-gnu/11/../../../x86_64-linux-gnu/Scrt1.o

.note.gnu.build-id
                0x0000000000000368       0x24
 *(.note.gnu.build-id)
 .note.gnu.build-id
                0x0000000000000368       0x24 /usr/lib/gcc/x86_64-linux-gnu/11/../../../x86_64-linux-gnu/Scrt1.o

.note.ABI-tag   0x000000000000038c       0x20
 .note.ABI-tag  0x000000000000038c       0x20 /usr/lib/gcc/x86_64-linux-gnu/11/../../../x86_64-linux-gnu/Scrt1.o

.hash
 *(.hash)

.gnu.hash       0x00000000000003b0       0x28
 *(.gnu.hash)
 .gnu.hash      0x00000000000003b0       0x28 /usr/lib/gcc/x86_64-linux-gnu/11/../../../x86_64-linux-gnu/Scrt1.o

.dynsym         0x00000000000003d8      0x648
 *(.dynsym)
 .dynsym        0x00000000000003d8      0x648 /usr/lib/gcc/x86_64-linux-gnu/11/../../../x86_64-linux-gnu/Scrt1.o

.dynstr         0x0000000000000a20      0x289
 *(.dynstr)
 .dynstr        0x0000000000000a20      0x289 /usr/lib/gcc/x86_64-linux-gnu/11/../../../x86_64-linux-gnu/Scrt1.o

.gnu.version    0x0000000000000caa       0x86
 *(.gnu.version)
 .gnu.version   0x0000000000000caa       0x86 /usr/lib/gcc/x86_64-linux-gnu/11/../../../x86_64-linux-gnu/Scrt1.o

.gnu.version_d  0x0000000000000d30        0x0
 *(.gnu.version_d)
 .gnu.version_d
                0x0000000000000d30        0x0 /usr/lib/gcc/x86_64-linux-gnu/11/../../../x86_64-linux-gnu/Scrt1.o

.gnu.version_r  0x0000000000000d30       0x60
 *(.gnu.version_r)
 .gnu.version_r
                0x0000000000000d30       0x60 /usr/lib/gcc/x86_64-linux-gnu/11/../../../x86_64-linux-gnu/Scrt1.o

.rela.dyn       0x0000000000000d90      0x408
 *(.rela.init)
 *(.rela.text .rela.text.* .rela.gnu.linkonce.t.*)
 .rela.text     0x0000000000000d90        0x0 /usr/lib/gcc/x86_64-linux-gnu/11/../../../x86_64-linux-gnu/Scrt1.o
 *(.rela.fini)
 *(.rela.rodata .rela.rodata.* .rela.gnu.linkonce.r.*)
 *(.rela.data .rela.data.* .rela.gnu.linkonce.d.*)
 .rela.data.rel.ro
                0x0000000000000d90        0x0 /usr/lib/gcc/x86_64-linux-gnu/11/../../../x86_64-linux-gnu/Scrt1.o
 .rela.data.rel.local
                0x0000000000000d90      0x348 /usr/lib/gcc/x86_64-linux-gnu/11/../../../x86_64-linux-gnu/Scrt1.o
 *(.rela.tdata .rela.tdata.* .rela.gnu.linkonce.td.*)
 *(.rela.tbss .rela.tbss.* .rela.gnu.linkonce.tb.*)
 *(.rela.ctors)
 *(.rela.dtors)
 *(.rela.got)
 .rela.got      0x00000000000010d8       0x78 /usr/lib/gcc/x86_64-linux-gnu/11/../../../x86_64-linux-gnu/Scrt1.o
 *(.rela.bss .rela.bss.* .rela.gnu.linkonce.b.*)
 .rela.bss      0x0000000000001150       0x18 /usr/lib/gcc/x86_64-linux-gnu/11/../../../x86_64-linux-gnu/Scrt1.o
 *(.rela.ldata .rela.ldata.* .rela.gnu.linkonce.l.*)
 *(.rela.lbss .rela.lbss.* .rela.gnu.linkonce.lb.*)
 *(.rela.lrodata .rela.lrodata.* .rela.gnu.linkonce.lr.*)
 *(.rela.ifunc)
 .rela.ifunc    0x0000000000001168        0x0 /usr/lib/gcc/x86_64-linux-gnu/11/../../../x86_64-linux-gnu/Scrt1.o
 .rela.fini_array
                0x0000000000001168       0x18 /usr/lib/gcc/x86_64-linux-gnu/11/../../../x86_64-linux-gnu/Scrt1.o
 .rela.init_array
                0x0000000000001180       0x18 /usr/lib/gcc/x86_64-linux-gnu/11/../../../x86_64-linux-gnu/Scrt1.o

.rela.plt       0x0000000000001198      0x5a0
 *(.rela.plt)
 .rela.plt      0x0000000000001198      0x5a0 /usr/lib/gcc/x86_64-linux-gnu/11/../../../x86_64-linux-gnu/Scrt1.o
 *(.rela.iplt)

.relr.dyn
 *(.relr.dyn)
                0x0000000000002000                . = ALIGN (CONSTANT (MAXPAGESIZE))

.init           0x0000000000002000       0x1b
 *(SORT_NONE(.init))
 .init          0x0000000000002000       0x16 /usr/lib/gcc/x86_64-linux-gnu/11/../../../x86_64-linux-gnu/crti.o
                0x0000000000002000                _init
 .init          0x0000000000002016        0x5 /usr/lib/gcc/x86_64-linux-gnu/11/../../../x86_64-linux-gnu/crtn.o

.plt            0x0000000000002020      0x3d0
 *(.plt)
 .plt           0x0000000000002020      0x3d0 /usr/lib/gcc/x86_64-linux-gnu/11/../../../x86_64-linux-gnu/Scrt1.o
 *(.iplt)

.plt.got        0x00000000000023f0       0x10
 *(.plt.got)
 .plt.got       0x00000000000023f0       0x10 /usr/lib/gcc/x86_64-linux-gnu/11/../../../x86_64-linux-gnu/Scrt1.o
                0x00000000000023f0                __cxa_finalize@@GLIBC_2.2.5

.plt.sec        0x0000000000002400      0x3c0
 *(.plt.sec)
 .plt.sec       0x0000000000002400      0x3c0 /usr/lib/gcc/x86_64-linux-gnu/11/../../../x86_64-linux-gnu/Scrt1.o
                0x0000000000002400                ftell@@GLIBC_2.2.5
                0x0000000000002410                PQresultStatus
                0x0000000000002420                PQgetvalue
                0x0000000000002430                __errno_location@@GLIBC_2.2.5
                0x0000000000002440                printf@@GLIBC_2.2.5
                0x0000000000002450                PQclear
                0x0000000000002460                htons@@GLIBC_2.2.5
                0x0000000000002470                sendto@@GLIBC_2.2.5
                0x0000000000002480                rewind@@GLIBC_2.2.5
                0x0000000000002490                bind@@GLIBC_2.2.5
                0x00000000000024a0                socket@@GLIBC_2.2.5
                0x00000000000024b0                strlen@@GLIBC_2.2.5
                0x00000000000024c0                PQexec
                0x00000000000024d0                inet_ntoa@@GLIBC_2.2.5
                0x00000000000024e0                memcmp@@GLIBC_2.2.5
                0x00000000000024f0                mkdir@@GLIBC_2.2.5
                0x0000000000002500                strncpy@@GLIBC_2.2.5
                0x0000000000002510                memset@@GLIBC_2.2.5
                0x0000000000002520                fcntl@@GLIBC_2.2.5
                0x0000000000002530                rename@@GLIBC_2.2.5
                0x0000000000002540                clock@@GLIBC_2.2.5
                0x0000000000002550                PQgetisnull
                0x0000000000002560                localtime@@GLIBC_2.2.5
                0x0000000000002570                sleep@@GLIBC_2.2.5
                0x0000000000002580                recvfrom@@GLIBC_2.2.5
                0x0000000000002590                PQerrorMessage
                0x00000000000025a0                atoll@@GLIBC_2.2.5
                0x00000000000025b0                strftime@@GLIBC_2.2.5
                0x00000000000025c0                memcpy@@GLIBC_2.14
                0x00000000000025d0                perror@@GLIBC_2.2.5
                0x00000000000025e0                stat@@GLIBC_2.33
                0x00000000000025f0                time@@GLIBC_2.2.5
                0x0000000000002600                strcpy@@GLIBC_2.2.5
                0x0000000000002610                fclose@@GLIBC_2.2.5
                0x0000000000002620                inet_ntop@@GLIBC_2.2.5
                0x0000000000002630                PQexecParams
                0x0000000000002640                fseek@@GLIBC_2.2.5
                0x0000000000002650                __stack_chk_fail@@GLIBC_2.4
                0x0000000000002660                PQconnectdb
                0x0000000000002670                fopen@@GLIBC_2.2.5
                0x0000000000002680                signal@@GLIBC_2.2.5
                0x0000000000002690                exit@@GLIBC_2.2.5
                0x00000000000026a0                PQstatus
                0x00000000000026b0                atof@@GLIBC_2.2.5
                0x00000000000026c0                PQntuples
                0x00000000000026d0                vfprintf@@GLIBC_2.2.5
                0x00000000000026e0                putchar@@GLIBC_2.2.5
                0x00000000000026f0                strcmp@@GLIBC_2.2.5
                0x0000000000002700                fprintf@@GLIBC_2.2.5
                0x0000000000002710                fread@@GLIBC_2.2.5
                0x0000000000002720                puts@@GLIBC_2.2.5
                0x0000000000002730                atoi@@GLIBC_2.2.5
                0x0000000000002740                snprintf@@GLIBC_2.2.5
                0x0000000000002750                PQfinish
                0x0000000000002760                ntohs@@GLIBC_2.2.5
                0x0000000000002770                inet_pton@@GLIBC_2.2.5
                0x0000000000002780                PQcmdTuples
                0x0000000000002790                fwrite@@GLIBC_2.2.5
                0x00000000000027a0                close@@GLIBC_2.2.5
                0x00000000000027b0                PQnfields

.text           0x00000000000027c0     0x952e
 *(.text.unlikely .text.*_unlikely .text.unlikely.*)
 *(.text.exit .text.exit.*)
 *(.text.startup .text.startup.*)
 *(.text.hot .text.hot.*)
 *(SORT_BY_NAME(.text.sorted.*))
 *(.text .stub .text.* .gnu.linkonce.t.*)
 .text          0x00000000000027c0       0x26 /usr/lib/gcc/x86_64-linux-gnu/11/../../../x86_64-linux-gnu/Scrt1.o
                0x00000000000027c0                _start
 .text          0x00000000000027e6        0x0 /usr/lib/gcc/x86_64-linux-gnu/11/../../../x86_64-linux-gnu/crti.o
 *fill*         0x00000000000027e6        0xa 
 .text          0x00000000000027f0       0xb9 /usr/lib/gcc/x86_64-linux-gnu/11/crtbeginS.o
 .text          0x00000000000028a9     0x20c9 /tmp/ccr1zvAE.o
                0x00000000000028a9                _GetTimer1ms
                0x00000000000028dc                sigintHandler
                0x0000000000002911                _initlog
                0x000000000000296f                _log
                0x0000000000002b0f                printIPAddress
                0x0000000000002bee                _Look4BTxFree
                0x0000000000002d0a                _Look4BTxPos
                0x0000000000002d99                _Look4BTxRelease
                0x0000000000002e09                _InitRCServer
                0x0000000000003055                _Send2EQ
                0x00000000000030b9                _ProcIDLE
                0x00000000000030c4                _ProcRx
                0x000000000000477f                _ProcTxVFileTimeout
                0x000000000000486d                _Proc10msFuncs
 .text          0x0000000000004972      0x232 /tmp/ccelG3Mo.o
                0x0000000000004972                CalcCrc16
                0x0000000000004b12                crc_ccitt
 .text          0x0000000000004ba4      0xfcb /tmp/ccTxCkj8.o
                0x0000000000004ba4                _strcpyln
                0x0000000000004c24                _InitStoreFiles
                0x0000000000004c48                _Look4Free
                0x0000000000004cbe                _Look4Pos
                0x0000000000004d32                _Look4Release
                0x0000000000004d8b                _ProcStFilesTimeout
                0x0000000000004e9a                _CreateFolder
                0x0000000000004f95                _StoreFile
 .text          0x0000000000005b6f     0x18ec /tmp/ccFTkGjn.o
                0x0000000000005b6f                Hex2Bin
                0x0000000000005d01                _Init_dbread
                0x0000000000005d8a                _dbread_table_tableschema_sector
                0x00000000000060bd                _dbread_table_tableschema_dev
                0x00000000000063f0                _dbread_table_sector
                0x00000000000068b2                _dbread_table_devices
                0x0000000000007261                _dbread_bulk
                0x0000000000007289                _Stfind_Eqid
                0x0000000000007304                _Stfind_Hubid
                0x000000000000737f                _Findtargetfolder
                0x00000000000073db                _CheckEq
                0x000000000000741b                _CheckHubId
 .text          0x000000000000745b      0x18c /tmp/ccxCTmQ1.o
                0x000000000000745b                _EncriptDecript
                0x0000000000007577                strcopys
 .text          0x00000000000075e7      0x46a /tmp/ccl2MaZl.o
                0x00000000000075e7                init_loop2app
                0x0000000000007721                udp_receive
                0x0000000000007887                udp_send
                0x000000000000799b                test_loop
 .text          0x0000000000007a51      0x750 /tmp/ccXtbSfa.o
                0x0000000000007cb3                _GetTotBinFrames
                0x0000000000007cd5                _LoadNetHubBin
                0x0000000000008046                _GetNetHubFileInfo
                0x0000000000008069                _Create_Hub
                0x0000000000008135                _Find_Hub
 .text          0x00000000000081a1     0x1519 /tmp/ccIaBTj0.o
                0x00000000000081a1                _dbread_devstate_size
                0x00000000000081ea                _Stfind_Devstate
                0x0000000000008282                _Stfind_Devstate_ByZone
                0x00000000000082f9                _dbread_table_devstate
                0x0000000000008e0c                _dbwrite_devstate
                0x0000000000009301                _dbcheck_devstate
                0x0000000000009686                _InitDb_devstate
 .text          0x00000000000096ba     0x1079 /tmp/ccSXVtmq.o
                0x00000000000096ba                _DbDeviceEventTypeToString
                0x000000000000973e                _DbDeviceEventSeverityToString
                0x000000000000979a                _DbDeviceEventTypeFromString
                0x00000000000098d6                _DbDeviceEventSeverityFromString
                0x0000000000009982                _dbread_deviceevent
                0x000000000000a1da                _dbinsert_deviceevent
 .text          0x000000000000a733      0x368 /tmp/cc3l5b6M.o
                0x000000000000a733                _dbread_db_version
 .text          0x000000000000aa9b     0x1253 /tmp/cc6qzKqa.o
                0x000000000000aa9b                _dbalarm_type_from_string
                0x000000000000ab8f                _dbalarm_type_to_string
                0x000000000000ac03                _dbalarm_severity_from_string
                0x000000000000acaf                _dbalarm_severity_to_string
                0x000000000000ad0d                _dbread_alarm
                0x000000000000b58c                _dbinsert_alarm
                0x000000000000b9a2                main
 .text          0x000000000000bcee        0x0 /usr/lib/gcc/x86_64-linux-gnu/11/crtendS.o
 .text          0x000000000000bcee        0x0 /usr/lib/gcc/x86_64-linux-gnu/11/../../../x86_64-linux-gnu/crtn.o
 *(.gnu.warning)

.fini           0x000000000000bcf0        0xd
 *(SORT_NONE(.fini))
 .fini          0x000000000000bcf0        0x8 /usr/lib/gcc/x86_64-linux-gnu/11/../../../x86_64-linux-gnu/crti.o
                0x000000000000bcf0                _fini
 .fini          0x000000000000bcf8        0x5 /usr/lib/gcc/x86_64-linux-gnu/11/../../../x86_64-linux-gnu/crtn.o
                [!provide]                        PROVIDE (__etext = .)
                [!provide]                        PROVIDE (_etext = .)
                [!provide]                        PROVIDE (etext = .)
                0x000000000000c000                . = ALIGN (CONSTANT (MAXPAGESIZE))
                0x000000000000c000                . = SEGMENT_START ("rodata-segment", (ALIGN (CONSTANT (MAXPAGESIZE)) + (. & (CONSTANT (MAXPAGESIZE) - 0x1))))

.rodata         0x000000000000c000     0x2e4f
 *(.rodata .rodata.* .gnu.linkonce.r.*)
 .rodata.cst4   0x000000000000c000        0x4 /usr/lib/gcc/x86_64-linux-gnu/11/../../../x86_64-linux-gnu/Scrt1.o
                0x000000000000c000                _IO_stdin_used
 *fill*         0x000000000000c004        0x4 
 .rodata        0x000000000000c008      0xb79 /tmp/ccr1zvAE.o
 *fill*         0x000000000000cb81       0x1f 
 .rodata        0x000000000000cba0      0x222 /tmp/ccelG3Mo.o
 *fill*         0x000000000000cdc2        0x6 
 .rodata        0x000000000000cdc8      0x213 /tmp/ccTxCkj8.o
 *fill*         0x000000000000cfdb        0x5 
 .rodata        0x000000000000cfe0      0x689 /tmp/ccFTkGjn.o
 *fill*         0x000000000000d669        0x7 
 .rodata        0x000000000000d670       0x8f /tmp/ccxCTmQ1.o
 *fill*         0x000000000000d6ff        0x1 
 .rodata        0x000000000000d700       0xbb /tmp/ccl2MaZl.o
 *fill*         0x000000000000d7bb        0x5 
 .rodata        0x000000000000d7c0      0x1a1 /tmp/ccXtbSfa.o
 *fill*         0x000000000000d961        0x7 
 .rodata        0x000000000000d968      0x69b /tmp/ccIaBTj0.o
 *fill*         0x000000000000e003        0x5 
 .rodata        0x000000000000e008      0x608 /tmp/ccSXVtmq.o
 .rodata        0x000000000000e610      0x180 /tmp/cc3l5b6M.o
 .rodata        0x000000000000e790      0x6bf /tmp/cc6qzKqa.o

.rodata1
 *(.rodata1)

.eh_frame_hdr   0x000000000000ee50      0x264
 *(.eh_frame_hdr)
 .eh_frame_hdr  0x000000000000ee50      0x264 /usr/lib/gcc/x86_64-linux-gnu/11/../../../x86_64-linux-gnu/Scrt1.o
                0x000000000000ee50                __GNU_EH_FRAME_HDR
 *(.eh_frame_entry .eh_frame_entry.*)

.eh_frame       0x000000000000f0b8      0x97c
 *(.eh_frame)
 .eh_frame      0x000000000000f0b8       0x30 /usr/lib/gcc/x86_64-linux-gnu/11/../../../x86_64-linux-gnu/Scrt1.o
                                         0x2c (size before relaxing)
 *fill*         0x000000000000f0e8        0x0 
 .eh_frame      0x000000000000f0e8       0x28 /usr/lib/gcc/x86_64-linux-gnu/11/../../../x86_64-linux-gnu/Scrt1.o
                                         0x40 (size before relaxing)
 .eh_frame      0x000000000000f110       0x18 /usr/lib/gcc/x86_64-linux-gnu/11/../../../x86_64-linux-gnu/Scrt1.o
                                         0x30 (size before relaxing)
 .eh_frame      0x000000000000f128       0x18 /usr/lib/gcc/x86_64-linux-gnu/11/../../../x86_64-linux-gnu/Scrt1.o
                                         0x30 (size before relaxing)
 .eh_frame      0x000000000000f140      0x1c0 /tmp/ccr1zvAE.o
                                        0x1d8 (size before relaxing)
 .eh_frame      0x000000000000f300       0x40 /tmp/ccelG3Mo.o
                                         0x58 (size before relaxing)
 .eh_frame      0x000000000000f340      0x108 /tmp/ccTxCkj8.o
                                        0x120 (size before relaxing)
 .eh_frame      0x000000000000f448      0x188 /tmp/ccFTkGjn.o
                                        0x1a0 (size before relaxing)
 .eh_frame      0x000000000000f5d0       0x40 /tmp/ccxCTmQ1.o
                                         0x58 (size before relaxing)
 .eh_frame      0x000000000000f610       0x80 /tmp/ccl2MaZl.o
                                         0x98 (size before relaxing)
 .eh_frame      0x000000000000f690      0x100 /tmp/ccXtbSfa.o
                                        0x118 (size before relaxing)
 .eh_frame      0x000000000000f790       0xe0 /tmp/ccIaBTj0.o
                                         0xf8 (size before relaxing)
 .eh_frame      0x000000000000f870       0xc0 /tmp/ccSXVtmq.o
                                         0xd8 (size before relaxing)
 .eh_frame      0x000000000000f930       0x20 /tmp/cc3l5b6M.o
                                         0x38 (size before relaxing)
 .eh_frame      0x000000000000f950       0xe0 /tmp/cc6qzKqa.o
                                         0xf8 (size before relaxing)
 .eh_frame      0x000000000000fa30        0x4 /usr/lib/gcc/x86_64-linux-gnu/11/crtendS.o
 *(.eh_frame.*)

.gcc_except_table
 *(.gcc_except_table .gcc_except_table.*)

.gnu_extab
 *(.gnu_extab*)

.exception_ranges
 *(.exception_ranges*)
                0x0000000000010bd0                . = DATA_SEGMENT_ALIGN (CONSTANT (MAXPAGESIZE), CONSTANT (COMMONPAGESIZE))

.eh_frame
 *(.eh_frame)
 *(.eh_frame.*)

.gnu_extab
 *(.gnu_extab)

.gcc_except_table
 *(.gcc_except_table .gcc_except_table.*)

.exception_ranges
 *(.exception_ranges*)

.tdata          0x0000000000010bd0        0x0
                [!provide]                        PROVIDE (__tdata_start = .)
 *(.tdata .tdata.* .gnu.linkonce.td.*)

.tbss
 *(.tbss .tbss.* .gnu.linkonce.tb.*)
 *(.tcommon)

.preinit_array  0x0000000000010bd0        0x0
                [!provide]                        PROVIDE (__preinit_array_start = .)
 *(.preinit_array)
                [!provide]                        PROVIDE (__preinit_array_end = .)

.init_array     0x0000000000010bd0        0x8
                [!provide]                        PROVIDE (__init_array_start = .)
 *(SORT_BY_INIT_PRIORITY(.init_array.*) SORT_BY_INIT_PRIORITY(.ctors.*))
 *(.init_array EXCLUDE_FILE(*crtend?.o *crtend.o *crtbegin?.o *crtbegin.o) .ctors)
 .init_array    0x0000000000010bd0        0x8 /usr/lib/gcc/x86_64-linux-gnu/11/crtbeginS.o
                [!provide]                        PROVIDE (__init_array_end = .)

.fini_array     0x0000000000010bd8        0x8
                [!provide]                        PROVIDE (__fini_array_start = .)
 *(SORT_BY_INIT_PRIORITY(.fini_array.*) SORT_BY_INIT_PRIORITY(.dtors.*))
 *(.fini_array EXCLUDE_FILE(*crtend?.o *crtend.o *crtbegin?.o *crtbegin.o) .dtors)
 .fini_array    0x0000000000010bd8        0x8 /usr/lib/gcc/x86_64-linux-gnu/11/crtbeginS.o
                [!provide]                        PROVIDE (__fini_array_end = .)

.ctors
 *crtbegin.o(.ctors)
 *crtbegin?.o(.ctors)
 *(EXCLUDE_FILE(*crtend?.o *crtend.o) .ctors)
 *(SORT_BY_NAME(.ctors.*))
 *(.ctors)

.dtors
 *crtbegin.o(.dtors)
 *crtbegin?.o(.dtors)
 *(EXCLUDE_FILE(*crtend?.o *crtend.o) .dtors)
 *(SORT_BY_NAME(.dtors.*))
 *(.dtors)

.jcr
 *(.jcr)

.data.rel.ro    0x0000000000010be0        0x0
 *(.data.rel.ro.local* .gnu.linkonce.d.rel.ro.local.*)
 *(.data.rel.ro .data.rel.ro.* .gnu.linkonce.d.rel.ro.*)
 .data.rel.ro   0x0000000000010be0        0x0 /usr/lib/gcc/x86_64-linux-gnu/11/../../../x86_64-linux-gnu/Scrt1.o

.dynamic        0x0000000000010be0      0x200
 *(.dynamic)
 .dynamic       0x0000000000010be0      0x200 /usr/lib/gcc/x86_64-linux-gnu/11/../../../x86_64-linux-gnu/Scrt1.o
                0x0000000000010be0                _DYNAMIC

.got            0x0000000000010de0      0x220
 *(.got.plt)
 .got.plt       0x0000000000010de0      0x1f8 /usr/lib/gcc/x86_64-linux-gnu/11/../../../x86_64-linux-gnu/Scrt1.o
                0x0000000000010de0                _GLOBAL_OFFSET_TABLE_
 *(.igot.plt)
 *(.got)
 .got           0x0000000000010fd8       0x28 /usr/lib/gcc/x86_64-linux-gnu/11/../../../x86_64-linux-gnu/Scrt1.o
 *(.igot)
                0x0000000000011000                . = DATA_SEGMENT_RELRO_END (., 0x0)

.data           0x0000000000011000      0x148
 *(.data .data.* .gnu.linkonce.d.*)
 .data          0x0000000000011000        0x4 /usr/lib/gcc/x86_64-linux-gnu/11/../../../x86_64-linux-gnu/Scrt1.o
                0x0000000000011000                data_start
                0x0000000000011000                __data_start
 .data          0x0000000000011004        0x0 /usr/lib/gcc/x86_64-linux-gnu/11/../../../x86_64-linux-gnu/crti.o
 .data          0x0000000000011004        0x0 /usr/lib/gcc/x86_64-linux-gnu/11/crtbeginS.o
 *fill*         0x0000000000011004        0x4 
 .data.rel.local
                0x0000000000011008        0x8 /usr/lib/gcc/x86_64-linux-gnu/11/crtbeginS.o
                0x0000000000011008                __dso_handle
 .data          0x0000000000011010        0x0 /tmp/ccr1zvAE.o
 .data          0x0000000000011010        0x0 /tmp/ccelG3Mo.o
 .data          0x0000000000011010        0x0 /tmp/ccTxCkj8.o
 .data          0x0000000000011010        0x0 /tmp/ccFTkGjn.o
 *fill*         0x0000000000011010       0x10 
 .data.rel.local
                0x0000000000011020      0x128 /tmp/ccFTkGjn.o
                0x0000000000011020                T_muni_names
                0x0000000000011080                T_dev_names
 .data          0x0000000000011148        0x0 /tmp/ccxCTmQ1.o
 .data          0x0000000000011148        0x0 /tmp/ccl2MaZl.o
 .data          0x0000000000011148        0x0 /tmp/ccXtbSfa.o
 .data          0x0000000000011148        0x0 /tmp/ccIaBTj0.o
 .data          0x0000000000011148        0x0 /tmp/ccSXVtmq.o
 .data          0x0000000000011148        0x0 /tmp/cc3l5b6M.o
 .data          0x0000000000011148        0x0 /tmp/cc6qzKqa.o
 .data          0x0000000000011148        0x0 /usr/lib/gcc/x86_64-linux-gnu/11/crtendS.o
 .data          0x0000000000011148        0x0 /usr/lib/gcc/x86_64-linux-gnu/11/../../../x86_64-linux-gnu/crtn.o

.tm_clone_table
                0x0000000000011148        0x0
 .tm_clone_table
                0x0000000000011148        0x0 /usr/lib/gcc/x86_64-linux-gnu/11/crtbeginS.o
 .tm_clone_table
                0x0000000000011148        0x0 /usr/lib/gcc/x86_64-linux-gnu/11/crtendS.o

.data1
 *(.data1)
                0x0000000000011148                _edata = .
                [!provide]                        PROVIDE (edata = .)
                0x0000000000011148                . = .
                0x0000000000011148                __bss_start = .

.bss            0x0000000000011160   0xa85f68
 *(.dynbss)
 .dynbss        0x0000000000011160        0x8 /usr/lib/gcc/x86_64-linux-gnu/11/../../../x86_64-linux-gnu/Scrt1.o
                0x0000000000011160                stderr@@GLIBC_2.2.5
 *(.bss .bss.* .gnu.linkonce.b.*)
 .bss           0x0000000000011168        0x0 /usr/lib/gcc/x86_64-linux-gnu/11/../../../x86_64-linux-gnu/Scrt1.o
 .bss           0x0000000000011168        0x0 /usr/lib/gcc/x86_64-linux-gnu/11/../../../x86_64-linux-gnu/crti.o
 .bss           0x0000000000011168        0x1 /usr/lib/gcc/x86_64-linux-gnu/11/crtbeginS.o
 *fill*         0x0000000000011169       0x17 
 .bss           0x0000000000011180   0x13c77b /tmp/ccr1zvAE.o
                0x0000000000011180                sockfd
                0x0000000000011184                RCServer
                0x0000000000011190                servaddr
                0x00000000000111a0                cliaddr
 *fill*         0x000000000014d8fb        0x1 
 .bss           0x000000000014d8fc        0x4 /tmp/ccelG3Mo.o
 .bss           0x000000000014d900     0x7081 /tmp/ccTxCkj8.o
                0x000000000014d900                _StoreV
 *fill*         0x0000000000154981       0x1f 
 .bss           0x00000000001549a0   0x48a1c0 /tmp/ccFTkGjn.o
                0x00000000001549a0                T_sector
                0x00000000002660a0                T_devices
 .bss           0x00000000005deb60        0x0 /tmp/ccxCTmQ1.o
 .bss           0x00000000005deb60      0x420 /tmp/ccl2MaZl.o
 .bss           0x00000000005def80    0x10aa0 /tmp/ccXtbSfa.o
 .bss           0x00000000005efa20   0x4a76a4 /tmp/ccIaBTj0.o
                0x00000000005efa20                T_devstate
                0x0000000000a970a0                devstate_info
 .bss           0x0000000000a970c4        0x0 /tmp/ccSXVtmq.o
 .bss           0x0000000000a970c4        0x0 /tmp/cc3l5b6M.o
 .bss           0x0000000000a970c4        0x0 /tmp/cc6qzKqa.o
 .bss           0x0000000000a970c4        0x0 /usr/lib/gcc/x86_64-linux-gnu/11/crtendS.o
 .bss           0x0000000000a970c4        0x0 /usr/lib/gcc/x86_64-linux-gnu/11/../../../x86_64-linux-gnu/crtn.o
 *(COMMON)
                0x0000000000a970c8                . = ALIGN ((. != 0x0)?0x8:0x1)
 *fill*         0x0000000000a970c4        0x4 

.lbss
 *(.dynlbss)
 *(.lbss .lbss.* .gnu.linkonce.lb.*)
 *(LARGE_COMMON)
                0x0000000000a970c8                . = ALIGN (0x8)
                0x0000000000a970c8                . = SEGMENT_START ("ldata-segment", .)

.lrodata
 *(.lrodata .lrodata.* .gnu.linkonce.lr.*)

.ldata          0x0000000000a990c8        0x0
 *(.ldata .ldata.* .gnu.linkonce.l.*)
                0x0000000000a990c8                . = ALIGN ((. != 0x0)?0x8:0x1)
                0x0000000000a990c8                . = ALIGN (0x8)
                0x0000000000a970c8                _end = .
                [!provide]                        PROVIDE (end = .)
                0x0000000000a990c8                . = DATA_SEGMENT_END (.)

.stab
 *(.stab)

.stabstr
 *(.stabstr)

.stab.excl
 *(.stab.excl)

.stab.exclstr
 *(.stab.exclstr)

.stab.index
 *(.stab.index)

.stab.indexstr
 *(.stab.indexstr)

.comment        0x0000000000000000       0x2d
 *(.comment)
 .comment       0x0000000000000000       0x2d /usr/lib/gcc/x86_64-linux-gnu/11/crtbeginS.o
                                         0x2e (size before relaxing)
 .comment       0x000000000000002d       0x2e /tmp/ccr1zvAE.o
 .comment       0x000000000000002d       0x2e /tmp/ccelG3Mo.o
 .comment       0x000000000000002d       0x2e /tmp/ccTxCkj8.o
 .comment       0x000000000000002d       0x2e /tmp/ccFTkGjn.o
 .comment       0x000000000000002d       0x2e /tmp/ccxCTmQ1.o
 .comment       0x000000000000002d       0x2e /tmp/ccl2MaZl.o
 .comment       0x000000000000002d       0x2e /tmp/ccXtbSfa.o
 .comment       0x000000000000002d       0x2e /tmp/ccIaBTj0.o
 .comment       0x000000000000002d       0x2e /tmp/ccSXVtmq.o
 .comment       0x000000000000002d       0x2e /tmp/cc3l5b6M.o
 .comment       0x000000000000002d       0x2e /tmp/cc6qzKqa.o
 .comment       0x000000000000002d       0x2e /usr/lib/gcc/x86_64-linux-gnu/11/crtendS.o

.gnu.build.attributes
 *(.gnu.build.attributes .gnu.build.attributes.*)

.debug
 *(.debug)

.line
 *(.line)

.debug_srcinfo
 *(.debug_srcinfo)

.debug_sfnames
 *(.debug_sfnames)

.debug_aranges  0x0000000000000000      0x210
 *(.debug_aranges)
 .debug_aranges
                0x0000000000000000       0x30 /tmp/ccr1zvAE.o
 .debug_aranges
                0x0000000000000030       0x30 /tmp/ccelG3Mo.o
 .debug_aranges
                0x0000000000000060       0x30 /tmp/ccTxCkj8.o
 .debug_aranges
                0x0000000000000090       0x30 /tmp/ccFTkGjn.o
 .debug_aranges
                0x00000000000000c0       0x30 /tmp/ccxCTmQ1.o
 .debug_aranges
                0x00000000000000f0       0x30 /tmp/ccl2MaZl.o
 .debug_aranges
                0x0000000000000120       0x30 /tmp/ccXtbSfa.o
 .debug_aranges
                0x0000000000000150       0x30 /tmp/ccIaBTj0.o
 .debug_aranges
                0x0000000000000180       0x30 /tmp/ccSXVtmq.o
 .debug_aranges
                0x00000000000001b0       0x30 /tmp/cc3l5b6M.o
 .debug_aranges
                0x00000000000001e0       0x30 /tmp/cc6qzKqa.o

.debug_pubnames
 *(.debug_pubnames)

.debug_info     0x0000000000000000     0x74a6
 *(.debug_info .gnu.linkonce.wi.*)
 .debug_info    0x0000000000000000     0x1a25 /tmp/ccr1zvAE.o
 .debug_info    0x0000000000001a25      0x217 /tmp/ccelG3Mo.o
 .debug_info    0x0000000000001c3c      0xc22 /tmp/ccTxCkj8.o
 .debug_info    0x000000000000285e     0x10ce /tmp/ccFTkGjn.o
 .debug_info    0x000000000000392c      0x181 /tmp/ccxCTmQ1.o
 .debug_info    0x0000000000003aad      0x746 /tmp/ccl2MaZl.o
 .debug_info    0x00000000000041f3      0xa6e /tmp/ccXtbSfa.o
 .debug_info    0x0000000000004c61      0xcab /tmp/ccIaBTj0.o
 .debug_info    0x000000000000590c      0xa91 /tmp/ccSXVtmq.o
 .debug_info    0x000000000000639d      0x66e /tmp/cc3l5b6M.o
 .debug_info    0x0000000000006a0b      0xa9b /tmp/cc6qzKqa.o

.debug_abbrev   0x0000000000000000     0x18ec
 *(.debug_abbrev)
 .debug_abbrev  0x0000000000000000      0x431 /tmp/ccr1zvAE.o
 .debug_abbrev  0x0000000000000431      0x119 /tmp/ccelG3Mo.o
 .debug_abbrev  0x000000000000054a      0x268 /tmp/ccTxCkj8.o
 .debug_abbrev  0x00000000000007b2      0x28a /tmp/ccFTkGjn.o
 .debug_abbrev  0x0000000000000a3c       0xe5 /tmp/ccxCTmQ1.o
 .debug_abbrev  0x0000000000000b21      0x21c /tmp/ccl2MaZl.o
 .debug_abbrev  0x0000000000000d3d      0x2b3 /tmp/ccXtbSfa.o
 .debug_abbrev  0x0000000000000ff0      0x2b6 /tmp/ccIaBTj0.o
 .debug_abbrev  0x00000000000012a6      0x252 /tmp/ccSXVtmq.o
 .debug_abbrev  0x00000000000014f8      0x194 /tmp/cc3l5b6M.o
 .debug_abbrev  0x000000000000168c      0x260 /tmp/cc6qzKqa.o

.debug_line     0x0000000000000000     0x2ace
 *(.debug_line .debug_line.* .debug_line_end)
 .debug_line    0x0000000000000000      0x97d /tmp/ccr1zvAE.o
 .debug_line    0x000000000000097d      0x133 /tmp/ccelG3Mo.o
 .debug_line    0x0000000000000ab0      0x455 /tmp/ccTxCkj8.o
 .debug_line    0x0000000000000f05      0x6ad /tmp/ccFTkGjn.o
 .debug_line    0x00000000000015b2      0x100 /tmp/ccxCTmQ1.o
 .debug_line    0x00000000000016b2      0x1c8 /tmp/ccl2MaZl.o
 .debug_line    0x000000000000187a      0x2ea /tmp/ccXtbSfa.o
 .debug_line    0x0000000000001b64      0x55b /tmp/ccIaBTj0.o
 .debug_line    0x00000000000020bf      0x3ea /tmp/ccSXVtmq.o
 .debug_line    0x00000000000024a9      0x134 /tmp/cc3l5b6M.o
 .debug_line    0x00000000000025dd      0x4f1 /tmp/cc6qzKqa.o

.debug_frame
 *(.debug_frame)

.debug_str      0x0000000000000000     0x1c34
 *(.debug_str)
 .debug_str     0x0000000000000000      0xbc1 /tmp/ccr1zvAE.o
                                        0xd2a (size before relaxing)
 .debug_str     0x0000000000000bc1       0x2e /tmp/ccelG3Mo.o
                                        0x16d (size before relaxing)
 .debug_str     0x0000000000000bef      0x307 /tmp/ccTxCkj8.o
                                        0x7db (size before relaxing)
 .debug_str     0x0000000000000ef6      0x5ab /tmp/ccFTkGjn.o
                                        0xa7a (size before relaxing)
 .debug_str     0x00000000000014a1        0x7 /tmp/ccxCTmQ1.o
                                        0x143 (size before relaxing)
 .debug_str     0x00000000000014a8       0xda /tmp/ccl2MaZl.o
                                        0x467 (size before relaxing)
 .debug_str     0x0000000000001582       0xe1 /tmp/ccXtbSfa.o
                                        0x573 (size before relaxing)
 .debug_str     0x0000000000001663      0x1ab /tmp/ccIaBTj0.o
                                        0x90c (size before relaxing)
 .debug_str     0x000000000000180e      0x24e /tmp/ccSXVtmq.o
                                        0x92d (size before relaxing)
 .debug_str     0x0000000000001a5c       0x25 /tmp/cc3l5b6M.o
                                        0x689 (size before relaxing)
 .debug_str     0x0000000000001a81      0x1b3 /tmp/cc6qzKqa.o
                                        0x90f (size before relaxing)

.debug_loc
 *(.debug_loc)

.debug_macinfo
 *(.debug_macinfo)

.debug_weaknames
 *(.debug_weaknames)

.debug_funcnames
 *(.debug_funcnames)

.debug_typenames
 *(.debug_typenames)

.debug_varnames
 *(.debug_varnames)

.debug_pubtypes
 *(.debug_pubtypes)

.debug_ranges
 *(.debug_ranges)

.debug_addr
 *(.debug_addr)

.debug_line_str
                0x0000000000000000      0x303
 *(.debug_line_str)
 .debug_line_str
                0x0000000000000000      0x1f1 /tmp/ccr1zvAE.o
                                        0x243 (size before relaxing)
 .debug_line_str
                0x00000000000001f1        0x6 /tmp/ccelG3Mo.o
                                         0xe1 (size before relaxing)
 .debug_line_str
                0x00000000000001f7       0x34 /tmp/ccTxCkj8.o
                                        0x1b3 (size before relaxing)
 .debug_line_str
                0x000000000000022b       0x28 /tmp/ccFTkGjn.o
                                        0x16f (size before relaxing)
 .debug_line_str
                0x0000000000000253        0x7 /tmp/ccxCTmQ1.o
                                         0x78 (size before relaxing)
 .debug_line_str
                0x000000000000025a       0x26 /tmp/ccl2MaZl.o
                                        0x1b1 (size before relaxing)
 .debug_line_str
                0x0000000000000280        0xc /tmp/ccXtbSfa.o
                                        0x151 (size before relaxing)
 .debug_line_str
                0x000000000000028c       0x2b /tmp/ccIaBTj0.o
                                        0x198 (size before relaxing)
 .debug_line_str
                0x00000000000002b7       0x1c /tmp/ccSXVtmq.o
                                        0x198 (size before relaxing)
 .debug_line_str
                0x00000000000002d3       0x1a /tmp/cc3l5b6M.o
                                        0x177 (size before relaxing)
 .debug_line_str
                0x00000000000002ed       0x16 /tmp/cc6qzKqa.o
                                        0x1a9 (size before relaxing)

.debug_loclists
 *(.debug_loclists)

.debug_macro
 *(.debug_macro)

.debug_names
 *(.debug_names)

.debug_rnglists
                0x0000000000000000       0x49
 *(.debug_rnglists)
 .debug_rnglists
                0x0000000000000000       0x2d /tmp/ccr1zvAE.o
 .debug_rnglists
                0x000000000000002d       0x1c /tmp/ccFTkGjn.o

.debug_str_offsets
 *(.debug_str_offsets)

.debug_sup
 *(.debug_sup)

.gnu.attributes
 *(.gnu.attributes)

/DISCARD/
 *(.note.GNU-stack)
 *(.gnu_debuglink)
 *(.gnu.lto_*)
OUTPUT(rcserver elf64-x86-64)
