
Merging program properties


As-needed library included to satisfy reference by file (symbol)

libpq.so.5                    /tmp/ccVWXv3G.o (PQstatus)
libc.so.6                     /tmp/cc2BzFlG.o (clock@@GLIBC_2.2.5)

Discarded input sections

 .note.GNU-stack
                0x0000000000000000        0x0 /usr/lib/gcc/x86_64-linux-gnu/11/../../../x86_64-linux-gnu/Scrt1.o
 .note.gnu.property
                0x0000000000000000       0x20 /usr/lib/gcc/x86_64-linux-gnu/11/../../../x86_64-linux-gnu/crti.o
 .note.GNU-stack
                0x0000000000000000        0x0 /usr/lib/gcc/x86_64-linux-gnu/11/../../../x86_64-linux-gnu/crti.o
 .note.GNU-stack
                0x0000000000000000        0x0 /usr/lib/gcc/x86_64-linux-gnu/11/crtbeginS.o
 .note.gnu.property
                0x0000000000000000       0x20 /usr/lib/gcc/x86_64-linux-gnu/11/crtbeginS.o
 .note.GNU-stack
                0x0000000000000000        0x0 /tmp/cc2BzFlG.o
 .note.gnu.property
                0x0000000000000000       0x20 /tmp/cc2BzFlG.o
 .note.GNU-stack
                0x0000000000000000        0x0 /tmp/ccejAvzz.o
 .note.gnu.property
                0x0000000000000000       0x20 /tmp/ccejAvzz.o
 .note.GNU-stack
                0x0000000000000000        0x0 /tmp/ccvxlUtU.o
 .note.gnu.property
                0x0000000000000000       0x20 /tmp/ccvxlUtU.o
 .note.GNU-stack
                0x0000000000000000        0x0 /tmp/ccu0hG9v.o
 .note.gnu.property
                0x0000000000000000       0x20 /tmp/ccu0hG9v.o
 .note.GNU-stack
                0x0000000000000000        0x0 /tmp/ccmjwyuW.o
 .note.gnu.property
                0x0000000000000000       0x20 /tmp/ccmjwyuW.o
 .note.GNU-stack
                0x0000000000000000        0x0 /tmp/ccbFeR0e.o
 .note.gnu.property
                0x0000000000000000       0x20 /tmp/ccbFeR0e.o
 .note.GNU-stack
                0x0000000000000000        0x0 /tmp/ccYz04HO.o
 .note.gnu.property
                0x0000000000000000       0x20 /tmp/ccYz04HO.o
 .note.GNU-stack
                0x0000000000000000        0x0 /tmp/ccVWXv3G.o
 .note.gnu.property
                0x0000000000000000       0x20 /tmp/ccVWXv3G.o
 .note.GNU-stack
                0x0000000000000000        0x0 /tmp/ccDKPgDo.o
 .note.gnu.property
                0x0000000000000000       0x20 /tmp/ccDKPgDo.o
 .note.GNU-stack
                0x0000000000000000        0x0 /tmp/ccDg3DVw.o
 .note.gnu.property
                0x0000000000000000       0x20 /tmp/ccDg3DVw.o
 .note.GNU-stack
                0x0000000000000000        0x0 /tmp/ccuHlAc5.o
 .note.gnu.property
                0x0000000000000000       0x20 /tmp/ccuHlAc5.o
 .note.GNU-stack
                0x0000000000000000        0x0 /tmp/ccIR0l9M.o
 .note.gnu.property
                0x0000000000000000       0x20 /tmp/ccIR0l9M.o
 .note.GNU-stack
                0x0000000000000000        0x0 /tmp/cc75Jos6.o
 .note.gnu.property
                0x0000000000000000       0x20 /tmp/cc75Jos6.o
 .note.GNU-stack
                0x0000000000000000        0x0 /tmp/cc2DbAM0.o
 .note.gnu.property
                0x0000000000000000       0x20 /tmp/cc2DbAM0.o
 .note.GNU-stack
                0x0000000000000000        0x0 /usr/lib/gcc/x86_64-linux-gnu/11/crtendS.o
 .note.gnu.property
                0x0000000000000000       0x20 /usr/lib/gcc/x86_64-linux-gnu/11/crtendS.o
 .note.gnu.property
                0x0000000000000000       0x20 /usr/lib/gcc/x86_64-linux-gnu/11/../../../x86_64-linux-gnu/crtn.o
 .note.GNU-stack
                0x0000000000000000        0x0 /usr/lib/gcc/x86_64-linux-gnu/11/../../../x86_64-linux-gnu/crtn.o

Memory Configuration

Name             Origin             Length             Attributes
*default*        0x0000000000000000 0xffffffffffffffff

Linker script and memory map

LOAD /usr/lib/gcc/x86_64-linux-gnu/11/../../../x86_64-linux-gnu/Scrt1.o
LOAD /usr/lib/gcc/x86_64-linux-gnu/11/../../../x86_64-linux-gnu/crti.o
LOAD /usr/lib/gcc/x86_64-linux-gnu/11/crtbeginS.o
LOAD /tmp/cc2BzFlG.o
LOAD /tmp/ccejAvzz.o
LOAD /tmp/ccvxlUtU.o
LOAD /tmp/ccu0hG9v.o
LOAD /tmp/ccmjwyuW.o
LOAD /tmp/ccbFeR0e.o
LOAD /tmp/ccYz04HO.o
LOAD /tmp/ccVWXv3G.o
LOAD /tmp/ccDKPgDo.o
LOAD /tmp/ccDg3DVw.o
LOAD /tmp/ccuHlAc5.o
LOAD /tmp/ccIR0l9M.o
LOAD /tmp/cc75Jos6.o
LOAD /tmp/cc2DbAM0.o
LOAD /usr/lib/gcc/x86_64-linux-gnu/11/../../../x86_64-linux-gnu/libpq.so
LOAD /usr/lib/gcc/x86_64-linux-gnu/11/libgcc.a
LOAD /usr/lib/gcc/x86_64-linux-gnu/11/libgcc_s.so
START GROUP
LOAD /usr/lib/gcc/x86_64-linux-gnu/11/../../../x86_64-linux-gnu/libgcc_s.so.1
LOAD /usr/lib/gcc/x86_64-linux-gnu/11/libgcc.a
END GROUP
LOAD /usr/lib/gcc/x86_64-linux-gnu/11/../../../x86_64-linux-gnu/libc.so
START GROUP
LOAD /lib/x86_64-linux-gnu/libc.so.6
LOAD /usr/lib/x86_64-linux-gnu/libc_nonshared.a
LOAD /lib64/ld-linux-x86-64.so.2
END GROUP
LOAD /usr/lib/gcc/x86_64-linux-gnu/11/libgcc.a
LOAD /usr/lib/gcc/x86_64-linux-gnu/11/libgcc_s.so
START GROUP
LOAD /usr/lib/gcc/x86_64-linux-gnu/11/../../../x86_64-linux-gnu/libgcc_s.so.1
LOAD /usr/lib/gcc/x86_64-linux-gnu/11/libgcc.a
END GROUP
LOAD /usr/lib/gcc/x86_64-linux-gnu/11/crtendS.o
LOAD /usr/lib/gcc/x86_64-linux-gnu/11/../../../x86_64-linux-gnu/crtn.o
                [!provide]                        PROVIDE (__executable_start = SEGMENT_START ("text-segment", 0x0))
                0x0000000000000318                . = (SEGMENT_START ("text-segment", 0x0) + SIZEOF_HEADERS)

.interp         0x0000000000000318       0x1c
 *(.interp)
 .interp        0x0000000000000318       0x1c /usr/lib/gcc/x86_64-linux-gnu/11/../../../x86_64-linux-gnu/Scrt1.o

.note.gnu.property
                0x0000000000000338       0x30
 .note.gnu.property
                0x0000000000000338       0x30 /usr/lib/gcc/x86_64-linux-gnu/11/../../../x86_64-linux-gnu/Scrt1.o

.note.gnu.build-id
                0x0000000000000368       0x24
 *(.note.gnu.build-id)
 .note.gnu.build-id
                0x0000000000000368       0x24 /usr/lib/gcc/x86_64-linux-gnu/11/../../../x86_64-linux-gnu/Scrt1.o

.note.ABI-tag   0x000000000000038c       0x20
 .note.ABI-tag  0x000000000000038c       0x20 /usr/lib/gcc/x86_64-linux-gnu/11/../../../x86_64-linux-gnu/Scrt1.o

.hash
 *(.hash)

.gnu.hash       0x00000000000003b0       0x28
 *(.gnu.hash)
 .gnu.hash      0x00000000000003b0       0x28 /usr/lib/gcc/x86_64-linux-gnu/11/../../../x86_64-linux-gnu/Scrt1.o

.dynsym         0x00000000000003d8      0x678
 *(.dynsym)
 .dynsym        0x00000000000003d8      0x678 /usr/lib/gcc/x86_64-linux-gnu/11/../../../x86_64-linux-gnu/Scrt1.o

.dynstr         0x0000000000000a50      0x29d
 *(.dynstr)
 .dynstr        0x0000000000000a50      0x29d /usr/lib/gcc/x86_64-linux-gnu/11/../../../x86_64-linux-gnu/Scrt1.o

.gnu.version    0x0000000000000cee       0x8a
 *(.gnu.version)
 .gnu.version   0x0000000000000cee       0x8a /usr/lib/gcc/x86_64-linux-gnu/11/../../../x86_64-linux-gnu/Scrt1.o

.gnu.version_d  0x0000000000000d78        0x0
 *(.gnu.version_d)
 .gnu.version_d
                0x0000000000000d78        0x0 /usr/lib/gcc/x86_64-linux-gnu/11/../../../x86_64-linux-gnu/Scrt1.o

.gnu.version_r  0x0000000000000d78       0x60
 *(.gnu.version_r)
 .gnu.version_r
                0x0000000000000d78       0x60 /usr/lib/gcc/x86_64-linux-gnu/11/../../../x86_64-linux-gnu/Scrt1.o

.rela.dyn       0x0000000000000dd8       0xd8
 *(.rela.init)
 *(.rela.text .rela.text.* .rela.gnu.linkonce.t.*)
 .rela.text     0x0000000000000dd8        0x0 /usr/lib/gcc/x86_64-linux-gnu/11/../../../x86_64-linux-gnu/Scrt1.o
 *(.rela.fini)
 *(.rela.rodata .rela.rodata.* .rela.gnu.linkonce.r.*)
 *(.rela.data .rela.data.* .rela.gnu.linkonce.d.*)
 .rela.data.rel.ro
                0x0000000000000dd8        0x0 /usr/lib/gcc/x86_64-linux-gnu/11/../../../x86_64-linux-gnu/Scrt1.o
 .rela.data.rel.local
                0x0000000000000dd8       0x18 /usr/lib/gcc/x86_64-linux-gnu/11/../../../x86_64-linux-gnu/Scrt1.o
 *(.rela.tdata .rela.tdata.* .rela.gnu.linkonce.td.*)
 *(.rela.tbss .rela.tbss.* .rela.gnu.linkonce.tb.*)
 *(.rela.ctors)
 *(.rela.dtors)
 *(.rela.got)
 .rela.got      0x0000000000000df0       0x78 /usr/lib/gcc/x86_64-linux-gnu/11/../../../x86_64-linux-gnu/Scrt1.o
 *(.rela.bss .rela.bss.* .rela.gnu.linkonce.b.*)
 .rela.bss      0x0000000000000e68       0x18 /usr/lib/gcc/x86_64-linux-gnu/11/../../../x86_64-linux-gnu/Scrt1.o
 *(.rela.ldata .rela.ldata.* .rela.gnu.linkonce.l.*)
 *(.rela.lbss .rela.lbss.* .rela.gnu.linkonce.lb.*)
 *(.rela.lrodata .rela.lrodata.* .rela.gnu.linkonce.lr.*)
 *(.rela.ifunc)
 .rela.ifunc    0x0000000000000e80        0x0 /usr/lib/gcc/x86_64-linux-gnu/11/../../../x86_64-linux-gnu/Scrt1.o
 .rela.fini_array
                0x0000000000000e80       0x18 /usr/lib/gcc/x86_64-linux-gnu/11/../../../x86_64-linux-gnu/Scrt1.o
 .rela.init_array
                0x0000000000000e98       0x18 /usr/lib/gcc/x86_64-linux-gnu/11/../../../x86_64-linux-gnu/Scrt1.o

.rela.plt       0x0000000000000eb0      0x5d0
 *(.rela.plt)
 .rela.plt      0x0000000000000eb0      0x5d0 /usr/lib/gcc/x86_64-linux-gnu/11/../../../x86_64-linux-gnu/Scrt1.o
 *(.rela.iplt)

.relr.dyn
 *(.relr.dyn)
                0x0000000000002000                . = ALIGN (CONSTANT (MAXPAGESIZE))

.init           0x0000000000002000       0x1b
 *(SORT_NONE(.init))
 .init          0x0000000000002000       0x16 /usr/lib/gcc/x86_64-linux-gnu/11/../../../x86_64-linux-gnu/crti.o
                0x0000000000002000                _init
 .init          0x0000000000002016        0x5 /usr/lib/gcc/x86_64-linux-gnu/11/../../../x86_64-linux-gnu/crtn.o

.plt            0x0000000000002020      0x3f0
 *(.plt)
 .plt           0x0000000000002020      0x3f0 /usr/lib/gcc/x86_64-linux-gnu/11/../../../x86_64-linux-gnu/Scrt1.o
 *(.iplt)

.plt.got        0x0000000000002410       0x10
 *(.plt.got)
 .plt.got       0x0000000000002410       0x10 /usr/lib/gcc/x86_64-linux-gnu/11/../../../x86_64-linux-gnu/Scrt1.o
                0x0000000000002410                __cxa_finalize@@GLIBC_2.2.5

.plt.sec        0x0000000000002420      0x3e0
 *(.plt.sec)
 .plt.sec       0x0000000000002420      0x3e0 /usr/lib/gcc/x86_64-linux-gnu/11/../../../x86_64-linux-gnu/Scrt1.o
                0x0000000000002420                ftell@@GLIBC_2.2.5
                0x0000000000002430                PQresultStatus
                0x0000000000002440                PQgetvalue
                0x0000000000002450                __errno_location@@GLIBC_2.2.5
                0x0000000000002460                printf@@GLIBC_2.2.5
                0x0000000000002470                PQclear
                0x0000000000002480                htons@@GLIBC_2.2.5
                0x0000000000002490                sendto@@GLIBC_2.2.5
                0x00000000000024a0                rewind@@GLIBC_2.2.5
                0x00000000000024b0                bind@@GLIBC_2.2.5
                0x00000000000024c0                sprintf@@GLIBC_2.2.5
                0x00000000000024d0                socket@@GLIBC_2.2.5
                0x00000000000024e0                strlen@@GLIBC_2.2.5
                0x00000000000024f0                PQexec
                0x0000000000002500                inet_ntoa@@GLIBC_2.2.5
                0x0000000000002510                memcmp@@GLIBC_2.2.5
                0x0000000000002520                mkdir@@GLIBC_2.2.5
                0x0000000000002530                strncpy@@GLIBC_2.2.5
                0x0000000000002540                localtime_r@@GLIBC_2.2.5
                0x0000000000002550                memset@@GLIBC_2.2.5
                0x0000000000002560                fcntl@@GLIBC_2.2.5
                0x0000000000002570                rename@@GLIBC_2.2.5
                0x0000000000002580                clock@@GLIBC_2.2.5
                0x0000000000002590                PQgetisnull
                0x00000000000025a0                localtime@@GLIBC_2.2.5
                0x00000000000025b0                sleep@@GLIBC_2.2.5
                0x00000000000025c0                recvfrom@@GLIBC_2.2.5
                0x00000000000025d0                PQerrorMessage
                0x00000000000025e0                atoll@@GLIBC_2.2.5
                0x00000000000025f0                strftime@@GLIBC_2.2.5
                0x0000000000002600                memcpy@@GLIBC_2.14
                0x0000000000002610                perror@@GLIBC_2.2.5
                0x0000000000002620                stat@@GLIBC_2.33
                0x0000000000002630                time@@GLIBC_2.2.5
                0x0000000000002640                strcpy@@GLIBC_2.2.5
                0x0000000000002650                fclose@@GLIBC_2.2.5
                0x0000000000002660                inet_ntop@@GLIBC_2.2.5
                0x0000000000002670                PQexecParams
                0x0000000000002680                fseek@@GLIBC_2.2.5
                0x0000000000002690                __stack_chk_fail@@GLIBC_2.4
                0x00000000000026a0                PQconnectdb
                0x00000000000026b0                fopen@@GLIBC_2.2.5
                0x00000000000026c0                signal@@GLIBC_2.2.5
                0x00000000000026d0                exit@@GLIBC_2.2.5
                0x00000000000026e0                PQstatus
                0x00000000000026f0                atof@@GLIBC_2.2.5
                0x0000000000002700                PQntuples
                0x0000000000002710                vfprintf@@GLIBC_2.2.5
                0x0000000000002720                putchar@@GLIBC_2.2.5
                0x0000000000002730                strcmp@@GLIBC_2.2.5
                0x0000000000002740                fprintf@@GLIBC_2.2.5
                0x0000000000002750                fread@@GLIBC_2.2.5
                0x0000000000002760                puts@@GLIBC_2.2.5
                0x0000000000002770                atoi@@GLIBC_2.2.5
                0x0000000000002780                snprintf@@GLIBC_2.2.5
                0x0000000000002790                PQfinish
                0x00000000000027a0                ntohs@@GLIBC_2.2.5
                0x00000000000027b0                inet_pton@@GLIBC_2.2.5
                0x00000000000027c0                PQcmdTuples
                0x00000000000027d0                fwrite@@GLIBC_2.2.5
                0x00000000000027e0                close@@GLIBC_2.2.5
                0x00000000000027f0                PQnfields

.text           0x0000000000002800     0xcd29
 *(.text.unlikely .text.*_unlikely .text.unlikely.*)
 *(.text.exit .text.exit.*)
 *(.text.startup .text.startup.*)
 *(.text.hot .text.hot.*)
 *(SORT_BY_NAME(.text.sorted.*))
 *(.text .stub .text.* .gnu.linkonce.t.*)
 .text          0x0000000000002800       0x26 /usr/lib/gcc/x86_64-linux-gnu/11/../../../x86_64-linux-gnu/Scrt1.o
                0x0000000000002800                _start
 .text          0x0000000000002826        0x0 /usr/lib/gcc/x86_64-linux-gnu/11/../../../x86_64-linux-gnu/crti.o
 *fill*         0x0000000000002826        0xa 
 .text          0x0000000000002830       0xb9 /usr/lib/gcc/x86_64-linux-gnu/11/crtbeginS.o
 .text          0x00000000000028e9     0x2de4 /tmp/cc2BzFlG.o
                0x00000000000028e9                GetDateTime
                0x0000000000002996                _GetTimer1ms
                0x00000000000029c9                sigintHandler
                0x00000000000029fe                _initlog
                0x0000000000002a5c                _log
                0x0000000000002bfc                printIPAddress
                0x0000000000002cdb                _Look4BTxFree
                0x0000000000002df7                _Look4BTxPos
                0x0000000000002e86                _Look4BTxRelease
                0x0000000000002ef6                _InitRCServer
                0x0000000000003142                _Send2EQ
                0x00000000000031c0                _ProcIDLE
                0x00000000000031cb                _ProcRx
                0x00000000000052fd                _ProcTxVFileTimeout
                0x00000000000053eb                _Proc10msFuncs
                0x000000000000550c                main
 .text          0x00000000000056cd      0x232 /tmp/ccejAvzz.o
                0x00000000000056cd                CalcCrc16
                0x000000000000586d                crc_ccitt
 .text          0x00000000000058ff      0xfcb /tmp/ccvxlUtU.o
                0x00000000000058ff                _strcpyln
                0x000000000000597f                _InitStoreFiles
                0x00000000000059a3                _Look4Free
                0x0000000000005a19                _Look4Pos
                0x0000000000005a8d                _Look4Release
                0x0000000000005ae6                _ProcStFilesTimeout
                0x0000000000005bf5                _CreateFolder
                0x0000000000005cf0                _StoreFile
 .text          0x00000000000068ca      0x3f9 /tmp/ccu0hG9v.o
                0x00000000000068ca                Hex2Bin
                0x0000000000006a5c                _Init_dbread
                0x0000000000006a93                _dbread_bulk
                0x0000000000006acd                _Stfind_Eqid
                0x0000000000006b68                _Stfind_Hubid
                0x0000000000006c03                _Findtargetfolder
                0x0000000000006c43                _CheckEq
                0x0000000000006c83                _CheckHubId
 .text          0x0000000000006cc3      0x18c /tmp/ccmjwyuW.o
                0x0000000000006cc3                _EncriptDecript
                0x0000000000006ddf                strcopys
 .text          0x0000000000006e4f      0x46a /tmp/ccbFeR0e.o
                0x0000000000006e4f                init_loop2app
                0x0000000000006f89                udp_receive
                0x00000000000070ef                udp_send
                0x0000000000007203                test_loop
 .text          0x00000000000072b9      0x750 /tmp/ccYz04HO.o
                0x000000000000751b                _GetTotBinFrames
                0x000000000000753d                _LoadNetHubBin
                0x00000000000078ae                _GetNetHubFileInfo
                0x00000000000078d1                _Create_Hub
                0x000000000000799d                _Find_Hub
 .text          0x0000000000007a09     0x1d3b /tmp/ccVWXv3G.o
                0x0000000000007a09                _dbread_devstate_size
                0x0000000000007a52                _Stfind_Devstate
                0x0000000000007aea                _Stfind_Devstate_ByZone
                0x0000000000007b61                _dbread_table_devstate
                0x0000000000008e8a                _dbwrite_devstate
                0x000000000000938b                _dbcheck_devstate
                0x0000000000009710                _InitDb_devstate
 .text          0x0000000000009744     0x1079 /tmp/ccDKPgDo.o
                0x0000000000009744                _DbDeviceEventTypeToString
                0x00000000000097c8                _DbDeviceEventSeverityToString
                0x0000000000009824                _DbDeviceEventTypeFromString
                0x0000000000009960                _DbDeviceEventSeverityFromString
                0x0000000000009a0c                _dbread_deviceevent
                0x000000000000a264                _dbinsert_deviceevent
 .text          0x000000000000a7bd      0x368 /tmp/ccDg3DVw.o
                0x000000000000a7bd                _dbread_db_version
 .text          0x000000000000ab25      0xf07 /tmp/ccuHlAc5.o
                0x000000000000ab25                _dbalarm_type_from_string
                0x000000000000ac19                _dbalarm_type_to_string
                0x000000000000ac8d                _dbalarm_severity_from_string
                0x000000000000ad39                _dbalarm_severity_to_string
                0x000000000000ad97                _dbread_alarm
                0x000000000000b616                _dbinsert_alarm
 .text          0x000000000000ba2c     0x19a8 /tmp/ccIR0l9M.o
                0x000000000000ba2c                _dbread_devices_size
                0x000000000000ba86                _Stfind_Devices
                0x000000000000bb55                _Stfind_Devices_ByEqid
                0x000000000000bd96                _Stfind_Devices_ByZone
                0x000000000000be44                _dbread_table_devices
                0x000000000000cfd1                _dbcheck_devices
                0x000000000000d36e                _InitDb_devices
 .text          0x000000000000d3d4     0x1e12 /tmp/cc75Jos6.o
                0x000000000000d3d4                _dbread_devcalendar_size
                0x000000000000d432                _Stfind_Devcalendar
                0x000000000000d50d                _dbread_table_devcalendar
                0x000000000000e70c                _dbwrite_devcalendar
                0x000000000000ee81                _dbcheck_devcalendar
                0x000000000000f1b3                _InitDb_devcalendar
 .text          0x000000000000f1e6      0x343 /tmp/cc2DbAM0.o
                0x000000000000f1e6                _logDevice
 .text          0x000000000000f529        0x0 /usr/lib/gcc/x86_64-linux-gnu/11/crtendS.o
 .text          0x000000000000f529        0x0 /usr/lib/gcc/x86_64-linux-gnu/11/../../../x86_64-linux-gnu/crtn.o
 *(.gnu.warning)

.fini           0x000000000000f52c        0xd
 *(SORT_NONE(.fini))
 .fini          0x000000000000f52c        0x8 /usr/lib/gcc/x86_64-linux-gnu/11/../../../x86_64-linux-gnu/crti.o
                0x000000000000f52c                _fini
 .fini          0x000000000000f534        0x5 /usr/lib/gcc/x86_64-linux-gnu/11/../../../x86_64-linux-gnu/crtn.o
                [!provide]                        PROVIDE (__etext = .)
                [!provide]                        PROVIDE (_etext = .)
                [!provide]                        PROVIDE (etext = .)
                0x0000000000010000                . = ALIGN (CONSTANT (MAXPAGESIZE))
                0x0000000000010000                . = SEGMENT_START ("rodata-segment", (ALIGN (CONSTANT (MAXPAGESIZE)) + (. & (CONSTANT (MAXPAGESIZE) - 0x1))))

.rodata         0x0000000000010000     0x3cdc
 *(.rodata .rodata.* .gnu.linkonce.r.*)
 .rodata.cst4   0x0000000000010000        0x4 /usr/lib/gcc/x86_64-linux-gnu/11/../../../x86_64-linux-gnu/Scrt1.o
                0x0000000000010000                _IO_stdin_used
 *fill*         0x0000000000010004        0x4 
 .rodata        0x0000000000010008      0xfd4 /tmp/cc2BzFlG.o
 *fill*         0x0000000000010fdc        0x4 
 .rodata        0x0000000000010fe0      0x222 /tmp/ccejAvzz.o
 *fill*         0x0000000000011202        0x6 
 .rodata        0x0000000000011208      0x213 /tmp/ccvxlUtU.o
 *fill*         0x000000000001141b        0x5 
 .rodata        0x0000000000011420       0x28 /tmp/ccu0hG9v.o
 .rodata        0x0000000000011448       0x8f /tmp/ccmjwyuW.o
 *fill*         0x00000000000114d7        0x1 
 .rodata        0x00000000000114d8       0xbb /tmp/ccbFeR0e.o
 *fill*         0x0000000000011593        0x5 
 .rodata        0x0000000000011598      0x1a1 /tmp/ccYz04HO.o
 *fill*         0x0000000000011739        0x7 
 .rodata        0x0000000000011740      0x8ab /tmp/ccVWXv3G.o
 *fill*         0x0000000000011feb        0x5 
 .rodata        0x0000000000011ff0      0x608 /tmp/ccDKPgDo.o
 .rodata        0x00000000000125f8      0x180 /tmp/ccDg3DVw.o
 .rodata        0x0000000000012778      0x523 /tmp/ccuHlAc5.o
 *fill*         0x0000000000012c9b        0x5 
 .rodata        0x0000000000012ca0      0x58a /tmp/ccIR0l9M.o
 *fill*         0x000000000001322a        0x6 
 .rodata        0x0000000000013230      0xa0f /tmp/cc75Jos6.o
 *fill*         0x0000000000013c3f        0x1 
 .rodata        0x0000000000013c40       0x9c /tmp/cc2DbAM0.o

.rodata1
 *(.rodata1)

.eh_frame_hdr   0x0000000000013cdc      0x2bc
 *(.eh_frame_hdr)
 .eh_frame_hdr  0x0000000000013cdc      0x2bc /usr/lib/gcc/x86_64-linux-gnu/11/../../../x86_64-linux-gnu/Scrt1.o
                0x0000000000013cdc                __GNU_EH_FRAME_HDR
 *(.eh_frame_entry .eh_frame_entry.*)

.eh_frame       0x0000000000013f98      0xad4
 *(.eh_frame)
 .eh_frame      0x0000000000013f98       0x30 /usr/lib/gcc/x86_64-linux-gnu/11/../../../x86_64-linux-gnu/Scrt1.o
                                         0x2c (size before relaxing)
 *fill*         0x0000000000013fc8        0x0 
 .eh_frame      0x0000000000013fc8       0x28 /usr/lib/gcc/x86_64-linux-gnu/11/../../../x86_64-linux-gnu/Scrt1.o
                                         0x40 (size before relaxing)
 .eh_frame      0x0000000000013ff0       0x18 /usr/lib/gcc/x86_64-linux-gnu/11/../../../x86_64-linux-gnu/Scrt1.o
                                         0x30 (size before relaxing)
 .eh_frame      0x0000000000014008       0x18 /usr/lib/gcc/x86_64-linux-gnu/11/../../../x86_64-linux-gnu/Scrt1.o
                                         0x30 (size before relaxing)
 .eh_frame      0x0000000000014020      0x200 /tmp/cc2BzFlG.o
                                        0x218 (size before relaxing)
 .eh_frame      0x0000000000014220       0x40 /tmp/ccejAvzz.o
                                         0x58 (size before relaxing)
 .eh_frame      0x0000000000014260      0x108 /tmp/ccvxlUtU.o
                                        0x120 (size before relaxing)
 .eh_frame      0x0000000000014368      0x100 /tmp/ccu0hG9v.o
                                        0x118 (size before relaxing)
 .eh_frame      0x0000000000014468       0x40 /tmp/ccmjwyuW.o
                                         0x58 (size before relaxing)
 .eh_frame      0x00000000000144a8       0x80 /tmp/ccbFeR0e.o
                                         0x98 (size before relaxing)
 .eh_frame      0x0000000000014528      0x100 /tmp/ccYz04HO.o
                                        0x118 (size before relaxing)
 .eh_frame      0x0000000000014628       0xe0 /tmp/ccVWXv3G.o
                                         0xf8 (size before relaxing)
 .eh_frame      0x0000000000014708       0xc0 /tmp/ccDKPgDo.o
                                         0xd8 (size before relaxing)
 .eh_frame      0x00000000000147c8       0x20 /tmp/ccDg3DVw.o
                                         0x38 (size before relaxing)
 .eh_frame      0x00000000000147e8       0xc0 /tmp/ccuHlAc5.o
                                         0xd8 (size before relaxing)
 .eh_frame      0x00000000000148a8       0xe0 /tmp/ccIR0l9M.o
                                         0xf8 (size before relaxing)
 .eh_frame      0x0000000000014988       0xc0 /tmp/cc75Jos6.o
                                         0xd8 (size before relaxing)
 .eh_frame      0x0000000000014a48       0x20 /tmp/cc2DbAM0.o
                                         0x38 (size before relaxing)
 .eh_frame      0x0000000000014a68        0x4 /usr/lib/gcc/x86_64-linux-gnu/11/crtendS.o
 *(.eh_frame.*)

.gcc_except_table
 *(.gcc_except_table .gcc_except_table.*)

.gnu_extab
 *(.gnu_extab*)

.exception_ranges
 *(.exception_ranges*)
                0x0000000000015bc0                . = DATA_SEGMENT_ALIGN (CONSTANT (MAXPAGESIZE), CONSTANT (COMMONPAGESIZE))

.eh_frame
 *(.eh_frame)
 *(.eh_frame.*)

.gnu_extab
 *(.gnu_extab)

.gcc_except_table
 *(.gcc_except_table .gcc_except_table.*)

.exception_ranges
 *(.exception_ranges*)

.tdata          0x0000000000015bc0        0x0
                [!provide]                        PROVIDE (__tdata_start = .)
 *(.tdata .tdata.* .gnu.linkonce.td.*)

.tbss
 *(.tbss .tbss.* .gnu.linkonce.tb.*)
 *(.tcommon)

.preinit_array  0x0000000000015bc0        0x0
                [!provide]                        PROVIDE (__preinit_array_start = .)
 *(.preinit_array)
                [!provide]                        PROVIDE (__preinit_array_end = .)

.init_array     0x0000000000015bc0        0x8
                [!provide]                        PROVIDE (__init_array_start = .)
 *(SORT_BY_INIT_PRIORITY(.init_array.*) SORT_BY_INIT_PRIORITY(.ctors.*))
 *(.init_array EXCLUDE_FILE(*crtend?.o *crtend.o *crtbegin?.o *crtbegin.o) .ctors)
 .init_array    0x0000000000015bc0        0x8 /usr/lib/gcc/x86_64-linux-gnu/11/crtbeginS.o
                [!provide]                        PROVIDE (__init_array_end = .)

.fini_array     0x0000000000015bc8        0x8
                [!provide]                        PROVIDE (__fini_array_start = .)
 *(SORT_BY_INIT_PRIORITY(.fini_array.*) SORT_BY_INIT_PRIORITY(.dtors.*))
 *(.fini_array EXCLUDE_FILE(*crtend?.o *crtend.o *crtbegin?.o *crtbegin.o) .dtors)
 .fini_array    0x0000000000015bc8        0x8 /usr/lib/gcc/x86_64-linux-gnu/11/crtbeginS.o
                [!provide]                        PROVIDE (__fini_array_end = .)

.ctors
 *crtbegin.o(.ctors)
 *crtbegin?.o(.ctors)
 *(EXCLUDE_FILE(*crtend?.o *crtend.o) .ctors)
 *(SORT_BY_NAME(.ctors.*))
 *(.ctors)

.dtors
 *crtbegin.o(.dtors)
 *crtbegin?.o(.dtors)
 *(EXCLUDE_FILE(*crtend?.o *crtend.o) .dtors)
 *(SORT_BY_NAME(.dtors.*))
 *(.dtors)

.jcr
 *(.jcr)

.data.rel.ro    0x0000000000015bd0        0x0
 *(.data.rel.ro.local* .gnu.linkonce.d.rel.ro.local.*)
 *(.data.rel.ro .data.rel.ro.* .gnu.linkonce.d.rel.ro.*)
 .data.rel.ro   0x0000000000015bd0        0x0 /usr/lib/gcc/x86_64-linux-gnu/11/../../../x86_64-linux-gnu/Scrt1.o

.dynamic        0x0000000000015bd0      0x200
 *(.dynamic)
 .dynamic       0x0000000000015bd0      0x200 /usr/lib/gcc/x86_64-linux-gnu/11/../../../x86_64-linux-gnu/Scrt1.o
                0x0000000000015bd0                _DYNAMIC

.got            0x0000000000015dd0      0x230
 *(.got.plt)
 .got.plt       0x0000000000015dd0      0x208 /usr/lib/gcc/x86_64-linux-gnu/11/../../../x86_64-linux-gnu/Scrt1.o
                0x0000000000015dd0                _GLOBAL_OFFSET_TABLE_
 *(.igot.plt)
 *(.got)
 .got           0x0000000000015fd8       0x28 /usr/lib/gcc/x86_64-linux-gnu/11/../../../x86_64-linux-gnu/Scrt1.o
 *(.igot)
                0x0000000000016000                . = DATA_SEGMENT_RELRO_END (., 0x0)

.data           0x0000000000016000       0x10
 *(.data .data.* .gnu.linkonce.d.*)
 .data          0x0000000000016000        0x4 /usr/lib/gcc/x86_64-linux-gnu/11/../../../x86_64-linux-gnu/Scrt1.o
                0x0000000000016000                data_start
                0x0000000000016000                __data_start
 .data          0x0000000000016004        0x0 /usr/lib/gcc/x86_64-linux-gnu/11/../../../x86_64-linux-gnu/crti.o
 .data          0x0000000000016004        0x0 /usr/lib/gcc/x86_64-linux-gnu/11/crtbeginS.o
 *fill*         0x0000000000016004        0x4 
 .data.rel.local
                0x0000000000016008        0x8 /usr/lib/gcc/x86_64-linux-gnu/11/crtbeginS.o
                0x0000000000016008                __dso_handle
 .data          0x0000000000016010        0x0 /tmp/cc2BzFlG.o
 .data          0x0000000000016010        0x0 /tmp/ccejAvzz.o
 .data          0x0000000000016010        0x0 /tmp/ccvxlUtU.o
 .data          0x0000000000016010        0x0 /tmp/ccu0hG9v.o
 .data          0x0000000000016010        0x0 /tmp/ccmjwyuW.o
 .data          0x0000000000016010        0x0 /tmp/ccbFeR0e.o
 .data          0x0000000000016010        0x0 /tmp/ccYz04HO.o
 .data          0x0000000000016010        0x0 /tmp/ccVWXv3G.o
 .data          0x0000000000016010        0x0 /tmp/ccDKPgDo.o
 .data          0x0000000000016010        0x0 /tmp/ccDg3DVw.o
 .data          0x0000000000016010        0x0 /tmp/ccuHlAc5.o
 .data          0x0000000000016010        0x0 /tmp/ccIR0l9M.o
 .data          0x0000000000016010        0x0 /tmp/cc75Jos6.o
 .data          0x0000000000016010        0x0 /tmp/cc2DbAM0.o
 .data          0x0000000000016010        0x0 /usr/lib/gcc/x86_64-linux-gnu/11/crtendS.o
 .data          0x0000000000016010        0x0 /usr/lib/gcc/x86_64-linux-gnu/11/../../../x86_64-linux-gnu/crtn.o

.tm_clone_table
                0x0000000000016010        0x0
 .tm_clone_table
                0x0000000000016010        0x0 /usr/lib/gcc/x86_64-linux-gnu/11/crtbeginS.o
 .tm_clone_table
                0x0000000000016010        0x0 /usr/lib/gcc/x86_64-linux-gnu/11/crtendS.o

.data1
 *(.data1)
                0x0000000000016010                _edata = .
                [!provide]                        PROVIDE (edata = .)
                0x0000000000016010                . = .
                0x0000000000016010                __bss_start = .

.bss            0x0000000000016020   0xddef08
 *(.dynbss)
 .dynbss        0x0000000000016020        0x8 /usr/lib/gcc/x86_64-linux-gnu/11/../../../x86_64-linux-gnu/Scrt1.o
                0x0000000000016020                stderr@@GLIBC_2.2.5
 *(.bss .bss.* .gnu.linkonce.b.*)
 .bss           0x0000000000016028        0x0 /usr/lib/gcc/x86_64-linux-gnu/11/../../../x86_64-linux-gnu/Scrt1.o
 .bss           0x0000000000016028        0x0 /usr/lib/gcc/x86_64-linux-gnu/11/../../../x86_64-linux-gnu/crti.o
 .bss           0x0000000000016028        0x1 /usr/lib/gcc/x86_64-linux-gnu/11/crtbeginS.o
 *fill*         0x0000000000016029       0x17 
 .bss           0x0000000000016040   0x13c781 /tmp/cc2BzFlG.o
                0x0000000000016040                sockfd
                0x0000000000016044                RCServer
                0x0000000000016050                servaddr
                0x0000000000016060                cliaddr
 *fill*         0x00000000001527c1        0x3 
 .bss           0x00000000001527c4        0x4 /tmp/ccejAvzz.o
 *fill*         0x00000000001527c8       0x18 
 .bss           0x00000000001527e0     0x7081 /tmp/ccvxlUtU.o
                0x00000000001527e0                _StoreV
 *fill*         0x0000000000159861       0x1f 
 .bss           0x0000000000159880   0x111700 /tmp/ccu0hG9v.o
                0x0000000000159880                T_sector
 .bss           0x000000000026af80        0x0 /tmp/ccmjwyuW.o
 .bss           0x000000000026af80      0x420 /tmp/ccbFeR0e.o
 .bss           0x000000000026b3a0    0x10aa0 /tmp/ccYz04HO.o
 .bss           0x000000000027be40   0x543aa4 /tmp/ccVWXv3G.o
                0x000000000027be40                T_devstate
                0x00000000007bf8c0                devstate_info
 .bss           0x00000000007bf8e4        0x0 /tmp/ccDKPgDo.o
 .bss           0x00000000007bf8e4        0x0 /tmp/ccDg3DVw.o
 .bss           0x00000000007bf8e4        0x0 /tmp/ccuHlAc5.o
 *fill*         0x00000000007bf8e4       0x1c 
 .bss           0x00000000007bf900   0x426064 /tmp/ccIR0l9M.o
                0x00000000007bf900                T_devices
                0x0000000000bb7300                SessionData_T_dev
                0x0000000000be5940                devices_info
 *fill*         0x0000000000be5964       0x1c 
 .bss           0x0000000000be5980   0x20f5a4 /tmp/cc75Jos6.o
                0x0000000000be5980                T_devcalendar
                0x0000000000df4f00                devcalendar_info
 .bss           0x0000000000df4f24        0x0 /tmp/cc2DbAM0.o
 .bss           0x0000000000df4f24        0x0 /usr/lib/gcc/x86_64-linux-gnu/11/crtendS.o
 .bss           0x0000000000df4f24        0x0 /usr/lib/gcc/x86_64-linux-gnu/11/../../../x86_64-linux-gnu/crtn.o
 *(COMMON)
                0x0000000000df4f28                . = ALIGN ((. != 0x0)?0x8:0x1)
 *fill*         0x0000000000df4f24        0x4 

.lbss
 *(.dynlbss)
 *(.lbss .lbss.* .gnu.linkonce.lb.*)
 *(LARGE_COMMON)
                0x0000000000df4f28                . = ALIGN (0x8)
                0x0000000000df4f28                . = SEGMENT_START ("ldata-segment", .)

.lrodata
 *(.lrodata .lrodata.* .gnu.linkonce.lr.*)

.ldata          0x0000000000df6f28        0x0
 *(.ldata .ldata.* .gnu.linkonce.l.*)
                0x0000000000df6f28                . = ALIGN ((. != 0x0)?0x8:0x1)
                0x0000000000df6f28                . = ALIGN (0x8)
                0x0000000000df4f28                _end = .
                [!provide]                        PROVIDE (end = .)
                0x0000000000df6f28                . = DATA_SEGMENT_END (.)

.stab
 *(.stab)

.stabstr
 *(.stabstr)

.stab.excl
 *(.stab.excl)

.stab.exclstr
 *(.stab.exclstr)

.stab.index
 *(.stab.index)

.stab.indexstr
 *(.stab.indexstr)

.comment        0x0000000000000000       0x2d
 *(.comment)
 .comment       0x0000000000000000       0x2d /usr/lib/gcc/x86_64-linux-gnu/11/crtbeginS.o
                                         0x2e (size before relaxing)
 .comment       0x000000000000002d       0x2e /tmp/cc2BzFlG.o
 .comment       0x000000000000002d       0x2e /tmp/ccejAvzz.o
 .comment       0x000000000000002d       0x2e /tmp/ccvxlUtU.o
 .comment       0x000000000000002d       0x2e /tmp/ccu0hG9v.o
 .comment       0x000000000000002d       0x2e /tmp/ccmjwyuW.o
 .comment       0x000000000000002d       0x2e /tmp/ccbFeR0e.o
 .comment       0x000000000000002d       0x2e /tmp/ccYz04HO.o
 .comment       0x000000000000002d       0x2e /tmp/ccVWXv3G.o
 .comment       0x000000000000002d       0x2e /tmp/ccDKPgDo.o
 .comment       0x000000000000002d       0x2e /tmp/ccDg3DVw.o
 .comment       0x000000000000002d       0x2e /tmp/ccuHlAc5.o
 .comment       0x000000000000002d       0x2e /tmp/ccIR0l9M.o
 .comment       0x000000000000002d       0x2e /tmp/cc75Jos6.o
 .comment       0x000000000000002d       0x2e /tmp/cc2DbAM0.o
 .comment       0x000000000000002d       0x2e /usr/lib/gcc/x86_64-linux-gnu/11/crtendS.o

.gnu.build.attributes
 *(.gnu.build.attributes .gnu.build.attributes.*)

.debug
 *(.debug)

.line
 *(.line)

.debug_srcinfo
 *(.debug_srcinfo)

.debug_sfnames
 *(.debug_sfnames)

.debug_aranges  0x0000000000000000      0x2a0
 *(.debug_aranges)
 .debug_aranges
                0x0000000000000000       0x30 /tmp/cc2BzFlG.o
 .debug_aranges
                0x0000000000000030       0x30 /tmp/ccejAvzz.o
 .debug_aranges
                0x0000000000000060       0x30 /tmp/ccvxlUtU.o
 .debug_aranges
                0x0000000000000090       0x30 /tmp/ccu0hG9v.o
 .debug_aranges
                0x00000000000000c0       0x30 /tmp/ccmjwyuW.o
 .debug_aranges
                0x00000000000000f0       0x30 /tmp/ccbFeR0e.o
 .debug_aranges
                0x0000000000000120       0x30 /tmp/ccYz04HO.o
 .debug_aranges
                0x0000000000000150       0x30 /tmp/ccVWXv3G.o
 .debug_aranges
                0x0000000000000180       0x30 /tmp/ccDKPgDo.o
 .debug_aranges
                0x00000000000001b0       0x30 /tmp/ccDg3DVw.o
 .debug_aranges
                0x00000000000001e0       0x30 /tmp/ccuHlAc5.o
 .debug_aranges
                0x0000000000000210       0x30 /tmp/ccIR0l9M.o
 .debug_aranges
                0x0000000000000240       0x30 /tmp/cc75Jos6.o
 .debug_aranges
                0x0000000000000270       0x30 /tmp/cc2DbAM0.o

.debug_pubnames
 *(.debug_pubnames)

.debug_info     0x0000000000000000     0x9d5d
 *(.debug_info .gnu.linkonce.wi.*)
 .debug_info    0x0000000000000000     0x26da /tmp/cc2BzFlG.o
 .debug_info    0x00000000000026da      0x217 /tmp/ccejAvzz.o
 .debug_info    0x00000000000028f1      0xc29 /tmp/ccvxlUtU.o
 .debug_info    0x000000000000351a      0x8f5 /tmp/ccu0hG9v.o
 .debug_info    0x0000000000003e0f      0x181 /tmp/ccmjwyuW.o
 .debug_info    0x0000000000003f90      0x74d /tmp/ccbFeR0e.o
 .debug_info    0x00000000000046dd      0xa75 /tmp/ccYz04HO.o
 .debug_info    0x0000000000005152      0xeb2 /tmp/ccVWXv3G.o
 .debug_info    0x0000000000006004      0xa97 /tmp/ccDKPgDo.o
 .debug_info    0x0000000000006a9b      0x67b /tmp/ccDg3DVw.o
 .debug_info    0x0000000000007116      0xa62 /tmp/ccuHlAc5.o
 .debug_info    0x0000000000007b78      0xca6 /tmp/ccIR0l9M.o
 .debug_info    0x000000000000881e      0xf07 /tmp/cc75Jos6.o
 .debug_info    0x0000000000009725      0x638 /tmp/cc2DbAM0.o

.debug_abbrev   0x0000000000000000     0x1fe0
 *(.debug_abbrev)
 .debug_abbrev  0x0000000000000000      0x49d /tmp/cc2BzFlG.o
 .debug_abbrev  0x000000000000049d      0x119 /tmp/ccejAvzz.o
 .debug_abbrev  0x00000000000005b6      0x268 /tmp/ccvxlUtU.o
 .debug_abbrev  0x000000000000081e      0x251 /tmp/ccu0hG9v.o
 .debug_abbrev  0x0000000000000a6f       0xe5 /tmp/ccmjwyuW.o
 .debug_abbrev  0x0000000000000b54      0x21c /tmp/ccbFeR0e.o
 .debug_abbrev  0x0000000000000d70      0x2b3 /tmp/ccYz04HO.o
 .debug_abbrev  0x0000000000001023      0x2b0 /tmp/ccVWXv3G.o
 .debug_abbrev  0x00000000000012d3      0x252 /tmp/ccDKPgDo.o
 .debug_abbrev  0x0000000000001525      0x194 /tmp/ccDg3DVw.o
 .debug_abbrev  0x00000000000016b9      0x25d /tmp/ccuHlAc5.o
 .debug_abbrev  0x0000000000001916      0x2bd /tmp/ccIR0l9M.o
 .debug_abbrev  0x0000000000001bd3      0x292 /tmp/cc75Jos6.o
 .debug_abbrev  0x0000000000001e65      0x17b /tmp/cc2DbAM0.o

.debug_line     0x0000000000000000     0x3c65
 *(.debug_line .debug_line.* .debug_line_end)
 .debug_line    0x0000000000000000      0xd22 /tmp/cc2BzFlG.o
 .debug_line    0x0000000000000d22      0x133 /tmp/ccejAvzz.o
 .debug_line    0x0000000000000e55      0x455 /tmp/ccvxlUtU.o
 .debug_line    0x00000000000012aa      0x1be /tmp/ccu0hG9v.o
 .debug_line    0x0000000000001468      0x100 /tmp/ccmjwyuW.o
 .debug_line    0x0000000000001568      0x1c8 /tmp/ccbFeR0e.o
 .debug_line    0x0000000000001730      0x2ea /tmp/ccYz04HO.o
 .debug_line    0x0000000000001a1a      0x82e /tmp/ccVWXv3G.o
 .debug_line    0x0000000000002248      0x3ea /tmp/ccDKPgDo.o
 .debug_line    0x0000000000002632      0x134 /tmp/ccDg3DVw.o
 .debug_line    0x0000000000002766      0x46c /tmp/ccuHlAc5.o
 .debug_line    0x0000000000002bd2      0x64f /tmp/ccIR0l9M.o
 .debug_line    0x0000000000003221      0x908 /tmp/cc75Jos6.o
 .debug_line    0x0000000000003b29      0x13c /tmp/cc2DbAM0.o

.debug_frame
 *(.debug_frame)

.debug_str      0x0000000000000000     0x215a
 *(.debug_str)
 .debug_str     0x0000000000000000     0x12d6 /tmp/cc2BzFlG.o
                                       0x14fc (size before relaxing)
 .debug_str     0x00000000000012d6       0x2e /tmp/ccejAvzz.o
                                        0x16d (size before relaxing)
 .debug_str     0x0000000000001304      0x307 /tmp/ccvxlUtU.o
                                        0x7e1 (size before relaxing)
 .debug_str     0x000000000000160b       0xf2 /tmp/ccu0hG9v.o
                                        0x5b7 (size before relaxing)
 .debug_str     0x00000000000016fd        0x7 /tmp/ccmjwyuW.o
                                        0x143 (size before relaxing)
 .debug_str     0x0000000000001704       0xd1 /tmp/ccbFeR0e.o
                                        0x46d (size before relaxing)
 .debug_str     0x00000000000017d5       0xdf /tmp/ccYz04HO.o
                                        0x57a (size before relaxing)
 .debug_str     0x00000000000018b4      0x3a5 /tmp/ccVWXv3G.o
                                        0x9ab (size before relaxing)
 .debug_str     0x0000000000001c59      0x24e /tmp/ccDKPgDo.o
                                        0x93d (size before relaxing)
 .debug_str     0x0000000000001ea7       0x25 /tmp/ccDg3DVw.o
                                        0x6a0 (size before relaxing)
 .debug_str     0x0000000000001ecc      0x1ae /tmp/ccuHlAc5.o
                                        0x91a (size before relaxing)
 .debug_str     0x000000000000207a       0x4c /tmp/ccIR0l9M.o
                                        0x954 (size before relaxing)
 .debug_str     0x00000000000020c6       0x83 /tmp/cc75Jos6.o
                                        0x9d2 (size before relaxing)
 .debug_str     0x0000000000002149       0x11 /tmp/cc2DbAM0.o
                                        0x452 (size before relaxing)

.debug_loc
 *(.debug_loc)

.debug_macinfo
 *(.debug_macinfo)

.debug_weaknames
 *(.debug_weaknames)

.debug_funcnames
 *(.debug_funcnames)

.debug_typenames
 *(.debug_typenames)

.debug_varnames
 *(.debug_varnames)

.debug_pubtypes
 *(.debug_pubtypes)

.debug_ranges
 *(.debug_ranges)

.debug_addr
 *(.debug_addr)

.debug_line_str
                0x0000000000000000      0x357
 *(.debug_line_str)
 .debug_line_str
                0x0000000000000000      0x229 /tmp/cc2BzFlG.o
                                        0x27b (size before relaxing)
 .debug_line_str
                0x0000000000000229        0x6 /tmp/ccejAvzz.o
                                         0xe1 (size before relaxing)
 .debug_line_str
                0x000000000000022f       0x34 /tmp/ccvxlUtU.o
                                        0x1b3 (size before relaxing)
 .debug_line_str
                0x0000000000000263        0x5 /tmp/ccu0hG9v.o
                                        0x112 (size before relaxing)
 .debug_line_str
                0x0000000000000268        0x7 /tmp/ccmjwyuW.o
                                         0x78 (size before relaxing)
 .debug_line_str
                0x000000000000026f       0x26 /tmp/ccbFeR0e.o
                                        0x1b1 (size before relaxing)
 .debug_line_str
                0x0000000000000295        0xc /tmp/ccYz04HO.o
                                        0x151 (size before relaxing)
 .debug_line_str
                0x00000000000002a1       0x40 /tmp/ccVWXv3G.o
                                        0x1a7 (size before relaxing)
 .debug_line_str
                0x00000000000002e1       0x1c /tmp/ccDKPgDo.o
                                        0x198 (size before relaxing)
 .debug_line_str
                0x00000000000002fd       0x1a /tmp/ccDg3DVw.o
                                        0x177 (size before relaxing)
 .debug_line_str
                0x0000000000000317       0x16 /tmp/ccuHlAc5.o
                                        0x1a9 (size before relaxing)
 .debug_line_str
                0x000000000000032d        0xd /tmp/ccIR0l9M.o
                                        0x194 (size before relaxing)
 .debug_line_str
                0x000000000000033a       0x11 /tmp/cc75Jos6.o
                                        0x1a5 (size before relaxing)
 .debug_line_str
                0x000000000000034b        0xc /tmp/cc2DbAM0.o
                                        0x192 (size before relaxing)

.debug_loclists
 *(.debug_loclists)

.debug_macro
 *(.debug_macro)

.debug_names
 *(.debug_names)

.debug_rnglists
                0x0000000000000000       0x3d
 *(.debug_rnglists)
 .debug_rnglists
                0x0000000000000000       0x3d /tmp/cc2BzFlG.o

.debug_str_offsets
 *(.debug_str_offsets)

.debug_sup
 *(.debug_sup)

.gnu.attributes
 *(.gnu.attributes)

/DISCARD/
 *(.note.GNU-stack)
 *(.gnu_debuglink)
 *(.gnu.lto_*)
OUTPUT(rcserver elf64-x86-64)
