
Merging program properties


As-needed library included to satisfy reference by file (symbol)

libpq.so.5                    /tmp/ccd1mdd9.o (PQstatus)
libc.so.6                     /tmp/ccqp3xl7.o (clock@@GLIBC_2.2.5)

Discarded input sections

 .note.GNU-stack
                0x0000000000000000        0x0 /usr/lib/gcc/x86_64-linux-gnu/11/../../../x86_64-linux-gnu/Scrt1.o
 .note.gnu.property
                0x0000000000000000       0x20 /usr/lib/gcc/x86_64-linux-gnu/11/../../../x86_64-linux-gnu/crti.o
 .note.GNU-stack
                0x0000000000000000        0x0 /usr/lib/gcc/x86_64-linux-gnu/11/../../../x86_64-linux-gnu/crti.o
 .note.GNU-stack
                0x0000000000000000        0x0 /usr/lib/gcc/x86_64-linux-gnu/11/crtbeginS.o
 .note.gnu.property
                0x0000000000000000       0x20 /usr/lib/gcc/x86_64-linux-gnu/11/crtbeginS.o
 .note.GNU-stack
                0x0000000000000000        0x0 /tmp/ccqp3xl7.o
 .note.gnu.property
                0x0000000000000000       0x20 /tmp/ccqp3xl7.o
 .note.GNU-stack
                0x0000000000000000        0x0 /tmp/ccMdJooS.o
 .note.gnu.property
                0x0000000000000000       0x20 /tmp/ccMdJooS.o
 .note.GNU-stack
                0x0000000000000000        0x0 /tmp/cc7EdRer.o
 .note.gnu.property
                0x0000000000000000       0x20 /tmp/cc7EdRer.o
 .note.GNU-stack
                0x0000000000000000        0x0 /tmp/ccu0DPPQ.o
 .note.gnu.property
                0x0000000000000000       0x20 /tmp/ccu0DPPQ.o
 .note.GNU-stack
                0x0000000000000000        0x0 /tmp/cccVSSRt.o
 .note.gnu.property
                0x0000000000000000       0x20 /tmp/cccVSSRt.o
 .note.GNU-stack
                0x0000000000000000        0x0 /tmp/cc2oXhax.o
 .note.gnu.property
                0x0000000000000000       0x20 /tmp/cc2oXhax.o
 .note.GNU-stack
                0x0000000000000000        0x0 /tmp/ccI692Q8.o
 .note.gnu.property
                0x0000000000000000       0x20 /tmp/ccI692Q8.o
 .note.GNU-stack
                0x0000000000000000        0x0 /tmp/ccd1mdd9.o
 .note.gnu.property
                0x0000000000000000       0x20 /tmp/ccd1mdd9.o
 .note.GNU-stack
                0x0000000000000000        0x0 /tmp/ccEoOOst.o
 .note.gnu.property
                0x0000000000000000       0x20 /tmp/ccEoOOst.o
 .note.GNU-stack
                0x0000000000000000        0x0 /tmp/ccVpMeCN.o
 .note.gnu.property
                0x0000000000000000       0x20 /tmp/ccVpMeCN.o
 .note.GNU-stack
                0x0000000000000000        0x0 /tmp/ccjlN6T2.o
 .note.gnu.property
                0x0000000000000000       0x20 /tmp/ccjlN6T2.o
 .note.GNU-stack
                0x0000000000000000        0x0 /tmp/cc4L1D8k.o
 .note.gnu.property
                0x0000000000000000       0x20 /tmp/cc4L1D8k.o
 .note.GNU-stack
                0x0000000000000000        0x0 /usr/lib/gcc/x86_64-linux-gnu/11/crtendS.o
 .note.gnu.property
                0x0000000000000000       0x20 /usr/lib/gcc/x86_64-linux-gnu/11/crtendS.o
 .note.gnu.property
                0x0000000000000000       0x20 /usr/lib/gcc/x86_64-linux-gnu/11/../../../x86_64-linux-gnu/crtn.o
 .note.GNU-stack
                0x0000000000000000        0x0 /usr/lib/gcc/x86_64-linux-gnu/11/../../../x86_64-linux-gnu/crtn.o

Memory Configuration

Name             Origin             Length             Attributes
*default*        0x0000000000000000 0xffffffffffffffff

Linker script and memory map

LOAD /usr/lib/gcc/x86_64-linux-gnu/11/../../../x86_64-linux-gnu/Scrt1.o
LOAD /usr/lib/gcc/x86_64-linux-gnu/11/../../../x86_64-linux-gnu/crti.o
LOAD /usr/lib/gcc/x86_64-linux-gnu/11/crtbeginS.o
LOAD /tmp/ccqp3xl7.o
LOAD /tmp/ccMdJooS.o
LOAD /tmp/cc7EdRer.o
LOAD /tmp/ccu0DPPQ.o
LOAD /tmp/cccVSSRt.o
LOAD /tmp/cc2oXhax.o
LOAD /tmp/ccI692Q8.o
LOAD /tmp/ccd1mdd9.o
LOAD /tmp/ccEoOOst.o
LOAD /tmp/ccVpMeCN.o
LOAD /tmp/ccjlN6T2.o
LOAD /tmp/cc4L1D8k.o
LOAD /usr/lib/gcc/x86_64-linux-gnu/11/../../../x86_64-linux-gnu/libpq.so
LOAD /usr/lib/gcc/x86_64-linux-gnu/11/libgcc.a
LOAD /usr/lib/gcc/x86_64-linux-gnu/11/libgcc_s.so
START GROUP
LOAD /usr/lib/gcc/x86_64-linux-gnu/11/../../../x86_64-linux-gnu/libgcc_s.so.1
LOAD /usr/lib/gcc/x86_64-linux-gnu/11/libgcc.a
END GROUP
LOAD /usr/lib/gcc/x86_64-linux-gnu/11/../../../x86_64-linux-gnu/libc.so
START GROUP
LOAD /lib/x86_64-linux-gnu/libc.so.6
LOAD /usr/lib/x86_64-linux-gnu/libc_nonshared.a
LOAD /lib64/ld-linux-x86-64.so.2
END GROUP
LOAD /usr/lib/gcc/x86_64-linux-gnu/11/libgcc.a
LOAD /usr/lib/gcc/x86_64-linux-gnu/11/libgcc_s.so
START GROUP
LOAD /usr/lib/gcc/x86_64-linux-gnu/11/../../../x86_64-linux-gnu/libgcc_s.so.1
LOAD /usr/lib/gcc/x86_64-linux-gnu/11/libgcc.a
END GROUP
LOAD /usr/lib/gcc/x86_64-linux-gnu/11/crtendS.o
LOAD /usr/lib/gcc/x86_64-linux-gnu/11/../../../x86_64-linux-gnu/crtn.o
                [!provide]                        PROVIDE (__executable_start = SEGMENT_START ("text-segment", 0x0))
                0x0000000000000318                . = (SEGMENT_START ("text-segment", 0x0) + SIZEOF_HEADERS)

.interp         0x0000000000000318       0x1c
 *(.interp)
 .interp        0x0000000000000318       0x1c /usr/lib/gcc/x86_64-linux-gnu/11/../../../x86_64-linux-gnu/Scrt1.o

.note.gnu.property
                0x0000000000000338       0x30
 .note.gnu.property
                0x0000000000000338       0x30 /usr/lib/gcc/x86_64-linux-gnu/11/../../../x86_64-linux-gnu/Scrt1.o

.note.gnu.build-id
                0x0000000000000368       0x24
 *(.note.gnu.build-id)
 .note.gnu.build-id
                0x0000000000000368       0x24 /usr/lib/gcc/x86_64-linux-gnu/11/../../../x86_64-linux-gnu/Scrt1.o

.note.ABI-tag   0x000000000000038c       0x20
 .note.ABI-tag  0x000000000000038c       0x20 /usr/lib/gcc/x86_64-linux-gnu/11/../../../x86_64-linux-gnu/Scrt1.o

.hash
 *(.hash)

.gnu.hash       0x00000000000003b0       0x28
 *(.gnu.hash)
 .gnu.hash      0x00000000000003b0       0x28 /usr/lib/gcc/x86_64-linux-gnu/11/../../../x86_64-linux-gnu/Scrt1.o

.dynsym         0x00000000000003d8      0x648
 *(.dynsym)
 .dynsym        0x00000000000003d8      0x648 /usr/lib/gcc/x86_64-linux-gnu/11/../../../x86_64-linux-gnu/Scrt1.o

.dynstr         0x0000000000000a20      0x289
 *(.dynstr)
 .dynstr        0x0000000000000a20      0x289 /usr/lib/gcc/x86_64-linux-gnu/11/../../../x86_64-linux-gnu/Scrt1.o

.gnu.version    0x0000000000000caa       0x86
 *(.gnu.version)
 .gnu.version   0x0000000000000caa       0x86 /usr/lib/gcc/x86_64-linux-gnu/11/../../../x86_64-linux-gnu/Scrt1.o

.gnu.version_d  0x0000000000000d30        0x0
 *(.gnu.version_d)
 .gnu.version_d
                0x0000000000000d30        0x0 /usr/lib/gcc/x86_64-linux-gnu/11/../../../x86_64-linux-gnu/Scrt1.o

.gnu.version_r  0x0000000000000d30       0x60
 *(.gnu.version_r)
 .gnu.version_r
                0x0000000000000d30       0x60 /usr/lib/gcc/x86_64-linux-gnu/11/../../../x86_64-linux-gnu/Scrt1.o

.rela.dyn       0x0000000000000d90       0xd8
 *(.rela.init)
 *(.rela.text .rela.text.* .rela.gnu.linkonce.t.*)
 .rela.text     0x0000000000000d90        0x0 /usr/lib/gcc/x86_64-linux-gnu/11/../../../x86_64-linux-gnu/Scrt1.o
 *(.rela.fini)
 *(.rela.rodata .rela.rodata.* .rela.gnu.linkonce.r.*)
 *(.rela.data .rela.data.* .rela.gnu.linkonce.d.*)
 .rela.data.rel.ro
                0x0000000000000d90        0x0 /usr/lib/gcc/x86_64-linux-gnu/11/../../../x86_64-linux-gnu/Scrt1.o
 .rela.data.rel.local
                0x0000000000000d90       0x18 /usr/lib/gcc/x86_64-linux-gnu/11/../../../x86_64-linux-gnu/Scrt1.o
 *(.rela.tdata .rela.tdata.* .rela.gnu.linkonce.td.*)
 *(.rela.tbss .rela.tbss.* .rela.gnu.linkonce.tb.*)
 *(.rela.ctors)
 *(.rela.dtors)
 *(.rela.got)
 .rela.got      0x0000000000000da8       0x78 /usr/lib/gcc/x86_64-linux-gnu/11/../../../x86_64-linux-gnu/Scrt1.o
 *(.rela.bss .rela.bss.* .rela.gnu.linkonce.b.*)
 .rela.bss      0x0000000000000e20       0x18 /usr/lib/gcc/x86_64-linux-gnu/11/../../../x86_64-linux-gnu/Scrt1.o
 *(.rela.ldata .rela.ldata.* .rela.gnu.linkonce.l.*)
 *(.rela.lbss .rela.lbss.* .rela.gnu.linkonce.lb.*)
 *(.rela.lrodata .rela.lrodata.* .rela.gnu.linkonce.lr.*)
 *(.rela.ifunc)
 .rela.ifunc    0x0000000000000e38        0x0 /usr/lib/gcc/x86_64-linux-gnu/11/../../../x86_64-linux-gnu/Scrt1.o
 .rela.fini_array
                0x0000000000000e38       0x18 /usr/lib/gcc/x86_64-linux-gnu/11/../../../x86_64-linux-gnu/Scrt1.o
 .rela.init_array
                0x0000000000000e50       0x18 /usr/lib/gcc/x86_64-linux-gnu/11/../../../x86_64-linux-gnu/Scrt1.o

.rela.plt       0x0000000000000e68      0x5a0
 *(.rela.plt)
 .rela.plt      0x0000000000000e68      0x5a0 /usr/lib/gcc/x86_64-linux-gnu/11/../../../x86_64-linux-gnu/Scrt1.o
 *(.rela.iplt)

.relr.dyn
 *(.relr.dyn)
                0x0000000000002000                . = ALIGN (CONSTANT (MAXPAGESIZE))

.init           0x0000000000002000       0x1b
 *(SORT_NONE(.init))
 .init          0x0000000000002000       0x16 /usr/lib/gcc/x86_64-linux-gnu/11/../../../x86_64-linux-gnu/crti.o
                0x0000000000002000                _init
 .init          0x0000000000002016        0x5 /usr/lib/gcc/x86_64-linux-gnu/11/../../../x86_64-linux-gnu/crtn.o

.plt            0x0000000000002020      0x3d0
 *(.plt)
 .plt           0x0000000000002020      0x3d0 /usr/lib/gcc/x86_64-linux-gnu/11/../../../x86_64-linux-gnu/Scrt1.o
 *(.iplt)

.plt.got        0x00000000000023f0       0x10
 *(.plt.got)
 .plt.got       0x00000000000023f0       0x10 /usr/lib/gcc/x86_64-linux-gnu/11/../../../x86_64-linux-gnu/Scrt1.o
                0x00000000000023f0                __cxa_finalize@@GLIBC_2.2.5

.plt.sec        0x0000000000002400      0x3c0
 *(.plt.sec)
 .plt.sec       0x0000000000002400      0x3c0 /usr/lib/gcc/x86_64-linux-gnu/11/../../../x86_64-linux-gnu/Scrt1.o
                0x0000000000002400                ftell@@GLIBC_2.2.5
                0x0000000000002410                PQresultStatus
                0x0000000000002420                PQgetvalue
                0x0000000000002430                __errno_location@@GLIBC_2.2.5
                0x0000000000002440                printf@@GLIBC_2.2.5
                0x0000000000002450                PQclear
                0x0000000000002460                htons@@GLIBC_2.2.5
                0x0000000000002470                sendto@@GLIBC_2.2.5
                0x0000000000002480                rewind@@GLIBC_2.2.5
                0x0000000000002490                bind@@GLIBC_2.2.5
                0x00000000000024a0                sprintf@@GLIBC_2.2.5
                0x00000000000024b0                socket@@GLIBC_2.2.5
                0x00000000000024c0                strlen@@GLIBC_2.2.5
                0x00000000000024d0                PQexec
                0x00000000000024e0                inet_ntoa@@GLIBC_2.2.5
                0x00000000000024f0                memcmp@@GLIBC_2.2.5
                0x0000000000002500                mkdir@@GLIBC_2.2.5
                0x0000000000002510                strncpy@@GLIBC_2.2.5
                0x0000000000002520                memset@@GLIBC_2.2.5
                0x0000000000002530                fcntl@@GLIBC_2.2.5
                0x0000000000002540                rename@@GLIBC_2.2.5
                0x0000000000002550                clock@@GLIBC_2.2.5
                0x0000000000002560                PQgetisnull
                0x0000000000002570                localtime@@GLIBC_2.2.5
                0x0000000000002580                sleep@@GLIBC_2.2.5
                0x0000000000002590                recvfrom@@GLIBC_2.2.5
                0x00000000000025a0                PQerrorMessage
                0x00000000000025b0                atoll@@GLIBC_2.2.5
                0x00000000000025c0                strftime@@GLIBC_2.2.5
                0x00000000000025d0                memcpy@@GLIBC_2.14
                0x00000000000025e0                perror@@GLIBC_2.2.5
                0x00000000000025f0                stat@@GLIBC_2.33
                0x0000000000002600                time@@GLIBC_2.2.5
                0x0000000000002610                strcpy@@GLIBC_2.2.5
                0x0000000000002620                fclose@@GLIBC_2.2.5
                0x0000000000002630                inet_ntop@@GLIBC_2.2.5
                0x0000000000002640                PQexecParams
                0x0000000000002650                fseek@@GLIBC_2.2.5
                0x0000000000002660                __stack_chk_fail@@GLIBC_2.4
                0x0000000000002670                PQconnectdb
                0x0000000000002680                fopen@@GLIBC_2.2.5
                0x0000000000002690                signal@@GLIBC_2.2.5
                0x00000000000026a0                exit@@GLIBC_2.2.5
                0x00000000000026b0                PQstatus
                0x00000000000026c0                atof@@GLIBC_2.2.5
                0x00000000000026d0                PQntuples
                0x00000000000026e0                vfprintf@@GLIBC_2.2.5
                0x00000000000026f0                strcmp@@GLIBC_2.2.5
                0x0000000000002700                fprintf@@GLIBC_2.2.5
                0x0000000000002710                fread@@GLIBC_2.2.5
                0x0000000000002720                puts@@GLIBC_2.2.5
                0x0000000000002730                atoi@@GLIBC_2.2.5
                0x0000000000002740                snprintf@@GLIBC_2.2.5
                0x0000000000002750                PQfinish
                0x0000000000002760                ntohs@@GLIBC_2.2.5
                0x0000000000002770                inet_pton@@GLIBC_2.2.5
                0x0000000000002780                PQcmdTuples
                0x0000000000002790                fwrite@@GLIBC_2.2.5
                0x00000000000027a0                close@@GLIBC_2.2.5
                0x00000000000027b0                PQnfields

.text           0x00000000000027c0     0x9974
 *(.text.unlikely .text.*_unlikely .text.unlikely.*)
 *(.text.exit .text.exit.*)
 *(.text.startup .text.startup.*)
 *(.text.hot .text.hot.*)
 *(SORT_BY_NAME(.text.sorted.*))
 *(.text .stub .text.* .gnu.linkonce.t.*)
 .text          0x00000000000027c0       0x26 /usr/lib/gcc/x86_64-linux-gnu/11/../../../x86_64-linux-gnu/Scrt1.o
                0x00000000000027c0                _start
 .text          0x00000000000027e6        0x0 /usr/lib/gcc/x86_64-linux-gnu/11/../../../x86_64-linux-gnu/crti.o
 *fill*         0x00000000000027e6        0xa 
 .text          0x00000000000027f0       0xb9 /usr/lib/gcc/x86_64-linux-gnu/11/crtbeginS.o
 .text          0x00000000000028a9     0x23fd /tmp/ccqp3xl7.o
                0x00000000000028a9                _GetTimer1ms
                0x00000000000028dc                sigintHandler
                0x0000000000002911                _initlog
                0x000000000000296f                _log
                0x0000000000002b0f                printIPAddress
                0x0000000000002bee                _Look4BTxFree
                0x0000000000002d0a                _Look4BTxPos
                0x0000000000002d99                _Look4BTxRelease
                0x0000000000002e09                _InitRCServer
                0x0000000000003055                _Send2EQ
                0x00000000000030b9                _ProcIDLE
                0x00000000000030c4                _ProcRx
                0x0000000000004957                _ProcTxVFileTimeout
                0x0000000000004a45                _Proc10msFuncs
                0x0000000000004ae5                main
 .text          0x0000000000004ca6      0x232 /tmp/ccMdJooS.o
                0x0000000000004ca6                CalcCrc16
                0x0000000000004e46                crc_ccitt
 .text          0x0000000000004ed8      0xfcb /tmp/cc7EdRer.o
                0x0000000000004ed8                _strcpyln
                0x0000000000004f58                _InitStoreFiles
                0x0000000000004f7c                _Look4Free
                0x0000000000004ff2                _Look4Pos
                0x0000000000005066                _Look4Release
                0x00000000000050bf                _ProcStFilesTimeout
                0x00000000000051ce                _CreateFolder
                0x00000000000052c9                _StoreFile
 .text          0x0000000000005ea3      0x3e2 /tmp/ccu0DPPQ.o
                0x0000000000005ea3                Hex2Bin
                0x0000000000006035                _Init_dbread
                0x0000000000006062                _dbread_bulk
                0x000000000000608f                _Stfind_Eqid
                0x000000000000612a                _Stfind_Hubid
                0x00000000000061c5                _Findtargetfolder
                0x0000000000006205                _CheckEq
                0x0000000000006245                _CheckHubId
 .text          0x0000000000006285      0x18c /tmp/cccVSSRt.o
                0x0000000000006285                _EncriptDecript
                0x00000000000063a1                strcopys
 .text          0x0000000000006411      0x46a /tmp/cc2oXhax.o
                0x0000000000006411                init_loop2app
                0x000000000000654b                udp_receive
                0x00000000000066b1                udp_send
                0x00000000000067c5                test_loop
 .text          0x000000000000687b      0x750 /tmp/ccI692Q8.o
                0x0000000000006add                _GetTotBinFrames
                0x0000000000006aff                _LoadNetHubBin
                0x0000000000006e70                _GetNetHubFileInfo
                0x0000000000006e93                _Create_Hub
                0x0000000000006f5f                _Find_Hub
 .text          0x0000000000006fcb     0x1519 /tmp/ccd1mdd9.o
                0x0000000000006fcb                _dbread_devstate_size
                0x0000000000007014                _Stfind_Devstate
                0x00000000000070ac                _Stfind_Devstate_ByZone
                0x0000000000007123                _dbread_table_devstate
                0x0000000000007c36                _dbwrite_devstate
                0x000000000000812b                _dbcheck_devstate
                0x00000000000084b0                _InitDb_devstate
 .text          0x00000000000084e4     0x1079 /tmp/ccEoOOst.o
                0x00000000000084e4                _DbDeviceEventTypeToString
                0x0000000000008568                _DbDeviceEventSeverityToString
                0x00000000000085c4                _DbDeviceEventTypeFromString
                0x0000000000008700                _DbDeviceEventSeverityFromString
                0x00000000000087ac                _dbread_deviceevent
                0x0000000000009004                _dbinsert_deviceevent
 .text          0x000000000000955d      0x368 /tmp/ccVpMeCN.o
                0x000000000000955d                _dbread_db_version
 .text          0x00000000000098c5      0xf07 /tmp/ccjlN6T2.o
                0x00000000000098c5                _dbalarm_type_from_string
                0x00000000000099b9                _dbalarm_type_to_string
                0x0000000000009a2d                _dbalarm_severity_from_string
                0x0000000000009ad9                _dbalarm_severity_to_string
                0x0000000000009b37                _dbread_alarm
                0x000000000000a3b6                _dbinsert_alarm
 .text          0x000000000000a7cc     0x1968 /tmp/cc4L1D8k.o
                0x000000000000a7cc                _dbread_devices_size
                0x000000000000a826                _Stfind_Devices
                0x000000000000a8f5                _Stfind_Devices_ByEqid
                0x000000000000ab0f                _Stfind_Devices_ByZone
                0x000000000000abbd                _dbread_table_devices
                0x000000000000bd4a                _dbcheck_devices
                0x000000000000c0e7                _InitDb_devices
 .text          0x000000000000c134        0x0 /usr/lib/gcc/x86_64-linux-gnu/11/crtendS.o
 .text          0x000000000000c134        0x0 /usr/lib/gcc/x86_64-linux-gnu/11/../../../x86_64-linux-gnu/crtn.o
 *(.gnu.warning)

.fini           0x000000000000c134        0xd
 *(SORT_NONE(.fini))
 .fini          0x000000000000c134        0x8 /usr/lib/gcc/x86_64-linux-gnu/11/../../../x86_64-linux-gnu/crti.o
                0x000000000000c134                _fini
 .fini          0x000000000000c13c        0x5 /usr/lib/gcc/x86_64-linux-gnu/11/../../../x86_64-linux-gnu/crtn.o
                [!provide]                        PROVIDE (__etext = .)
                [!provide]                        PROVIDE (_etext = .)
                [!provide]                        PROVIDE (etext = .)
                0x000000000000d000                . = ALIGN (CONSTANT (MAXPAGESIZE))
                0x000000000000d000                . = SEGMENT_START ("rodata-segment", (ALIGN (CONSTANT (MAXPAGESIZE)) + (. & (CONSTANT (MAXPAGESIZE) - 0x1))))

.rodata         0x000000000000d000     0x2d5a
 *(.rodata .rodata.* .gnu.linkonce.r.*)
 .rodata.cst4   0x000000000000d000        0x4 /usr/lib/gcc/x86_64-linux-gnu/11/../../../x86_64-linux-gnu/Scrt1.o
                0x000000000000d000                _IO_stdin_used
 *fill*         0x000000000000d004        0x4 
 .rodata        0x000000000000d008      0xcfc /tmp/ccqp3xl7.o
 *fill*         0x000000000000dd04       0x1c 
 .rodata        0x000000000000dd20      0x222 /tmp/ccMdJooS.o
 *fill*         0x000000000000df42        0x6 
 .rodata        0x000000000000df48      0x213 /tmp/cc7EdRer.o
 *fill*         0x000000000000e15b        0x5 
 .rodata        0x000000000000e160       0x28 /tmp/ccu0DPPQ.o
 .rodata        0x000000000000e188       0x8f /tmp/cccVSSRt.o
 *fill*         0x000000000000e217        0x1 
 .rodata        0x000000000000e218       0xbb /tmp/cc2oXhax.o
 *fill*         0x000000000000e2d3        0x5 
 .rodata        0x000000000000e2d8      0x1a1 /tmp/ccI692Q8.o
 *fill*         0x000000000000e479        0x7 
 .rodata        0x000000000000e480      0x69b /tmp/ccd1mdd9.o
 *fill*         0x000000000000eb1b        0x5 
 .rodata        0x000000000000eb20      0x608 /tmp/ccEoOOst.o
 .rodata        0x000000000000f128      0x180 /tmp/ccVpMeCN.o
 .rodata        0x000000000000f2a8      0x523 /tmp/ccjlN6T2.o
 *fill*         0x000000000000f7cb        0x5 
 .rodata        0x000000000000f7d0      0x58a /tmp/cc4L1D8k.o

.rodata1
 *(.rodata1)

.eh_frame_hdr   0x000000000000fd5c      0x27c
 *(.eh_frame_hdr)
 .eh_frame_hdr  0x000000000000fd5c      0x27c /usr/lib/gcc/x86_64-linux-gnu/11/../../../x86_64-linux-gnu/Scrt1.o
                0x000000000000fd5c                __GNU_EH_FRAME_HDR
 *(.eh_frame_entry .eh_frame_entry.*)

.eh_frame       0x000000000000ffd8      0x9d4
 *(.eh_frame)
 .eh_frame      0x000000000000ffd8       0x30 /usr/lib/gcc/x86_64-linux-gnu/11/../../../x86_64-linux-gnu/Scrt1.o
                                         0x2c (size before relaxing)
 *fill*         0x0000000000010008        0x0 
 .eh_frame      0x0000000000010008       0x28 /usr/lib/gcc/x86_64-linux-gnu/11/../../../x86_64-linux-gnu/Scrt1.o
                                         0x40 (size before relaxing)
 .eh_frame      0x0000000000010030       0x18 /usr/lib/gcc/x86_64-linux-gnu/11/../../../x86_64-linux-gnu/Scrt1.o
                                         0x30 (size before relaxing)
 .eh_frame      0x0000000000010048       0x18 /usr/lib/gcc/x86_64-linux-gnu/11/../../../x86_64-linux-gnu/Scrt1.o
                                         0x30 (size before relaxing)
 .eh_frame      0x0000000000010060      0x1e0 /tmp/ccqp3xl7.o
                                        0x1f8 (size before relaxing)
 .eh_frame      0x0000000000010240       0x40 /tmp/ccMdJooS.o
                                         0x58 (size before relaxing)
 .eh_frame      0x0000000000010280      0x108 /tmp/cc7EdRer.o
                                        0x120 (size before relaxing)
 .eh_frame      0x0000000000010388      0x100 /tmp/ccu0DPPQ.o
                                        0x118 (size before relaxing)
 .eh_frame      0x0000000000010488       0x40 /tmp/cccVSSRt.o
                                         0x58 (size before relaxing)
 .eh_frame      0x00000000000104c8       0x80 /tmp/cc2oXhax.o
                                         0x98 (size before relaxing)
 .eh_frame      0x0000000000010548      0x100 /tmp/ccI692Q8.o
                                        0x118 (size before relaxing)
 .eh_frame      0x0000000000010648       0xe0 /tmp/ccd1mdd9.o
                                         0xf8 (size before relaxing)
 .eh_frame      0x0000000000010728       0xc0 /tmp/ccEoOOst.o
                                         0xd8 (size before relaxing)
 .eh_frame      0x00000000000107e8       0x20 /tmp/ccVpMeCN.o
                                         0x38 (size before relaxing)
 .eh_frame      0x0000000000010808       0xc0 /tmp/ccjlN6T2.o
                                         0xd8 (size before relaxing)
 .eh_frame      0x00000000000108c8       0xe0 /tmp/cc4L1D8k.o
                                         0xf8 (size before relaxing)
 .eh_frame      0x00000000000109a8        0x4 /usr/lib/gcc/x86_64-linux-gnu/11/crtendS.o
 *(.eh_frame.*)

.gcc_except_table
 *(.gcc_except_table .gcc_except_table.*)

.gnu_extab
 *(.gnu_extab*)

.exception_ranges
 *(.exception_ranges*)
                0x0000000000011bd0                . = DATA_SEGMENT_ALIGN (CONSTANT (MAXPAGESIZE), CONSTANT (COMMONPAGESIZE))

.eh_frame
 *(.eh_frame)
 *(.eh_frame.*)

.gnu_extab
 *(.gnu_extab)

.gcc_except_table
 *(.gcc_except_table .gcc_except_table.*)

.exception_ranges
 *(.exception_ranges*)

.tdata          0x0000000000011bd0        0x0
                [!provide]                        PROVIDE (__tdata_start = .)
 *(.tdata .tdata.* .gnu.linkonce.td.*)

.tbss
 *(.tbss .tbss.* .gnu.linkonce.tb.*)
 *(.tcommon)

.preinit_array  0x0000000000011bd0        0x0
                [!provide]                        PROVIDE (__preinit_array_start = .)
 *(.preinit_array)
                [!provide]                        PROVIDE (__preinit_array_end = .)

.init_array     0x0000000000011bd0        0x8
                [!provide]                        PROVIDE (__init_array_start = .)
 *(SORT_BY_INIT_PRIORITY(.init_array.*) SORT_BY_INIT_PRIORITY(.ctors.*))
 *(.init_array EXCLUDE_FILE(*crtend?.o *crtend.o *crtbegin?.o *crtbegin.o) .ctors)
 .init_array    0x0000000000011bd0        0x8 /usr/lib/gcc/x86_64-linux-gnu/11/crtbeginS.o
                [!provide]                        PROVIDE (__init_array_end = .)

.fini_array     0x0000000000011bd8        0x8
                [!provide]                        PROVIDE (__fini_array_start = .)
 *(SORT_BY_INIT_PRIORITY(.fini_array.*) SORT_BY_INIT_PRIORITY(.dtors.*))
 *(.fini_array EXCLUDE_FILE(*crtend?.o *crtend.o *crtbegin?.o *crtbegin.o) .dtors)
 .fini_array    0x0000000000011bd8        0x8 /usr/lib/gcc/x86_64-linux-gnu/11/crtbeginS.o
                [!provide]                        PROVIDE (__fini_array_end = .)

.ctors
 *crtbegin.o(.ctors)
 *crtbegin?.o(.ctors)
 *(EXCLUDE_FILE(*crtend?.o *crtend.o) .ctors)
 *(SORT_BY_NAME(.ctors.*))
 *(.ctors)

.dtors
 *crtbegin.o(.dtors)
 *crtbegin?.o(.dtors)
 *(EXCLUDE_FILE(*crtend?.o *crtend.o) .dtors)
 *(SORT_BY_NAME(.dtors.*))
 *(.dtors)

.jcr
 *(.jcr)

.data.rel.ro    0x0000000000011be0        0x0
 *(.data.rel.ro.local* .gnu.linkonce.d.rel.ro.local.*)
 *(.data.rel.ro .data.rel.ro.* .gnu.linkonce.d.rel.ro.*)
 .data.rel.ro   0x0000000000011be0        0x0 /usr/lib/gcc/x86_64-linux-gnu/11/../../../x86_64-linux-gnu/Scrt1.o

.dynamic        0x0000000000011be0      0x200
 *(.dynamic)
 .dynamic       0x0000000000011be0      0x200 /usr/lib/gcc/x86_64-linux-gnu/11/../../../x86_64-linux-gnu/Scrt1.o
                0x0000000000011be0                _DYNAMIC

.got            0x0000000000011de0      0x220
 *(.got.plt)
 .got.plt       0x0000000000011de0      0x1f8 /usr/lib/gcc/x86_64-linux-gnu/11/../../../x86_64-linux-gnu/Scrt1.o
                0x0000000000011de0                _GLOBAL_OFFSET_TABLE_
 *(.igot.plt)
 *(.got)
 .got           0x0000000000011fd8       0x28 /usr/lib/gcc/x86_64-linux-gnu/11/../../../x86_64-linux-gnu/Scrt1.o
 *(.igot)
                0x0000000000012000                . = DATA_SEGMENT_RELRO_END (., 0x0)

.data           0x0000000000012000       0x10
 *(.data .data.* .gnu.linkonce.d.*)
 .data          0x0000000000012000        0x4 /usr/lib/gcc/x86_64-linux-gnu/11/../../../x86_64-linux-gnu/Scrt1.o
                0x0000000000012000                data_start
                0x0000000000012000                __data_start
 .data          0x0000000000012004        0x0 /usr/lib/gcc/x86_64-linux-gnu/11/../../../x86_64-linux-gnu/crti.o
 .data          0x0000000000012004        0x0 /usr/lib/gcc/x86_64-linux-gnu/11/crtbeginS.o
 *fill*         0x0000000000012004        0x4 
 .data.rel.local
                0x0000000000012008        0x8 /usr/lib/gcc/x86_64-linux-gnu/11/crtbeginS.o
                0x0000000000012008                __dso_handle
 .data          0x0000000000012010        0x0 /tmp/ccqp3xl7.o
 .data          0x0000000000012010        0x0 /tmp/ccMdJooS.o
 .data          0x0000000000012010        0x0 /tmp/cc7EdRer.o
 .data          0x0000000000012010        0x0 /tmp/ccu0DPPQ.o
 .data          0x0000000000012010        0x0 /tmp/cccVSSRt.o
 .data          0x0000000000012010        0x0 /tmp/cc2oXhax.o
 .data          0x0000000000012010        0x0 /tmp/ccI692Q8.o
 .data          0x0000000000012010        0x0 /tmp/ccd1mdd9.o
 .data          0x0000000000012010        0x0 /tmp/ccEoOOst.o
 .data          0x0000000000012010        0x0 /tmp/ccVpMeCN.o
 .data          0x0000000000012010        0x0 /tmp/ccjlN6T2.o
 .data          0x0000000000012010        0x0 /tmp/cc4L1D8k.o
 .data          0x0000000000012010        0x0 /usr/lib/gcc/x86_64-linux-gnu/11/crtendS.o
 .data          0x0000000000012010        0x0 /usr/lib/gcc/x86_64-linux-gnu/11/../../../x86_64-linux-gnu/crtn.o

.tm_clone_table
                0x0000000000012010        0x0
 .tm_clone_table
                0x0000000000012010        0x0 /usr/lib/gcc/x86_64-linux-gnu/11/crtbeginS.o
 .tm_clone_table
                0x0000000000012010        0x0 /usr/lib/gcc/x86_64-linux-gnu/11/crtendS.o

.data1
 *(.data1)
                0x0000000000012010                _edata = .
                [!provide]                        PROVIDE (edata = .)
                0x0000000000012010                . = .
                0x0000000000012010                __bss_start = .

.bss            0x0000000000012020   0xb04f08
 *(.dynbss)
 .dynbss        0x0000000000012020        0x8 /usr/lib/gcc/x86_64-linux-gnu/11/../../../x86_64-linux-gnu/Scrt1.o
                0x0000000000012020                stderr@@GLIBC_2.2.5
 *(.bss .bss.* .gnu.linkonce.b.*)
 .bss           0x0000000000012028        0x0 /usr/lib/gcc/x86_64-linux-gnu/11/../../../x86_64-linux-gnu/Scrt1.o
 .bss           0x0000000000012028        0x0 /usr/lib/gcc/x86_64-linux-gnu/11/../../../x86_64-linux-gnu/crti.o
 .bss           0x0000000000012028        0x1 /usr/lib/gcc/x86_64-linux-gnu/11/crtbeginS.o
 *fill*         0x0000000000012029       0x17 
 .bss           0x0000000000012040   0x13c781 /tmp/ccqp3xl7.o
                0x0000000000012040                sockfd
                0x0000000000012044                RCServer
                0x0000000000012050                servaddr
                0x0000000000012060                cliaddr
 *fill*         0x000000000014e7c1        0x3 
 .bss           0x000000000014e7c4        0x4 /tmp/ccMdJooS.o
 *fill*         0x000000000014e7c8       0x18 
 .bss           0x000000000014e7e0     0x7081 /tmp/cc7EdRer.o
                0x000000000014e7e0                _StoreV
 *fill*         0x0000000000155861       0x1f 
 .bss           0x0000000000155880   0x111700 /tmp/ccu0DPPQ.o
                0x0000000000155880                T_sector
 .bss           0x0000000000266f80        0x0 /tmp/cccVSSRt.o
 .bss           0x0000000000266f80      0x420 /tmp/cc2oXhax.o
 .bss           0x00000000002673a0    0x10aa0 /tmp/ccI692Q8.o
 .bss           0x0000000000277e40   0x4a76a4 /tmp/ccd1mdd9.o
                0x0000000000277e40                T_devstate
                0x000000000071f4c0                devstate_info
 .bss           0x000000000071f4e4        0x0 /tmp/ccEoOOst.o
 .bss           0x000000000071f4e4        0x0 /tmp/ccVpMeCN.o
 .bss           0x000000000071f4e4        0x0 /tmp/ccjlN6T2.o
 *fill*         0x000000000071f4e4       0x1c 
 .bss           0x000000000071f500   0x3f7a24 /tmp/cc4L1D8k.o
                0x000000000071f500                T_devices
                0x0000000000b16f00                devices_info
 .bss           0x0000000000b16f24        0x0 /usr/lib/gcc/x86_64-linux-gnu/11/crtendS.o
 .bss           0x0000000000b16f24        0x0 /usr/lib/gcc/x86_64-linux-gnu/11/../../../x86_64-linux-gnu/crtn.o
 *(COMMON)
                0x0000000000b16f28                . = ALIGN ((. != 0x0)?0x8:0x1)
 *fill*         0x0000000000b16f24        0x4 

.lbss
 *(.dynlbss)
 *(.lbss .lbss.* .gnu.linkonce.lb.*)
 *(LARGE_COMMON)
                0x0000000000b16f28                . = ALIGN (0x8)
                0x0000000000b16f28                . = SEGMENT_START ("ldata-segment", .)

.lrodata
 *(.lrodata .lrodata.* .gnu.linkonce.lr.*)

.ldata          0x0000000000b18f28        0x0
 *(.ldata .ldata.* .gnu.linkonce.l.*)
                0x0000000000b18f28                . = ALIGN ((. != 0x0)?0x8:0x1)
                0x0000000000b18f28                . = ALIGN (0x8)
                0x0000000000b16f28                _end = .
                [!provide]                        PROVIDE (end = .)
                0x0000000000b18f28                . = DATA_SEGMENT_END (.)

.stab
 *(.stab)

.stabstr
 *(.stabstr)

.stab.excl
 *(.stab.excl)

.stab.exclstr
 *(.stab.exclstr)

.stab.index
 *(.stab.index)

.stab.indexstr
 *(.stab.indexstr)

.comment        0x0000000000000000       0x2d
 *(.comment)
 .comment       0x0000000000000000       0x2d /usr/lib/gcc/x86_64-linux-gnu/11/crtbeginS.o
                                         0x2e (size before relaxing)
 .comment       0x000000000000002d       0x2e /tmp/ccqp3xl7.o
 .comment       0x000000000000002d       0x2e /tmp/ccMdJooS.o
 .comment       0x000000000000002d       0x2e /tmp/cc7EdRer.o
 .comment       0x000000000000002d       0x2e /tmp/ccu0DPPQ.o
 .comment       0x000000000000002d       0x2e /tmp/cccVSSRt.o
 .comment       0x000000000000002d       0x2e /tmp/cc2oXhax.o
 .comment       0x000000000000002d       0x2e /tmp/ccI692Q8.o
 .comment       0x000000000000002d       0x2e /tmp/ccd1mdd9.o
 .comment       0x000000000000002d       0x2e /tmp/ccEoOOst.o
 .comment       0x000000000000002d       0x2e /tmp/ccVpMeCN.o
 .comment       0x000000000000002d       0x2e /tmp/ccjlN6T2.o
 .comment       0x000000000000002d       0x2e /tmp/cc4L1D8k.o
 .comment       0x000000000000002d       0x2e /usr/lib/gcc/x86_64-linux-gnu/11/crtendS.o

.gnu.build.attributes
 *(.gnu.build.attributes .gnu.build.attributes.*)

.debug
 *(.debug)

.line
 *(.line)

.debug_srcinfo
 *(.debug_srcinfo)

.debug_sfnames
 *(.debug_sfnames)

.debug_aranges  0x0000000000000000      0x240
 *(.debug_aranges)
 .debug_aranges
                0x0000000000000000       0x30 /tmp/ccqp3xl7.o
 .debug_aranges
                0x0000000000000030       0x30 /tmp/ccMdJooS.o
 .debug_aranges
                0x0000000000000060       0x30 /tmp/cc7EdRer.o
 .debug_aranges
                0x0000000000000090       0x30 /tmp/ccu0DPPQ.o
 .debug_aranges
                0x00000000000000c0       0x30 /tmp/cccVSSRt.o
 .debug_aranges
                0x00000000000000f0       0x30 /tmp/cc2oXhax.o
 .debug_aranges
                0x0000000000000120       0x30 /tmp/ccI692Q8.o
 .debug_aranges
                0x0000000000000150       0x30 /tmp/ccd1mdd9.o
 .debug_aranges
                0x0000000000000180       0x30 /tmp/ccEoOOst.o
 .debug_aranges
                0x00000000000001b0       0x30 /tmp/ccVpMeCN.o
 .debug_aranges
                0x00000000000001e0       0x30 /tmp/ccjlN6T2.o
 .debug_aranges
                0x0000000000000210       0x30 /tmp/cc4L1D8k.o

.debug_pubnames
 *(.debug_pubnames)

.debug_info     0x0000000000000000     0x7d56
 *(.debug_info .gnu.linkonce.wi.*)
 .debug_info    0x0000000000000000     0x1ede /tmp/ccqp3xl7.o
 .debug_info    0x0000000000001ede      0x217 /tmp/ccMdJooS.o
 .debug_info    0x00000000000020f5      0xc22 /tmp/cc7EdRer.o
 .debug_info    0x0000000000002d17      0x8b1 /tmp/ccu0DPPQ.o
 .debug_info    0x00000000000035c8      0x181 /tmp/cccVSSRt.o
 .debug_info    0x0000000000003749      0x746 /tmp/cc2oXhax.o
 .debug_info    0x0000000000003e8f      0xa75 /tmp/ccI692Q8.o
 .debug_info    0x0000000000004904      0xcb1 /tmp/ccd1mdd9.o
 .debug_info    0x00000000000055b5      0xa97 /tmp/ccEoOOst.o
 .debug_info    0x000000000000604c      0x67b /tmp/ccVpMeCN.o
 .debug_info    0x00000000000066c7      0xa62 /tmp/ccjlN6T2.o
 .debug_info    0x0000000000007129      0xc2d /tmp/cc4L1D8k.o

.debug_abbrev   0x0000000000000000     0x1b70
 *(.debug_abbrev)
 .debug_abbrev  0x0000000000000000      0x44b /tmp/ccqp3xl7.o
 .debug_abbrev  0x000000000000044b      0x119 /tmp/ccMdJooS.o
 .debug_abbrev  0x0000000000000564      0x268 /tmp/cc7EdRer.o
 .debug_abbrev  0x00000000000007cc      0x251 /tmp/ccu0DPPQ.o
 .debug_abbrev  0x0000000000000a1d       0xe5 /tmp/cccVSSRt.o
 .debug_abbrev  0x0000000000000b02      0x21c /tmp/cc2oXhax.o
 .debug_abbrev  0x0000000000000d1e      0x2b3 /tmp/ccI692Q8.o
 .debug_abbrev  0x0000000000000fd1      0x2b6 /tmp/ccd1mdd9.o
 .debug_abbrev  0x0000000000001287      0x252 /tmp/ccEoOOst.o
 .debug_abbrev  0x00000000000014d9      0x194 /tmp/ccVpMeCN.o
 .debug_abbrev  0x000000000000166d      0x25d /tmp/ccjlN6T2.o
 .debug_abbrev  0x00000000000018ca      0x2a6 /tmp/cc4L1D8k.o

.debug_line     0x0000000000000000     0x2cab
 *(.debug_line .debug_line.* .debug_line_end)
 .debug_line    0x0000000000000000      0xa9a /tmp/ccqp3xl7.o
 .debug_line    0x0000000000000a9a      0x133 /tmp/ccMdJooS.o
 .debug_line    0x0000000000000bcd      0x455 /tmp/cc7EdRer.o
 .debug_line    0x0000000000001022      0x1b7 /tmp/ccu0DPPQ.o
 .debug_line    0x00000000000011d9      0x100 /tmp/cccVSSRt.o
 .debug_line    0x00000000000012d9      0x1c8 /tmp/cc2oXhax.o
 .debug_line    0x00000000000014a1      0x2ea /tmp/ccI692Q8.o
 .debug_line    0x000000000000178b      0x55b /tmp/ccd1mdd9.o
 .debug_line    0x0000000000001ce6      0x3ea /tmp/ccEoOOst.o
 .debug_line    0x00000000000020d0      0x134 /tmp/ccVpMeCN.o
 .debug_line    0x0000000000002204      0x46c /tmp/ccjlN6T2.o
 .debug_line    0x0000000000002670      0x63b /tmp/cc4L1D8k.o

.debug_frame
 *(.debug_frame)

.debug_str      0x0000000000000000     0x1d64
 *(.debug_str)
 .debug_str     0x0000000000000000      0xea2 /tmp/ccqp3xl7.o
                                       0x1059 (size before relaxing)
 .debug_str     0x0000000000000ea2       0x2e /tmp/ccMdJooS.o
                                        0x16d (size before relaxing)
 .debug_str     0x0000000000000ed0      0x307 /tmp/cc7EdRer.o
                                        0x7db (size before relaxing)
 .debug_str     0x00000000000011d7       0xf5 /tmp/ccu0DPPQ.o
                                        0x583 (size before relaxing)
 .debug_str     0x00000000000012cc        0x7 /tmp/cccVSSRt.o
                                        0x143 (size before relaxing)
 .debug_str     0x00000000000012d3       0xd1 /tmp/cc2oXhax.o
                                        0x467 (size before relaxing)
 .debug_str     0x00000000000013a4       0xe9 /tmp/ccI692Q8.o
                                        0x57a (size before relaxing)
 .debug_str     0x000000000000148d      0x46a /tmp/ccd1mdd9.o
                                        0x91c (size before relaxing)
 .debug_str     0x00000000000018f7      0x24e /tmp/ccEoOOst.o
                                        0x93d (size before relaxing)
 .debug_str     0x0000000000001b45       0x25 /tmp/ccVpMeCN.o
                                        0x6a0 (size before relaxing)
 .debug_str     0x0000000000001b6a      0x1ae /tmp/ccjlN6T2.o
                                        0x91a (size before relaxing)
 .debug_str     0x0000000000001d18       0x4c /tmp/cc4L1D8k.o
                                        0x926 (size before relaxing)

.debug_loc
 *(.debug_loc)

.debug_macinfo
 *(.debug_macinfo)

.debug_weaknames
 *(.debug_weaknames)

.debug_funcnames
 *(.debug_funcnames)

.debug_typenames
 *(.debug_typenames)

.debug_varnames
 *(.debug_varnames)

.debug_pubtypes
 *(.debug_pubtypes)

.debug_ranges
 *(.debug_ranges)

.debug_addr
 *(.debug_addr)

.debug_line_str
                0x0000000000000000      0x31d
 *(.debug_line_str)
 .debug_line_str
                0x0000000000000000      0x1fe /tmp/ccqp3xl7.o
                                        0x250 (size before relaxing)
 .debug_line_str
                0x00000000000001fe        0x6 /tmp/ccMdJooS.o
                                         0xe1 (size before relaxing)
 .debug_line_str
                0x0000000000000204       0x34 /tmp/cc7EdRer.o
                                        0x1b3 (size before relaxing)
 .debug_line_str
                0x0000000000000238        0x5 /tmp/ccu0DPPQ.o
                                        0x112 (size before relaxing)
 .debug_line_str
                0x000000000000023d        0x7 /tmp/cccVSSRt.o
                                         0x78 (size before relaxing)
 .debug_line_str
                0x0000000000000244       0x26 /tmp/cc2oXhax.o
                                        0x1b1 (size before relaxing)
 .debug_line_str
                0x000000000000026a        0xc /tmp/ccI692Q8.o
                                        0x151 (size before relaxing)
 .debug_line_str
                0x0000000000000276       0x4e /tmp/ccd1mdd9.o
                                        0x198 (size before relaxing)
 .debug_line_str
                0x00000000000002c4       0x1c /tmp/ccEoOOst.o
                                        0x198 (size before relaxing)
 .debug_line_str
                0x00000000000002e0       0x1a /tmp/ccVpMeCN.o
                                        0x177 (size before relaxing)
 .debug_line_str
                0x00000000000002fa       0x16 /tmp/ccjlN6T2.o
                                        0x1a9 (size before relaxing)
 .debug_line_str
                0x0000000000000310        0xd /tmp/cc4L1D8k.o
                                        0x194 (size before relaxing)

.debug_loclists
 *(.debug_loclists)

.debug_macro
 *(.debug_macro)

.debug_names
 *(.debug_names)

.debug_rnglists
                0x0000000000000000       0x3d
 *(.debug_rnglists)
 .debug_rnglists
                0x0000000000000000       0x3d /tmp/ccqp3xl7.o

.debug_str_offsets
 *(.debug_str_offsets)

.debug_sup
 *(.debug_sup)

.gnu.attributes
 *(.gnu.attributes)

/DISCARD/
 *(.note.GNU-stack)
 *(.gnu_debuglink)
 *(.gnu.lto_*)
OUTPUT(rcserver elf64-x86-64)
