
Merging program properties


As-needed library included to satisfy reference by file (symbol)

libpq.so.5                    /tmp/ccQEej4D.o (PQstatus)
libc.so.6                     /tmp/cc2axFbv.o (clock@@GLIBC_2.2.5)

Discarded input sections

 .note.GNU-stack
                0x0000000000000000        0x0 /usr/lib/gcc/x86_64-linux-gnu/11/../../../x86_64-linux-gnu/Scrt1.o
 .note.gnu.property
                0x0000000000000000       0x20 /usr/lib/gcc/x86_64-linux-gnu/11/../../../x86_64-linux-gnu/crti.o
 .note.GNU-stack
                0x0000000000000000        0x0 /usr/lib/gcc/x86_64-linux-gnu/11/../../../x86_64-linux-gnu/crti.o
 .note.GNU-stack
                0x0000000000000000        0x0 /usr/lib/gcc/x86_64-linux-gnu/11/crtbeginS.o
 .note.gnu.property
                0x0000000000000000       0x20 /usr/lib/gcc/x86_64-linux-gnu/11/crtbeginS.o
 .note.GNU-stack
                0x0000000000000000        0x0 /tmp/cc2axFbv.o
 .note.gnu.property
                0x0000000000000000       0x20 /tmp/cc2axFbv.o
 .note.GNU-stack
                0x0000000000000000        0x0 /tmp/cczs6It0.o
 .note.gnu.property
                0x0000000000000000       0x20 /tmp/cczs6It0.o
 .note.GNU-stack
                0x0000000000000000        0x0 /tmp/ccIfglgJ.o
 .note.gnu.property
                0x0000000000000000       0x20 /tmp/ccIfglgJ.o
 .note.GNU-stack
                0x0000000000000000        0x0 /tmp/ccWtpD6G.o
 .note.gnu.property
                0x0000000000000000       0x20 /tmp/ccWtpD6G.o
 .note.GNU-stack
                0x0000000000000000        0x0 /tmp/ccpIAT4o.o
 .note.gnu.property
                0x0000000000000000       0x20 /tmp/ccpIAT4o.o
 .note.GNU-stack
                0x0000000000000000        0x0 /tmp/ccJ5Xrm3.o
 .note.gnu.property
                0x0000000000000000       0x20 /tmp/ccJ5Xrm3.o
 .note.GNU-stack
                0x0000000000000000        0x0 /tmp/ccruIdOY.o
 .note.gnu.property
                0x0000000000000000       0x20 /tmp/ccruIdOY.o
 .note.GNU-stack
                0x0000000000000000        0x0 /tmp/ccQEej4D.o
 .note.gnu.property
                0x0000000000000000       0x20 /tmp/ccQEej4D.o
 .note.GNU-stack
                0x0000000000000000        0x0 /tmp/ccs27uSi.o
 .note.gnu.property
                0x0000000000000000       0x20 /tmp/ccs27uSi.o
 .note.GNU-stack
                0x0000000000000000        0x0 /tmp/ccwz0kGq.o
 .note.gnu.property
                0x0000000000000000       0x20 /tmp/ccwz0kGq.o
 .note.GNU-stack
                0x0000000000000000        0x0 /tmp/ccE89tlP.o
 .note.gnu.property
                0x0000000000000000       0x20 /tmp/ccE89tlP.o
 .note.GNU-stack
                0x0000000000000000        0x0 /tmp/ccQp5AQa.o
 .note.gnu.property
                0x0000000000000000       0x20 /tmp/ccQp5AQa.o
 .note.GNU-stack
                0x0000000000000000        0x0 /tmp/ccDJFFrp.o
 .note.gnu.property
                0x0000000000000000       0x20 /tmp/ccDJFFrp.o
 .note.GNU-stack
                0x0000000000000000        0x0 /usr/lib/gcc/x86_64-linux-gnu/11/crtendS.o
 .note.gnu.property
                0x0000000000000000       0x20 /usr/lib/gcc/x86_64-linux-gnu/11/crtendS.o
 .note.gnu.property
                0x0000000000000000       0x20 /usr/lib/gcc/x86_64-linux-gnu/11/../../../x86_64-linux-gnu/crtn.o
 .note.GNU-stack
                0x0000000000000000        0x0 /usr/lib/gcc/x86_64-linux-gnu/11/../../../x86_64-linux-gnu/crtn.o

Memory Configuration

Name             Origin             Length             Attributes
*default*        0x0000000000000000 0xffffffffffffffff

Linker script and memory map

LOAD /usr/lib/gcc/x86_64-linux-gnu/11/../../../x86_64-linux-gnu/Scrt1.o
LOAD /usr/lib/gcc/x86_64-linux-gnu/11/../../../x86_64-linux-gnu/crti.o
LOAD /usr/lib/gcc/x86_64-linux-gnu/11/crtbeginS.o
LOAD /tmp/cc2axFbv.o
LOAD /tmp/cczs6It0.o
LOAD /tmp/ccIfglgJ.o
LOAD /tmp/ccWtpD6G.o
LOAD /tmp/ccpIAT4o.o
LOAD /tmp/ccJ5Xrm3.o
LOAD /tmp/ccruIdOY.o
LOAD /tmp/ccQEej4D.o
LOAD /tmp/ccs27uSi.o
LOAD /tmp/ccwz0kGq.o
LOAD /tmp/ccE89tlP.o
LOAD /tmp/ccQp5AQa.o
LOAD /tmp/ccDJFFrp.o
LOAD /usr/lib/gcc/x86_64-linux-gnu/11/../../../x86_64-linux-gnu/libpq.so
LOAD /usr/lib/gcc/x86_64-linux-gnu/11/libgcc.a
LOAD /usr/lib/gcc/x86_64-linux-gnu/11/libgcc_s.so
START GROUP
LOAD /usr/lib/gcc/x86_64-linux-gnu/11/../../../x86_64-linux-gnu/libgcc_s.so.1
LOAD /usr/lib/gcc/x86_64-linux-gnu/11/libgcc.a
END GROUP
LOAD /usr/lib/gcc/x86_64-linux-gnu/11/../../../x86_64-linux-gnu/libc.so
START GROUP
LOAD /lib/x86_64-linux-gnu/libc.so.6
LOAD /usr/lib/x86_64-linux-gnu/libc_nonshared.a
LOAD /lib64/ld-linux-x86-64.so.2
END GROUP
LOAD /usr/lib/gcc/x86_64-linux-gnu/11/libgcc.a
LOAD /usr/lib/gcc/x86_64-linux-gnu/11/libgcc_s.so
START GROUP
LOAD /usr/lib/gcc/x86_64-linux-gnu/11/../../../x86_64-linux-gnu/libgcc_s.so.1
LOAD /usr/lib/gcc/x86_64-linux-gnu/11/libgcc.a
END GROUP
LOAD /usr/lib/gcc/x86_64-linux-gnu/11/crtendS.o
LOAD /usr/lib/gcc/x86_64-linux-gnu/11/../../../x86_64-linux-gnu/crtn.o
                [!provide]                        PROVIDE (__executable_start = SEGMENT_START ("text-segment", 0x0))
                0x0000000000000318                . = (SEGMENT_START ("text-segment", 0x0) + SIZEOF_HEADERS)

.interp         0x0000000000000318       0x1c
 *(.interp)
 .interp        0x0000000000000318       0x1c /usr/lib/gcc/x86_64-linux-gnu/11/../../../x86_64-linux-gnu/Scrt1.o

.note.gnu.property
                0x0000000000000338       0x30
 .note.gnu.property
                0x0000000000000338       0x30 /usr/lib/gcc/x86_64-linux-gnu/11/../../../x86_64-linux-gnu/Scrt1.o

.note.gnu.build-id
                0x0000000000000368       0x24
 *(.note.gnu.build-id)
 .note.gnu.build-id
                0x0000000000000368       0x24 /usr/lib/gcc/x86_64-linux-gnu/11/../../../x86_64-linux-gnu/Scrt1.o

.note.ABI-tag   0x000000000000038c       0x20
 .note.ABI-tag  0x000000000000038c       0x20 /usr/lib/gcc/x86_64-linux-gnu/11/../../../x86_64-linux-gnu/Scrt1.o

.hash
 *(.hash)

.gnu.hash       0x00000000000003b0       0x28
 *(.gnu.hash)
 .gnu.hash      0x00000000000003b0       0x28 /usr/lib/gcc/x86_64-linux-gnu/11/../../../x86_64-linux-gnu/Scrt1.o

.dynsym         0x00000000000003d8      0x678
 *(.dynsym)
 .dynsym        0x00000000000003d8      0x678 /usr/lib/gcc/x86_64-linux-gnu/11/../../../x86_64-linux-gnu/Scrt1.o

.dynstr         0x0000000000000a50      0x29d
 *(.dynstr)
 .dynstr        0x0000000000000a50      0x29d /usr/lib/gcc/x86_64-linux-gnu/11/../../../x86_64-linux-gnu/Scrt1.o

.gnu.version    0x0000000000000cee       0x8a
 *(.gnu.version)
 .gnu.version   0x0000000000000cee       0x8a /usr/lib/gcc/x86_64-linux-gnu/11/../../../x86_64-linux-gnu/Scrt1.o

.gnu.version_d  0x0000000000000d78        0x0
 *(.gnu.version_d)
 .gnu.version_d
                0x0000000000000d78        0x0 /usr/lib/gcc/x86_64-linux-gnu/11/../../../x86_64-linux-gnu/Scrt1.o

.gnu.version_r  0x0000000000000d78       0x60
 *(.gnu.version_r)
 .gnu.version_r
                0x0000000000000d78       0x60 /usr/lib/gcc/x86_64-linux-gnu/11/../../../x86_64-linux-gnu/Scrt1.o

.rela.dyn       0x0000000000000dd8       0xd8
 *(.rela.init)
 *(.rela.text .rela.text.* .rela.gnu.linkonce.t.*)
 .rela.text     0x0000000000000dd8        0x0 /usr/lib/gcc/x86_64-linux-gnu/11/../../../x86_64-linux-gnu/Scrt1.o
 *(.rela.fini)
 *(.rela.rodata .rela.rodata.* .rela.gnu.linkonce.r.*)
 *(.rela.data .rela.data.* .rela.gnu.linkonce.d.*)
 .rela.data.rel.ro
                0x0000000000000dd8        0x0 /usr/lib/gcc/x86_64-linux-gnu/11/../../../x86_64-linux-gnu/Scrt1.o
 .rela.data.rel.local
                0x0000000000000dd8       0x18 /usr/lib/gcc/x86_64-linux-gnu/11/../../../x86_64-linux-gnu/Scrt1.o
 *(.rela.tdata .rela.tdata.* .rela.gnu.linkonce.td.*)
 *(.rela.tbss .rela.tbss.* .rela.gnu.linkonce.tb.*)
 *(.rela.ctors)
 *(.rela.dtors)
 *(.rela.got)
 .rela.got      0x0000000000000df0       0x78 /usr/lib/gcc/x86_64-linux-gnu/11/../../../x86_64-linux-gnu/Scrt1.o
 *(.rela.bss .rela.bss.* .rela.gnu.linkonce.b.*)
 .rela.bss      0x0000000000000e68       0x18 /usr/lib/gcc/x86_64-linux-gnu/11/../../../x86_64-linux-gnu/Scrt1.o
 *(.rela.ldata .rela.ldata.* .rela.gnu.linkonce.l.*)
 *(.rela.lbss .rela.lbss.* .rela.gnu.linkonce.lb.*)
 *(.rela.lrodata .rela.lrodata.* .rela.gnu.linkonce.lr.*)
 *(.rela.ifunc)
 .rela.ifunc    0x0000000000000e80        0x0 /usr/lib/gcc/x86_64-linux-gnu/11/../../../x86_64-linux-gnu/Scrt1.o
 .rela.fini_array
                0x0000000000000e80       0x18 /usr/lib/gcc/x86_64-linux-gnu/11/../../../x86_64-linux-gnu/Scrt1.o
 .rela.init_array
                0x0000000000000e98       0x18 /usr/lib/gcc/x86_64-linux-gnu/11/../../../x86_64-linux-gnu/Scrt1.o

.rela.plt       0x0000000000000eb0      0x5d0
 *(.rela.plt)
 .rela.plt      0x0000000000000eb0      0x5d0 /usr/lib/gcc/x86_64-linux-gnu/11/../../../x86_64-linux-gnu/Scrt1.o
 *(.rela.iplt)

.relr.dyn
 *(.relr.dyn)
                0x0000000000002000                . = ALIGN (CONSTANT (MAXPAGESIZE))

.init           0x0000000000002000       0x1b
 *(SORT_NONE(.init))
 .init          0x0000000000002000       0x16 /usr/lib/gcc/x86_64-linux-gnu/11/../../../x86_64-linux-gnu/crti.o
                0x0000000000002000                _init
 .init          0x0000000000002016        0x5 /usr/lib/gcc/x86_64-linux-gnu/11/../../../x86_64-linux-gnu/crtn.o

.plt            0x0000000000002020      0x3f0
 *(.plt)
 .plt           0x0000000000002020      0x3f0 /usr/lib/gcc/x86_64-linux-gnu/11/../../../x86_64-linux-gnu/Scrt1.o
 *(.iplt)

.plt.got        0x0000000000002410       0x10
 *(.plt.got)
 .plt.got       0x0000000000002410       0x10 /usr/lib/gcc/x86_64-linux-gnu/11/../../../x86_64-linux-gnu/Scrt1.o
                0x0000000000002410                __cxa_finalize@@GLIBC_2.2.5

.plt.sec        0x0000000000002420      0x3e0
 *(.plt.sec)
 .plt.sec       0x0000000000002420      0x3e0 /usr/lib/gcc/x86_64-linux-gnu/11/../../../x86_64-linux-gnu/Scrt1.o
                0x0000000000002420                ftell@@GLIBC_2.2.5
                0x0000000000002430                PQresultStatus
                0x0000000000002440                PQgetvalue
                0x0000000000002450                __errno_location@@GLIBC_2.2.5
                0x0000000000002460                printf@@GLIBC_2.2.5
                0x0000000000002470                PQclear
                0x0000000000002480                htons@@GLIBC_2.2.5
                0x0000000000002490                sendto@@GLIBC_2.2.5
                0x00000000000024a0                rewind@@GLIBC_2.2.5
                0x00000000000024b0                bind@@GLIBC_2.2.5
                0x00000000000024c0                sprintf@@GLIBC_2.2.5
                0x00000000000024d0                socket@@GLIBC_2.2.5
                0x00000000000024e0                strlen@@GLIBC_2.2.5
                0x00000000000024f0                PQexec
                0x0000000000002500                inet_ntoa@@GLIBC_2.2.5
                0x0000000000002510                memcmp@@GLIBC_2.2.5
                0x0000000000002520                mkdir@@GLIBC_2.2.5
                0x0000000000002530                strncpy@@GLIBC_2.2.5
                0x0000000000002540                localtime_r@@GLIBC_2.2.5
                0x0000000000002550                memset@@GLIBC_2.2.5
                0x0000000000002560                fcntl@@GLIBC_2.2.5
                0x0000000000002570                rename@@GLIBC_2.2.5
                0x0000000000002580                clock@@GLIBC_2.2.5
                0x0000000000002590                PQgetisnull
                0x00000000000025a0                localtime@@GLIBC_2.2.5
                0x00000000000025b0                sleep@@GLIBC_2.2.5
                0x00000000000025c0                recvfrom@@GLIBC_2.2.5
                0x00000000000025d0                PQerrorMessage
                0x00000000000025e0                atoll@@GLIBC_2.2.5
                0x00000000000025f0                strftime@@GLIBC_2.2.5
                0x0000000000002600                memcpy@@GLIBC_2.14
                0x0000000000002610                perror@@GLIBC_2.2.5
                0x0000000000002620                stat@@GLIBC_2.33
                0x0000000000002630                time@@GLIBC_2.2.5
                0x0000000000002640                strcpy@@GLIBC_2.2.5
                0x0000000000002650                fclose@@GLIBC_2.2.5
                0x0000000000002660                inet_ntop@@GLIBC_2.2.5
                0x0000000000002670                PQexecParams
                0x0000000000002680                fseek@@GLIBC_2.2.5
                0x0000000000002690                __stack_chk_fail@@GLIBC_2.4
                0x00000000000026a0                PQconnectdb
                0x00000000000026b0                fopen@@GLIBC_2.2.5
                0x00000000000026c0                signal@@GLIBC_2.2.5
                0x00000000000026d0                exit@@GLIBC_2.2.5
                0x00000000000026e0                PQstatus
                0x00000000000026f0                atof@@GLIBC_2.2.5
                0x0000000000002700                PQntuples
                0x0000000000002710                vfprintf@@GLIBC_2.2.5
                0x0000000000002720                putchar@@GLIBC_2.2.5
                0x0000000000002730                strcmp@@GLIBC_2.2.5
                0x0000000000002740                fprintf@@GLIBC_2.2.5
                0x0000000000002750                fread@@GLIBC_2.2.5
                0x0000000000002760                puts@@GLIBC_2.2.5
                0x0000000000002770                atoi@@GLIBC_2.2.5
                0x0000000000002780                snprintf@@GLIBC_2.2.5
                0x0000000000002790                PQfinish
                0x00000000000027a0                ntohs@@GLIBC_2.2.5
                0x00000000000027b0                inet_pton@@GLIBC_2.2.5
                0x00000000000027c0                PQcmdTuples
                0x00000000000027d0                fwrite@@GLIBC_2.2.5
                0x00000000000027e0                close@@GLIBC_2.2.5
                0x00000000000027f0                PQnfields

.text           0x0000000000002800     0xbebb
 *(.text.unlikely .text.*_unlikely .text.unlikely.*)
 *(.text.exit .text.exit.*)
 *(.text.startup .text.startup.*)
 *(.text.hot .text.hot.*)
 *(SORT_BY_NAME(.text.sorted.*))
 *(.text .stub .text.* .gnu.linkonce.t.*)
 .text          0x0000000000002800       0x26 /usr/lib/gcc/x86_64-linux-gnu/11/../../../x86_64-linux-gnu/Scrt1.o
                0x0000000000002800                _start
 .text          0x0000000000002826        0x0 /usr/lib/gcc/x86_64-linux-gnu/11/../../../x86_64-linux-gnu/crti.o
 *fill*         0x0000000000002826        0xa 
 .text          0x0000000000002830       0xb9 /usr/lib/gcc/x86_64-linux-gnu/11/crtbeginS.o
 .text          0x00000000000028e9     0x2960 /tmp/cc2axFbv.o
                0x00000000000028e9                GetDateTime
                0x0000000000002996                _GetTimer1ms
                0x00000000000029c9                sigintHandler
                0x00000000000029fe                _initlog
                0x0000000000002a5c                _log
                0x0000000000002bfc                printIPAddress
                0x0000000000002cdb                _Look4BTxFree
                0x0000000000002df7                _Look4BTxPos
                0x0000000000002e86                _Look4BTxRelease
                0x0000000000002ef6                _InitRCServer
                0x0000000000003142                _Send2EQ
                0x00000000000031a6                _ProcIDLE
                0x00000000000031b1                _ProcRx
                0x0000000000004e79                _ProcTxVFileTimeout
                0x0000000000004f67                _Proc10msFuncs
                0x0000000000005088                main
 .text          0x0000000000005249      0x232 /tmp/cczs6It0.o
                0x0000000000005249                CalcCrc16
                0x00000000000053e9                crc_ccitt
 .text          0x000000000000547b      0xfcb /tmp/ccIfglgJ.o
                0x000000000000547b                _strcpyln
                0x00000000000054fb                _InitStoreFiles
                0x000000000000551f                _Look4Free
                0x0000000000005595                _Look4Pos
                0x0000000000005609                _Look4Release
                0x0000000000005662                _ProcStFilesTimeout
                0x0000000000005771                _CreateFolder
                0x000000000000586c                _StoreFile
 .text          0x0000000000006446      0x3f9 /tmp/ccWtpD6G.o
                0x0000000000006446                Hex2Bin
                0x00000000000065d8                _Init_dbread
                0x000000000000660f                _dbread_bulk
                0x0000000000006649                _Stfind_Eqid
                0x00000000000066e4                _Stfind_Hubid
                0x000000000000677f                _Findtargetfolder
                0x00000000000067bf                _CheckEq
                0x00000000000067ff                _CheckHubId
 .text          0x000000000000683f      0x18c /tmp/ccpIAT4o.o
                0x000000000000683f                _EncriptDecript
                0x000000000000695b                strcopys
 .text          0x00000000000069cb      0x46a /tmp/ccJ5Xrm3.o
                0x00000000000069cb                init_loop2app
                0x0000000000006b05                udp_receive
                0x0000000000006c6b                udp_send
                0x0000000000006d7f                test_loop
 .text          0x0000000000006e35      0x750 /tmp/ccruIdOY.o
                0x0000000000007097                _GetTotBinFrames
                0x00000000000070b9                _LoadNetHubBin
                0x000000000000742a                _GetNetHubFileInfo
                0x000000000000744d                _Create_Hub
                0x0000000000007519                _Find_Hub
 .text          0x0000000000007585     0x1eeb /tmp/ccQEej4D.o
                0x0000000000007585                _dbread_devstate_size
                0x00000000000075d9                _Stfind_Devstate
                0x0000000000007693                _Stfind_Devstate_ByZone
                0x0000000000007728                _dbread_table_devstate
                0x0000000000008bb6                _dbwrite_devstate
                0x00000000000090b7                _dbcheck_devstate
                0x000000000000943c                _InitDb_devstate
 .text          0x0000000000009470     0x1079 /tmp/ccs27uSi.o
                0x0000000000009470                _DbDeviceEventTypeToString
                0x00000000000094f4                _DbDeviceEventSeverityToString
                0x0000000000009550                _DbDeviceEventTypeFromString
                0x000000000000968c                _DbDeviceEventSeverityFromString
                0x0000000000009738                _dbread_deviceevent
                0x0000000000009f90                _dbinsert_deviceevent
 .text          0x000000000000a4e9      0x368 /tmp/ccwz0kGq.o
                0x000000000000a4e9                _dbread_db_version
 .text          0x000000000000a851      0xf07 /tmp/ccE89tlP.o
                0x000000000000a851                _dbalarm_type_from_string
                0x000000000000a945                _dbalarm_type_to_string
                0x000000000000a9b9                _dbalarm_severity_from_string
                0x000000000000aa65                _dbalarm_severity_to_string
                0x000000000000aac3                _dbread_alarm
                0x000000000000b342                _dbinsert_alarm
 .text          0x000000000000b758     0x19a8 /tmp/ccQp5AQa.o
                0x000000000000b758                _dbread_devices_size
                0x000000000000b7b2                _Stfind_Devices
                0x000000000000b881                _Stfind_Devices_ByEqid
                0x000000000000bac2                _Stfind_Devices_ByZone
                0x000000000000bb70                _dbread_table_devices
                0x000000000000ccfd                _dbcheck_devices
                0x000000000000d09a                _InitDb_devices
 .text          0x000000000000d100     0x15bb /tmp/ccDJFFrp.o
                0x000000000000d100                _dbread_devcalendar_size
                0x000000000000d154                _Stfind_Devcalendar
                0x000000000000d20e                _dbread_table_devcalendar
                0x000000000000dbe1                _dbwrite_devcalendar
                0x000000000000e356                _dbcheck_devcalendar
                0x000000000000e688                _InitDb_devcalendar
 .text          0x000000000000e6bb        0x0 /usr/lib/gcc/x86_64-linux-gnu/11/crtendS.o
 .text          0x000000000000e6bb        0x0 /usr/lib/gcc/x86_64-linux-gnu/11/../../../x86_64-linux-gnu/crtn.o
 *(.gnu.warning)

.fini           0x000000000000e6bc        0xd
 *(SORT_NONE(.fini))
 .fini          0x000000000000e6bc        0x8 /usr/lib/gcc/x86_64-linux-gnu/11/../../../x86_64-linux-gnu/crti.o
                0x000000000000e6bc                _fini
 .fini          0x000000000000e6c4        0x5 /usr/lib/gcc/x86_64-linux-gnu/11/../../../x86_64-linux-gnu/crtn.o
                [!provide]                        PROVIDE (__etext = .)
                [!provide]                        PROVIDE (_etext = .)
                [!provide]                        PROVIDE (etext = .)
                0x000000000000f000                . = ALIGN (CONSTANT (MAXPAGESIZE))
                0x000000000000f000                . = SEGMENT_START ("rodata-segment", (ALIGN (CONSTANT (MAXPAGESIZE)) + (. & (CONSTANT (MAXPAGESIZE) - 0x1))))

.rodata         0x000000000000f000     0x3887
 *(.rodata .rodata.* .gnu.linkonce.r.*)
 .rodata.cst4   0x000000000000f000        0x4 /usr/lib/gcc/x86_64-linux-gnu/11/../../../x86_64-linux-gnu/Scrt1.o
                0x000000000000f000                _IO_stdin_used
 *fill*         0x000000000000f004        0x4 
 .rodata        0x000000000000f008      0xe24 /tmp/cc2axFbv.o
 *fill*         0x000000000000fe2c       0x14 
 .rodata        0x000000000000fe40      0x222 /tmp/cczs6It0.o
 *fill*         0x0000000000010062        0x6 
 .rodata        0x0000000000010068      0x213 /tmp/ccIfglgJ.o
 *fill*         0x000000000001027b        0x5 
 .rodata        0x0000000000010280       0x28 /tmp/ccWtpD6G.o
 .rodata        0x00000000000102a8       0x8f /tmp/ccpIAT4o.o
 *fill*         0x0000000000010337        0x1 
 .rodata        0x0000000000010338       0xbb /tmp/ccJ5Xrm3.o
 *fill*         0x00000000000103f3        0x5 
 .rodata        0x00000000000103f8      0x1a1 /tmp/ccruIdOY.o
 *fill*         0x0000000000010599        0x7 
 .rodata        0x00000000000105a0      0x7db /tmp/ccQEej4D.o
 *fill*         0x0000000000010d7b        0x5 
 .rodata        0x0000000000010d80      0x608 /tmp/ccs27uSi.o
 .rodata        0x0000000000011388      0x180 /tmp/ccwz0kGq.o
 .rodata        0x0000000000011508      0x523 /tmp/ccE89tlP.o
 *fill*         0x0000000000011a2b        0x5 
 .rodata        0x0000000000011a30      0x58a /tmp/ccQp5AQa.o
 *fill*         0x0000000000011fba        0x6 
 .rodata        0x0000000000011fc0      0x8c7 /tmp/ccDJFFrp.o

.rodata1
 *(.rodata1)

.eh_frame_hdr   0x0000000000012888      0x2b4
 *(.eh_frame_hdr)
 .eh_frame_hdr  0x0000000000012888      0x2b4 /usr/lib/gcc/x86_64-linux-gnu/11/../../../x86_64-linux-gnu/Scrt1.o
                0x0000000000012888                __GNU_EH_FRAME_HDR
 *(.eh_frame_entry .eh_frame_entry.*)

.eh_frame       0x0000000000012b40      0xab4
 *(.eh_frame)
 .eh_frame      0x0000000000012b40       0x30 /usr/lib/gcc/x86_64-linux-gnu/11/../../../x86_64-linux-gnu/Scrt1.o
                                         0x2c (size before relaxing)
 *fill*         0x0000000000012b70        0x0 
 .eh_frame      0x0000000000012b70       0x28 /usr/lib/gcc/x86_64-linux-gnu/11/../../../x86_64-linux-gnu/Scrt1.o
                                         0x40 (size before relaxing)
 .eh_frame      0x0000000000012b98       0x18 /usr/lib/gcc/x86_64-linux-gnu/11/../../../x86_64-linux-gnu/Scrt1.o
                                         0x30 (size before relaxing)
 .eh_frame      0x0000000000012bb0       0x18 /usr/lib/gcc/x86_64-linux-gnu/11/../../../x86_64-linux-gnu/Scrt1.o
                                         0x30 (size before relaxing)
 .eh_frame      0x0000000000012bc8      0x200 /tmp/cc2axFbv.o
                                        0x218 (size before relaxing)
 .eh_frame      0x0000000000012dc8       0x40 /tmp/cczs6It0.o
                                         0x58 (size before relaxing)
 .eh_frame      0x0000000000012e08      0x108 /tmp/ccIfglgJ.o
                                        0x120 (size before relaxing)
 .eh_frame      0x0000000000012f10      0x100 /tmp/ccWtpD6G.o
                                        0x118 (size before relaxing)
 .eh_frame      0x0000000000013010       0x40 /tmp/ccpIAT4o.o
                                         0x58 (size before relaxing)
 .eh_frame      0x0000000000013050       0x80 /tmp/ccJ5Xrm3.o
                                         0x98 (size before relaxing)
 .eh_frame      0x00000000000130d0      0x100 /tmp/ccruIdOY.o
                                        0x118 (size before relaxing)
 .eh_frame      0x00000000000131d0       0xe0 /tmp/ccQEej4D.o
                                         0xf8 (size before relaxing)
 .eh_frame      0x00000000000132b0       0xc0 /tmp/ccs27uSi.o
                                         0xd8 (size before relaxing)
 .eh_frame      0x0000000000013370       0x20 /tmp/ccwz0kGq.o
                                         0x38 (size before relaxing)
 .eh_frame      0x0000000000013390       0xc0 /tmp/ccE89tlP.o
                                         0xd8 (size before relaxing)
 .eh_frame      0x0000000000013450       0xe0 /tmp/ccQp5AQa.o
                                         0xf8 (size before relaxing)
 .eh_frame      0x0000000000013530       0xc0 /tmp/ccDJFFrp.o
                                         0xd8 (size before relaxing)
 .eh_frame      0x00000000000135f0        0x4 /usr/lib/gcc/x86_64-linux-gnu/11/crtendS.o
 *(.eh_frame.*)

.gcc_except_table
 *(.gcc_except_table .gcc_except_table.*)

.gnu_extab
 *(.gnu_extab*)

.exception_ranges
 *(.exception_ranges*)
                0x0000000000014bc0                . = DATA_SEGMENT_ALIGN (CONSTANT (MAXPAGESIZE), CONSTANT (COMMONPAGESIZE))

.eh_frame
 *(.eh_frame)
 *(.eh_frame.*)

.gnu_extab
 *(.gnu_extab)

.gcc_except_table
 *(.gcc_except_table .gcc_except_table.*)

.exception_ranges
 *(.exception_ranges*)

.tdata          0x0000000000014bc0        0x0
                [!provide]                        PROVIDE (__tdata_start = .)
 *(.tdata .tdata.* .gnu.linkonce.td.*)

.tbss
 *(.tbss .tbss.* .gnu.linkonce.tb.*)
 *(.tcommon)

.preinit_array  0x0000000000014bc0        0x0
                [!provide]                        PROVIDE (__preinit_array_start = .)
 *(.preinit_array)
                [!provide]                        PROVIDE (__preinit_array_end = .)

.init_array     0x0000000000014bc0        0x8
                [!provide]                        PROVIDE (__init_array_start = .)
 *(SORT_BY_INIT_PRIORITY(.init_array.*) SORT_BY_INIT_PRIORITY(.ctors.*))
 *(.init_array EXCLUDE_FILE(*crtend?.o *crtend.o *crtbegin?.o *crtbegin.o) .ctors)
 .init_array    0x0000000000014bc0        0x8 /usr/lib/gcc/x86_64-linux-gnu/11/crtbeginS.o
                [!provide]                        PROVIDE (__init_array_end = .)

.fini_array     0x0000000000014bc8        0x8
                [!provide]                        PROVIDE (__fini_array_start = .)
 *(SORT_BY_INIT_PRIORITY(.fini_array.*) SORT_BY_INIT_PRIORITY(.dtors.*))
 *(.fini_array EXCLUDE_FILE(*crtend?.o *crtend.o *crtbegin?.o *crtbegin.o) .dtors)
 .fini_array    0x0000000000014bc8        0x8 /usr/lib/gcc/x86_64-linux-gnu/11/crtbeginS.o
                [!provide]                        PROVIDE (__fini_array_end = .)

.ctors
 *crtbegin.o(.ctors)
 *crtbegin?.o(.ctors)
 *(EXCLUDE_FILE(*crtend?.o *crtend.o) .ctors)
 *(SORT_BY_NAME(.ctors.*))
 *(.ctors)

.dtors
 *crtbegin.o(.dtors)
 *crtbegin?.o(.dtors)
 *(EXCLUDE_FILE(*crtend?.o *crtend.o) .dtors)
 *(SORT_BY_NAME(.dtors.*))
 *(.dtors)

.jcr
 *(.jcr)

.data.rel.ro    0x0000000000014bd0        0x0
 *(.data.rel.ro.local* .gnu.linkonce.d.rel.ro.local.*)
 *(.data.rel.ro .data.rel.ro.* .gnu.linkonce.d.rel.ro.*)
 .data.rel.ro   0x0000000000014bd0        0x0 /usr/lib/gcc/x86_64-linux-gnu/11/../../../x86_64-linux-gnu/Scrt1.o

.dynamic        0x0000000000014bd0      0x200
 *(.dynamic)
 .dynamic       0x0000000000014bd0      0x200 /usr/lib/gcc/x86_64-linux-gnu/11/../../../x86_64-linux-gnu/Scrt1.o
                0x0000000000014bd0                _DYNAMIC

.got            0x0000000000014dd0      0x230
 *(.got.plt)
 .got.plt       0x0000000000014dd0      0x208 /usr/lib/gcc/x86_64-linux-gnu/11/../../../x86_64-linux-gnu/Scrt1.o
                0x0000000000014dd0                _GLOBAL_OFFSET_TABLE_
 *(.igot.plt)
 *(.got)
 .got           0x0000000000014fd8       0x28 /usr/lib/gcc/x86_64-linux-gnu/11/../../../x86_64-linux-gnu/Scrt1.o
 *(.igot)
                0x0000000000015000                . = DATA_SEGMENT_RELRO_END (., 0x0)

.data           0x0000000000015000       0x10
 *(.data .data.* .gnu.linkonce.d.*)
 .data          0x0000000000015000        0x4 /usr/lib/gcc/x86_64-linux-gnu/11/../../../x86_64-linux-gnu/Scrt1.o
                0x0000000000015000                data_start
                0x0000000000015000                __data_start
 .data          0x0000000000015004        0x0 /usr/lib/gcc/x86_64-linux-gnu/11/../../../x86_64-linux-gnu/crti.o
 .data          0x0000000000015004        0x0 /usr/lib/gcc/x86_64-linux-gnu/11/crtbeginS.o
 *fill*         0x0000000000015004        0x4 
 .data.rel.local
                0x0000000000015008        0x8 /usr/lib/gcc/x86_64-linux-gnu/11/crtbeginS.o
                0x0000000000015008                __dso_handle
 .data          0x0000000000015010        0x0 /tmp/cc2axFbv.o
 .data          0x0000000000015010        0x0 /tmp/cczs6It0.o
 .data          0x0000000000015010        0x0 /tmp/ccIfglgJ.o
 .data          0x0000000000015010        0x0 /tmp/ccWtpD6G.o
 .data          0x0000000000015010        0x0 /tmp/ccpIAT4o.o
 .data          0x0000000000015010        0x0 /tmp/ccJ5Xrm3.o
 .data          0x0000000000015010        0x0 /tmp/ccruIdOY.o
 .data          0x0000000000015010        0x0 /tmp/ccQEej4D.o
 .data          0x0000000000015010        0x0 /tmp/ccs27uSi.o
 .data          0x0000000000015010        0x0 /tmp/ccwz0kGq.o
 .data          0x0000000000015010        0x0 /tmp/ccE89tlP.o
 .data          0x0000000000015010        0x0 /tmp/ccQp5AQa.o
 .data          0x0000000000015010        0x0 /tmp/ccDJFFrp.o
 .data          0x0000000000015010        0x0 /usr/lib/gcc/x86_64-linux-gnu/11/crtendS.o
 .data          0x0000000000015010        0x0 /usr/lib/gcc/x86_64-linux-gnu/11/../../../x86_64-linux-gnu/crtn.o

.tm_clone_table
                0x0000000000015010        0x0
 .tm_clone_table
                0x0000000000015010        0x0 /usr/lib/gcc/x86_64-linux-gnu/11/crtbeginS.o
 .tm_clone_table
                0x0000000000015010        0x0 /usr/lib/gcc/x86_64-linux-gnu/11/crtendS.o

.data1
 *(.data1)
                0x0000000000015010                _edata = .
                [!provide]                        PROVIDE (edata = .)
                0x0000000000015010                . = .
                0x0000000000015010                __bss_start = .

.bss            0x0000000000015020   0xd08188
 *(.dynbss)
 .dynbss        0x0000000000015020        0x8 /usr/lib/gcc/x86_64-linux-gnu/11/../../../x86_64-linux-gnu/Scrt1.o
                0x0000000000015020                stderr@@GLIBC_2.2.5
 *(.bss .bss.* .gnu.linkonce.b.*)
 .bss           0x0000000000015028        0x0 /usr/lib/gcc/x86_64-linux-gnu/11/../../../x86_64-linux-gnu/Scrt1.o
 .bss           0x0000000000015028        0x0 /usr/lib/gcc/x86_64-linux-gnu/11/../../../x86_64-linux-gnu/crti.o
 .bss           0x0000000000015028        0x1 /usr/lib/gcc/x86_64-linux-gnu/11/crtbeginS.o
 *fill*         0x0000000000015029       0x17 
 .bss           0x0000000000015040   0x13c781 /tmp/cc2axFbv.o
                0x0000000000015040                sockfd
                0x0000000000015044                RCServer
                0x0000000000015050                servaddr
                0x0000000000015060                cliaddr
 *fill*         0x00000000001517c1        0x3 
 .bss           0x00000000001517c4        0x4 /tmp/cczs6It0.o
 *fill*         0x00000000001517c8       0x18 
 .bss           0x00000000001517e0     0x7081 /tmp/ccIfglgJ.o
                0x00000000001517e0                _StoreV
 *fill*         0x0000000000158861       0x1f 
 .bss           0x0000000000158880   0x111700 /tmp/ccWtpD6G.o
                0x0000000000158880                T_sector
 .bss           0x0000000000269f80        0x0 /tmp/ccpIAT4o.o
 .bss           0x0000000000269f80      0x420 /tmp/ccJ5Xrm3.o
 .bss           0x000000000026a3a0    0x10aa0 /tmp/ccruIdOY.o
 .bss           0x000000000027ae40   0x530224 /tmp/ccQEej4D.o
                0x000000000027ae40                T_devstate
                0x00000000007ab040                devstate_info
 .bss           0x00000000007ab064        0x0 /tmp/ccs27uSi.o
 .bss           0x00000000007ab064        0x0 /tmp/ccwz0kGq.o
 .bss           0x00000000007ab064        0x0 /tmp/ccE89tlP.o
 *fill*         0x00000000007ab064       0x1c 
 .bss           0x00000000007ab080   0x426064 /tmp/ccQp5AQa.o
                0x00000000007ab080                T_devices
                0x0000000000ba2a80                SessionData_T_dev
                0x0000000000bd10c0                devices_info
 *fill*         0x0000000000bd10e4       0x1c 
 .bss           0x0000000000bd1100   0x14c0a4 /tmp/ccDJFFrp.o
                0x0000000000bd1100                T_devcalendar
                0x0000000000d1d180                devcalendar_info
 .bss           0x0000000000d1d1a4        0x0 /usr/lib/gcc/x86_64-linux-gnu/11/crtendS.o
 .bss           0x0000000000d1d1a4        0x0 /usr/lib/gcc/x86_64-linux-gnu/11/../../../x86_64-linux-gnu/crtn.o
 *(COMMON)
                0x0000000000d1d1a8                . = ALIGN ((. != 0x0)?0x8:0x1)
 *fill*         0x0000000000d1d1a4        0x4 

.lbss
 *(.dynlbss)
 *(.lbss .lbss.* .gnu.linkonce.lb.*)
 *(LARGE_COMMON)
                0x0000000000d1d1a8                . = ALIGN (0x8)
                0x0000000000d1d1a8                . = SEGMENT_START ("ldata-segment", .)

.lrodata
 *(.lrodata .lrodata.* .gnu.linkonce.lr.*)

.ldata          0x0000000000d1f1a8        0x0
 *(.ldata .ldata.* .gnu.linkonce.l.*)
                0x0000000000d1f1a8                . = ALIGN ((. != 0x0)?0x8:0x1)
                0x0000000000d1f1a8                . = ALIGN (0x8)
                0x0000000000d1d1a8                _end = .
                [!provide]                        PROVIDE (end = .)
                0x0000000000d1f1a8                . = DATA_SEGMENT_END (.)

.stab
 *(.stab)

.stabstr
 *(.stabstr)

.stab.excl
 *(.stab.excl)

.stab.exclstr
 *(.stab.exclstr)

.stab.index
 *(.stab.index)

.stab.indexstr
 *(.stab.indexstr)

.comment        0x0000000000000000       0x2d
 *(.comment)
 .comment       0x0000000000000000       0x2d /usr/lib/gcc/x86_64-linux-gnu/11/crtbeginS.o
                                         0x2e (size before relaxing)
 .comment       0x000000000000002d       0x2e /tmp/cc2axFbv.o
 .comment       0x000000000000002d       0x2e /tmp/cczs6It0.o
 .comment       0x000000000000002d       0x2e /tmp/ccIfglgJ.o
 .comment       0x000000000000002d       0x2e /tmp/ccWtpD6G.o
 .comment       0x000000000000002d       0x2e /tmp/ccpIAT4o.o
 .comment       0x000000000000002d       0x2e /tmp/ccJ5Xrm3.o
 .comment       0x000000000000002d       0x2e /tmp/ccruIdOY.o
 .comment       0x000000000000002d       0x2e /tmp/ccQEej4D.o
 .comment       0x000000000000002d       0x2e /tmp/ccs27uSi.o
 .comment       0x000000000000002d       0x2e /tmp/ccwz0kGq.o
 .comment       0x000000000000002d       0x2e /tmp/ccE89tlP.o
 .comment       0x000000000000002d       0x2e /tmp/ccQp5AQa.o
 .comment       0x000000000000002d       0x2e /tmp/ccDJFFrp.o
 .comment       0x000000000000002d       0x2e /usr/lib/gcc/x86_64-linux-gnu/11/crtendS.o

.gnu.build.attributes
 *(.gnu.build.attributes .gnu.build.attributes.*)

.debug
 *(.debug)

.line
 *(.line)

.debug_srcinfo
 *(.debug_srcinfo)

.debug_sfnames
 *(.debug_sfnames)

.debug_aranges  0x0000000000000000      0x270
 *(.debug_aranges)
 .debug_aranges
                0x0000000000000000       0x30 /tmp/cc2axFbv.o
 .debug_aranges
                0x0000000000000030       0x30 /tmp/cczs6It0.o
 .debug_aranges
                0x0000000000000060       0x30 /tmp/ccIfglgJ.o
 .debug_aranges
                0x0000000000000090       0x30 /tmp/ccWtpD6G.o
 .debug_aranges
                0x00000000000000c0       0x30 /tmp/ccpIAT4o.o
 .debug_aranges
                0x00000000000000f0       0x30 /tmp/ccJ5Xrm3.o
 .debug_aranges
                0x0000000000000120       0x30 /tmp/ccruIdOY.o
 .debug_aranges
                0x0000000000000150       0x30 /tmp/ccQEej4D.o
 .debug_aranges
                0x0000000000000180       0x30 /tmp/ccs27uSi.o
 .debug_aranges
                0x00000000000001b0       0x30 /tmp/ccwz0kGq.o
 .debug_aranges
                0x00000000000001e0       0x30 /tmp/ccE89tlP.o
 .debug_aranges
                0x0000000000000210       0x30 /tmp/ccQp5AQa.o
 .debug_aranges
                0x0000000000000240       0x30 /tmp/ccDJFFrp.o

.debug_pubnames
 *(.debug_pubnames)

.debug_info     0x0000000000000000     0x92c0
 *(.debug_info .gnu.linkonce.wi.*)
 .debug_info    0x0000000000000000     0x24d0 /tmp/cc2axFbv.o
 .debug_info    0x00000000000024d0      0x217 /tmp/cczs6It0.o
 .debug_info    0x00000000000026e7      0xc22 /tmp/ccIfglgJ.o
 .debug_info    0x0000000000003309      0x8f5 /tmp/ccWtpD6G.o
 .debug_info    0x0000000000003bfe      0x181 /tmp/ccpIAT4o.o
 .debug_info    0x0000000000003d7f      0x746 /tmp/ccJ5Xrm3.o
 .debug_info    0x00000000000044c5      0xa75 /tmp/ccruIdOY.o
 .debug_info    0x0000000000004f3a      0xde9 /tmp/ccQEej4D.o
 .debug_info    0x0000000000005d23      0xa97 /tmp/ccs27uSi.o
 .debug_info    0x00000000000067ba      0x67b /tmp/ccwz0kGq.o
 .debug_info    0x0000000000006e35      0xa62 /tmp/ccE89tlP.o
 .debug_info    0x0000000000007897      0xca6 /tmp/ccQp5AQa.o
 .debug_info    0x000000000000853d      0xd83 /tmp/ccDJFFrp.o

.debug_abbrev   0x0000000000000000     0x1e37
 *(.debug_abbrev)
 .debug_abbrev  0x0000000000000000      0x47a /tmp/cc2axFbv.o
 .debug_abbrev  0x000000000000047a      0x119 /tmp/cczs6It0.o
 .debug_abbrev  0x0000000000000593      0x268 /tmp/ccIfglgJ.o
 .debug_abbrev  0x00000000000007fb      0x251 /tmp/ccWtpD6G.o
 .debug_abbrev  0x0000000000000a4c       0xe5 /tmp/ccpIAT4o.o
 .debug_abbrev  0x0000000000000b31      0x21c /tmp/ccJ5Xrm3.o
 .debug_abbrev  0x0000000000000d4d      0x2b3 /tmp/ccruIdOY.o
 .debug_abbrev  0x0000000000001000      0x2b0 /tmp/ccQEej4D.o
 .debug_abbrev  0x00000000000012b0      0x252 /tmp/ccs27uSi.o
 .debug_abbrev  0x0000000000001502      0x194 /tmp/ccwz0kGq.o
 .debug_abbrev  0x0000000000001696      0x25d /tmp/ccE89tlP.o
 .debug_abbrev  0x00000000000018f3      0x2bd /tmp/ccQp5AQa.o
 .debug_abbrev  0x0000000000001bb0      0x287 /tmp/ccDJFFrp.o

.debug_line     0x0000000000000000     0x36df
 *(.debug_line .debug_line.* .debug_line_end)
 .debug_line    0x0000000000000000      0xc25 /tmp/cc2axFbv.o
 .debug_line    0x0000000000000c25      0x133 /tmp/cczs6It0.o
 .debug_line    0x0000000000000d58      0x455 /tmp/ccIfglgJ.o
 .debug_line    0x00000000000011ad      0x1be /tmp/ccWtpD6G.o
 .debug_line    0x000000000000136b      0x100 /tmp/ccpIAT4o.o
 .debug_line    0x000000000000146b      0x1c8 /tmp/ccJ5Xrm3.o
 .debug_line    0x0000000000001633      0x2ea /tmp/ccruIdOY.o
 .debug_line    0x000000000000191d      0x7a0 /tmp/ccQEej4D.o
 .debug_line    0x00000000000020bd      0x3ea /tmp/ccs27uSi.o
 .debug_line    0x00000000000024a7      0x134 /tmp/ccwz0kGq.o
 .debug_line    0x00000000000025db      0x46c /tmp/ccE89tlP.o
 .debug_line    0x0000000000002a47      0x64f /tmp/ccQp5AQa.o
 .debug_line    0x0000000000003096      0x649 /tmp/ccDJFFrp.o

.debug_frame
 *(.debug_frame)

.debug_str      0x0000000000000000     0x2065
 *(.debug_str)
 .debug_str     0x0000000000000000     0x11f2 /tmp/cc2axFbv.o
                                       0x1409 (size before relaxing)
 .debug_str     0x00000000000011f2       0x2e /tmp/cczs6It0.o
                                        0x16d (size before relaxing)
 .debug_str     0x0000000000001220      0x307 /tmp/ccIfglgJ.o
                                        0x7db (size before relaxing)
 .debug_str     0x0000000000001527       0xf2 /tmp/ccWtpD6G.o
                                        0x5b7 (size before relaxing)
 .debug_str     0x0000000000001619        0x7 /tmp/ccpIAT4o.o
                                        0x143 (size before relaxing)
 .debug_str     0x0000000000001620       0xd1 /tmp/ccJ5Xrm3.o
                                        0x467 (size before relaxing)
 .debug_str     0x00000000000016f1       0xdf /tmp/ccruIdOY.o
                                        0x57a (size before relaxing)
 .debug_str     0x00000000000017d0      0x3a5 /tmp/ccQEej4D.o
                                        0x96b (size before relaxing)
 .debug_str     0x0000000000001b75      0x24e /tmp/ccs27uSi.o
                                        0x93d (size before relaxing)
 .debug_str     0x0000000000001dc3       0x25 /tmp/ccwz0kGq.o
                                        0x6a0 (size before relaxing)
 .debug_str     0x0000000000001de8      0x1ae /tmp/ccE89tlP.o
                                        0x91a (size before relaxing)
 .debug_str     0x0000000000001f96       0x4c /tmp/ccQp5AQa.o
                                        0x954 (size before relaxing)
 .debug_str     0x0000000000001fe2       0x83 /tmp/ccDJFFrp.o
                                        0x92c (size before relaxing)

.debug_loc
 *(.debug_loc)

.debug_macinfo
 *(.debug_macinfo)

.debug_weaknames
 *(.debug_weaknames)

.debug_funcnames
 *(.debug_funcnames)

.debug_typenames
 *(.debug_typenames)

.debug_varnames
 *(.debug_varnames)

.debug_pubtypes
 *(.debug_pubtypes)

.debug_ranges
 *(.debug_ranges)

.debug_addr
 *(.debug_addr)

.debug_line_str
                0x0000000000000000      0x33f
 *(.debug_line_str)
 .debug_line_str
                0x0000000000000000      0x21d /tmp/cc2axFbv.o
                                        0x26f (size before relaxing)
 .debug_line_str
                0x000000000000021d        0x6 /tmp/cczs6It0.o
                                         0xe1 (size before relaxing)
 .debug_line_str
                0x0000000000000223       0x34 /tmp/ccIfglgJ.o
                                        0x1b3 (size before relaxing)
 .debug_line_str
                0x0000000000000257        0x5 /tmp/ccWtpD6G.o
                                        0x112 (size before relaxing)
 .debug_line_str
                0x000000000000025c        0x7 /tmp/ccpIAT4o.o
                                         0x78 (size before relaxing)
 .debug_line_str
                0x0000000000000263       0x26 /tmp/ccJ5Xrm3.o
                                        0x1b1 (size before relaxing)
 .debug_line_str
                0x0000000000000289        0xc /tmp/ccruIdOY.o
                                        0x151 (size before relaxing)
 .debug_line_str
                0x0000000000000295       0x40 /tmp/ccQEej4D.o
                                        0x1a7 (size before relaxing)
 .debug_line_str
                0x00000000000002d5       0x1c /tmp/ccs27uSi.o
                                        0x198 (size before relaxing)
 .debug_line_str
                0x00000000000002f1       0x1a /tmp/ccwz0kGq.o
                                        0x177 (size before relaxing)
 .debug_line_str
                0x000000000000030b       0x16 /tmp/ccE89tlP.o
                                        0x1a9 (size before relaxing)
 .debug_line_str
                0x0000000000000321        0xd /tmp/ccQp5AQa.o
                                        0x194 (size before relaxing)
 .debug_line_str
                0x000000000000032e       0x11 /tmp/ccDJFFrp.o
                                        0x1a5 (size before relaxing)

.debug_loclists
 *(.debug_loclists)

.debug_macro
 *(.debug_macro)

.debug_names
 *(.debug_names)

.debug_rnglists
                0x0000000000000000       0x3d
 *(.debug_rnglists)
 .debug_rnglists
                0x0000000000000000       0x3d /tmp/cc2axFbv.o

.debug_str_offsets
 *(.debug_str_offsets)

.debug_sup
 *(.debug_sup)

.gnu.attributes
 *(.gnu.attributes)

/DISCARD/
 *(.note.GNU-stack)
 *(.gnu_debuglink)
 *(.gnu.lto_*)
OUTPUT(rcserver elf64-x86-64)
