
Merging program properties


As-needed library included to satisfy reference by file (symbol)

libpq.so.5                    /tmp/ccVLRMAv.o (PQstatus)
libc.so.6                     /tmp/ccNs7rJI.o (clock@@GLIBC_2.2.5)

Discarded input sections

 .note.GNU-stack
                0x0000000000000000        0x0 /usr/lib/gcc/x86_64-linux-gnu/11/../../../x86_64-linux-gnu/Scrt1.o
 .note.gnu.property
                0x0000000000000000       0x20 /usr/lib/gcc/x86_64-linux-gnu/11/../../../x86_64-linux-gnu/crti.o
 .note.GNU-stack
                0x0000000000000000        0x0 /usr/lib/gcc/x86_64-linux-gnu/11/../../../x86_64-linux-gnu/crti.o
 .note.GNU-stack
                0x0000000000000000        0x0 /usr/lib/gcc/x86_64-linux-gnu/11/crtbeginS.o
 .note.gnu.property
                0x0000000000000000       0x20 /usr/lib/gcc/x86_64-linux-gnu/11/crtbeginS.o
 .note.GNU-stack
                0x0000000000000000        0x0 /tmp/ccNs7rJI.o
 .note.gnu.property
                0x0000000000000000       0x20 /tmp/ccNs7rJI.o
 .note.GNU-stack
                0x0000000000000000        0x0 /tmp/ccfPyAl3.o
 .note.gnu.property
                0x0000000000000000       0x20 /tmp/ccfPyAl3.o
 .note.GNU-stack
                0x0000000000000000        0x0 /tmp/cc0Fx1Jh.o
 .note.gnu.property
                0x0000000000000000       0x20 /tmp/cc0Fx1Jh.o
 .note.GNU-stack
                0x0000000000000000        0x0 /tmp/cciN3c0T.o
 .note.gnu.property
                0x0000000000000000       0x20 /tmp/cciN3c0T.o
 .note.GNU-stack
                0x0000000000000000        0x0 /tmp/cctZD6m2.o
 .note.gnu.property
                0x0000000000000000       0x20 /tmp/cctZD6m2.o
 .note.GNU-stack
                0x0000000000000000        0x0 /tmp/ccsjMz7S.o
 .note.gnu.property
                0x0000000000000000       0x20 /tmp/ccsjMz7S.o
 .note.GNU-stack
                0x0000000000000000        0x0 /tmp/ccNYzWY0.o
 .note.gnu.property
                0x0000000000000000       0x20 /tmp/ccNYzWY0.o
 .note.GNU-stack
                0x0000000000000000        0x0 /tmp/ccVLRMAv.o
 .note.gnu.property
                0x0000000000000000       0x20 /tmp/ccVLRMAv.o
 .note.GNU-stack
                0x0000000000000000        0x0 /tmp/ccmVUhF9.o
 .note.gnu.property
                0x0000000000000000       0x20 /tmp/ccmVUhF9.o
 .note.GNU-stack
                0x0000000000000000        0x0 /tmp/cch94uj1.o
 .note.gnu.property
                0x0000000000000000       0x20 /tmp/cch94uj1.o
 .note.GNU-stack
                0x0000000000000000        0x0 /tmp/cc6Dgh5D.o
 .note.gnu.property
                0x0000000000000000       0x20 /tmp/cc6Dgh5D.o
 .note.GNU-stack
                0x0000000000000000        0x0 /tmp/ccJtkAwA.o
 .note.gnu.property
                0x0000000000000000       0x20 /tmp/ccJtkAwA.o
 .note.GNU-stack
                0x0000000000000000        0x0 /tmp/cc66OQjv.o
 .note.gnu.property
                0x0000000000000000       0x20 /tmp/cc66OQjv.o
 .note.GNU-stack
                0x0000000000000000        0x0 /usr/lib/gcc/x86_64-linux-gnu/11/crtendS.o
 .note.gnu.property
                0x0000000000000000       0x20 /usr/lib/gcc/x86_64-linux-gnu/11/crtendS.o
 .note.gnu.property
                0x0000000000000000       0x20 /usr/lib/gcc/x86_64-linux-gnu/11/../../../x86_64-linux-gnu/crtn.o
 .note.GNU-stack
                0x0000000000000000        0x0 /usr/lib/gcc/x86_64-linux-gnu/11/../../../x86_64-linux-gnu/crtn.o

Memory Configuration

Name             Origin             Length             Attributes
*default*        0x0000000000000000 0xffffffffffffffff

Linker script and memory map

LOAD /usr/lib/gcc/x86_64-linux-gnu/11/../../../x86_64-linux-gnu/Scrt1.o
LOAD /usr/lib/gcc/x86_64-linux-gnu/11/../../../x86_64-linux-gnu/crti.o
LOAD /usr/lib/gcc/x86_64-linux-gnu/11/crtbeginS.o
LOAD /tmp/ccNs7rJI.o
LOAD /tmp/ccfPyAl3.o
LOAD /tmp/cc0Fx1Jh.o
LOAD /tmp/cciN3c0T.o
LOAD /tmp/cctZD6m2.o
LOAD /tmp/ccsjMz7S.o
LOAD /tmp/ccNYzWY0.o
LOAD /tmp/ccVLRMAv.o
LOAD /tmp/ccmVUhF9.o
LOAD /tmp/cch94uj1.o
LOAD /tmp/cc6Dgh5D.o
LOAD /tmp/ccJtkAwA.o
LOAD /tmp/cc66OQjv.o
LOAD /usr/lib/gcc/x86_64-linux-gnu/11/../../../x86_64-linux-gnu/libpq.so
LOAD /usr/lib/gcc/x86_64-linux-gnu/11/libgcc.a
LOAD /usr/lib/gcc/x86_64-linux-gnu/11/libgcc_s.so
START GROUP
LOAD /usr/lib/gcc/x86_64-linux-gnu/11/../../../x86_64-linux-gnu/libgcc_s.so.1
LOAD /usr/lib/gcc/x86_64-linux-gnu/11/libgcc.a
END GROUP
LOAD /usr/lib/gcc/x86_64-linux-gnu/11/../../../x86_64-linux-gnu/libc.so
START GROUP
LOAD /lib/x86_64-linux-gnu/libc.so.6
LOAD /usr/lib/x86_64-linux-gnu/libc_nonshared.a
LOAD /lib64/ld-linux-x86-64.so.2
END GROUP
LOAD /usr/lib/gcc/x86_64-linux-gnu/11/libgcc.a
LOAD /usr/lib/gcc/x86_64-linux-gnu/11/libgcc_s.so
START GROUP
LOAD /usr/lib/gcc/x86_64-linux-gnu/11/../../../x86_64-linux-gnu/libgcc_s.so.1
LOAD /usr/lib/gcc/x86_64-linux-gnu/11/libgcc.a
END GROUP
LOAD /usr/lib/gcc/x86_64-linux-gnu/11/crtendS.o
LOAD /usr/lib/gcc/x86_64-linux-gnu/11/../../../x86_64-linux-gnu/crtn.o
                [!provide]                        PROVIDE (__executable_start = SEGMENT_START ("text-segment", 0x0))
                0x0000000000000318                . = (SEGMENT_START ("text-segment", 0x0) + SIZEOF_HEADERS)

.interp         0x0000000000000318       0x1c
 *(.interp)
 .interp        0x0000000000000318       0x1c /usr/lib/gcc/x86_64-linux-gnu/11/../../../x86_64-linux-gnu/Scrt1.o

.note.gnu.property
                0x0000000000000338       0x30
 .note.gnu.property
                0x0000000000000338       0x30 /usr/lib/gcc/x86_64-linux-gnu/11/../../../x86_64-linux-gnu/Scrt1.o

.note.gnu.build-id
                0x0000000000000368       0x24
 *(.note.gnu.build-id)
 .note.gnu.build-id
                0x0000000000000368       0x24 /usr/lib/gcc/x86_64-linux-gnu/11/../../../x86_64-linux-gnu/Scrt1.o

.note.ABI-tag   0x000000000000038c       0x20
 .note.ABI-tag  0x000000000000038c       0x20 /usr/lib/gcc/x86_64-linux-gnu/11/../../../x86_64-linux-gnu/Scrt1.o

.hash
 *(.hash)

.gnu.hash       0x00000000000003b0       0x28
 *(.gnu.hash)
 .gnu.hash      0x00000000000003b0       0x28 /usr/lib/gcc/x86_64-linux-gnu/11/../../../x86_64-linux-gnu/Scrt1.o

.dynsym         0x00000000000003d8      0x678
 *(.dynsym)
 .dynsym        0x00000000000003d8      0x678 /usr/lib/gcc/x86_64-linux-gnu/11/../../../x86_64-linux-gnu/Scrt1.o

.dynstr         0x0000000000000a50      0x29d
 *(.dynstr)
 .dynstr        0x0000000000000a50      0x29d /usr/lib/gcc/x86_64-linux-gnu/11/../../../x86_64-linux-gnu/Scrt1.o

.gnu.version    0x0000000000000cee       0x8a
 *(.gnu.version)
 .gnu.version   0x0000000000000cee       0x8a /usr/lib/gcc/x86_64-linux-gnu/11/../../../x86_64-linux-gnu/Scrt1.o

.gnu.version_d  0x0000000000000d78        0x0
 *(.gnu.version_d)
 .gnu.version_d
                0x0000000000000d78        0x0 /usr/lib/gcc/x86_64-linux-gnu/11/../../../x86_64-linux-gnu/Scrt1.o

.gnu.version_r  0x0000000000000d78       0x60
 *(.gnu.version_r)
 .gnu.version_r
                0x0000000000000d78       0x60 /usr/lib/gcc/x86_64-linux-gnu/11/../../../x86_64-linux-gnu/Scrt1.o

.rela.dyn       0x0000000000000dd8       0xd8
 *(.rela.init)
 *(.rela.text .rela.text.* .rela.gnu.linkonce.t.*)
 .rela.text     0x0000000000000dd8        0x0 /usr/lib/gcc/x86_64-linux-gnu/11/../../../x86_64-linux-gnu/Scrt1.o
 *(.rela.fini)
 *(.rela.rodata .rela.rodata.* .rela.gnu.linkonce.r.*)
 *(.rela.data .rela.data.* .rela.gnu.linkonce.d.*)
 .rela.data.rel.ro
                0x0000000000000dd8        0x0 /usr/lib/gcc/x86_64-linux-gnu/11/../../../x86_64-linux-gnu/Scrt1.o
 .rela.data.rel.local
                0x0000000000000dd8       0x18 /usr/lib/gcc/x86_64-linux-gnu/11/../../../x86_64-linux-gnu/Scrt1.o
 *(.rela.tdata .rela.tdata.* .rela.gnu.linkonce.td.*)
 *(.rela.tbss .rela.tbss.* .rela.gnu.linkonce.tb.*)
 *(.rela.ctors)
 *(.rela.dtors)
 *(.rela.got)
 .rela.got      0x0000000000000df0       0x78 /usr/lib/gcc/x86_64-linux-gnu/11/../../../x86_64-linux-gnu/Scrt1.o
 *(.rela.bss .rela.bss.* .rela.gnu.linkonce.b.*)
 .rela.bss      0x0000000000000e68       0x18 /usr/lib/gcc/x86_64-linux-gnu/11/../../../x86_64-linux-gnu/Scrt1.o
 *(.rela.ldata .rela.ldata.* .rela.gnu.linkonce.l.*)
 *(.rela.lbss .rela.lbss.* .rela.gnu.linkonce.lb.*)
 *(.rela.lrodata .rela.lrodata.* .rela.gnu.linkonce.lr.*)
 *(.rela.ifunc)
 .rela.ifunc    0x0000000000000e80        0x0 /usr/lib/gcc/x86_64-linux-gnu/11/../../../x86_64-linux-gnu/Scrt1.o
 .rela.fini_array
                0x0000000000000e80       0x18 /usr/lib/gcc/x86_64-linux-gnu/11/../../../x86_64-linux-gnu/Scrt1.o
 .rela.init_array
                0x0000000000000e98       0x18 /usr/lib/gcc/x86_64-linux-gnu/11/../../../x86_64-linux-gnu/Scrt1.o

.rela.plt       0x0000000000000eb0      0x5d0
 *(.rela.plt)
 .rela.plt      0x0000000000000eb0      0x5d0 /usr/lib/gcc/x86_64-linux-gnu/11/../../../x86_64-linux-gnu/Scrt1.o
 *(.rela.iplt)

.relr.dyn
 *(.relr.dyn)
                0x0000000000002000                . = ALIGN (CONSTANT (MAXPAGESIZE))

.init           0x0000000000002000       0x1b
 *(SORT_NONE(.init))
 .init          0x0000000000002000       0x16 /usr/lib/gcc/x86_64-linux-gnu/11/../../../x86_64-linux-gnu/crti.o
                0x0000000000002000                _init
 .init          0x0000000000002016        0x5 /usr/lib/gcc/x86_64-linux-gnu/11/../../../x86_64-linux-gnu/crtn.o

.plt            0x0000000000002020      0x3f0
 *(.plt)
 .plt           0x0000000000002020      0x3f0 /usr/lib/gcc/x86_64-linux-gnu/11/../../../x86_64-linux-gnu/Scrt1.o
 *(.iplt)

.plt.got        0x0000000000002410       0x10
 *(.plt.got)
 .plt.got       0x0000000000002410       0x10 /usr/lib/gcc/x86_64-linux-gnu/11/../../../x86_64-linux-gnu/Scrt1.o
                0x0000000000002410                __cxa_finalize@@GLIBC_2.2.5

.plt.sec        0x0000000000002420      0x3e0
 *(.plt.sec)
 .plt.sec       0x0000000000002420      0x3e0 /usr/lib/gcc/x86_64-linux-gnu/11/../../../x86_64-linux-gnu/Scrt1.o
                0x0000000000002420                ftell@@GLIBC_2.2.5
                0x0000000000002430                PQresultStatus
                0x0000000000002440                PQgetvalue
                0x0000000000002450                __errno_location@@GLIBC_2.2.5
                0x0000000000002460                printf@@GLIBC_2.2.5
                0x0000000000002470                PQclear
                0x0000000000002480                htons@@GLIBC_2.2.5
                0x0000000000002490                sendto@@GLIBC_2.2.5
                0x00000000000024a0                rewind@@GLIBC_2.2.5
                0x00000000000024b0                bind@@GLIBC_2.2.5
                0x00000000000024c0                sprintf@@GLIBC_2.2.5
                0x00000000000024d0                socket@@GLIBC_2.2.5
                0x00000000000024e0                strlen@@GLIBC_2.2.5
                0x00000000000024f0                PQexec
                0x0000000000002500                inet_ntoa@@GLIBC_2.2.5
                0x0000000000002510                memcmp@@GLIBC_2.2.5
                0x0000000000002520                mkdir@@GLIBC_2.2.5
                0x0000000000002530                strncpy@@GLIBC_2.2.5
                0x0000000000002540                localtime_r@@GLIBC_2.2.5
                0x0000000000002550                memset@@GLIBC_2.2.5
                0x0000000000002560                fcntl@@GLIBC_2.2.5
                0x0000000000002570                rename@@GLIBC_2.2.5
                0x0000000000002580                clock@@GLIBC_2.2.5
                0x0000000000002590                PQgetisnull
                0x00000000000025a0                localtime@@GLIBC_2.2.5
                0x00000000000025b0                sleep@@GLIBC_2.2.5
                0x00000000000025c0                recvfrom@@GLIBC_2.2.5
                0x00000000000025d0                PQerrorMessage
                0x00000000000025e0                atoll@@GLIBC_2.2.5
                0x00000000000025f0                strftime@@GLIBC_2.2.5
                0x0000000000002600                memcpy@@GLIBC_2.14
                0x0000000000002610                perror@@GLIBC_2.2.5
                0x0000000000002620                stat@@GLIBC_2.33
                0x0000000000002630                time@@GLIBC_2.2.5
                0x0000000000002640                strcpy@@GLIBC_2.2.5
                0x0000000000002650                fclose@@GLIBC_2.2.5
                0x0000000000002660                inet_ntop@@GLIBC_2.2.5
                0x0000000000002670                PQexecParams
                0x0000000000002680                fseek@@GLIBC_2.2.5
                0x0000000000002690                __stack_chk_fail@@GLIBC_2.4
                0x00000000000026a0                PQconnectdb
                0x00000000000026b0                fopen@@GLIBC_2.2.5
                0x00000000000026c0                signal@@GLIBC_2.2.5
                0x00000000000026d0                exit@@GLIBC_2.2.5
                0x00000000000026e0                PQstatus
                0x00000000000026f0                atof@@GLIBC_2.2.5
                0x0000000000002700                PQntuples
                0x0000000000002710                vfprintf@@GLIBC_2.2.5
                0x0000000000002720                putchar@@GLIBC_2.2.5
                0x0000000000002730                strcmp@@GLIBC_2.2.5
                0x0000000000002740                fprintf@@GLIBC_2.2.5
                0x0000000000002750                fread@@GLIBC_2.2.5
                0x0000000000002760                puts@@GLIBC_2.2.5
                0x0000000000002770                atoi@@GLIBC_2.2.5
                0x0000000000002780                snprintf@@GLIBC_2.2.5
                0x0000000000002790                PQfinish
                0x00000000000027a0                ntohs@@GLIBC_2.2.5
                0x00000000000027b0                inet_pton@@GLIBC_2.2.5
                0x00000000000027c0                PQcmdTuples
                0x00000000000027d0                fwrite@@GLIBC_2.2.5
                0x00000000000027e0                close@@GLIBC_2.2.5
                0x00000000000027f0                PQnfields

.text           0x0000000000002800     0xc752
 *(.text.unlikely .text.*_unlikely .text.unlikely.*)
 *(.text.exit .text.exit.*)
 *(.text.startup .text.startup.*)
 *(.text.hot .text.hot.*)
 *(SORT_BY_NAME(.text.sorted.*))
 *(.text .stub .text.* .gnu.linkonce.t.*)
 .text          0x0000000000002800       0x26 /usr/lib/gcc/x86_64-linux-gnu/11/../../../x86_64-linux-gnu/Scrt1.o
                0x0000000000002800                _start
 .text          0x0000000000002826        0x0 /usr/lib/gcc/x86_64-linux-gnu/11/../../../x86_64-linux-gnu/crti.o
 *fill*         0x0000000000002826        0xa 
 .text          0x0000000000002830       0xb9 /usr/lib/gcc/x86_64-linux-gnu/11/crtbeginS.o
 .text          0x00000000000028e9     0x2b50 /tmp/ccNs7rJI.o
                0x00000000000028e9                GetDateTime
                0x0000000000002996                _GetTimer1ms
                0x00000000000029c9                sigintHandler
                0x00000000000029fe                _initlog
                0x0000000000002a5c                _log
                0x0000000000002bfc                printIPAddress
                0x0000000000002cdb                _Look4BTxFree
                0x0000000000002df7                _Look4BTxPos
                0x0000000000002e86                _Look4BTxRelease
                0x0000000000002ef6                _InitRCServer
                0x0000000000003142                _Send2EQ
                0x00000000000031c0                _ProcIDLE
                0x00000000000031cb                _ProcRx
                0x0000000000005069                _ProcTxVFileTimeout
                0x0000000000005157                _Proc10msFuncs
                0x0000000000005278                main
 .text          0x0000000000005439      0x232 /tmp/ccfPyAl3.o
                0x0000000000005439                CalcCrc16
                0x00000000000055d9                crc_ccitt
 .text          0x000000000000566b      0xfcb /tmp/cc0Fx1Jh.o
                0x000000000000566b                _strcpyln
                0x00000000000056eb                _InitStoreFiles
                0x000000000000570f                _Look4Free
                0x0000000000005785                _Look4Pos
                0x00000000000057f9                _Look4Release
                0x0000000000005852                _ProcStFilesTimeout
                0x0000000000005961                _CreateFolder
                0x0000000000005a5c                _StoreFile
 .text          0x0000000000006636      0x3f9 /tmp/cciN3c0T.o
                0x0000000000006636                Hex2Bin
                0x00000000000067c8                _Init_dbread
                0x00000000000067ff                _dbread_bulk
                0x0000000000006839                _Stfind_Eqid
                0x00000000000068d4                _Stfind_Hubid
                0x000000000000696f                _Findtargetfolder
                0x00000000000069af                _CheckEq
                0x00000000000069ef                _CheckHubId
 .text          0x0000000000006a2f      0x18c /tmp/cctZD6m2.o
                0x0000000000006a2f                _EncriptDecript
                0x0000000000006b4b                strcopys
 .text          0x0000000000006bbb      0x46a /tmp/ccsjMz7S.o
                0x0000000000006bbb                init_loop2app
                0x0000000000006cf5                udp_receive
                0x0000000000006e5b                udp_send
                0x0000000000006f6f                test_loop
 .text          0x0000000000007025      0x750 /tmp/ccNYzWY0.o
                0x0000000000007287                _GetTotBinFrames
                0x00000000000072a9                _LoadNetHubBin
                0x000000000000761a                _GetNetHubFileInfo
                0x000000000000763d                _Create_Hub
                0x0000000000007709                _Find_Hub
 .text          0x0000000000007775     0x1d3b /tmp/ccVLRMAv.o
                0x0000000000007775                _dbread_devstate_size
                0x00000000000077be                _Stfind_Devstate
                0x0000000000007856                _Stfind_Devstate_ByZone
                0x00000000000078cd                _dbread_table_devstate
                0x0000000000008bf6                _dbwrite_devstate
                0x00000000000090f7                _dbcheck_devstate
                0x000000000000947c                _InitDb_devstate
 .text          0x00000000000094b0     0x1079 /tmp/ccmVUhF9.o
                0x00000000000094b0                _DbDeviceEventTypeToString
                0x0000000000009534                _DbDeviceEventSeverityToString
                0x0000000000009590                _DbDeviceEventTypeFromString
                0x00000000000096cc                _DbDeviceEventSeverityFromString
                0x0000000000009778                _dbread_deviceevent
                0x0000000000009fd0                _dbinsert_deviceevent
 .text          0x000000000000a529      0x368 /tmp/cch94uj1.o
                0x000000000000a529                _dbread_db_version
 .text          0x000000000000a891      0xf07 /tmp/cc6Dgh5D.o
                0x000000000000a891                _dbalarm_type_from_string
                0x000000000000a985                _dbalarm_type_to_string
                0x000000000000a9f9                _dbalarm_severity_from_string
                0x000000000000aaa5                _dbalarm_severity_to_string
                0x000000000000ab03                _dbread_alarm
                0x000000000000b382                _dbinsert_alarm
 .text          0x000000000000b798     0x19a8 /tmp/ccJtkAwA.o
                0x000000000000b798                _dbread_devices_size
                0x000000000000b7f2                _Stfind_Devices
                0x000000000000b8c1                _Stfind_Devices_ByEqid
                0x000000000000bb02                _Stfind_Devices_ByZone
                0x000000000000bbb0                _dbread_table_devices
                0x000000000000cd3d                _dbcheck_devices
                0x000000000000d0da                _InitDb_devices
 .text          0x000000000000d140     0x1e12 /tmp/cc66OQjv.o
                0x000000000000d140                _dbread_devcalendar_size
                0x000000000000d19e                _Stfind_Devcalendar
                0x000000000000d279                _dbread_table_devcalendar
                0x000000000000e478                _dbwrite_devcalendar
                0x000000000000ebed                _dbcheck_devcalendar
                0x000000000000ef1f                _InitDb_devcalendar
 .text          0x000000000000ef52        0x0 /usr/lib/gcc/x86_64-linux-gnu/11/crtendS.o
 .text          0x000000000000ef52        0x0 /usr/lib/gcc/x86_64-linux-gnu/11/../../../x86_64-linux-gnu/crtn.o
 *(.gnu.warning)

.fini           0x000000000000ef54        0xd
 *(SORT_NONE(.fini))
 .fini          0x000000000000ef54        0x8 /usr/lib/gcc/x86_64-linux-gnu/11/../../../x86_64-linux-gnu/crti.o
                0x000000000000ef54                _fini
 .fini          0x000000000000ef5c        0x5 /usr/lib/gcc/x86_64-linux-gnu/11/../../../x86_64-linux-gnu/crtn.o
                [!provide]                        PROVIDE (__etext = .)
                [!provide]                        PROVIDE (_etext = .)
                [!provide]                        PROVIDE (etext = .)
                0x000000000000f000                . = ALIGN (CONSTANT (MAXPAGESIZE))
                0x000000000000f000                . = SEGMENT_START ("rodata-segment", (ALIGN (CONSTANT (MAXPAGESIZE)) + (. & (CONSTANT (MAXPAGESIZE) - 0x1))))

.rodata         0x000000000000f000     0x3b1f
 *(.rodata .rodata.* .gnu.linkonce.r.*)
 .rodata.cst4   0x000000000000f000        0x4 /usr/lib/gcc/x86_64-linux-gnu/11/../../../x86_64-linux-gnu/Scrt1.o
                0x000000000000f000                _IO_stdin_used
 *fill*         0x000000000000f004        0x4 
 .rodata        0x000000000000f008      0xeac /tmp/ccNs7rJI.o
 *fill*         0x000000000000feb4        0xc 
 .rodata        0x000000000000fec0      0x222 /tmp/ccfPyAl3.o
 *fill*         0x00000000000100e2        0x6 
 .rodata        0x00000000000100e8      0x213 /tmp/cc0Fx1Jh.o
 *fill*         0x00000000000102fb        0x5 
 .rodata        0x0000000000010300       0x28 /tmp/cciN3c0T.o
 .rodata        0x0000000000010328       0x8f /tmp/cctZD6m2.o
 *fill*         0x00000000000103b7        0x1 
 .rodata        0x00000000000103b8       0xbb /tmp/ccsjMz7S.o
 *fill*         0x0000000000010473        0x5 
 .rodata        0x0000000000010478      0x1a1 /tmp/ccNYzWY0.o
 *fill*         0x0000000000010619        0x7 
 .rodata        0x0000000000010620      0x8ab /tmp/ccVLRMAv.o
 *fill*         0x0000000000010ecb        0x5 
 .rodata        0x0000000000010ed0      0x608 /tmp/ccmVUhF9.o
 .rodata        0x00000000000114d8      0x180 /tmp/cch94uj1.o
 .rodata        0x0000000000011658      0x523 /tmp/cc6Dgh5D.o
 *fill*         0x0000000000011b7b        0x5 
 .rodata        0x0000000000011b80      0x58a /tmp/ccJtkAwA.o
 *fill*         0x000000000001210a        0x6 
 .rodata        0x0000000000012110      0xa0f /tmp/cc66OQjv.o

.rodata1
 *(.rodata1)

.eh_frame_hdr   0x0000000000012b20      0x2b4
 *(.eh_frame_hdr)
 .eh_frame_hdr  0x0000000000012b20      0x2b4 /usr/lib/gcc/x86_64-linux-gnu/11/../../../x86_64-linux-gnu/Scrt1.o
                0x0000000000012b20                __GNU_EH_FRAME_HDR
 *(.eh_frame_entry .eh_frame_entry.*)

.eh_frame       0x0000000000012dd8      0xab4
 *(.eh_frame)
 .eh_frame      0x0000000000012dd8       0x30 /usr/lib/gcc/x86_64-linux-gnu/11/../../../x86_64-linux-gnu/Scrt1.o
                                         0x2c (size before relaxing)
 *fill*         0x0000000000012e08        0x0 
 .eh_frame      0x0000000000012e08       0x28 /usr/lib/gcc/x86_64-linux-gnu/11/../../../x86_64-linux-gnu/Scrt1.o
                                         0x40 (size before relaxing)
 .eh_frame      0x0000000000012e30       0x18 /usr/lib/gcc/x86_64-linux-gnu/11/../../../x86_64-linux-gnu/Scrt1.o
                                         0x30 (size before relaxing)
 .eh_frame      0x0000000000012e48       0x18 /usr/lib/gcc/x86_64-linux-gnu/11/../../../x86_64-linux-gnu/Scrt1.o
                                         0x30 (size before relaxing)
 .eh_frame      0x0000000000012e60      0x200 /tmp/ccNs7rJI.o
                                        0x218 (size before relaxing)
 .eh_frame      0x0000000000013060       0x40 /tmp/ccfPyAl3.o
                                         0x58 (size before relaxing)
 .eh_frame      0x00000000000130a0      0x108 /tmp/cc0Fx1Jh.o
                                        0x120 (size before relaxing)
 .eh_frame      0x00000000000131a8      0x100 /tmp/cciN3c0T.o
                                        0x118 (size before relaxing)
 .eh_frame      0x00000000000132a8       0x40 /tmp/cctZD6m2.o
                                         0x58 (size before relaxing)
 .eh_frame      0x00000000000132e8       0x80 /tmp/ccsjMz7S.o
                                         0x98 (size before relaxing)
 .eh_frame      0x0000000000013368      0x100 /tmp/ccNYzWY0.o
                                        0x118 (size before relaxing)
 .eh_frame      0x0000000000013468       0xe0 /tmp/ccVLRMAv.o
                                         0xf8 (size before relaxing)
 .eh_frame      0x0000000000013548       0xc0 /tmp/ccmVUhF9.o
                                         0xd8 (size before relaxing)
 .eh_frame      0x0000000000013608       0x20 /tmp/cch94uj1.o
                                         0x38 (size before relaxing)
 .eh_frame      0x0000000000013628       0xc0 /tmp/cc6Dgh5D.o
                                         0xd8 (size before relaxing)
 .eh_frame      0x00000000000136e8       0xe0 /tmp/ccJtkAwA.o
                                         0xf8 (size before relaxing)
 .eh_frame      0x00000000000137c8       0xc0 /tmp/cc66OQjv.o
                                         0xd8 (size before relaxing)
 .eh_frame      0x0000000000013888        0x4 /usr/lib/gcc/x86_64-linux-gnu/11/crtendS.o
 *(.eh_frame.*)

.gcc_except_table
 *(.gcc_except_table .gcc_except_table.*)

.gnu_extab
 *(.gnu_extab*)

.exception_ranges
 *(.exception_ranges*)
                0x0000000000014bc0                . = DATA_SEGMENT_ALIGN (CONSTANT (MAXPAGESIZE), CONSTANT (COMMONPAGESIZE))

.eh_frame
 *(.eh_frame)
 *(.eh_frame.*)

.gnu_extab
 *(.gnu_extab)

.gcc_except_table
 *(.gcc_except_table .gcc_except_table.*)

.exception_ranges
 *(.exception_ranges*)

.tdata          0x0000000000014bc0        0x0
                [!provide]                        PROVIDE (__tdata_start = .)
 *(.tdata .tdata.* .gnu.linkonce.td.*)

.tbss
 *(.tbss .tbss.* .gnu.linkonce.tb.*)
 *(.tcommon)

.preinit_array  0x0000000000014bc0        0x0
                [!provide]                        PROVIDE (__preinit_array_start = .)
 *(.preinit_array)
                [!provide]                        PROVIDE (__preinit_array_end = .)

.init_array     0x0000000000014bc0        0x8
                [!provide]                        PROVIDE (__init_array_start = .)
 *(SORT_BY_INIT_PRIORITY(.init_array.*) SORT_BY_INIT_PRIORITY(.ctors.*))
 *(.init_array EXCLUDE_FILE(*crtend?.o *crtend.o *crtbegin?.o *crtbegin.o) .ctors)
 .init_array    0x0000000000014bc0        0x8 /usr/lib/gcc/x86_64-linux-gnu/11/crtbeginS.o
                [!provide]                        PROVIDE (__init_array_end = .)

.fini_array     0x0000000000014bc8        0x8
                [!provide]                        PROVIDE (__fini_array_start = .)
 *(SORT_BY_INIT_PRIORITY(.fini_array.*) SORT_BY_INIT_PRIORITY(.dtors.*))
 *(.fini_array EXCLUDE_FILE(*crtend?.o *crtend.o *crtbegin?.o *crtbegin.o) .dtors)
 .fini_array    0x0000000000014bc8        0x8 /usr/lib/gcc/x86_64-linux-gnu/11/crtbeginS.o
                [!provide]                        PROVIDE (__fini_array_end = .)

.ctors
 *crtbegin.o(.ctors)
 *crtbegin?.o(.ctors)
 *(EXCLUDE_FILE(*crtend?.o *crtend.o) .ctors)
 *(SORT_BY_NAME(.ctors.*))
 *(.ctors)

.dtors
 *crtbegin.o(.dtors)
 *crtbegin?.o(.dtors)
 *(EXCLUDE_FILE(*crtend?.o *crtend.o) .dtors)
 *(SORT_BY_NAME(.dtors.*))
 *(.dtors)

.jcr
 *(.jcr)

.data.rel.ro    0x0000000000014bd0        0x0
 *(.data.rel.ro.local* .gnu.linkonce.d.rel.ro.local.*)
 *(.data.rel.ro .data.rel.ro.* .gnu.linkonce.d.rel.ro.*)
 .data.rel.ro   0x0000000000014bd0        0x0 /usr/lib/gcc/x86_64-linux-gnu/11/../../../x86_64-linux-gnu/Scrt1.o

.dynamic        0x0000000000014bd0      0x200
 *(.dynamic)
 .dynamic       0x0000000000014bd0      0x200 /usr/lib/gcc/x86_64-linux-gnu/11/../../../x86_64-linux-gnu/Scrt1.o
                0x0000000000014bd0                _DYNAMIC

.got            0x0000000000014dd0      0x230
 *(.got.plt)
 .got.plt       0x0000000000014dd0      0x208 /usr/lib/gcc/x86_64-linux-gnu/11/../../../x86_64-linux-gnu/Scrt1.o
                0x0000000000014dd0                _GLOBAL_OFFSET_TABLE_
 *(.igot.plt)
 *(.got)
 .got           0x0000000000014fd8       0x28 /usr/lib/gcc/x86_64-linux-gnu/11/../../../x86_64-linux-gnu/Scrt1.o
 *(.igot)
                0x0000000000015000                . = DATA_SEGMENT_RELRO_END (., 0x0)

.data           0x0000000000015000       0x10
 *(.data .data.* .gnu.linkonce.d.*)
 .data          0x0000000000015000        0x4 /usr/lib/gcc/x86_64-linux-gnu/11/../../../x86_64-linux-gnu/Scrt1.o
                0x0000000000015000                data_start
                0x0000000000015000                __data_start
 .data          0x0000000000015004        0x0 /usr/lib/gcc/x86_64-linux-gnu/11/../../../x86_64-linux-gnu/crti.o
 .data          0x0000000000015004        0x0 /usr/lib/gcc/x86_64-linux-gnu/11/crtbeginS.o
 *fill*         0x0000000000015004        0x4 
 .data.rel.local
                0x0000000000015008        0x8 /usr/lib/gcc/x86_64-linux-gnu/11/crtbeginS.o
                0x0000000000015008                __dso_handle
 .data          0x0000000000015010        0x0 /tmp/ccNs7rJI.o
 .data          0x0000000000015010        0x0 /tmp/ccfPyAl3.o
 .data          0x0000000000015010        0x0 /tmp/cc0Fx1Jh.o
 .data          0x0000000000015010        0x0 /tmp/cciN3c0T.o
 .data          0x0000000000015010        0x0 /tmp/cctZD6m2.o
 .data          0x0000000000015010        0x0 /tmp/ccsjMz7S.o
 .data          0x0000000000015010        0x0 /tmp/ccNYzWY0.o
 .data          0x0000000000015010        0x0 /tmp/ccVLRMAv.o
 .data          0x0000000000015010        0x0 /tmp/ccmVUhF9.o
 .data          0x0000000000015010        0x0 /tmp/cch94uj1.o
 .data          0x0000000000015010        0x0 /tmp/cc6Dgh5D.o
 .data          0x0000000000015010        0x0 /tmp/ccJtkAwA.o
 .data          0x0000000000015010        0x0 /tmp/cc66OQjv.o
 .data          0x0000000000015010        0x0 /usr/lib/gcc/x86_64-linux-gnu/11/crtendS.o
 .data          0x0000000000015010        0x0 /usr/lib/gcc/x86_64-linux-gnu/11/../../../x86_64-linux-gnu/crtn.o

.tm_clone_table
                0x0000000000015010        0x0
 .tm_clone_table
                0x0000000000015010        0x0 /usr/lib/gcc/x86_64-linux-gnu/11/crtbeginS.o
 .tm_clone_table
                0x0000000000015010        0x0 /usr/lib/gcc/x86_64-linux-gnu/11/crtendS.o

.data1
 *(.data1)
                0x0000000000015010                _edata = .
                [!provide]                        PROVIDE (edata = .)
                0x0000000000015010                . = .
                0x0000000000015010                __bss_start = .

.bss            0x0000000000015020   0xddef08
 *(.dynbss)
 .dynbss        0x0000000000015020        0x8 /usr/lib/gcc/x86_64-linux-gnu/11/../../../x86_64-linux-gnu/Scrt1.o
                0x0000000000015020                stderr@@GLIBC_2.2.5
 *(.bss .bss.* .gnu.linkonce.b.*)
 .bss           0x0000000000015028        0x0 /usr/lib/gcc/x86_64-linux-gnu/11/../../../x86_64-linux-gnu/Scrt1.o
 .bss           0x0000000000015028        0x0 /usr/lib/gcc/x86_64-linux-gnu/11/../../../x86_64-linux-gnu/crti.o
 .bss           0x0000000000015028        0x1 /usr/lib/gcc/x86_64-linux-gnu/11/crtbeginS.o
 *fill*         0x0000000000015029       0x17 
 .bss           0x0000000000015040   0x13c781 /tmp/ccNs7rJI.o
                0x0000000000015040                sockfd
                0x0000000000015044                RCServer
                0x0000000000015050                servaddr
                0x0000000000015060                cliaddr
 *fill*         0x00000000001517c1        0x3 
 .bss           0x00000000001517c4        0x4 /tmp/ccfPyAl3.o
 *fill*         0x00000000001517c8       0x18 
 .bss           0x00000000001517e0     0x7081 /tmp/cc0Fx1Jh.o
                0x00000000001517e0                _StoreV
 *fill*         0x0000000000158861       0x1f 
 .bss           0x0000000000158880   0x111700 /tmp/cciN3c0T.o
                0x0000000000158880                T_sector
 .bss           0x0000000000269f80        0x0 /tmp/cctZD6m2.o
 .bss           0x0000000000269f80      0x420 /tmp/ccsjMz7S.o
 .bss           0x000000000026a3a0    0x10aa0 /tmp/ccNYzWY0.o
 .bss           0x000000000027ae40   0x543aa4 /tmp/ccVLRMAv.o
                0x000000000027ae40                T_devstate
                0x00000000007be8c0                devstate_info
 .bss           0x00000000007be8e4        0x0 /tmp/ccmVUhF9.o
 .bss           0x00000000007be8e4        0x0 /tmp/cch94uj1.o
 .bss           0x00000000007be8e4        0x0 /tmp/cc6Dgh5D.o
 *fill*         0x00000000007be8e4       0x1c 
 .bss           0x00000000007be900   0x426064 /tmp/ccJtkAwA.o
                0x00000000007be900                T_devices
                0x0000000000bb6300                SessionData_T_dev
                0x0000000000be4940                devices_info
 *fill*         0x0000000000be4964       0x1c 
 .bss           0x0000000000be4980   0x20f5a4 /tmp/cc66OQjv.o
                0x0000000000be4980                T_devcalendar
                0x0000000000df3f00                devcalendar_info
 .bss           0x0000000000df3f24        0x0 /usr/lib/gcc/x86_64-linux-gnu/11/crtendS.o
 .bss           0x0000000000df3f24        0x0 /usr/lib/gcc/x86_64-linux-gnu/11/../../../x86_64-linux-gnu/crtn.o
 *(COMMON)
                0x0000000000df3f28                . = ALIGN ((. != 0x0)?0x8:0x1)
 *fill*         0x0000000000df3f24        0x4 

.lbss
 *(.dynlbss)
 *(.lbss .lbss.* .gnu.linkonce.lb.*)
 *(LARGE_COMMON)
                0x0000000000df3f28                . = ALIGN (0x8)
                0x0000000000df3f28                . = SEGMENT_START ("ldata-segment", .)

.lrodata
 *(.lrodata .lrodata.* .gnu.linkonce.lr.*)

.ldata          0x0000000000df5f28        0x0
 *(.ldata .ldata.* .gnu.linkonce.l.*)
                0x0000000000df5f28                . = ALIGN ((. != 0x0)?0x8:0x1)
                0x0000000000df5f28                . = ALIGN (0x8)
                0x0000000000df3f28                _end = .
                [!provide]                        PROVIDE (end = .)
                0x0000000000df5f28                . = DATA_SEGMENT_END (.)

.stab
 *(.stab)

.stabstr
 *(.stabstr)

.stab.excl
 *(.stab.excl)

.stab.exclstr
 *(.stab.exclstr)

.stab.index
 *(.stab.index)

.stab.indexstr
 *(.stab.indexstr)

.comment        0x0000000000000000       0x2d
 *(.comment)
 .comment       0x0000000000000000       0x2d /usr/lib/gcc/x86_64-linux-gnu/11/crtbeginS.o
                                         0x2e (size before relaxing)
 .comment       0x000000000000002d       0x2e /tmp/ccNs7rJI.o
 .comment       0x000000000000002d       0x2e /tmp/ccfPyAl3.o
 .comment       0x000000000000002d       0x2e /tmp/cc0Fx1Jh.o
 .comment       0x000000000000002d       0x2e /tmp/cciN3c0T.o
 .comment       0x000000000000002d       0x2e /tmp/cctZD6m2.o
 .comment       0x000000000000002d       0x2e /tmp/ccsjMz7S.o
 .comment       0x000000000000002d       0x2e /tmp/ccNYzWY0.o
 .comment       0x000000000000002d       0x2e /tmp/ccVLRMAv.o
 .comment       0x000000000000002d       0x2e /tmp/ccmVUhF9.o
 .comment       0x000000000000002d       0x2e /tmp/cch94uj1.o
 .comment       0x000000000000002d       0x2e /tmp/cc6Dgh5D.o
 .comment       0x000000000000002d       0x2e /tmp/ccJtkAwA.o
 .comment       0x000000000000002d       0x2e /tmp/cc66OQjv.o
 .comment       0x000000000000002d       0x2e /usr/lib/gcc/x86_64-linux-gnu/11/crtendS.o

.gnu.build.attributes
 *(.gnu.build.attributes .gnu.build.attributes.*)

.debug
 *(.debug)

.line
 *(.line)

.debug_srcinfo
 *(.debug_srcinfo)

.debug_sfnames
 *(.debug_sfnames)

.debug_aranges  0x0000000000000000      0x270
 *(.debug_aranges)
 .debug_aranges
                0x0000000000000000       0x30 /tmp/ccNs7rJI.o
 .debug_aranges
                0x0000000000000030       0x30 /tmp/ccfPyAl3.o
 .debug_aranges
                0x0000000000000060       0x30 /tmp/cc0Fx1Jh.o
 .debug_aranges
                0x0000000000000090       0x30 /tmp/cciN3c0T.o
 .debug_aranges
                0x00000000000000c0       0x30 /tmp/cctZD6m2.o
 .debug_aranges
                0x00000000000000f0       0x30 /tmp/ccsjMz7S.o
 .debug_aranges
                0x0000000000000120       0x30 /tmp/ccNYzWY0.o
 .debug_aranges
                0x0000000000000150       0x30 /tmp/ccVLRMAv.o
 .debug_aranges
                0x0000000000000180       0x30 /tmp/ccmVUhF9.o
 .debug_aranges
                0x00000000000001b0       0x30 /tmp/cch94uj1.o
 .debug_aranges
                0x00000000000001e0       0x30 /tmp/cc6Dgh5D.o
 .debug_aranges
                0x0000000000000210       0x30 /tmp/ccJtkAwA.o
 .debug_aranges
                0x0000000000000240       0x30 /tmp/cc66OQjv.o

.debug_pubnames
 *(.debug_pubnames)

.debug_info     0x0000000000000000     0x9658
 *(.debug_info .gnu.linkonce.wi.*)
 .debug_info    0x0000000000000000     0x260d /tmp/ccNs7rJI.o
 .debug_info    0x000000000000260d      0x217 /tmp/ccfPyAl3.o
 .debug_info    0x0000000000002824      0xc29 /tmp/cc0Fx1Jh.o
 .debug_info    0x000000000000344d      0x8f5 /tmp/cciN3c0T.o
 .debug_info    0x0000000000003d42      0x181 /tmp/cctZD6m2.o
 .debug_info    0x0000000000003ec3      0x74d /tmp/ccsjMz7S.o
 .debug_info    0x0000000000004610      0xa75 /tmp/ccNYzWY0.o
 .debug_info    0x0000000000005085      0xeb2 /tmp/ccVLRMAv.o
 .debug_info    0x0000000000005f37      0xa97 /tmp/ccmVUhF9.o
 .debug_info    0x00000000000069ce      0x67b /tmp/cch94uj1.o
 .debug_info    0x0000000000007049      0xa62 /tmp/cc6Dgh5D.o
 .debug_info    0x0000000000007aab      0xca6 /tmp/ccJtkAwA.o
 .debug_info    0x0000000000008751      0xf07 /tmp/cc66OQjv.o

.debug_abbrev   0x0000000000000000     0x1e42
 *(.debug_abbrev)
 .debug_abbrev  0x0000000000000000      0x47a /tmp/ccNs7rJI.o
 .debug_abbrev  0x000000000000047a      0x119 /tmp/ccfPyAl3.o
 .debug_abbrev  0x0000000000000593      0x268 /tmp/cc0Fx1Jh.o
 .debug_abbrev  0x00000000000007fb      0x251 /tmp/cciN3c0T.o
 .debug_abbrev  0x0000000000000a4c       0xe5 /tmp/cctZD6m2.o
 .debug_abbrev  0x0000000000000b31      0x21c /tmp/ccsjMz7S.o
 .debug_abbrev  0x0000000000000d4d      0x2b3 /tmp/ccNYzWY0.o
 .debug_abbrev  0x0000000000001000      0x2b0 /tmp/ccVLRMAv.o
 .debug_abbrev  0x00000000000012b0      0x252 /tmp/ccmVUhF9.o
 .debug_abbrev  0x0000000000001502      0x194 /tmp/cch94uj1.o
 .debug_abbrev  0x0000000000001696      0x25d /tmp/cc6Dgh5D.o
 .debug_abbrev  0x00000000000018f3      0x2bd /tmp/ccJtkAwA.o
 .debug_abbrev  0x0000000000001bb0      0x292 /tmp/cc66OQjv.o

.debug_line     0x0000000000000000     0x3a88
 *(.debug_line .debug_line.* .debug_line_end)
 .debug_line    0x0000000000000000      0xc81 /tmp/ccNs7rJI.o
 .debug_line    0x0000000000000c81      0x133 /tmp/ccfPyAl3.o
 .debug_line    0x0000000000000db4      0x455 /tmp/cc0Fx1Jh.o
 .debug_line    0x0000000000001209      0x1be /tmp/cciN3c0T.o
 .debug_line    0x00000000000013c7      0x100 /tmp/cctZD6m2.o
 .debug_line    0x00000000000014c7      0x1c8 /tmp/ccsjMz7S.o
 .debug_line    0x000000000000168f      0x2ea /tmp/ccNYzWY0.o
 .debug_line    0x0000000000001979      0x82e /tmp/ccVLRMAv.o
 .debug_line    0x00000000000021a7      0x3ea /tmp/ccmVUhF9.o
 .debug_line    0x0000000000002591      0x134 /tmp/cch94uj1.o
 .debug_line    0x00000000000026c5      0x46c /tmp/cc6Dgh5D.o
 .debug_line    0x0000000000002b31      0x64f /tmp/ccJtkAwA.o
 .debug_line    0x0000000000003180      0x908 /tmp/cc66OQjv.o

.debug_frame
 *(.debug_frame)

.debug_str      0x0000000000000000     0x210a
 *(.debug_str)
 .debug_str     0x0000000000000000     0x1297 /tmp/ccNs7rJI.o
                                       0x14b5 (size before relaxing)
 .debug_str     0x0000000000001297       0x2e /tmp/ccfPyAl3.o
                                        0x16d (size before relaxing)
 .debug_str     0x00000000000012c5      0x307 /tmp/cc0Fx1Jh.o
                                        0x7e1 (size before relaxing)
 .debug_str     0x00000000000015cc       0xf2 /tmp/cciN3c0T.o
                                        0x5b7 (size before relaxing)
 .debug_str     0x00000000000016be        0x7 /tmp/cctZD6m2.o
                                        0x143 (size before relaxing)
 .debug_str     0x00000000000016c5       0xd1 /tmp/ccsjMz7S.o
                                        0x46d (size before relaxing)
 .debug_str     0x0000000000001796       0xdf /tmp/ccNYzWY0.o
                                        0x57a (size before relaxing)
 .debug_str     0x0000000000001875      0x3a5 /tmp/ccVLRMAv.o
                                        0x9ab (size before relaxing)
 .debug_str     0x0000000000001c1a      0x24e /tmp/ccmVUhF9.o
                                        0x93d (size before relaxing)
 .debug_str     0x0000000000001e68       0x25 /tmp/cch94uj1.o
                                        0x6a0 (size before relaxing)
 .debug_str     0x0000000000001e8d      0x1ae /tmp/cc6Dgh5D.o
                                        0x91a (size before relaxing)
 .debug_str     0x000000000000203b       0x4c /tmp/ccJtkAwA.o
                                        0x954 (size before relaxing)
 .debug_str     0x0000000000002087       0x83 /tmp/cc66OQjv.o
                                        0x9d2 (size before relaxing)

.debug_loc
 *(.debug_loc)

.debug_macinfo
 *(.debug_macinfo)

.debug_weaknames
 *(.debug_weaknames)

.debug_funcnames
 *(.debug_funcnames)

.debug_typenames
 *(.debug_typenames)

.debug_varnames
 *(.debug_varnames)

.debug_pubtypes
 *(.debug_pubtypes)

.debug_ranges
 *(.debug_ranges)

.debug_addr
 *(.debug_addr)

.debug_line_str
                0x0000000000000000      0x33f
 *(.debug_line_str)
 .debug_line_str
                0x0000000000000000      0x21d /tmp/ccNs7rJI.o
                                        0x26f (size before relaxing)
 .debug_line_str
                0x000000000000021d        0x6 /tmp/ccfPyAl3.o
                                         0xe1 (size before relaxing)
 .debug_line_str
                0x0000000000000223       0x34 /tmp/cc0Fx1Jh.o
                                        0x1b3 (size before relaxing)
 .debug_line_str
                0x0000000000000257        0x5 /tmp/cciN3c0T.o
                                        0x112 (size before relaxing)
 .debug_line_str
                0x000000000000025c        0x7 /tmp/cctZD6m2.o
                                         0x78 (size before relaxing)
 .debug_line_str
                0x0000000000000263       0x26 /tmp/ccsjMz7S.o
                                        0x1b1 (size before relaxing)
 .debug_line_str
                0x0000000000000289        0xc /tmp/ccNYzWY0.o
                                        0x151 (size before relaxing)
 .debug_line_str
                0x0000000000000295       0x40 /tmp/ccVLRMAv.o
                                        0x1a7 (size before relaxing)
 .debug_line_str
                0x00000000000002d5       0x1c /tmp/ccmVUhF9.o
                                        0x198 (size before relaxing)
 .debug_line_str
                0x00000000000002f1       0x1a /tmp/cch94uj1.o
                                        0x177 (size before relaxing)
 .debug_line_str
                0x000000000000030b       0x16 /tmp/cc6Dgh5D.o
                                        0x1a9 (size before relaxing)
 .debug_line_str
                0x0000000000000321        0xd /tmp/ccJtkAwA.o
                                        0x194 (size before relaxing)
 .debug_line_str
                0x000000000000032e       0x11 /tmp/cc66OQjv.o
                                        0x1a5 (size before relaxing)

.debug_loclists
 *(.debug_loclists)

.debug_macro
 *(.debug_macro)

.debug_names
 *(.debug_names)

.debug_rnglists
                0x0000000000000000       0x3d
 *(.debug_rnglists)
 .debug_rnglists
                0x0000000000000000       0x3d /tmp/ccNs7rJI.o

.debug_str_offsets
 *(.debug_str_offsets)

.debug_sup
 *(.debug_sup)

.gnu.attributes
 *(.gnu.attributes)

/DISCARD/
 *(.note.GNU-stack)
 *(.gnu_debuglink)
 *(.gnu.lto_*)
OUTPUT(rcserver elf64-x86-64)
