
Merging program properties


As-needed library included to satisfy reference by file (symbol)

libpq.so.5                    /tmp/cc4kbfit.o (PQstatus)
libc.so.6                     /tmp/ccOCzdxF.o (clock@@GLIBC_2.2.5)

Discarded input sections

 .note.GNU-stack
                0x0000000000000000        0x0 /usr/lib/gcc/x86_64-linux-gnu/11/../../../x86_64-linux-gnu/Scrt1.o
 .note.gnu.property
                0x0000000000000000       0x20 /usr/lib/gcc/x86_64-linux-gnu/11/../../../x86_64-linux-gnu/crti.o
 .note.GNU-stack
                0x0000000000000000        0x0 /usr/lib/gcc/x86_64-linux-gnu/11/../../../x86_64-linux-gnu/crti.o
 .note.GNU-stack
                0x0000000000000000        0x0 /usr/lib/gcc/x86_64-linux-gnu/11/crtbeginS.o
 .note.gnu.property
                0x0000000000000000       0x20 /usr/lib/gcc/x86_64-linux-gnu/11/crtbeginS.o
 .note.GNU-stack
                0x0000000000000000        0x0 /tmp/ccOCzdxF.o
 .note.gnu.property
                0x0000000000000000       0x20 /tmp/ccOCzdxF.o
 .note.GNU-stack
                0x0000000000000000        0x0 /tmp/cc6NubJf.o
 .note.gnu.property
                0x0000000000000000       0x20 /tmp/cc6NubJf.o
 .note.GNU-stack
                0x0000000000000000        0x0 /tmp/cct8G7ol.o
 .note.gnu.property
                0x0000000000000000       0x20 /tmp/cct8G7ol.o
 .note.GNU-stack
                0x0000000000000000        0x0 /tmp/cc40DG6u.o
 .note.gnu.property
                0x0000000000000000       0x20 /tmp/cc40DG6u.o
 .note.GNU-stack
                0x0000000000000000        0x0 /tmp/cctldngc.o
 .note.gnu.property
                0x0000000000000000       0x20 /tmp/cctldngc.o
 .note.GNU-stack
                0x0000000000000000        0x0 /tmp/ccC3Lmlb.o
 .note.gnu.property
                0x0000000000000000       0x20 /tmp/ccC3Lmlb.o
 .note.GNU-stack
                0x0000000000000000        0x0 /tmp/ccLivnMj.o
 .note.gnu.property
                0x0000000000000000       0x20 /tmp/ccLivnMj.o
 .note.GNU-stack
                0x0000000000000000        0x0 /tmp/cc4kbfit.o
 .note.gnu.property
                0x0000000000000000       0x20 /tmp/cc4kbfit.o
 .note.GNU-stack
                0x0000000000000000        0x0 /tmp/cc5i3Oe0.o
 .note.gnu.property
                0x0000000000000000       0x20 /tmp/cc5i3Oe0.o
 .note.GNU-stack
                0x0000000000000000        0x0 /tmp/ccISOSV5.o
 .note.gnu.property
                0x0000000000000000       0x20 /tmp/ccISOSV5.o
 .note.GNU-stack
                0x0000000000000000        0x0 /tmp/ccNyu14k.o
 .note.gnu.property
                0x0000000000000000       0x20 /tmp/ccNyu14k.o
 .note.GNU-stack
                0x0000000000000000        0x0 /tmp/ccyN0zGk.o
 .note.gnu.property
                0x0000000000000000       0x20 /tmp/ccyN0zGk.o
 .note.GNU-stack
                0x0000000000000000        0x0 /tmp/ccXGFKPy.o
 .note.gnu.property
                0x0000000000000000       0x20 /tmp/ccXGFKPy.o
 .note.GNU-stack
                0x0000000000000000        0x0 /usr/lib/gcc/x86_64-linux-gnu/11/crtendS.o
 .note.gnu.property
                0x0000000000000000       0x20 /usr/lib/gcc/x86_64-linux-gnu/11/crtendS.o
 .note.gnu.property
                0x0000000000000000       0x20 /usr/lib/gcc/x86_64-linux-gnu/11/../../../x86_64-linux-gnu/crtn.o
 .note.GNU-stack
                0x0000000000000000        0x0 /usr/lib/gcc/x86_64-linux-gnu/11/../../../x86_64-linux-gnu/crtn.o

Memory Configuration

Name             Origin             Length             Attributes
*default*        0x0000000000000000 0xffffffffffffffff

Linker script and memory map

LOAD /usr/lib/gcc/x86_64-linux-gnu/11/../../../x86_64-linux-gnu/Scrt1.o
LOAD /usr/lib/gcc/x86_64-linux-gnu/11/../../../x86_64-linux-gnu/crti.o
LOAD /usr/lib/gcc/x86_64-linux-gnu/11/crtbeginS.o
LOAD /tmp/ccOCzdxF.o
LOAD /tmp/cc6NubJf.o
LOAD /tmp/cct8G7ol.o
LOAD /tmp/cc40DG6u.o
LOAD /tmp/cctldngc.o
LOAD /tmp/ccC3Lmlb.o
LOAD /tmp/ccLivnMj.o
LOAD /tmp/cc4kbfit.o
LOAD /tmp/cc5i3Oe0.o
LOAD /tmp/ccISOSV5.o
LOAD /tmp/ccNyu14k.o
LOAD /tmp/ccyN0zGk.o
LOAD /tmp/ccXGFKPy.o
LOAD /usr/lib/gcc/x86_64-linux-gnu/11/../../../x86_64-linux-gnu/libpq.so
LOAD /usr/lib/gcc/x86_64-linux-gnu/11/libgcc.a
LOAD /usr/lib/gcc/x86_64-linux-gnu/11/libgcc_s.so
START GROUP
LOAD /usr/lib/gcc/x86_64-linux-gnu/11/../../../x86_64-linux-gnu/libgcc_s.so.1
LOAD /usr/lib/gcc/x86_64-linux-gnu/11/libgcc.a
END GROUP
LOAD /usr/lib/gcc/x86_64-linux-gnu/11/../../../x86_64-linux-gnu/libc.so
START GROUP
LOAD /lib/x86_64-linux-gnu/libc.so.6
LOAD /usr/lib/x86_64-linux-gnu/libc_nonshared.a
LOAD /lib64/ld-linux-x86-64.so.2
END GROUP
LOAD /usr/lib/gcc/x86_64-linux-gnu/11/libgcc.a
LOAD /usr/lib/gcc/x86_64-linux-gnu/11/libgcc_s.so
START GROUP
LOAD /usr/lib/gcc/x86_64-linux-gnu/11/../../../x86_64-linux-gnu/libgcc_s.so.1
LOAD /usr/lib/gcc/x86_64-linux-gnu/11/libgcc.a
END GROUP
LOAD /usr/lib/gcc/x86_64-linux-gnu/11/crtendS.o
LOAD /usr/lib/gcc/x86_64-linux-gnu/11/../../../x86_64-linux-gnu/crtn.o
                [!provide]                        PROVIDE (__executable_start = SEGMENT_START ("text-segment", 0x0))
                0x0000000000000318                . = (SEGMENT_START ("text-segment", 0x0) + SIZEOF_HEADERS)

.interp         0x0000000000000318       0x1c
 *(.interp)
 .interp        0x0000000000000318       0x1c /usr/lib/gcc/x86_64-linux-gnu/11/../../../x86_64-linux-gnu/Scrt1.o

.note.gnu.property
                0x0000000000000338       0x30
 .note.gnu.property
                0x0000000000000338       0x30 /usr/lib/gcc/x86_64-linux-gnu/11/../../../x86_64-linux-gnu/Scrt1.o

.note.gnu.build-id
                0x0000000000000368       0x24
 *(.note.gnu.build-id)
 .note.gnu.build-id
                0x0000000000000368       0x24 /usr/lib/gcc/x86_64-linux-gnu/11/../../../x86_64-linux-gnu/Scrt1.o

.note.ABI-tag   0x000000000000038c       0x20
 .note.ABI-tag  0x000000000000038c       0x20 /usr/lib/gcc/x86_64-linux-gnu/11/../../../x86_64-linux-gnu/Scrt1.o

.hash
 *(.hash)

.gnu.hash       0x00000000000003b0       0x28
 *(.gnu.hash)
 .gnu.hash      0x00000000000003b0       0x28 /usr/lib/gcc/x86_64-linux-gnu/11/../../../x86_64-linux-gnu/Scrt1.o

.dynsym         0x00000000000003d8      0x678
 *(.dynsym)
 .dynsym        0x00000000000003d8      0x678 /usr/lib/gcc/x86_64-linux-gnu/11/../../../x86_64-linux-gnu/Scrt1.o

.dynstr         0x0000000000000a50      0x29d
 *(.dynstr)
 .dynstr        0x0000000000000a50      0x29d /usr/lib/gcc/x86_64-linux-gnu/11/../../../x86_64-linux-gnu/Scrt1.o

.gnu.version    0x0000000000000cee       0x8a
 *(.gnu.version)
 .gnu.version   0x0000000000000cee       0x8a /usr/lib/gcc/x86_64-linux-gnu/11/../../../x86_64-linux-gnu/Scrt1.o

.gnu.version_d  0x0000000000000d78        0x0
 *(.gnu.version_d)
 .gnu.version_d
                0x0000000000000d78        0x0 /usr/lib/gcc/x86_64-linux-gnu/11/../../../x86_64-linux-gnu/Scrt1.o

.gnu.version_r  0x0000000000000d78       0x60
 *(.gnu.version_r)
 .gnu.version_r
                0x0000000000000d78       0x60 /usr/lib/gcc/x86_64-linux-gnu/11/../../../x86_64-linux-gnu/Scrt1.o

.rela.dyn       0x0000000000000dd8       0xd8
 *(.rela.init)
 *(.rela.text .rela.text.* .rela.gnu.linkonce.t.*)
 .rela.text     0x0000000000000dd8        0x0 /usr/lib/gcc/x86_64-linux-gnu/11/../../../x86_64-linux-gnu/Scrt1.o
 *(.rela.fini)
 *(.rela.rodata .rela.rodata.* .rela.gnu.linkonce.r.*)
 *(.rela.data .rela.data.* .rela.gnu.linkonce.d.*)
 .rela.data.rel.ro
                0x0000000000000dd8        0x0 /usr/lib/gcc/x86_64-linux-gnu/11/../../../x86_64-linux-gnu/Scrt1.o
 .rela.data.rel.local
                0x0000000000000dd8       0x18 /usr/lib/gcc/x86_64-linux-gnu/11/../../../x86_64-linux-gnu/Scrt1.o
 *(.rela.tdata .rela.tdata.* .rela.gnu.linkonce.td.*)
 *(.rela.tbss .rela.tbss.* .rela.gnu.linkonce.tb.*)
 *(.rela.ctors)
 *(.rela.dtors)
 *(.rela.got)
 .rela.got      0x0000000000000df0       0x78 /usr/lib/gcc/x86_64-linux-gnu/11/../../../x86_64-linux-gnu/Scrt1.o
 *(.rela.bss .rela.bss.* .rela.gnu.linkonce.b.*)
 .rela.bss      0x0000000000000e68       0x18 /usr/lib/gcc/x86_64-linux-gnu/11/../../../x86_64-linux-gnu/Scrt1.o
 *(.rela.ldata .rela.ldata.* .rela.gnu.linkonce.l.*)
 *(.rela.lbss .rela.lbss.* .rela.gnu.linkonce.lb.*)
 *(.rela.lrodata .rela.lrodata.* .rela.gnu.linkonce.lr.*)
 *(.rela.ifunc)
 .rela.ifunc    0x0000000000000e80        0x0 /usr/lib/gcc/x86_64-linux-gnu/11/../../../x86_64-linux-gnu/Scrt1.o
 .rela.fini_array
                0x0000000000000e80       0x18 /usr/lib/gcc/x86_64-linux-gnu/11/../../../x86_64-linux-gnu/Scrt1.o
 .rela.init_array
                0x0000000000000e98       0x18 /usr/lib/gcc/x86_64-linux-gnu/11/../../../x86_64-linux-gnu/Scrt1.o

.rela.plt       0x0000000000000eb0      0x5d0
 *(.rela.plt)
 .rela.plt      0x0000000000000eb0      0x5d0 /usr/lib/gcc/x86_64-linux-gnu/11/../../../x86_64-linux-gnu/Scrt1.o
 *(.rela.iplt)

.relr.dyn
 *(.relr.dyn)
                0x0000000000002000                . = ALIGN (CONSTANT (MAXPAGESIZE))

.init           0x0000000000002000       0x1b
 *(SORT_NONE(.init))
 .init          0x0000000000002000       0x16 /usr/lib/gcc/x86_64-linux-gnu/11/../../../x86_64-linux-gnu/crti.o
                0x0000000000002000                _init
 .init          0x0000000000002016        0x5 /usr/lib/gcc/x86_64-linux-gnu/11/../../../x86_64-linux-gnu/crtn.o

.plt            0x0000000000002020      0x3f0
 *(.plt)
 .plt           0x0000000000002020      0x3f0 /usr/lib/gcc/x86_64-linux-gnu/11/../../../x86_64-linux-gnu/Scrt1.o
 *(.iplt)

.plt.got        0x0000000000002410       0x10
 *(.plt.got)
 .plt.got       0x0000000000002410       0x10 /usr/lib/gcc/x86_64-linux-gnu/11/../../../x86_64-linux-gnu/Scrt1.o
                0x0000000000002410                __cxa_finalize@@GLIBC_2.2.5

.plt.sec        0x0000000000002420      0x3e0
 *(.plt.sec)
 .plt.sec       0x0000000000002420      0x3e0 /usr/lib/gcc/x86_64-linux-gnu/11/../../../x86_64-linux-gnu/Scrt1.o
                0x0000000000002420                ftell@@GLIBC_2.2.5
                0x0000000000002430                PQresultStatus
                0x0000000000002440                PQgetvalue
                0x0000000000002450                __errno_location@@GLIBC_2.2.5
                0x0000000000002460                printf@@GLIBC_2.2.5
                0x0000000000002470                PQclear
                0x0000000000002480                htons@@GLIBC_2.2.5
                0x0000000000002490                sendto@@GLIBC_2.2.5
                0x00000000000024a0                rewind@@GLIBC_2.2.5
                0x00000000000024b0                bind@@GLIBC_2.2.5
                0x00000000000024c0                sprintf@@GLIBC_2.2.5
                0x00000000000024d0                socket@@GLIBC_2.2.5
                0x00000000000024e0                strlen@@GLIBC_2.2.5
                0x00000000000024f0                PQexec
                0x0000000000002500                inet_ntoa@@GLIBC_2.2.5
                0x0000000000002510                memcmp@@GLIBC_2.2.5
                0x0000000000002520                mkdir@@GLIBC_2.2.5
                0x0000000000002530                strncpy@@GLIBC_2.2.5
                0x0000000000002540                localtime_r@@GLIBC_2.2.5
                0x0000000000002550                memset@@GLIBC_2.2.5
                0x0000000000002560                fcntl@@GLIBC_2.2.5
                0x0000000000002570                rename@@GLIBC_2.2.5
                0x0000000000002580                clock@@GLIBC_2.2.5
                0x0000000000002590                PQgetisnull
                0x00000000000025a0                localtime@@GLIBC_2.2.5
                0x00000000000025b0                sleep@@GLIBC_2.2.5
                0x00000000000025c0                recvfrom@@GLIBC_2.2.5
                0x00000000000025d0                PQerrorMessage
                0x00000000000025e0                atoll@@GLIBC_2.2.5
                0x00000000000025f0                strftime@@GLIBC_2.2.5
                0x0000000000002600                memcpy@@GLIBC_2.14
                0x0000000000002610                perror@@GLIBC_2.2.5
                0x0000000000002620                stat@@GLIBC_2.33
                0x0000000000002630                time@@GLIBC_2.2.5
                0x0000000000002640                strcpy@@GLIBC_2.2.5
                0x0000000000002650                fclose@@GLIBC_2.2.5
                0x0000000000002660                inet_ntop@@GLIBC_2.2.5
                0x0000000000002670                PQexecParams
                0x0000000000002680                fseek@@GLIBC_2.2.5
                0x0000000000002690                __stack_chk_fail@@GLIBC_2.4
                0x00000000000026a0                PQconnectdb
                0x00000000000026b0                fopen@@GLIBC_2.2.5
                0x00000000000026c0                signal@@GLIBC_2.2.5
                0x00000000000026d0                exit@@GLIBC_2.2.5
                0x00000000000026e0                PQstatus
                0x00000000000026f0                atof@@GLIBC_2.2.5
                0x0000000000002700                PQntuples
                0x0000000000002710                vfprintf@@GLIBC_2.2.5
                0x0000000000002720                putchar@@GLIBC_2.2.5
                0x0000000000002730                strcmp@@GLIBC_2.2.5
                0x0000000000002740                fprintf@@GLIBC_2.2.5
                0x0000000000002750                fread@@GLIBC_2.2.5
                0x0000000000002760                puts@@GLIBC_2.2.5
                0x0000000000002770                atoi@@GLIBC_2.2.5
                0x0000000000002780                snprintf@@GLIBC_2.2.5
                0x0000000000002790                PQfinish
                0x00000000000027a0                ntohs@@GLIBC_2.2.5
                0x00000000000027b0                inet_pton@@GLIBC_2.2.5
                0x00000000000027c0                PQcmdTuples
                0x00000000000027d0                fwrite@@GLIBC_2.2.5
                0x00000000000027e0                close@@GLIBC_2.2.5
                0x00000000000027f0                PQnfields

.text           0x0000000000002800     0xc627
 *(.text.unlikely .text.*_unlikely .text.unlikely.*)
 *(.text.exit .text.exit.*)
 *(.text.startup .text.startup.*)
 *(.text.hot .text.hot.*)
 *(SORT_BY_NAME(.text.sorted.*))
 *(.text .stub .text.* .gnu.linkonce.t.*)
 .text          0x0000000000002800       0x26 /usr/lib/gcc/x86_64-linux-gnu/11/../../../x86_64-linux-gnu/Scrt1.o
                0x0000000000002800                _start
 .text          0x0000000000002826        0x0 /usr/lib/gcc/x86_64-linux-gnu/11/../../../x86_64-linux-gnu/crti.o
 *fill*         0x0000000000002826        0xa 
 .text          0x0000000000002830       0xb9 /usr/lib/gcc/x86_64-linux-gnu/11/crtbeginS.o
 .text          0x00000000000028e9     0x2a25 /tmp/ccOCzdxF.o
                0x00000000000028e9                GetDateTime
                0x0000000000002996                _GetTimer1ms
                0x00000000000029c9                sigintHandler
                0x00000000000029fe                _initlog
                0x0000000000002a5c                _log
                0x0000000000002bfc                printIPAddress
                0x0000000000002cdb                _Look4BTxFree
                0x0000000000002df7                _Look4BTxPos
                0x0000000000002e86                _Look4BTxRelease
                0x0000000000002ef6                _InitRCServer
                0x0000000000003142                _Send2EQ
                0x00000000000031a6                _ProcIDLE
                0x00000000000031b1                _ProcRx
                0x0000000000004f3e                _ProcTxVFileTimeout
                0x000000000000502c                _Proc10msFuncs
                0x000000000000514d                main
 .text          0x000000000000530e      0x232 /tmp/cc6NubJf.o
                0x000000000000530e                CalcCrc16
                0x00000000000054ae                crc_ccitt
 .text          0x0000000000005540      0xfcb /tmp/cct8G7ol.o
                0x0000000000005540                _strcpyln
                0x00000000000055c0                _InitStoreFiles
                0x00000000000055e4                _Look4Free
                0x000000000000565a                _Look4Pos
                0x00000000000056ce                _Look4Release
                0x0000000000005727                _ProcStFilesTimeout
                0x0000000000005836                _CreateFolder
                0x0000000000005931                _StoreFile
 .text          0x000000000000650b      0x3f9 /tmp/cc40DG6u.o
                0x000000000000650b                Hex2Bin
                0x000000000000669d                _Init_dbread
                0x00000000000066d4                _dbread_bulk
                0x000000000000670e                _Stfind_Eqid
                0x00000000000067a9                _Stfind_Hubid
                0x0000000000006844                _Findtargetfolder
                0x0000000000006884                _CheckEq
                0x00000000000068c4                _CheckHubId
 .text          0x0000000000006904      0x18c /tmp/cctldngc.o
                0x0000000000006904                _EncriptDecript
                0x0000000000006a20                strcopys
 .text          0x0000000000006a90      0x46a /tmp/ccC3Lmlb.o
                0x0000000000006a90                init_loop2app
                0x0000000000006bca                udp_receive
                0x0000000000006d30                udp_send
                0x0000000000006e44                test_loop
 .text          0x0000000000006efa      0x750 /tmp/ccLivnMj.o
                0x000000000000715c                _GetTotBinFrames
                0x000000000000717e                _LoadNetHubBin
                0x00000000000074ef                _GetNetHubFileInfo
                0x0000000000007512                _Create_Hub
                0x00000000000075de                _Find_Hub
 .text          0x000000000000764a     0x1d3b /tmp/cc4kbfit.o
                0x000000000000764a                _dbread_devstate_size
                0x0000000000007693                _Stfind_Devstate
                0x000000000000772b                _Stfind_Devstate_ByZone
                0x00000000000077a2                _dbread_table_devstate
                0x0000000000008acb                _dbwrite_devstate
                0x0000000000008fcc                _dbcheck_devstate
                0x0000000000009351                _InitDb_devstate
 .text          0x0000000000009385     0x1079 /tmp/cc5i3Oe0.o
                0x0000000000009385                _DbDeviceEventTypeToString
                0x0000000000009409                _DbDeviceEventSeverityToString
                0x0000000000009465                _DbDeviceEventTypeFromString
                0x00000000000095a1                _DbDeviceEventSeverityFromString
                0x000000000000964d                _dbread_deviceevent
                0x0000000000009ea5                _dbinsert_deviceevent
 .text          0x000000000000a3fe      0x368 /tmp/ccISOSV5.o
                0x000000000000a3fe                _dbread_db_version
 .text          0x000000000000a766      0xf07 /tmp/ccNyu14k.o
                0x000000000000a766                _dbalarm_type_from_string
                0x000000000000a85a                _dbalarm_type_to_string
                0x000000000000a8ce                _dbalarm_severity_from_string
                0x000000000000a97a                _dbalarm_severity_to_string
                0x000000000000a9d8                _dbread_alarm
                0x000000000000b257                _dbinsert_alarm
 .text          0x000000000000b66d     0x19a8 /tmp/ccyN0zGk.o
                0x000000000000b66d                _dbread_devices_size
                0x000000000000b6c7                _Stfind_Devices
                0x000000000000b796                _Stfind_Devices_ByEqid
                0x000000000000b9d7                _Stfind_Devices_ByZone
                0x000000000000ba85                _dbread_table_devices
                0x000000000000cc12                _dbcheck_devices
                0x000000000000cfaf                _InitDb_devices
 .text          0x000000000000d015     0x1e12 /tmp/ccXGFKPy.o
                0x000000000000d015                _dbread_devcalendar_size
                0x000000000000d073                _Stfind_Devcalendar
                0x000000000000d14e                _dbread_table_devcalendar
                0x000000000000e34d                _dbwrite_devcalendar
                0x000000000000eac2                _dbcheck_devcalendar
                0x000000000000edf4                _InitDb_devcalendar
 .text          0x000000000000ee27        0x0 /usr/lib/gcc/x86_64-linux-gnu/11/crtendS.o
 .text          0x000000000000ee27        0x0 /usr/lib/gcc/x86_64-linux-gnu/11/../../../x86_64-linux-gnu/crtn.o
 *(.gnu.warning)

.fini           0x000000000000ee28        0xd
 *(SORT_NONE(.fini))
 .fini          0x000000000000ee28        0x8 /usr/lib/gcc/x86_64-linux-gnu/11/../../../x86_64-linux-gnu/crti.o
                0x000000000000ee28                _fini
 .fini          0x000000000000ee30        0x5 /usr/lib/gcc/x86_64-linux-gnu/11/../../../x86_64-linux-gnu/crtn.o
                [!provide]                        PROVIDE (__etext = .)
                [!provide]                        PROVIDE (_etext = .)
                [!provide]                        PROVIDE (etext = .)
                0x000000000000f000                . = ALIGN (CONSTANT (MAXPAGESIZE))
                0x000000000000f000                . = SEGMENT_START ("rodata-segment", (ALIGN (CONSTANT (MAXPAGESIZE)) + (. & (CONSTANT (MAXPAGESIZE) - 0x1))))

.rodata         0x000000000000f000     0x3a9f
 *(.rodata .rodata.* .gnu.linkonce.r.*)
 .rodata.cst4   0x000000000000f000        0x4 /usr/lib/gcc/x86_64-linux-gnu/11/../../../x86_64-linux-gnu/Scrt1.o
                0x000000000000f000                _IO_stdin_used
 *fill*         0x000000000000f004        0x4 
 .rodata        0x000000000000f008      0xe24 /tmp/ccOCzdxF.o
 *fill*         0x000000000000fe2c       0x14 
 .rodata        0x000000000000fe40      0x222 /tmp/cc6NubJf.o
 *fill*         0x0000000000010062        0x6 
 .rodata        0x0000000000010068      0x213 /tmp/cct8G7ol.o
 *fill*         0x000000000001027b        0x5 
 .rodata        0x0000000000010280       0x28 /tmp/cc40DG6u.o
 .rodata        0x00000000000102a8       0x8f /tmp/cctldngc.o
 *fill*         0x0000000000010337        0x1 
 .rodata        0x0000000000010338       0xbb /tmp/ccC3Lmlb.o
 *fill*         0x00000000000103f3        0x5 
 .rodata        0x00000000000103f8      0x1a1 /tmp/ccLivnMj.o
 *fill*         0x0000000000010599        0x7 
 .rodata        0x00000000000105a0      0x8ab /tmp/cc4kbfit.o
 *fill*         0x0000000000010e4b        0x5 
 .rodata        0x0000000000010e50      0x608 /tmp/cc5i3Oe0.o
 .rodata        0x0000000000011458      0x180 /tmp/ccISOSV5.o
 .rodata        0x00000000000115d8      0x523 /tmp/ccNyu14k.o
 *fill*         0x0000000000011afb        0x5 
 .rodata        0x0000000000011b00      0x58a /tmp/ccyN0zGk.o
 *fill*         0x000000000001208a        0x6 
 .rodata        0x0000000000012090      0xa0f /tmp/ccXGFKPy.o

.rodata1
 *(.rodata1)

.eh_frame_hdr   0x0000000000012aa0      0x2b4
 *(.eh_frame_hdr)
 .eh_frame_hdr  0x0000000000012aa0      0x2b4 /usr/lib/gcc/x86_64-linux-gnu/11/../../../x86_64-linux-gnu/Scrt1.o
                0x0000000000012aa0                __GNU_EH_FRAME_HDR
 *(.eh_frame_entry .eh_frame_entry.*)

.eh_frame       0x0000000000012d58      0xab4
 *(.eh_frame)
 .eh_frame      0x0000000000012d58       0x30 /usr/lib/gcc/x86_64-linux-gnu/11/../../../x86_64-linux-gnu/Scrt1.o
                                         0x2c (size before relaxing)
 *fill*         0x0000000000012d88        0x0 
 .eh_frame      0x0000000000012d88       0x28 /usr/lib/gcc/x86_64-linux-gnu/11/../../../x86_64-linux-gnu/Scrt1.o
                                         0x40 (size before relaxing)
 .eh_frame      0x0000000000012db0       0x18 /usr/lib/gcc/x86_64-linux-gnu/11/../../../x86_64-linux-gnu/Scrt1.o
                                         0x30 (size before relaxing)
 .eh_frame      0x0000000000012dc8       0x18 /usr/lib/gcc/x86_64-linux-gnu/11/../../../x86_64-linux-gnu/Scrt1.o
                                         0x30 (size before relaxing)
 .eh_frame      0x0000000000012de0      0x200 /tmp/ccOCzdxF.o
                                        0x218 (size before relaxing)
 .eh_frame      0x0000000000012fe0       0x40 /tmp/cc6NubJf.o
                                         0x58 (size before relaxing)
 .eh_frame      0x0000000000013020      0x108 /tmp/cct8G7ol.o
                                        0x120 (size before relaxing)
 .eh_frame      0x0000000000013128      0x100 /tmp/cc40DG6u.o
                                        0x118 (size before relaxing)
 .eh_frame      0x0000000000013228       0x40 /tmp/cctldngc.o
                                         0x58 (size before relaxing)
 .eh_frame      0x0000000000013268       0x80 /tmp/ccC3Lmlb.o
                                         0x98 (size before relaxing)
 .eh_frame      0x00000000000132e8      0x100 /tmp/ccLivnMj.o
                                        0x118 (size before relaxing)
 .eh_frame      0x00000000000133e8       0xe0 /tmp/cc4kbfit.o
                                         0xf8 (size before relaxing)
 .eh_frame      0x00000000000134c8       0xc0 /tmp/cc5i3Oe0.o
                                         0xd8 (size before relaxing)
 .eh_frame      0x0000000000013588       0x20 /tmp/ccISOSV5.o
                                         0x38 (size before relaxing)
 .eh_frame      0x00000000000135a8       0xc0 /tmp/ccNyu14k.o
                                         0xd8 (size before relaxing)
 .eh_frame      0x0000000000013668       0xe0 /tmp/ccyN0zGk.o
                                         0xf8 (size before relaxing)
 .eh_frame      0x0000000000013748       0xc0 /tmp/ccXGFKPy.o
                                         0xd8 (size before relaxing)
 .eh_frame      0x0000000000013808        0x4 /usr/lib/gcc/x86_64-linux-gnu/11/crtendS.o
 *(.eh_frame.*)

.gcc_except_table
 *(.gcc_except_table .gcc_except_table.*)

.gnu_extab
 *(.gnu_extab*)

.exception_ranges
 *(.exception_ranges*)
                0x0000000000014bc0                . = DATA_SEGMENT_ALIGN (CONSTANT (MAXPAGESIZE), CONSTANT (COMMONPAGESIZE))

.eh_frame
 *(.eh_frame)
 *(.eh_frame.*)

.gnu_extab
 *(.gnu_extab)

.gcc_except_table
 *(.gcc_except_table .gcc_except_table.*)

.exception_ranges
 *(.exception_ranges*)

.tdata          0x0000000000014bc0        0x0
                [!provide]                        PROVIDE (__tdata_start = .)
 *(.tdata .tdata.* .gnu.linkonce.td.*)

.tbss
 *(.tbss .tbss.* .gnu.linkonce.tb.*)
 *(.tcommon)

.preinit_array  0x0000000000014bc0        0x0
                [!provide]                        PROVIDE (__preinit_array_start = .)
 *(.preinit_array)
                [!provide]                        PROVIDE (__preinit_array_end = .)

.init_array     0x0000000000014bc0        0x8
                [!provide]                        PROVIDE (__init_array_start = .)
 *(SORT_BY_INIT_PRIORITY(.init_array.*) SORT_BY_INIT_PRIORITY(.ctors.*))
 *(.init_array EXCLUDE_FILE(*crtend?.o *crtend.o *crtbegin?.o *crtbegin.o) .ctors)
 .init_array    0x0000000000014bc0        0x8 /usr/lib/gcc/x86_64-linux-gnu/11/crtbeginS.o
                [!provide]                        PROVIDE (__init_array_end = .)

.fini_array     0x0000000000014bc8        0x8
                [!provide]                        PROVIDE (__fini_array_start = .)
 *(SORT_BY_INIT_PRIORITY(.fini_array.*) SORT_BY_INIT_PRIORITY(.dtors.*))
 *(.fini_array EXCLUDE_FILE(*crtend?.o *crtend.o *crtbegin?.o *crtbegin.o) .dtors)
 .fini_array    0x0000000000014bc8        0x8 /usr/lib/gcc/x86_64-linux-gnu/11/crtbeginS.o
                [!provide]                        PROVIDE (__fini_array_end = .)

.ctors
 *crtbegin.o(.ctors)
 *crtbegin?.o(.ctors)
 *(EXCLUDE_FILE(*crtend?.o *crtend.o) .ctors)
 *(SORT_BY_NAME(.ctors.*))
 *(.ctors)

.dtors
 *crtbegin.o(.dtors)
 *crtbegin?.o(.dtors)
 *(EXCLUDE_FILE(*crtend?.o *crtend.o) .dtors)
 *(SORT_BY_NAME(.dtors.*))
 *(.dtors)

.jcr
 *(.jcr)

.data.rel.ro    0x0000000000014bd0        0x0
 *(.data.rel.ro.local* .gnu.linkonce.d.rel.ro.local.*)
 *(.data.rel.ro .data.rel.ro.* .gnu.linkonce.d.rel.ro.*)
 .data.rel.ro   0x0000000000014bd0        0x0 /usr/lib/gcc/x86_64-linux-gnu/11/../../../x86_64-linux-gnu/Scrt1.o

.dynamic        0x0000000000014bd0      0x200
 *(.dynamic)
 .dynamic       0x0000000000014bd0      0x200 /usr/lib/gcc/x86_64-linux-gnu/11/../../../x86_64-linux-gnu/Scrt1.o
                0x0000000000014bd0                _DYNAMIC

.got            0x0000000000014dd0      0x230
 *(.got.plt)
 .got.plt       0x0000000000014dd0      0x208 /usr/lib/gcc/x86_64-linux-gnu/11/../../../x86_64-linux-gnu/Scrt1.o
                0x0000000000014dd0                _GLOBAL_OFFSET_TABLE_
 *(.igot.plt)
 *(.got)
 .got           0x0000000000014fd8       0x28 /usr/lib/gcc/x86_64-linux-gnu/11/../../../x86_64-linux-gnu/Scrt1.o
 *(.igot)
                0x0000000000015000                . = DATA_SEGMENT_RELRO_END (., 0x0)

.data           0x0000000000015000       0x10
 *(.data .data.* .gnu.linkonce.d.*)
 .data          0x0000000000015000        0x4 /usr/lib/gcc/x86_64-linux-gnu/11/../../../x86_64-linux-gnu/Scrt1.o
                0x0000000000015000                data_start
                0x0000000000015000                __data_start
 .data          0x0000000000015004        0x0 /usr/lib/gcc/x86_64-linux-gnu/11/../../../x86_64-linux-gnu/crti.o
 .data          0x0000000000015004        0x0 /usr/lib/gcc/x86_64-linux-gnu/11/crtbeginS.o
 *fill*         0x0000000000015004        0x4 
 .data.rel.local
                0x0000000000015008        0x8 /usr/lib/gcc/x86_64-linux-gnu/11/crtbeginS.o
                0x0000000000015008                __dso_handle
 .data          0x0000000000015010        0x0 /tmp/ccOCzdxF.o
 .data          0x0000000000015010        0x0 /tmp/cc6NubJf.o
 .data          0x0000000000015010        0x0 /tmp/cct8G7ol.o
 .data          0x0000000000015010        0x0 /tmp/cc40DG6u.o
 .data          0x0000000000015010        0x0 /tmp/cctldngc.o
 .data          0x0000000000015010        0x0 /tmp/ccC3Lmlb.o
 .data          0x0000000000015010        0x0 /tmp/ccLivnMj.o
 .data          0x0000000000015010        0x0 /tmp/cc4kbfit.o
 .data          0x0000000000015010        0x0 /tmp/cc5i3Oe0.o
 .data          0x0000000000015010        0x0 /tmp/ccISOSV5.o
 .data          0x0000000000015010        0x0 /tmp/ccNyu14k.o
 .data          0x0000000000015010        0x0 /tmp/ccyN0zGk.o
 .data          0x0000000000015010        0x0 /tmp/ccXGFKPy.o
 .data          0x0000000000015010        0x0 /usr/lib/gcc/x86_64-linux-gnu/11/crtendS.o
 .data          0x0000000000015010        0x0 /usr/lib/gcc/x86_64-linux-gnu/11/../../../x86_64-linux-gnu/crtn.o

.tm_clone_table
                0x0000000000015010        0x0
 .tm_clone_table
                0x0000000000015010        0x0 /usr/lib/gcc/x86_64-linux-gnu/11/crtbeginS.o
 .tm_clone_table
                0x0000000000015010        0x0 /usr/lib/gcc/x86_64-linux-gnu/11/crtendS.o

.data1
 *(.data1)
                0x0000000000015010                _edata = .
                [!provide]                        PROVIDE (edata = .)
                0x0000000000015010                . = .
                0x0000000000015010                __bss_start = .

.bss            0x0000000000015020   0xddef08
 *(.dynbss)
 .dynbss        0x0000000000015020        0x8 /usr/lib/gcc/x86_64-linux-gnu/11/../../../x86_64-linux-gnu/Scrt1.o
                0x0000000000015020                stderr@@GLIBC_2.2.5
 *(.bss .bss.* .gnu.linkonce.b.*)
 .bss           0x0000000000015028        0x0 /usr/lib/gcc/x86_64-linux-gnu/11/../../../x86_64-linux-gnu/Scrt1.o
 .bss           0x0000000000015028        0x0 /usr/lib/gcc/x86_64-linux-gnu/11/../../../x86_64-linux-gnu/crti.o
 .bss           0x0000000000015028        0x1 /usr/lib/gcc/x86_64-linux-gnu/11/crtbeginS.o
 *fill*         0x0000000000015029       0x17 
 .bss           0x0000000000015040   0x13c781 /tmp/ccOCzdxF.o
                0x0000000000015040                sockfd
                0x0000000000015044                RCServer
                0x0000000000015050                servaddr
                0x0000000000015060                cliaddr
 *fill*         0x00000000001517c1        0x3 
 .bss           0x00000000001517c4        0x4 /tmp/cc6NubJf.o
 *fill*         0x00000000001517c8       0x18 
 .bss           0x00000000001517e0     0x7081 /tmp/cct8G7ol.o
                0x00000000001517e0                _StoreV
 *fill*         0x0000000000158861       0x1f 
 .bss           0x0000000000158880   0x111700 /tmp/cc40DG6u.o
                0x0000000000158880                T_sector
 .bss           0x0000000000269f80        0x0 /tmp/cctldngc.o
 .bss           0x0000000000269f80      0x420 /tmp/ccC3Lmlb.o
 .bss           0x000000000026a3a0    0x10aa0 /tmp/ccLivnMj.o
 .bss           0x000000000027ae40   0x543aa4 /tmp/cc4kbfit.o
                0x000000000027ae40                T_devstate
                0x00000000007be8c0                devstate_info
 .bss           0x00000000007be8e4        0x0 /tmp/cc5i3Oe0.o
 .bss           0x00000000007be8e4        0x0 /tmp/ccISOSV5.o
 .bss           0x00000000007be8e4        0x0 /tmp/ccNyu14k.o
 *fill*         0x00000000007be8e4       0x1c 
 .bss           0x00000000007be900   0x426064 /tmp/ccyN0zGk.o
                0x00000000007be900                T_devices
                0x0000000000bb6300                SessionData_T_dev
                0x0000000000be4940                devices_info
 *fill*         0x0000000000be4964       0x1c 
 .bss           0x0000000000be4980   0x20f5a4 /tmp/ccXGFKPy.o
                0x0000000000be4980                T_devcalendar
                0x0000000000df3f00                devcalendar_info
 .bss           0x0000000000df3f24        0x0 /usr/lib/gcc/x86_64-linux-gnu/11/crtendS.o
 .bss           0x0000000000df3f24        0x0 /usr/lib/gcc/x86_64-linux-gnu/11/../../../x86_64-linux-gnu/crtn.o
 *(COMMON)
                0x0000000000df3f28                . = ALIGN ((. != 0x0)?0x8:0x1)
 *fill*         0x0000000000df3f24        0x4 

.lbss
 *(.dynlbss)
 *(.lbss .lbss.* .gnu.linkonce.lb.*)
 *(LARGE_COMMON)
                0x0000000000df3f28                . = ALIGN (0x8)
                0x0000000000df3f28                . = SEGMENT_START ("ldata-segment", .)

.lrodata
 *(.lrodata .lrodata.* .gnu.linkonce.lr.*)

.ldata          0x0000000000df5f28        0x0
 *(.ldata .ldata.* .gnu.linkonce.l.*)
                0x0000000000df5f28                . = ALIGN ((. != 0x0)?0x8:0x1)
                0x0000000000df5f28                . = ALIGN (0x8)
                0x0000000000df3f28                _end = .
                [!provide]                        PROVIDE (end = .)
                0x0000000000df5f28                . = DATA_SEGMENT_END (.)

.stab
 *(.stab)

.stabstr
 *(.stabstr)

.stab.excl
 *(.stab.excl)

.stab.exclstr
 *(.stab.exclstr)

.stab.index
 *(.stab.index)

.stab.indexstr
 *(.stab.indexstr)

.comment        0x0000000000000000       0x2d
 *(.comment)
 .comment       0x0000000000000000       0x2d /usr/lib/gcc/x86_64-linux-gnu/11/crtbeginS.o
                                         0x2e (size before relaxing)
 .comment       0x000000000000002d       0x2e /tmp/ccOCzdxF.o
 .comment       0x000000000000002d       0x2e /tmp/cc6NubJf.o
 .comment       0x000000000000002d       0x2e /tmp/cct8G7ol.o
 .comment       0x000000000000002d       0x2e /tmp/cc40DG6u.o
 .comment       0x000000000000002d       0x2e /tmp/cctldngc.o
 .comment       0x000000000000002d       0x2e /tmp/ccC3Lmlb.o
 .comment       0x000000000000002d       0x2e /tmp/ccLivnMj.o
 .comment       0x000000000000002d       0x2e /tmp/cc4kbfit.o
 .comment       0x000000000000002d       0x2e /tmp/cc5i3Oe0.o
 .comment       0x000000000000002d       0x2e /tmp/ccISOSV5.o
 .comment       0x000000000000002d       0x2e /tmp/ccNyu14k.o
 .comment       0x000000000000002d       0x2e /tmp/ccyN0zGk.o
 .comment       0x000000000000002d       0x2e /tmp/ccXGFKPy.o
 .comment       0x000000000000002d       0x2e /usr/lib/gcc/x86_64-linux-gnu/11/crtendS.o

.gnu.build.attributes
 *(.gnu.build.attributes .gnu.build.attributes.*)

.debug
 *(.debug)

.line
 *(.line)

.debug_srcinfo
 *(.debug_srcinfo)

.debug_sfnames
 *(.debug_sfnames)

.debug_aranges  0x0000000000000000      0x270
 *(.debug_aranges)
 .debug_aranges
                0x0000000000000000       0x30 /tmp/ccOCzdxF.o
 .debug_aranges
                0x0000000000000030       0x30 /tmp/cc6NubJf.o
 .debug_aranges
                0x0000000000000060       0x30 /tmp/cct8G7ol.o
 .debug_aranges
                0x0000000000000090       0x30 /tmp/cc40DG6u.o
 .debug_aranges
                0x00000000000000c0       0x30 /tmp/cctldngc.o
 .debug_aranges
                0x00000000000000f0       0x30 /tmp/ccC3Lmlb.o
 .debug_aranges
                0x0000000000000120       0x30 /tmp/ccLivnMj.o
 .debug_aranges
                0x0000000000000150       0x30 /tmp/cc4kbfit.o
 .debug_aranges
                0x0000000000000180       0x30 /tmp/cc5i3Oe0.o
 .debug_aranges
                0x00000000000001b0       0x30 /tmp/ccISOSV5.o
 .debug_aranges
                0x00000000000001e0       0x30 /tmp/ccNyu14k.o
 .debug_aranges
                0x0000000000000210       0x30 /tmp/ccyN0zGk.o
 .debug_aranges
                0x0000000000000240       0x30 /tmp/ccXGFKPy.o

.debug_pubnames
 *(.debug_pubnames)

.debug_info     0x0000000000000000     0x963a
 *(.debug_info .gnu.linkonce.wi.*)
 .debug_info    0x0000000000000000     0x25ef /tmp/ccOCzdxF.o
 .debug_info    0x00000000000025ef      0x217 /tmp/cc6NubJf.o
 .debug_info    0x0000000000002806      0xc29 /tmp/cct8G7ol.o
 .debug_info    0x000000000000342f      0x8f5 /tmp/cc40DG6u.o
 .debug_info    0x0000000000003d24      0x181 /tmp/cctldngc.o
 .debug_info    0x0000000000003ea5      0x74d /tmp/ccC3Lmlb.o
 .debug_info    0x00000000000045f2      0xa75 /tmp/ccLivnMj.o
 .debug_info    0x0000000000005067      0xeb2 /tmp/cc4kbfit.o
 .debug_info    0x0000000000005f19      0xa97 /tmp/cc5i3Oe0.o
 .debug_info    0x00000000000069b0      0x67b /tmp/ccISOSV5.o
 .debug_info    0x000000000000702b      0xa62 /tmp/ccNyu14k.o
 .debug_info    0x0000000000007a8d      0xca6 /tmp/ccyN0zGk.o
 .debug_info    0x0000000000008733      0xf07 /tmp/ccXGFKPy.o

.debug_abbrev   0x0000000000000000     0x1e42
 *(.debug_abbrev)
 .debug_abbrev  0x0000000000000000      0x47a /tmp/ccOCzdxF.o
 .debug_abbrev  0x000000000000047a      0x119 /tmp/cc6NubJf.o
 .debug_abbrev  0x0000000000000593      0x268 /tmp/cct8G7ol.o
 .debug_abbrev  0x00000000000007fb      0x251 /tmp/cc40DG6u.o
 .debug_abbrev  0x0000000000000a4c       0xe5 /tmp/cctldngc.o
 .debug_abbrev  0x0000000000000b31      0x21c /tmp/ccC3Lmlb.o
 .debug_abbrev  0x0000000000000d4d      0x2b3 /tmp/ccLivnMj.o
 .debug_abbrev  0x0000000000001000      0x2b0 /tmp/cc4kbfit.o
 .debug_abbrev  0x00000000000012b0      0x252 /tmp/cc5i3Oe0.o
 .debug_abbrev  0x0000000000001502      0x194 /tmp/ccISOSV5.o
 .debug_abbrev  0x0000000000001696      0x25d /tmp/ccNyu14k.o
 .debug_abbrev  0x00000000000018f3      0x2bd /tmp/ccyN0zGk.o
 .debug_abbrev  0x0000000000001bb0      0x292 /tmp/ccXGFKPy.o

.debug_line     0x0000000000000000     0x3a2d
 *(.debug_line .debug_line.* .debug_line_end)
 .debug_line    0x0000000000000000      0xc26 /tmp/ccOCzdxF.o
 .debug_line    0x0000000000000c26      0x133 /tmp/cc6NubJf.o
 .debug_line    0x0000000000000d59      0x455 /tmp/cct8G7ol.o
 .debug_line    0x00000000000011ae      0x1be /tmp/cc40DG6u.o
 .debug_line    0x000000000000136c      0x100 /tmp/cctldngc.o
 .debug_line    0x000000000000146c      0x1c8 /tmp/ccC3Lmlb.o
 .debug_line    0x0000000000001634      0x2ea /tmp/ccLivnMj.o
 .debug_line    0x000000000000191e      0x82e /tmp/cc4kbfit.o
 .debug_line    0x000000000000214c      0x3ea /tmp/cc5i3Oe0.o
 .debug_line    0x0000000000002536      0x134 /tmp/ccISOSV5.o
 .debug_line    0x000000000000266a      0x46c /tmp/ccNyu14k.o
 .debug_line    0x0000000000002ad6      0x64f /tmp/ccyN0zGk.o
 .debug_line    0x0000000000003125      0x908 /tmp/ccXGFKPy.o

.debug_frame
 *(.debug_frame)

.debug_str      0x0000000000000000     0x2104
 *(.debug_str)
 .debug_str     0x0000000000000000     0x1291 /tmp/ccOCzdxF.o
                                       0x14af (size before relaxing)
 .debug_str     0x0000000000001291       0x2e /tmp/cc6NubJf.o
                                        0x16d (size before relaxing)
 .debug_str     0x00000000000012bf      0x307 /tmp/cct8G7ol.o
                                        0x7e1 (size before relaxing)
 .debug_str     0x00000000000015c6       0xf2 /tmp/cc40DG6u.o
                                        0x5b7 (size before relaxing)
 .debug_str     0x00000000000016b8        0x7 /tmp/cctldngc.o
                                        0x143 (size before relaxing)
 .debug_str     0x00000000000016bf       0xd1 /tmp/ccC3Lmlb.o
                                        0x46d (size before relaxing)
 .debug_str     0x0000000000001790       0xdf /tmp/ccLivnMj.o
                                        0x57a (size before relaxing)
 .debug_str     0x000000000000186f      0x3a5 /tmp/cc4kbfit.o
                                        0x9ab (size before relaxing)
 .debug_str     0x0000000000001c14      0x24e /tmp/cc5i3Oe0.o
                                        0x93d (size before relaxing)
 .debug_str     0x0000000000001e62       0x25 /tmp/ccISOSV5.o
                                        0x6a0 (size before relaxing)
 .debug_str     0x0000000000001e87      0x1ae /tmp/ccNyu14k.o
                                        0x91a (size before relaxing)
 .debug_str     0x0000000000002035       0x4c /tmp/ccyN0zGk.o
                                        0x954 (size before relaxing)
 .debug_str     0x0000000000002081       0x83 /tmp/ccXGFKPy.o
                                        0x9d2 (size before relaxing)

.debug_loc
 *(.debug_loc)

.debug_macinfo
 *(.debug_macinfo)

.debug_weaknames
 *(.debug_weaknames)

.debug_funcnames
 *(.debug_funcnames)

.debug_typenames
 *(.debug_typenames)

.debug_varnames
 *(.debug_varnames)

.debug_pubtypes
 *(.debug_pubtypes)

.debug_ranges
 *(.debug_ranges)

.debug_addr
 *(.debug_addr)

.debug_line_str
                0x0000000000000000      0x33f
 *(.debug_line_str)
 .debug_line_str
                0x0000000000000000      0x21d /tmp/ccOCzdxF.o
                                        0x26f (size before relaxing)
 .debug_line_str
                0x000000000000021d        0x6 /tmp/cc6NubJf.o
                                         0xe1 (size before relaxing)
 .debug_line_str
                0x0000000000000223       0x34 /tmp/cct8G7ol.o
                                        0x1b3 (size before relaxing)
 .debug_line_str
                0x0000000000000257        0x5 /tmp/cc40DG6u.o
                                        0x112 (size before relaxing)
 .debug_line_str
                0x000000000000025c        0x7 /tmp/cctldngc.o
                                         0x78 (size before relaxing)
 .debug_line_str
                0x0000000000000263       0x26 /tmp/ccC3Lmlb.o
                                        0x1b1 (size before relaxing)
 .debug_line_str
                0x0000000000000289        0xc /tmp/ccLivnMj.o
                                        0x151 (size before relaxing)
 .debug_line_str
                0x0000000000000295       0x40 /tmp/cc4kbfit.o
                                        0x1a7 (size before relaxing)
 .debug_line_str
                0x00000000000002d5       0x1c /tmp/cc5i3Oe0.o
                                        0x198 (size before relaxing)
 .debug_line_str
                0x00000000000002f1       0x1a /tmp/ccISOSV5.o
                                        0x177 (size before relaxing)
 .debug_line_str
                0x000000000000030b       0x16 /tmp/ccNyu14k.o
                                        0x1a9 (size before relaxing)
 .debug_line_str
                0x0000000000000321        0xd /tmp/ccyN0zGk.o
                                        0x194 (size before relaxing)
 .debug_line_str
                0x000000000000032e       0x11 /tmp/ccXGFKPy.o
                                        0x1a5 (size before relaxing)

.debug_loclists
 *(.debug_loclists)

.debug_macro
 *(.debug_macro)

.debug_names
 *(.debug_names)

.debug_rnglists
                0x0000000000000000       0x3d
 *(.debug_rnglists)
 .debug_rnglists
                0x0000000000000000       0x3d /tmp/ccOCzdxF.o

.debug_str_offsets
 *(.debug_str_offsets)

.debug_sup
 *(.debug_sup)

.gnu.attributes
 *(.gnu.attributes)

/DISCARD/
 *(.note.GNU-stack)
 *(.gnu_debuglink)
 *(.gnu.lto_*)
OUTPUT(rcserver elf64-x86-64)
