
Merging program properties


As-needed library included to satisfy reference by file (symbol)

libpq.so.5                    /tmp/cc7imeGW.o (PQstatus)
libc.so.6                     /tmp/cc5B0Ji8.o (clock@@GLIBC_2.2.5)

Discarded input sections

 .note.GNU-stack
                0x0000000000000000        0x0 /usr/lib/gcc/x86_64-linux-gnu/11/../../../x86_64-linux-gnu/Scrt1.o
 .note.gnu.property
                0x0000000000000000       0x20 /usr/lib/gcc/x86_64-linux-gnu/11/../../../x86_64-linux-gnu/crti.o
 .note.GNU-stack
                0x0000000000000000        0x0 /usr/lib/gcc/x86_64-linux-gnu/11/../../../x86_64-linux-gnu/crti.o
 .note.GNU-stack
                0x0000000000000000        0x0 /usr/lib/gcc/x86_64-linux-gnu/11/crtbeginS.o
 .note.gnu.property
                0x0000000000000000       0x20 /usr/lib/gcc/x86_64-linux-gnu/11/crtbeginS.o
 .note.GNU-stack
                0x0000000000000000        0x0 /tmp/cc5B0Ji8.o
 .note.gnu.property
                0x0000000000000000       0x20 /tmp/cc5B0Ji8.o
 .note.GNU-stack
                0x0000000000000000        0x0 /tmp/ccECYFVG.o
 .note.gnu.property
                0x0000000000000000       0x20 /tmp/ccECYFVG.o
 .note.GNU-stack
                0x0000000000000000        0x0 /tmp/ccGgTFqS.o
 .note.gnu.property
                0x0000000000000000       0x20 /tmp/ccGgTFqS.o
 .note.GNU-stack
                0x0000000000000000        0x0 /tmp/ccgNpoVa.o
 .note.gnu.property
                0x0000000000000000       0x20 /tmp/ccgNpoVa.o
 .note.GNU-stack
                0x0000000000000000        0x0 /tmp/ccERftnE.o
 .note.gnu.property
                0x0000000000000000       0x20 /tmp/ccERftnE.o
 .note.GNU-stack
                0x0000000000000000        0x0 /tmp/ccCFNW56.o
 .note.gnu.property
                0x0000000000000000       0x20 /tmp/ccCFNW56.o
 .note.GNU-stack
                0x0000000000000000        0x0 /tmp/ccLF6c6w.o
 .note.gnu.property
                0x0000000000000000       0x20 /tmp/ccLF6c6w.o
 .note.GNU-stack
                0x0000000000000000        0x0 /tmp/cc7imeGW.o
 .note.gnu.property
                0x0000000000000000       0x20 /tmp/cc7imeGW.o
 .note.GNU-stack
                0x0000000000000000        0x0 /tmp/cc1fYt16.o
 .note.gnu.property
                0x0000000000000000       0x20 /tmp/cc1fYt16.o
 .note.GNU-stack
                0x0000000000000000        0x0 /tmp/ccrRRZze.o
 .note.gnu.property
                0x0000000000000000       0x20 /tmp/ccrRRZze.o
 .note.GNU-stack
                0x0000000000000000        0x0 /tmp/cc3OzKNp.o
 .note.gnu.property
                0x0000000000000000       0x20 /tmp/cc3OzKNp.o
 .note.GNU-stack
                0x0000000000000000        0x0 /tmp/cclAjV0r.o
 .note.gnu.property
                0x0000000000000000       0x20 /tmp/cclAjV0r.o
 .note.GNU-stack
                0x0000000000000000        0x0 /usr/lib/gcc/x86_64-linux-gnu/11/crtendS.o
 .note.gnu.property
                0x0000000000000000       0x20 /usr/lib/gcc/x86_64-linux-gnu/11/crtendS.o
 .note.gnu.property
                0x0000000000000000       0x20 /usr/lib/gcc/x86_64-linux-gnu/11/../../../x86_64-linux-gnu/crtn.o
 .note.GNU-stack
                0x0000000000000000        0x0 /usr/lib/gcc/x86_64-linux-gnu/11/../../../x86_64-linux-gnu/crtn.o

Memory Configuration

Name             Origin             Length             Attributes
*default*        0x0000000000000000 0xffffffffffffffff

Linker script and memory map

LOAD /usr/lib/gcc/x86_64-linux-gnu/11/../../../x86_64-linux-gnu/Scrt1.o
LOAD /usr/lib/gcc/x86_64-linux-gnu/11/../../../x86_64-linux-gnu/crti.o
LOAD /usr/lib/gcc/x86_64-linux-gnu/11/crtbeginS.o
LOAD /tmp/cc5B0Ji8.o
LOAD /tmp/ccECYFVG.o
LOAD /tmp/ccGgTFqS.o
LOAD /tmp/ccgNpoVa.o
LOAD /tmp/ccERftnE.o
LOAD /tmp/ccCFNW56.o
LOAD /tmp/ccLF6c6w.o
LOAD /tmp/cc7imeGW.o
LOAD /tmp/cc1fYt16.o
LOAD /tmp/ccrRRZze.o
LOAD /tmp/cc3OzKNp.o
LOAD /tmp/cclAjV0r.o
LOAD /usr/lib/gcc/x86_64-linux-gnu/11/../../../x86_64-linux-gnu/libpq.so
LOAD /usr/lib/gcc/x86_64-linux-gnu/11/libgcc.a
LOAD /usr/lib/gcc/x86_64-linux-gnu/11/libgcc_s.so
START GROUP
LOAD /usr/lib/gcc/x86_64-linux-gnu/11/../../../x86_64-linux-gnu/libgcc_s.so.1
LOAD /usr/lib/gcc/x86_64-linux-gnu/11/libgcc.a
END GROUP
LOAD /usr/lib/gcc/x86_64-linux-gnu/11/../../../x86_64-linux-gnu/libc.so
START GROUP
LOAD /lib/x86_64-linux-gnu/libc.so.6
LOAD /usr/lib/x86_64-linux-gnu/libc_nonshared.a
LOAD /lib64/ld-linux-x86-64.so.2
END GROUP
LOAD /usr/lib/gcc/x86_64-linux-gnu/11/libgcc.a
LOAD /usr/lib/gcc/x86_64-linux-gnu/11/libgcc_s.so
START GROUP
LOAD /usr/lib/gcc/x86_64-linux-gnu/11/../../../x86_64-linux-gnu/libgcc_s.so.1
LOAD /usr/lib/gcc/x86_64-linux-gnu/11/libgcc.a
END GROUP
LOAD /usr/lib/gcc/x86_64-linux-gnu/11/crtendS.o
LOAD /usr/lib/gcc/x86_64-linux-gnu/11/../../../x86_64-linux-gnu/crtn.o
                [!provide]                        PROVIDE (__executable_start = SEGMENT_START ("text-segment", 0x0))
                0x0000000000000318                . = (SEGMENT_START ("text-segment", 0x0) + SIZEOF_HEADERS)

.interp         0x0000000000000318       0x1c
 *(.interp)
 .interp        0x0000000000000318       0x1c /usr/lib/gcc/x86_64-linux-gnu/11/../../../x86_64-linux-gnu/Scrt1.o

.note.gnu.property
                0x0000000000000338       0x30
 .note.gnu.property
                0x0000000000000338       0x30 /usr/lib/gcc/x86_64-linux-gnu/11/../../../x86_64-linux-gnu/Scrt1.o

.note.gnu.build-id
                0x0000000000000368       0x24
 *(.note.gnu.build-id)
 .note.gnu.build-id
                0x0000000000000368       0x24 /usr/lib/gcc/x86_64-linux-gnu/11/../../../x86_64-linux-gnu/Scrt1.o

.note.ABI-tag   0x000000000000038c       0x20
 .note.ABI-tag  0x000000000000038c       0x20 /usr/lib/gcc/x86_64-linux-gnu/11/../../../x86_64-linux-gnu/Scrt1.o

.hash
 *(.hash)

.gnu.hash       0x00000000000003b0       0x28
 *(.gnu.hash)
 .gnu.hash      0x00000000000003b0       0x28 /usr/lib/gcc/x86_64-linux-gnu/11/../../../x86_64-linux-gnu/Scrt1.o

.dynsym         0x00000000000003d8      0x630
 *(.dynsym)
 .dynsym        0x00000000000003d8      0x630 /usr/lib/gcc/x86_64-linux-gnu/11/../../../x86_64-linux-gnu/Scrt1.o

.dynstr         0x0000000000000a08      0x281
 *(.dynstr)
 .dynstr        0x0000000000000a08      0x281 /usr/lib/gcc/x86_64-linux-gnu/11/../../../x86_64-linux-gnu/Scrt1.o

.gnu.version    0x0000000000000c8a       0x84
 *(.gnu.version)
 .gnu.version   0x0000000000000c8a       0x84 /usr/lib/gcc/x86_64-linux-gnu/11/../../../x86_64-linux-gnu/Scrt1.o

.gnu.version_d  0x0000000000000d10        0x0
 *(.gnu.version_d)
 .gnu.version_d
                0x0000000000000d10        0x0 /usr/lib/gcc/x86_64-linux-gnu/11/../../../x86_64-linux-gnu/Scrt1.o

.gnu.version_r  0x0000000000000d10       0x60
 *(.gnu.version_r)
 .gnu.version_r
                0x0000000000000d10       0x60 /usr/lib/gcc/x86_64-linux-gnu/11/../../../x86_64-linux-gnu/Scrt1.o

.rela.dyn       0x0000000000000d70       0xd8
 *(.rela.init)
 *(.rela.text .rela.text.* .rela.gnu.linkonce.t.*)
 .rela.text     0x0000000000000d70        0x0 /usr/lib/gcc/x86_64-linux-gnu/11/../../../x86_64-linux-gnu/Scrt1.o
 *(.rela.fini)
 *(.rela.rodata .rela.rodata.* .rela.gnu.linkonce.r.*)
 *(.rela.data .rela.data.* .rela.gnu.linkonce.d.*)
 .rela.data.rel.ro
                0x0000000000000d70        0x0 /usr/lib/gcc/x86_64-linux-gnu/11/../../../x86_64-linux-gnu/Scrt1.o
 .rela.data.rel.local
                0x0000000000000d70       0x18 /usr/lib/gcc/x86_64-linux-gnu/11/../../../x86_64-linux-gnu/Scrt1.o
 *(.rela.tdata .rela.tdata.* .rela.gnu.linkonce.td.*)
 *(.rela.tbss .rela.tbss.* .rela.gnu.linkonce.tb.*)
 *(.rela.ctors)
 *(.rela.dtors)
 *(.rela.got)
 .rela.got      0x0000000000000d88       0x78 /usr/lib/gcc/x86_64-linux-gnu/11/../../../x86_64-linux-gnu/Scrt1.o
 *(.rela.bss .rela.bss.* .rela.gnu.linkonce.b.*)
 .rela.bss      0x0000000000000e00       0x18 /usr/lib/gcc/x86_64-linux-gnu/11/../../../x86_64-linux-gnu/Scrt1.o
 *(.rela.ldata .rela.ldata.* .rela.gnu.linkonce.l.*)
 *(.rela.lbss .rela.lbss.* .rela.gnu.linkonce.lb.*)
 *(.rela.lrodata .rela.lrodata.* .rela.gnu.linkonce.lr.*)
 *(.rela.ifunc)
 .rela.ifunc    0x0000000000000e18        0x0 /usr/lib/gcc/x86_64-linux-gnu/11/../../../x86_64-linux-gnu/Scrt1.o
 .rela.fini_array
                0x0000000000000e18       0x18 /usr/lib/gcc/x86_64-linux-gnu/11/../../../x86_64-linux-gnu/Scrt1.o
 .rela.init_array
                0x0000000000000e30       0x18 /usr/lib/gcc/x86_64-linux-gnu/11/../../../x86_64-linux-gnu/Scrt1.o

.rela.plt       0x0000000000000e48      0x588
 *(.rela.plt)
 .rela.plt      0x0000000000000e48      0x588 /usr/lib/gcc/x86_64-linux-gnu/11/../../../x86_64-linux-gnu/Scrt1.o
 *(.rela.iplt)

.relr.dyn
 *(.relr.dyn)
                0x0000000000002000                . = ALIGN (CONSTANT (MAXPAGESIZE))

.init           0x0000000000002000       0x1b
 *(SORT_NONE(.init))
 .init          0x0000000000002000       0x16 /usr/lib/gcc/x86_64-linux-gnu/11/../../../x86_64-linux-gnu/crti.o
                0x0000000000002000                _init
 .init          0x0000000000002016        0x5 /usr/lib/gcc/x86_64-linux-gnu/11/../../../x86_64-linux-gnu/crtn.o

.plt            0x0000000000002020      0x3c0
 *(.plt)
 .plt           0x0000000000002020      0x3c0 /usr/lib/gcc/x86_64-linux-gnu/11/../../../x86_64-linux-gnu/Scrt1.o
 *(.iplt)

.plt.got        0x00000000000023e0       0x10
 *(.plt.got)
 .plt.got       0x00000000000023e0       0x10 /usr/lib/gcc/x86_64-linux-gnu/11/../../../x86_64-linux-gnu/Scrt1.o
                0x00000000000023e0                __cxa_finalize@@GLIBC_2.2.5

.plt.sec        0x00000000000023f0      0x3b0
 *(.plt.sec)
 .plt.sec       0x00000000000023f0      0x3b0 /usr/lib/gcc/x86_64-linux-gnu/11/../../../x86_64-linux-gnu/Scrt1.o
                0x00000000000023f0                ftell@@GLIBC_2.2.5
                0x0000000000002400                PQresultStatus
                0x0000000000002410                PQgetvalue
                0x0000000000002420                __errno_location@@GLIBC_2.2.5
                0x0000000000002430                printf@@GLIBC_2.2.5
                0x0000000000002440                PQclear
                0x0000000000002450                htons@@GLIBC_2.2.5
                0x0000000000002460                sendto@@GLIBC_2.2.5
                0x0000000000002470                rewind@@GLIBC_2.2.5
                0x0000000000002480                bind@@GLIBC_2.2.5
                0x0000000000002490                socket@@GLIBC_2.2.5
                0x00000000000024a0                strlen@@GLIBC_2.2.5
                0x00000000000024b0                PQexec
                0x00000000000024c0                inet_ntoa@@GLIBC_2.2.5
                0x00000000000024d0                memcmp@@GLIBC_2.2.5
                0x00000000000024e0                mkdir@@GLIBC_2.2.5
                0x00000000000024f0                strncpy@@GLIBC_2.2.5
                0x0000000000002500                memset@@GLIBC_2.2.5
                0x0000000000002510                fcntl@@GLIBC_2.2.5
                0x0000000000002520                rename@@GLIBC_2.2.5
                0x0000000000002530                clock@@GLIBC_2.2.5
                0x0000000000002540                PQgetisnull
                0x0000000000002550                localtime@@GLIBC_2.2.5
                0x0000000000002560                sleep@@GLIBC_2.2.5
                0x0000000000002570                recvfrom@@GLIBC_2.2.5
                0x0000000000002580                PQerrorMessage
                0x0000000000002590                atoll@@GLIBC_2.2.5
                0x00000000000025a0                strftime@@GLIBC_2.2.5
                0x00000000000025b0                memcpy@@GLIBC_2.14
                0x00000000000025c0                perror@@GLIBC_2.2.5
                0x00000000000025d0                stat@@GLIBC_2.33
                0x00000000000025e0                time@@GLIBC_2.2.5
                0x00000000000025f0                strcpy@@GLIBC_2.2.5
                0x0000000000002600                fclose@@GLIBC_2.2.5
                0x0000000000002610                inet_ntop@@GLIBC_2.2.5
                0x0000000000002620                PQexecParams
                0x0000000000002630                fseek@@GLIBC_2.2.5
                0x0000000000002640                __stack_chk_fail@@GLIBC_2.4
                0x0000000000002650                PQconnectdb
                0x0000000000002660                fopen@@GLIBC_2.2.5
                0x0000000000002670                signal@@GLIBC_2.2.5
                0x0000000000002680                exit@@GLIBC_2.2.5
                0x0000000000002690                PQstatus
                0x00000000000026a0                atof@@GLIBC_2.2.5
                0x00000000000026b0                PQntuples
                0x00000000000026c0                vfprintf@@GLIBC_2.2.5
                0x00000000000026d0                strcmp@@GLIBC_2.2.5
                0x00000000000026e0                fprintf@@GLIBC_2.2.5
                0x00000000000026f0                fread@@GLIBC_2.2.5
                0x0000000000002700                puts@@GLIBC_2.2.5
                0x0000000000002710                atoi@@GLIBC_2.2.5
                0x0000000000002720                snprintf@@GLIBC_2.2.5
                0x0000000000002730                PQfinish
                0x0000000000002740                ntohs@@GLIBC_2.2.5
                0x0000000000002750                inet_pton@@GLIBC_2.2.5
                0x0000000000002760                PQcmdTuples
                0x0000000000002770                fwrite@@GLIBC_2.2.5
                0x0000000000002780                close@@GLIBC_2.2.5
                0x0000000000002790                PQnfields

.text           0x00000000000027a0     0x9c59
 *(.text.unlikely .text.*_unlikely .text.unlikely.*)
 *(.text.exit .text.exit.*)
 *(.text.startup .text.startup.*)
 *(.text.hot .text.hot.*)
 *(SORT_BY_NAME(.text.sorted.*))
 *(.text .stub .text.* .gnu.linkonce.t.*)
 .text          0x00000000000027a0       0x26 /usr/lib/gcc/x86_64-linux-gnu/11/../../../x86_64-linux-gnu/Scrt1.o
                0x00000000000027a0                _start
 .text          0x00000000000027c6        0x0 /usr/lib/gcc/x86_64-linux-gnu/11/../../../x86_64-linux-gnu/crti.o
 *fill*         0x00000000000027c6        0xa 
 .text          0x00000000000027d0       0xb9 /usr/lib/gcc/x86_64-linux-gnu/11/crtbeginS.o
 .text          0x0000000000002889     0x20c9 /tmp/cc5B0Ji8.o
                0x0000000000002889                _GetTimer1ms
                0x00000000000028bc                sigintHandler
                0x00000000000028f1                _initlog
                0x000000000000294f                _log
                0x0000000000002aef                printIPAddress
                0x0000000000002bce                _Look4BTxFree
                0x0000000000002cea                _Look4BTxPos
                0x0000000000002d79                _Look4BTxRelease
                0x0000000000002de9                _InitRCServer
                0x0000000000003035                _Send2EQ
                0x0000000000003099                _ProcIDLE
                0x00000000000030a4                _ProcRx
                0x000000000000475f                _ProcTxVFileTimeout
                0x000000000000484d                _Proc10msFuncs
 .text          0x0000000000004952      0x232 /tmp/ccECYFVG.o
                0x0000000000004952                CalcCrc16
                0x0000000000004af2                crc_ccitt
 .text          0x0000000000004b84      0xfcb /tmp/ccGgTFqS.o
                0x0000000000004b84                _strcpyln
                0x0000000000004c04                _InitStoreFiles
                0x0000000000004c28                _Look4Free
                0x0000000000004c9e                _Look4Pos
                0x0000000000004d12                _Look4Release
                0x0000000000004d6b                _ProcStFilesTimeout
                0x0000000000004e7a                _CreateFolder
                0x0000000000004f75                _StoreFile
 .text          0x0000000000005b4f      0x3ba /tmp/ccgNpoVa.o
                0x0000000000005b4f                Hex2Bin
                0x0000000000005ce1                _Init_dbread
                0x0000000000005cf3                _dbread_bulk
                0x0000000000005d13                _Stfind_Eqid
                0x0000000000005dae                _Stfind_Hubid
                0x0000000000005e49                _Findtargetfolder
                0x0000000000005e89                _CheckEq
                0x0000000000005ec9                _CheckHubId
 .text          0x0000000000005f09      0x18c /tmp/ccERftnE.o
                0x0000000000005f09                _EncriptDecript
                0x0000000000006025                strcopys
 .text          0x0000000000006095      0x46a /tmp/ccCFNW56.o
                0x0000000000006095                init_loop2app
                0x00000000000061cf                udp_receive
                0x0000000000006335                udp_send
                0x0000000000006449                test_loop
 .text          0x00000000000064ff      0x750 /tmp/ccLF6c6w.o
                0x0000000000006761                _GetTotBinFrames
                0x0000000000006783                _LoadNetHubBin
                0x0000000000006af4                _GetNetHubFileInfo
                0x0000000000006b17                _Create_Hub
                0x0000000000006be3                _Find_Hub
 .text          0x0000000000006c4f     0x1519 /tmp/cc7imeGW.o
                0x0000000000006c4f                _dbread_devstate_size
                0x0000000000006c98                _Stfind_Devstate
                0x0000000000006d30                _Stfind_Devstate_ByZone
                0x0000000000006da7                _dbread_table_devstate
                0x00000000000078ba                _dbwrite_devstate
                0x0000000000007daf                _dbcheck_devstate
                0x0000000000008134                _InitDb_devstate
 .text          0x0000000000008168     0x1079 /tmp/cc1fYt16.o
                0x0000000000008168                _DbDeviceEventTypeToString
                0x00000000000081ec                _DbDeviceEventSeverityToString
                0x0000000000008248                _DbDeviceEventTypeFromString
                0x0000000000008384                _DbDeviceEventSeverityFromString
                0x0000000000008430                _dbread_deviceevent
                0x0000000000008c88                _dbinsert_deviceevent
 .text          0x00000000000091e1      0x368 /tmp/ccrRRZze.o
                0x00000000000091e1                _dbread_db_version
 .text          0x0000000000009549      0xf07 /tmp/cc3OzKNp.o
                0x0000000000009549                _dbalarm_type_from_string
                0x000000000000963d                _dbalarm_type_to_string
                0x00000000000096b1                _dbalarm_severity_from_string
                0x000000000000975d                _dbalarm_severity_to_string
                0x00000000000097bb                _dbread_alarm
                0x000000000000a03a                _dbinsert_alarm
 .text          0x000000000000a450     0x1fa9 /tmp/cclAjV0r.o
                0x000000000000a450                _dbread_devices_size
                0x000000000000a4aa                _Stfind_Devices
                0x000000000000a579                _Stfind_Devices_ByEqid
                0x000000000000a650                _Stfind_Devices_ByZone
                0x000000000000a6fe                _dbread_table_devices
                0x000000000000b88b                _InitDb_devices
                0x000000000000b8b4                main
 .text          0x000000000000c3f9        0x0 /usr/lib/gcc/x86_64-linux-gnu/11/crtendS.o
 .text          0x000000000000c3f9        0x0 /usr/lib/gcc/x86_64-linux-gnu/11/../../../x86_64-linux-gnu/crtn.o
 *(.gnu.warning)

.fini           0x000000000000c3fc        0xd
 *(SORT_NONE(.fini))
 .fini          0x000000000000c3fc        0x8 /usr/lib/gcc/x86_64-linux-gnu/11/../../../x86_64-linux-gnu/crti.o
                0x000000000000c3fc                _fini
 .fini          0x000000000000c404        0x5 /usr/lib/gcc/x86_64-linux-gnu/11/../../../x86_64-linux-gnu/crtn.o
                [!provide]                        PROVIDE (__etext = .)
                [!provide]                        PROVIDE (_etext = .)
                [!provide]                        PROVIDE (etext = .)
                0x000000000000d000                . = ALIGN (CONSTANT (MAXPAGESIZE))
                0x000000000000d000                . = SEGMENT_START ("rodata-segment", (ALIGN (CONSTANT (MAXPAGESIZE)) + (. & (CONSTANT (MAXPAGESIZE) - 0x1))))

.rodata         0x000000000000d000     0x2f1f
 *(.rodata .rodata.* .gnu.linkonce.r.*)
 .rodata.cst4   0x000000000000d000        0x4 /usr/lib/gcc/x86_64-linux-gnu/11/../../../x86_64-linux-gnu/Scrt1.o
                0x000000000000d000                _IO_stdin_used
 *fill*         0x000000000000d004        0x4 
 .rodata        0x000000000000d008      0xb79 /tmp/cc5B0Ji8.o
 *fill*         0x000000000000db81       0x1f 
 .rodata        0x000000000000dba0      0x222 /tmp/ccECYFVG.o
 *fill*         0x000000000000ddc2        0x6 
 .rodata        0x000000000000ddc8      0x213 /tmp/ccGgTFqS.o
 *fill*         0x000000000000dfdb        0x5 
 .rodata        0x000000000000dfe0       0x28 /tmp/ccgNpoVa.o
 .rodata        0x000000000000e008       0x8f /tmp/ccERftnE.o
 *fill*         0x000000000000e097        0x1 
 .rodata        0x000000000000e098       0xbb /tmp/ccCFNW56.o
 *fill*         0x000000000000e153        0x5 
 .rodata        0x000000000000e158      0x1a1 /tmp/ccLF6c6w.o
 *fill*         0x000000000000e2f9        0x7 
 .rodata        0x000000000000e300      0x69b /tmp/cc7imeGW.o
 *fill*         0x000000000000e99b        0x5 
 .rodata        0x000000000000e9a0      0x608 /tmp/cc1fYt16.o
 .rodata        0x000000000000efa8      0x180 /tmp/ccrRRZze.o
 .rodata        0x000000000000f128      0x523 /tmp/cc3OzKNp.o
 *fill*         0x000000000000f64b        0x5 
 .rodata        0x000000000000f650      0x8cf /tmp/cclAjV0r.o

.rodata1
 *(.rodata1)

.eh_frame_hdr   0x000000000000ff20      0x274
 *(.eh_frame_hdr)
 .eh_frame_hdr  0x000000000000ff20      0x274 /usr/lib/gcc/x86_64-linux-gnu/11/../../../x86_64-linux-gnu/Scrt1.o
                0x000000000000ff20                __GNU_EH_FRAME_HDR
 *(.eh_frame_entry .eh_frame_entry.*)

.eh_frame       0x0000000000010198      0x9b4
 *(.eh_frame)
 .eh_frame      0x0000000000010198       0x30 /usr/lib/gcc/x86_64-linux-gnu/11/../../../x86_64-linux-gnu/Scrt1.o
                                         0x2c (size before relaxing)
 *fill*         0x00000000000101c8        0x0 
 .eh_frame      0x00000000000101c8       0x28 /usr/lib/gcc/x86_64-linux-gnu/11/../../../x86_64-linux-gnu/Scrt1.o
                                         0x40 (size before relaxing)
 .eh_frame      0x00000000000101f0       0x18 /usr/lib/gcc/x86_64-linux-gnu/11/../../../x86_64-linux-gnu/Scrt1.o
                                         0x30 (size before relaxing)
 .eh_frame      0x0000000000010208       0x18 /usr/lib/gcc/x86_64-linux-gnu/11/../../../x86_64-linux-gnu/Scrt1.o
                                         0x30 (size before relaxing)
 .eh_frame      0x0000000000010220      0x1c0 /tmp/cc5B0Ji8.o
                                        0x1d8 (size before relaxing)
 .eh_frame      0x00000000000103e0       0x40 /tmp/ccECYFVG.o
                                         0x58 (size before relaxing)
 .eh_frame      0x0000000000010420      0x108 /tmp/ccGgTFqS.o
                                        0x120 (size before relaxing)
 .eh_frame      0x0000000000010528      0x100 /tmp/ccgNpoVa.o
                                        0x118 (size before relaxing)
 .eh_frame      0x0000000000010628       0x40 /tmp/ccERftnE.o
                                         0x58 (size before relaxing)
 .eh_frame      0x0000000000010668       0x80 /tmp/ccCFNW56.o
                                         0x98 (size before relaxing)
 .eh_frame      0x00000000000106e8      0x100 /tmp/ccLF6c6w.o
                                        0x118 (size before relaxing)
 .eh_frame      0x00000000000107e8       0xe0 /tmp/cc7imeGW.o
                                         0xf8 (size before relaxing)
 .eh_frame      0x00000000000108c8       0xc0 /tmp/cc1fYt16.o
                                         0xd8 (size before relaxing)
 .eh_frame      0x0000000000010988       0x20 /tmp/ccrRRZze.o
                                         0x38 (size before relaxing)
 .eh_frame      0x00000000000109a8       0xc0 /tmp/cc3OzKNp.o
                                         0xd8 (size before relaxing)
 .eh_frame      0x0000000000010a68       0xe0 /tmp/cclAjV0r.o
                                         0xf8 (size before relaxing)
 .eh_frame      0x0000000000010b48        0x4 /usr/lib/gcc/x86_64-linux-gnu/11/crtendS.o
 *(.eh_frame.*)

.gcc_except_table
 *(.gcc_except_table .gcc_except_table.*)

.gnu_extab
 *(.gnu_extab*)

.exception_ranges
 *(.exception_ranges*)
                0x0000000000011bd8                . = DATA_SEGMENT_ALIGN (CONSTANT (MAXPAGESIZE), CONSTANT (COMMONPAGESIZE))

.eh_frame
 *(.eh_frame)
 *(.eh_frame.*)

.gnu_extab
 *(.gnu_extab)

.gcc_except_table
 *(.gcc_except_table .gcc_except_table.*)

.exception_ranges
 *(.exception_ranges*)

.tdata          0x0000000000011bd8        0x0
                [!provide]                        PROVIDE (__tdata_start = .)
 *(.tdata .tdata.* .gnu.linkonce.td.*)

.tbss
 *(.tbss .tbss.* .gnu.linkonce.tb.*)
 *(.tcommon)

.preinit_array  0x0000000000011bd8        0x0
                [!provide]                        PROVIDE (__preinit_array_start = .)
 *(.preinit_array)
                [!provide]                        PROVIDE (__preinit_array_end = .)

.init_array     0x0000000000011bd8        0x8
                [!provide]                        PROVIDE (__init_array_start = .)
 *(SORT_BY_INIT_PRIORITY(.init_array.*) SORT_BY_INIT_PRIORITY(.ctors.*))
 *(.init_array EXCLUDE_FILE(*crtend?.o *crtend.o *crtbegin?.o *crtbegin.o) .ctors)
 .init_array    0x0000000000011bd8        0x8 /usr/lib/gcc/x86_64-linux-gnu/11/crtbeginS.o
                [!provide]                        PROVIDE (__init_array_end = .)

.fini_array     0x0000000000011be0        0x8
                [!provide]                        PROVIDE (__fini_array_start = .)
 *(SORT_BY_INIT_PRIORITY(.fini_array.*) SORT_BY_INIT_PRIORITY(.dtors.*))
 *(.fini_array EXCLUDE_FILE(*crtend?.o *crtend.o *crtbegin?.o *crtbegin.o) .dtors)
 .fini_array    0x0000000000011be0        0x8 /usr/lib/gcc/x86_64-linux-gnu/11/crtbeginS.o
                [!provide]                        PROVIDE (__fini_array_end = .)

.ctors
 *crtbegin.o(.ctors)
 *crtbegin?.o(.ctors)
 *(EXCLUDE_FILE(*crtend?.o *crtend.o) .ctors)
 *(SORT_BY_NAME(.ctors.*))
 *(.ctors)

.dtors
 *crtbegin.o(.dtors)
 *crtbegin?.o(.dtors)
 *(EXCLUDE_FILE(*crtend?.o *crtend.o) .dtors)
 *(SORT_BY_NAME(.dtors.*))
 *(.dtors)

.jcr
 *(.jcr)

.data.rel.ro    0x0000000000011be8        0x0
 *(.data.rel.ro.local* .gnu.linkonce.d.rel.ro.local.*)
 *(.data.rel.ro .data.rel.ro.* .gnu.linkonce.d.rel.ro.*)
 .data.rel.ro   0x0000000000011be8        0x0 /usr/lib/gcc/x86_64-linux-gnu/11/../../../x86_64-linux-gnu/Scrt1.o

.dynamic        0x0000000000011be8      0x200
 *(.dynamic)
 .dynamic       0x0000000000011be8      0x200 /usr/lib/gcc/x86_64-linux-gnu/11/../../../x86_64-linux-gnu/Scrt1.o
                0x0000000000011be8                _DYNAMIC

.got            0x0000000000011de8      0x218
 *(.got.plt)
 .got.plt       0x0000000000011de8      0x1f0 /usr/lib/gcc/x86_64-linux-gnu/11/../../../x86_64-linux-gnu/Scrt1.o
                0x0000000000011de8                _GLOBAL_OFFSET_TABLE_
 *(.igot.plt)
 *(.got)
 .got           0x0000000000011fd8       0x28 /usr/lib/gcc/x86_64-linux-gnu/11/../../../x86_64-linux-gnu/Scrt1.o
 *(.igot)
                0x0000000000012000                . = DATA_SEGMENT_RELRO_END (., 0x0)

.data           0x0000000000012000       0x10
 *(.data .data.* .gnu.linkonce.d.*)
 .data          0x0000000000012000        0x4 /usr/lib/gcc/x86_64-linux-gnu/11/../../../x86_64-linux-gnu/Scrt1.o
                0x0000000000012000                data_start
                0x0000000000012000                __data_start
 .data          0x0000000000012004        0x0 /usr/lib/gcc/x86_64-linux-gnu/11/../../../x86_64-linux-gnu/crti.o
 .data          0x0000000000012004        0x0 /usr/lib/gcc/x86_64-linux-gnu/11/crtbeginS.o
 *fill*         0x0000000000012004        0x4 
 .data.rel.local
                0x0000000000012008        0x8 /usr/lib/gcc/x86_64-linux-gnu/11/crtbeginS.o
                0x0000000000012008                __dso_handle
 .data          0x0000000000012010        0x0 /tmp/cc5B0Ji8.o
 .data          0x0000000000012010        0x0 /tmp/ccECYFVG.o
 .data          0x0000000000012010        0x0 /tmp/ccGgTFqS.o
 .data          0x0000000000012010        0x0 /tmp/ccgNpoVa.o
 .data          0x0000000000012010        0x0 /tmp/ccERftnE.o
 .data          0x0000000000012010        0x0 /tmp/ccCFNW56.o
 .data          0x0000000000012010        0x0 /tmp/ccLF6c6w.o
 .data          0x0000000000012010        0x0 /tmp/cc7imeGW.o
 .data          0x0000000000012010        0x0 /tmp/cc1fYt16.o
 .data          0x0000000000012010        0x0 /tmp/ccrRRZze.o
 .data          0x0000000000012010        0x0 /tmp/cc3OzKNp.o
 .data          0x0000000000012010        0x0 /tmp/cclAjV0r.o
 .data          0x0000000000012010        0x0 /usr/lib/gcc/x86_64-linux-gnu/11/crtendS.o
 .data          0x0000000000012010        0x0 /usr/lib/gcc/x86_64-linux-gnu/11/../../../x86_64-linux-gnu/crtn.o

.tm_clone_table
                0x0000000000012010        0x0
 .tm_clone_table
                0x0000000000012010        0x0 /usr/lib/gcc/x86_64-linux-gnu/11/crtbeginS.o
 .tm_clone_table
                0x0000000000012010        0x0 /usr/lib/gcc/x86_64-linux-gnu/11/crtendS.o

.data1
 *(.data1)
                0x0000000000012010                _edata = .
                [!provide]                        PROVIDE (edata = .)
                0x0000000000012010                . = .
                0x0000000000012010                __bss_start = .

.bss            0x0000000000012020   0xb04ec0
 *(.dynbss)
 .dynbss        0x0000000000012020        0x8 /usr/lib/gcc/x86_64-linux-gnu/11/../../../x86_64-linux-gnu/Scrt1.o
                0x0000000000012020                stderr@@GLIBC_2.2.5
 *(.bss .bss.* .gnu.linkonce.b.*)
 .bss           0x0000000000012028        0x0 /usr/lib/gcc/x86_64-linux-gnu/11/../../../x86_64-linux-gnu/Scrt1.o
 .bss           0x0000000000012028        0x0 /usr/lib/gcc/x86_64-linux-gnu/11/../../../x86_64-linux-gnu/crti.o
 .bss           0x0000000000012028        0x1 /usr/lib/gcc/x86_64-linux-gnu/11/crtbeginS.o
 *fill*         0x0000000000012029       0x17 
 .bss           0x0000000000012040   0x13c77b /tmp/cc5B0Ji8.o
                0x0000000000012040                sockfd
                0x0000000000012044                RCServer
                0x0000000000012050                servaddr
                0x0000000000012060                cliaddr
 *fill*         0x000000000014e7bb        0x1 
 .bss           0x000000000014e7bc        0x4 /tmp/ccECYFVG.o
 .bss           0x000000000014e7c0     0x7081 /tmp/ccGgTFqS.o
                0x000000000014e7c0                _StoreV
 *fill*         0x0000000000155841       0x1f 
 .bss           0x0000000000155860   0x111700 /tmp/ccgNpoVa.o
                0x0000000000155860                T_sector
 .bss           0x0000000000266f60        0x0 /tmp/ccERftnE.o
 .bss           0x0000000000266f60      0x420 /tmp/ccCFNW56.o
 .bss           0x0000000000267380    0x10aa0 /tmp/ccLF6c6w.o
 .bss           0x0000000000277e20   0x4a76a4 /tmp/cc7imeGW.o
                0x0000000000277e20                T_devstate
                0x000000000071f4a0                devstate_info
 .bss           0x000000000071f4c4        0x0 /tmp/cc1fYt16.o
 .bss           0x000000000071f4c4        0x0 /tmp/ccrRRZze.o
 .bss           0x000000000071f4c4        0x0 /tmp/cc3OzKNp.o
 *fill*         0x000000000071f4c4       0x1c 
 .bss           0x000000000071f4e0   0x3f7a00 /tmp/cclAjV0r.o
                0x000000000071f4e0                T_devices
 .bss           0x0000000000b16ee0        0x0 /usr/lib/gcc/x86_64-linux-gnu/11/crtendS.o
 .bss           0x0000000000b16ee0        0x0 /usr/lib/gcc/x86_64-linux-gnu/11/../../../x86_64-linux-gnu/crtn.o
 *(COMMON)
                0x0000000000b16ee0                . = ALIGN ((. != 0x0)?0x8:0x1)

.lbss
 *(.dynlbss)
 *(.lbss .lbss.* .gnu.linkonce.lb.*)
 *(LARGE_COMMON)
                0x0000000000b16ee0                . = ALIGN (0x8)
                0x0000000000b16ee0                . = SEGMENT_START ("ldata-segment", .)

.lrodata
 *(.lrodata .lrodata.* .gnu.linkonce.lr.*)

.ldata          0x0000000000b18ee0        0x0
 *(.ldata .ldata.* .gnu.linkonce.l.*)
                0x0000000000b18ee0                . = ALIGN ((. != 0x0)?0x8:0x1)
                0x0000000000b18ee0                . = ALIGN (0x8)
                0x0000000000b16ee0                _end = .
                [!provide]                        PROVIDE (end = .)
                0x0000000000b18ee0                . = DATA_SEGMENT_END (.)

.stab
 *(.stab)

.stabstr
 *(.stabstr)

.stab.excl
 *(.stab.excl)

.stab.exclstr
 *(.stab.exclstr)

.stab.index
 *(.stab.index)

.stab.indexstr
 *(.stab.indexstr)

.comment        0x0000000000000000       0x2d
 *(.comment)
 .comment       0x0000000000000000       0x2d /usr/lib/gcc/x86_64-linux-gnu/11/crtbeginS.o
                                         0x2e (size before relaxing)
 .comment       0x000000000000002d       0x2e /tmp/cc5B0Ji8.o
 .comment       0x000000000000002d       0x2e /tmp/ccECYFVG.o
 .comment       0x000000000000002d       0x2e /tmp/ccGgTFqS.o
 .comment       0x000000000000002d       0x2e /tmp/ccgNpoVa.o
 .comment       0x000000000000002d       0x2e /tmp/ccERftnE.o
 .comment       0x000000000000002d       0x2e /tmp/ccCFNW56.o
 .comment       0x000000000000002d       0x2e /tmp/ccLF6c6w.o
 .comment       0x000000000000002d       0x2e /tmp/cc7imeGW.o
 .comment       0x000000000000002d       0x2e /tmp/cc1fYt16.o
 .comment       0x000000000000002d       0x2e /tmp/ccrRRZze.o
 .comment       0x000000000000002d       0x2e /tmp/cc3OzKNp.o
 .comment       0x000000000000002d       0x2e /tmp/cclAjV0r.o
 .comment       0x000000000000002d       0x2e /usr/lib/gcc/x86_64-linux-gnu/11/crtendS.o

.gnu.build.attributes
 *(.gnu.build.attributes .gnu.build.attributes.*)

.debug
 *(.debug)

.line
 *(.line)

.debug_srcinfo
 *(.debug_srcinfo)

.debug_sfnames
 *(.debug_sfnames)

.debug_aranges  0x0000000000000000      0x240
 *(.debug_aranges)
 .debug_aranges
                0x0000000000000000       0x30 /tmp/cc5B0Ji8.o
 .debug_aranges
                0x0000000000000030       0x30 /tmp/ccECYFVG.o
 .debug_aranges
                0x0000000000000060       0x30 /tmp/ccGgTFqS.o
 .debug_aranges
                0x0000000000000090       0x30 /tmp/ccgNpoVa.o
 .debug_aranges
                0x00000000000000c0       0x30 /tmp/ccERftnE.o
 .debug_aranges
                0x00000000000000f0       0x30 /tmp/ccCFNW56.o
 .debug_aranges
                0x0000000000000120       0x30 /tmp/ccLF6c6w.o
 .debug_aranges
                0x0000000000000150       0x30 /tmp/cc7imeGW.o
 .debug_aranges
                0x0000000000000180       0x30 /tmp/cc1fYt16.o
 .debug_aranges
                0x00000000000001b0       0x30 /tmp/ccrRRZze.o
 .debug_aranges
                0x00000000000001e0       0x30 /tmp/cc3OzKNp.o
 .debug_aranges
                0x0000000000000210       0x30 /tmp/cclAjV0r.o

.debug_pubnames
 *(.debug_pubnames)

.debug_info     0x0000000000000000     0x7762
 *(.debug_info .gnu.linkonce.wi.*)
 .debug_info    0x0000000000000000     0x1a1e /tmp/cc5B0Ji8.o
 .debug_info    0x0000000000001a1e      0x217 /tmp/ccECYFVG.o
 .debug_info    0x0000000000001c35      0xc22 /tmp/ccGgTFqS.o
 .debug_info    0x0000000000002857      0x86a /tmp/ccgNpoVa.o
 .debug_info    0x00000000000030c1      0x181 /tmp/ccERftnE.o
 .debug_info    0x0000000000003242      0x746 /tmp/ccCFNW56.o
 .debug_info    0x0000000000003988      0xa67 /tmp/ccLF6c6w.o
 .debug_info    0x00000000000043ef      0xca4 /tmp/cc7imeGW.o
 .debug_info    0x0000000000005093      0xa8a /tmp/cc1fYt16.o
 .debug_info    0x0000000000005b1d      0x667 /tmp/ccrRRZze.o
 .debug_info    0x0000000000006184      0xa55 /tmp/cc3OzKNp.o
 .debug_info    0x0000000000006bd9      0xb89 /tmp/cclAjV0r.o

.debug_abbrev   0x0000000000000000     0x1afe
 *(.debug_abbrev)
 .debug_abbrev  0x0000000000000000      0x431 /tmp/cc5B0Ji8.o
 .debug_abbrev  0x0000000000000431      0x119 /tmp/ccECYFVG.o
 .debug_abbrev  0x000000000000054a      0x268 /tmp/ccGgTFqS.o
 .debug_abbrev  0x00000000000007b2      0x22f /tmp/ccgNpoVa.o
 .debug_abbrev  0x00000000000009e1       0xe5 /tmp/ccERftnE.o
 .debug_abbrev  0x0000000000000ac6      0x21c /tmp/ccCFNW56.o
 .debug_abbrev  0x0000000000000ce2      0x2b3 /tmp/ccLF6c6w.o
 .debug_abbrev  0x0000000000000f95      0x2b6 /tmp/cc7imeGW.o
 .debug_abbrev  0x000000000000124b      0x252 /tmp/cc1fYt16.o
 .debug_abbrev  0x000000000000149d      0x194 /tmp/ccrRRZze.o
 .debug_abbrev  0x0000000000001631      0x25d /tmp/cc3OzKNp.o
 .debug_abbrev  0x000000000000188e      0x270 /tmp/cclAjV0r.o

.debug_line     0x0000000000000000     0x2c57
 *(.debug_line .debug_line.* .debug_line_end)
 .debug_line    0x0000000000000000      0x97d /tmp/cc5B0Ji8.o
 .debug_line    0x000000000000097d      0x133 /tmp/ccECYFVG.o
 .debug_line    0x0000000000000ab0      0x455 /tmp/ccGgTFqS.o
 .debug_line    0x0000000000000f05      0x1ac /tmp/ccgNpoVa.o
 .debug_line    0x00000000000010b1      0x100 /tmp/ccERftnE.o
 .debug_line    0x00000000000011b1      0x1c8 /tmp/ccCFNW56.o
 .debug_line    0x0000000000001379      0x2ea /tmp/ccLF6c6w.o
 .debug_line    0x0000000000001663      0x55b /tmp/cc7imeGW.o
 .debug_line    0x0000000000001bbe      0x3ea /tmp/cc1fYt16.o
 .debug_line    0x0000000000001fa8      0x134 /tmp/ccrRRZze.o
 .debug_line    0x00000000000020dc      0x46c /tmp/cc3OzKNp.o
 .debug_line    0x0000000000002548      0x70f /tmp/cclAjV0r.o

.debug_frame
 *(.debug_frame)

.debug_str      0x0000000000000000     0x1c15
 *(.debug_str)
 .debug_str     0x0000000000000000      0xbbb /tmp/cc5B0Ji8.o
                                        0xd24 (size before relaxing)
 .debug_str     0x0000000000000bbb       0x2e /tmp/ccECYFVG.o
                                        0x16d (size before relaxing)
 .debug_str     0x0000000000000be9      0x307 /tmp/ccGgTFqS.o
                                        0x7db (size before relaxing)
 .debug_str     0x0000000000000ef0      0x20b /tmp/ccgNpoVa.o
                                        0x53b (size before relaxing)
 .debug_str     0x00000000000010fb        0x7 /tmp/ccERftnE.o
                                        0x143 (size before relaxing)
 .debug_str     0x0000000000001102       0xda /tmp/ccCFNW56.o
                                        0x467 (size before relaxing)
 .debug_str     0x00000000000011dc       0xe9 /tmp/ccLF6c6w.o
                                        0x56d (size before relaxing)
 .debug_str     0x00000000000012c5      0x492 /tmp/cc7imeGW.o
                                        0x906 (size before relaxing)
 .debug_str     0x0000000000001757      0x24e /tmp/cc1fYt16.o
                                        0x927 (size before relaxing)
 .debug_str     0x00000000000019a5       0x25 /tmp/ccrRRZze.o
                                        0x683 (size before relaxing)
 .debug_str     0x00000000000019ca      0x1ae /tmp/cc3OzKNp.o
                                        0x904 (size before relaxing)
 .debug_str     0x0000000000001b78       0x9d /tmp/cclAjV0r.o
                                        0x8c5 (size before relaxing)

.debug_loc
 *(.debug_loc)

.debug_macinfo
 *(.debug_macinfo)

.debug_weaknames
 *(.debug_weaknames)

.debug_funcnames
 *(.debug_funcnames)

.debug_typenames
 *(.debug_typenames)

.debug_varnames
 *(.debug_varnames)

.debug_pubtypes
 *(.debug_pubtypes)

.debug_ranges
 *(.debug_ranges)

.debug_addr
 *(.debug_addr)

.debug_line_str
                0x0000000000000000      0x31d
 *(.debug_line_str)
 .debug_line_str
                0x0000000000000000      0x1f1 /tmp/cc5B0Ji8.o
                                        0x243 (size before relaxing)
 .debug_line_str
                0x00000000000001f1        0x6 /tmp/ccECYFVG.o
                                         0xe1 (size before relaxing)
 .debug_line_str
                0x00000000000001f7       0x34 /tmp/ccGgTFqS.o
                                        0x1b3 (size before relaxing)
 .debug_line_str
                0x000000000000022b       0x12 /tmp/ccgNpoVa.o
                                        0x112 (size before relaxing)
 .debug_line_str
                0x000000000000023d        0x7 /tmp/ccERftnE.o
                                         0x78 (size before relaxing)
 .debug_line_str
                0x0000000000000244       0x26 /tmp/ccCFNW56.o
                                        0x1b1 (size before relaxing)
 .debug_line_str
                0x000000000000026a        0xc /tmp/ccLF6c6w.o
                                        0x151 (size before relaxing)
 .debug_line_str
                0x0000000000000276       0x4e /tmp/cc7imeGW.o
                                        0x198 (size before relaxing)
 .debug_line_str
                0x00000000000002c4       0x1c /tmp/cc1fYt16.o
                                        0x198 (size before relaxing)
 .debug_line_str
                0x00000000000002e0       0x1a /tmp/ccrRRZze.o
                                        0x177 (size before relaxing)
 .debug_line_str
                0x00000000000002fa       0x16 /tmp/cc3OzKNp.o
                                        0x1a9 (size before relaxing)
 .debug_line_str
                0x0000000000000310        0xd /tmp/cclAjV0r.o
                                        0x185 (size before relaxing)

.debug_loclists
 *(.debug_loclists)

.debug_macro
 *(.debug_macro)

.debug_names
 *(.debug_names)

.debug_rnglists
                0x0000000000000000       0x2d
 *(.debug_rnglists)
 .debug_rnglists
                0x0000000000000000       0x2d /tmp/cc5B0Ji8.o

.debug_str_offsets
 *(.debug_str_offsets)

.debug_sup
 *(.debug_sup)

.gnu.attributes
 *(.gnu.attributes)

/DISCARD/
 *(.note.GNU-stack)
 *(.gnu_debuglink)
 *(.gnu.lto_*)
OUTPUT(rcserver elf64-x86-64)
