
Merging program properties


As-needed library included to satisfy reference by file (symbol)

libpq.so.5                    /tmp/cchMyX34.o (PQstatus)
libc.so.6                     /tmp/ccxBslZq.o (clock@@GLIBC_2.2.5)

Discarded input sections

 .note.GNU-stack
                0x0000000000000000        0x0 /usr/lib/gcc/x86_64-linux-gnu/11/../../../x86_64-linux-gnu/Scrt1.o
 .note.gnu.property
                0x0000000000000000       0x20 /usr/lib/gcc/x86_64-linux-gnu/11/../../../x86_64-linux-gnu/crti.o
 .note.GNU-stack
                0x0000000000000000        0x0 /usr/lib/gcc/x86_64-linux-gnu/11/../../../x86_64-linux-gnu/crti.o
 .note.GNU-stack
                0x0000000000000000        0x0 /usr/lib/gcc/x86_64-linux-gnu/11/crtbeginS.o
 .note.gnu.property
                0x0000000000000000       0x20 /usr/lib/gcc/x86_64-linux-gnu/11/crtbeginS.o
 .note.GNU-stack
                0x0000000000000000        0x0 /tmp/ccxBslZq.o
 .note.gnu.property
                0x0000000000000000       0x20 /tmp/ccxBslZq.o
 .note.GNU-stack
                0x0000000000000000        0x0 /tmp/ccR9uN9a.o
 .note.gnu.property
                0x0000000000000000       0x20 /tmp/ccR9uN9a.o
 .note.GNU-stack
                0x0000000000000000        0x0 /tmp/cctCJJ0O.o
 .note.gnu.property
                0x0000000000000000       0x20 /tmp/cctCJJ0O.o
 .note.GNU-stack
                0x0000000000000000        0x0 /tmp/ccp7ulI1.o
 .note.gnu.property
                0x0000000000000000       0x20 /tmp/ccp7ulI1.o
 .note.GNU-stack
                0x0000000000000000        0x0 /tmp/ccp5ADLK.o
 .note.gnu.property
                0x0000000000000000       0x20 /tmp/ccp5ADLK.o
 .note.GNU-stack
                0x0000000000000000        0x0 /tmp/ccEAgKJe.o
 .note.gnu.property
                0x0000000000000000       0x20 /tmp/ccEAgKJe.o
 .note.GNU-stack
                0x0000000000000000        0x0 /tmp/cczAhgy0.o
 .note.gnu.property
                0x0000000000000000       0x20 /tmp/cczAhgy0.o
 .note.GNU-stack
                0x0000000000000000        0x0 /tmp/cchMyX34.o
 .note.gnu.property
                0x0000000000000000       0x20 /tmp/cchMyX34.o
 .note.GNU-stack
                0x0000000000000000        0x0 /tmp/ccHFdIVg.o
 .note.gnu.property
                0x0000000000000000       0x20 /tmp/ccHFdIVg.o
 .note.GNU-stack
                0x0000000000000000        0x0 /tmp/cctxZxRM.o
 .note.gnu.property
                0x0000000000000000       0x20 /tmp/cctxZxRM.o
 .note.GNU-stack
                0x0000000000000000        0x0 /tmp/ccH8amp2.o
 .note.gnu.property
                0x0000000000000000       0x20 /tmp/ccH8amp2.o
 .note.GNU-stack
                0x0000000000000000        0x0 /tmp/ccXUzFOX.o
 .note.gnu.property
                0x0000000000000000       0x20 /tmp/ccXUzFOX.o
 .note.GNU-stack
                0x0000000000000000        0x0 /tmp/ccBTqpyc.o
 .note.gnu.property
                0x0000000000000000       0x20 /tmp/ccBTqpyc.o
 .note.GNU-stack
                0x0000000000000000        0x0 /usr/lib/gcc/x86_64-linux-gnu/11/crtendS.o
 .note.gnu.property
                0x0000000000000000       0x20 /usr/lib/gcc/x86_64-linux-gnu/11/crtendS.o
 .note.gnu.property
                0x0000000000000000       0x20 /usr/lib/gcc/x86_64-linux-gnu/11/../../../x86_64-linux-gnu/crtn.o
 .note.GNU-stack
                0x0000000000000000        0x0 /usr/lib/gcc/x86_64-linux-gnu/11/../../../x86_64-linux-gnu/crtn.o

Memory Configuration

Name             Origin             Length             Attributes
*default*        0x0000000000000000 0xffffffffffffffff

Linker script and memory map

LOAD /usr/lib/gcc/x86_64-linux-gnu/11/../../../x86_64-linux-gnu/Scrt1.o
LOAD /usr/lib/gcc/x86_64-linux-gnu/11/../../../x86_64-linux-gnu/crti.o
LOAD /usr/lib/gcc/x86_64-linux-gnu/11/crtbeginS.o
LOAD /tmp/ccxBslZq.o
LOAD /tmp/ccR9uN9a.o
LOAD /tmp/cctCJJ0O.o
LOAD /tmp/ccp7ulI1.o
LOAD /tmp/ccp5ADLK.o
LOAD /tmp/ccEAgKJe.o
LOAD /tmp/cczAhgy0.o
LOAD /tmp/cchMyX34.o
LOAD /tmp/ccHFdIVg.o
LOAD /tmp/cctxZxRM.o
LOAD /tmp/ccH8amp2.o
LOAD /tmp/ccXUzFOX.o
LOAD /tmp/ccBTqpyc.o
LOAD /usr/lib/gcc/x86_64-linux-gnu/11/../../../x86_64-linux-gnu/libpq.so
LOAD /usr/lib/gcc/x86_64-linux-gnu/11/libgcc.a
LOAD /usr/lib/gcc/x86_64-linux-gnu/11/libgcc_s.so
START GROUP
LOAD /usr/lib/gcc/x86_64-linux-gnu/11/../../../x86_64-linux-gnu/libgcc_s.so.1
LOAD /usr/lib/gcc/x86_64-linux-gnu/11/libgcc.a
END GROUP
LOAD /usr/lib/gcc/x86_64-linux-gnu/11/../../../x86_64-linux-gnu/libc.so
START GROUP
LOAD /lib/x86_64-linux-gnu/libc.so.6
LOAD /usr/lib/x86_64-linux-gnu/libc_nonshared.a
LOAD /lib64/ld-linux-x86-64.so.2
END GROUP
LOAD /usr/lib/gcc/x86_64-linux-gnu/11/libgcc.a
LOAD /usr/lib/gcc/x86_64-linux-gnu/11/libgcc_s.so
START GROUP
LOAD /usr/lib/gcc/x86_64-linux-gnu/11/../../../x86_64-linux-gnu/libgcc_s.so.1
LOAD /usr/lib/gcc/x86_64-linux-gnu/11/libgcc.a
END GROUP
LOAD /usr/lib/gcc/x86_64-linux-gnu/11/crtendS.o
LOAD /usr/lib/gcc/x86_64-linux-gnu/11/../../../x86_64-linux-gnu/crtn.o
                [!provide]                        PROVIDE (__executable_start = SEGMENT_START ("text-segment", 0x0))
                0x0000000000000318                . = (SEGMENT_START ("text-segment", 0x0) + SIZEOF_HEADERS)

.interp         0x0000000000000318       0x1c
 *(.interp)
 .interp        0x0000000000000318       0x1c /usr/lib/gcc/x86_64-linux-gnu/11/../../../x86_64-linux-gnu/Scrt1.o

.note.gnu.property
                0x0000000000000338       0x30
 .note.gnu.property
                0x0000000000000338       0x30 /usr/lib/gcc/x86_64-linux-gnu/11/../../../x86_64-linux-gnu/Scrt1.o

.note.gnu.build-id
                0x0000000000000368       0x24
 *(.note.gnu.build-id)
 .note.gnu.build-id
                0x0000000000000368       0x24 /usr/lib/gcc/x86_64-linux-gnu/11/../../../x86_64-linux-gnu/Scrt1.o

.note.ABI-tag   0x000000000000038c       0x20
 .note.ABI-tag  0x000000000000038c       0x20 /usr/lib/gcc/x86_64-linux-gnu/11/../../../x86_64-linux-gnu/Scrt1.o

.hash
 *(.hash)

.gnu.hash       0x00000000000003b0       0x28
 *(.gnu.hash)
 .gnu.hash      0x00000000000003b0       0x28 /usr/lib/gcc/x86_64-linux-gnu/11/../../../x86_64-linux-gnu/Scrt1.o

.dynsym         0x00000000000003d8      0x660
 *(.dynsym)
 .dynsym        0x00000000000003d8      0x660 /usr/lib/gcc/x86_64-linux-gnu/11/../../../x86_64-linux-gnu/Scrt1.o

.dynstr         0x0000000000000a38      0x291
 *(.dynstr)
 .dynstr        0x0000000000000a38      0x291 /usr/lib/gcc/x86_64-linux-gnu/11/../../../x86_64-linux-gnu/Scrt1.o

.gnu.version    0x0000000000000cca       0x88
 *(.gnu.version)
 .gnu.version   0x0000000000000cca       0x88 /usr/lib/gcc/x86_64-linux-gnu/11/../../../x86_64-linux-gnu/Scrt1.o

.gnu.version_d  0x0000000000000d58        0x0
 *(.gnu.version_d)
 .gnu.version_d
                0x0000000000000d58        0x0 /usr/lib/gcc/x86_64-linux-gnu/11/../../../x86_64-linux-gnu/Scrt1.o

.gnu.version_r  0x0000000000000d58       0x60
 *(.gnu.version_r)
 .gnu.version_r
                0x0000000000000d58       0x60 /usr/lib/gcc/x86_64-linux-gnu/11/../../../x86_64-linux-gnu/Scrt1.o

.rela.dyn       0x0000000000000db8       0xd8
 *(.rela.init)
 *(.rela.text .rela.text.* .rela.gnu.linkonce.t.*)
 .rela.text     0x0000000000000db8        0x0 /usr/lib/gcc/x86_64-linux-gnu/11/../../../x86_64-linux-gnu/Scrt1.o
 *(.rela.fini)
 *(.rela.rodata .rela.rodata.* .rela.gnu.linkonce.r.*)
 *(.rela.data .rela.data.* .rela.gnu.linkonce.d.*)
 .rela.data.rel.ro
                0x0000000000000db8        0x0 /usr/lib/gcc/x86_64-linux-gnu/11/../../../x86_64-linux-gnu/Scrt1.o
 .rela.data.rel.local
                0x0000000000000db8       0x18 /usr/lib/gcc/x86_64-linux-gnu/11/../../../x86_64-linux-gnu/Scrt1.o
 *(.rela.tdata .rela.tdata.* .rela.gnu.linkonce.td.*)
 *(.rela.tbss .rela.tbss.* .rela.gnu.linkonce.tb.*)
 *(.rela.ctors)
 *(.rela.dtors)
 *(.rela.got)
 .rela.got      0x0000000000000dd0       0x78 /usr/lib/gcc/x86_64-linux-gnu/11/../../../x86_64-linux-gnu/Scrt1.o
 *(.rela.bss .rela.bss.* .rela.gnu.linkonce.b.*)
 .rela.bss      0x0000000000000e48       0x18 /usr/lib/gcc/x86_64-linux-gnu/11/../../../x86_64-linux-gnu/Scrt1.o
 *(.rela.ldata .rela.ldata.* .rela.gnu.linkonce.l.*)
 *(.rela.lbss .rela.lbss.* .rela.gnu.linkonce.lb.*)
 *(.rela.lrodata .rela.lrodata.* .rela.gnu.linkonce.lr.*)
 *(.rela.ifunc)
 .rela.ifunc    0x0000000000000e60        0x0 /usr/lib/gcc/x86_64-linux-gnu/11/../../../x86_64-linux-gnu/Scrt1.o
 .rela.fini_array
                0x0000000000000e60       0x18 /usr/lib/gcc/x86_64-linux-gnu/11/../../../x86_64-linux-gnu/Scrt1.o
 .rela.init_array
                0x0000000000000e78       0x18 /usr/lib/gcc/x86_64-linux-gnu/11/../../../x86_64-linux-gnu/Scrt1.o

.rela.plt       0x0000000000000e90      0x5b8
 *(.rela.plt)
 .rela.plt      0x0000000000000e90      0x5b8 /usr/lib/gcc/x86_64-linux-gnu/11/../../../x86_64-linux-gnu/Scrt1.o
 *(.rela.iplt)

.relr.dyn
 *(.relr.dyn)
                0x0000000000002000                . = ALIGN (CONSTANT (MAXPAGESIZE))

.init           0x0000000000002000       0x1b
 *(SORT_NONE(.init))
 .init          0x0000000000002000       0x16 /usr/lib/gcc/x86_64-linux-gnu/11/../../../x86_64-linux-gnu/crti.o
                0x0000000000002000                _init
 .init          0x0000000000002016        0x5 /usr/lib/gcc/x86_64-linux-gnu/11/../../../x86_64-linux-gnu/crtn.o

.plt            0x0000000000002020      0x3e0
 *(.plt)
 .plt           0x0000000000002020      0x3e0 /usr/lib/gcc/x86_64-linux-gnu/11/../../../x86_64-linux-gnu/Scrt1.o
 *(.iplt)

.plt.got        0x0000000000002400       0x10
 *(.plt.got)
 .plt.got       0x0000000000002400       0x10 /usr/lib/gcc/x86_64-linux-gnu/11/../../../x86_64-linux-gnu/Scrt1.o
                0x0000000000002400                __cxa_finalize@@GLIBC_2.2.5

.plt.sec        0x0000000000002410      0x3d0
 *(.plt.sec)
 .plt.sec       0x0000000000002410      0x3d0 /usr/lib/gcc/x86_64-linux-gnu/11/../../../x86_64-linux-gnu/Scrt1.o
                0x0000000000002410                ftell@@GLIBC_2.2.5
                0x0000000000002420                PQresultStatus
                0x0000000000002430                PQgetvalue
                0x0000000000002440                __errno_location@@GLIBC_2.2.5
                0x0000000000002450                printf@@GLIBC_2.2.5
                0x0000000000002460                PQclear
                0x0000000000002470                htons@@GLIBC_2.2.5
                0x0000000000002480                sendto@@GLIBC_2.2.5
                0x0000000000002490                rewind@@GLIBC_2.2.5
                0x00000000000024a0                bind@@GLIBC_2.2.5
                0x00000000000024b0                sprintf@@GLIBC_2.2.5
                0x00000000000024c0                socket@@GLIBC_2.2.5
                0x00000000000024d0                strlen@@GLIBC_2.2.5
                0x00000000000024e0                PQexec
                0x00000000000024f0                inet_ntoa@@GLIBC_2.2.5
                0x0000000000002500                memcmp@@GLIBC_2.2.5
                0x0000000000002510                mkdir@@GLIBC_2.2.5
                0x0000000000002520                strncpy@@GLIBC_2.2.5
                0x0000000000002530                memset@@GLIBC_2.2.5
                0x0000000000002540                fcntl@@GLIBC_2.2.5
                0x0000000000002550                rename@@GLIBC_2.2.5
                0x0000000000002560                clock@@GLIBC_2.2.5
                0x0000000000002570                PQgetisnull
                0x0000000000002580                localtime@@GLIBC_2.2.5
                0x0000000000002590                sleep@@GLIBC_2.2.5
                0x00000000000025a0                recvfrom@@GLIBC_2.2.5
                0x00000000000025b0                PQerrorMessage
                0x00000000000025c0                atoll@@GLIBC_2.2.5
                0x00000000000025d0                strftime@@GLIBC_2.2.5
                0x00000000000025e0                memcpy@@GLIBC_2.14
                0x00000000000025f0                perror@@GLIBC_2.2.5
                0x0000000000002600                stat@@GLIBC_2.33
                0x0000000000002610                time@@GLIBC_2.2.5
                0x0000000000002620                strcpy@@GLIBC_2.2.5
                0x0000000000002630                fclose@@GLIBC_2.2.5
                0x0000000000002640                inet_ntop@@GLIBC_2.2.5
                0x0000000000002650                PQexecParams
                0x0000000000002660                fseek@@GLIBC_2.2.5
                0x0000000000002670                __stack_chk_fail@@GLIBC_2.4
                0x0000000000002680                PQconnectdb
                0x0000000000002690                fopen@@GLIBC_2.2.5
                0x00000000000026a0                signal@@GLIBC_2.2.5
                0x00000000000026b0                exit@@GLIBC_2.2.5
                0x00000000000026c0                PQstatus
                0x00000000000026d0                atof@@GLIBC_2.2.5
                0x00000000000026e0                PQntuples
                0x00000000000026f0                vfprintf@@GLIBC_2.2.5
                0x0000000000002700                putchar@@GLIBC_2.2.5
                0x0000000000002710                strcmp@@GLIBC_2.2.5
                0x0000000000002720                fprintf@@GLIBC_2.2.5
                0x0000000000002730                fread@@GLIBC_2.2.5
                0x0000000000002740                puts@@GLIBC_2.2.5
                0x0000000000002750                atoi@@GLIBC_2.2.5
                0x0000000000002760                snprintf@@GLIBC_2.2.5
                0x0000000000002770                PQfinish
                0x0000000000002780                ntohs@@GLIBC_2.2.5
                0x0000000000002790                inet_pton@@GLIBC_2.2.5
                0x00000000000027a0                PQcmdTuples
                0x00000000000027b0                fwrite@@GLIBC_2.2.5
                0x00000000000027c0                close@@GLIBC_2.2.5
                0x00000000000027d0                PQnfields

.text           0x00000000000027e0     0xbdf4
 *(.text.unlikely .text.*_unlikely .text.unlikely.*)
 *(.text.exit .text.exit.*)
 *(.text.startup .text.startup.*)
 *(.text.hot .text.hot.*)
 *(SORT_BY_NAME(.text.sorted.*))
 *(.text .stub .text.* .gnu.linkonce.t.*)
 .text          0x00000000000027e0       0x26 /usr/lib/gcc/x86_64-linux-gnu/11/../../../x86_64-linux-gnu/Scrt1.o
                0x00000000000027e0                _start
 .text          0x0000000000002806        0x0 /usr/lib/gcc/x86_64-linux-gnu/11/../../../x86_64-linux-gnu/crti.o
 *fill*         0x0000000000002806        0xa 
 .text          0x0000000000002810       0xb9 /usr/lib/gcc/x86_64-linux-gnu/11/crtbeginS.o
 .text          0x00000000000028c9     0x2899 /tmp/ccxBslZq.o
                0x00000000000028c9                _GetTimer1ms
                0x00000000000028fc                sigintHandler
                0x0000000000002931                _initlog
                0x000000000000298f                _log
                0x0000000000002b2f                printIPAddress
                0x0000000000002c0e                _Look4BTxFree
                0x0000000000002d2a                _Look4BTxPos
                0x0000000000002db9                _Look4BTxRelease
                0x0000000000002e29                _InitRCServer
                0x0000000000003075                _Send2EQ
                0x00000000000030d9                _ProcIDLE
                0x00000000000030e4                _ProcRx
                0x0000000000004d92                _ProcTxVFileTimeout
                0x0000000000004e80                _Proc10msFuncs
                0x0000000000004fa1                main
 .text          0x0000000000005162      0x232 /tmp/ccR9uN9a.o
                0x0000000000005162                CalcCrc16
                0x0000000000005302                crc_ccitt
 .text          0x0000000000005394      0xfcb /tmp/cctCJJ0O.o
                0x0000000000005394                _strcpyln
                0x0000000000005414                _InitStoreFiles
                0x0000000000005438                _Look4Free
                0x00000000000054ae                _Look4Pos
                0x0000000000005522                _Look4Release
                0x000000000000557b                _ProcStFilesTimeout
                0x000000000000568a                _CreateFolder
                0x0000000000005785                _StoreFile
 .text          0x000000000000635f      0x3f9 /tmp/ccp7ulI1.o
                0x000000000000635f                Hex2Bin
                0x00000000000064f1                _Init_dbread
                0x0000000000006528                _dbread_bulk
                0x0000000000006562                _Stfind_Eqid
                0x00000000000065fd                _Stfind_Hubid
                0x0000000000006698                _Findtargetfolder
                0x00000000000066d8                _CheckEq
                0x0000000000006718                _CheckHubId
 .text          0x0000000000006758      0x18c /tmp/ccp5ADLK.o
                0x0000000000006758                _EncriptDecript
                0x0000000000006874                strcopys
 .text          0x00000000000068e4      0x46a /tmp/ccEAgKJe.o
                0x00000000000068e4                init_loop2app
                0x0000000000006a1e                udp_receive
                0x0000000000006b84                udp_send
                0x0000000000006c98                test_loop
 .text          0x0000000000006d4e      0x750 /tmp/cczAhgy0.o
                0x0000000000006fb0                _GetTotBinFrames
                0x0000000000006fd2                _LoadNetHubBin
                0x0000000000007343                _GetNetHubFileInfo
                0x0000000000007366                _Create_Hub
                0x0000000000007432                _Find_Hub
 .text          0x000000000000749e     0x1eeb /tmp/cchMyX34.o
                0x000000000000749e                _dbread_devstate_size
                0x00000000000074f2                _Stfind_Devstate
                0x00000000000075ac                _Stfind_Devstate_ByZone
                0x0000000000007641                _dbread_table_devstate
                0x0000000000008acf                _dbwrite_devstate
                0x0000000000008fd0                _dbcheck_devstate
                0x0000000000009355                _InitDb_devstate
 .text          0x0000000000009389     0x1079 /tmp/ccHFdIVg.o
                0x0000000000009389                _DbDeviceEventTypeToString
                0x000000000000940d                _DbDeviceEventSeverityToString
                0x0000000000009469                _DbDeviceEventTypeFromString
                0x00000000000095a5                _DbDeviceEventSeverityFromString
                0x0000000000009651                _dbread_deviceevent
                0x0000000000009ea9                _dbinsert_deviceevent
 .text          0x000000000000a402      0x368 /tmp/cctxZxRM.o
                0x000000000000a402                _dbread_db_version
 .text          0x000000000000a76a      0xf07 /tmp/ccH8amp2.o
                0x000000000000a76a                _dbalarm_type_from_string
                0x000000000000a85e                _dbalarm_type_to_string
                0x000000000000a8d2                _dbalarm_severity_from_string
                0x000000000000a97e                _dbalarm_severity_to_string
                0x000000000000a9dc                _dbread_alarm
                0x000000000000b25b                _dbinsert_alarm
 .text          0x000000000000b671     0x19a8 /tmp/ccXUzFOX.o
                0x000000000000b671                _dbread_devices_size
                0x000000000000b6cb                _Stfind_Devices
                0x000000000000b79a                _Stfind_Devices_ByEqid
                0x000000000000b9db                _Stfind_Devices_ByZone
                0x000000000000ba89                _dbread_table_devices
                0x000000000000cc16                _dbcheck_devices
                0x000000000000cfb3                _InitDb_devices
 .text          0x000000000000d019     0x15bb /tmp/ccBTqpyc.o
                0x000000000000d019                _dbread_devcalendar_size
                0x000000000000d06d                _Stfind_Devcalendar
                0x000000000000d127                _dbread_table_devcalendar
                0x000000000000dafa                _dbwrite_devcalendar
                0x000000000000e26f                _dbcheck_devcalendar
                0x000000000000e5a1                _InitDb_devcalendar
 .text          0x000000000000e5d4        0x0 /usr/lib/gcc/x86_64-linux-gnu/11/crtendS.o
 .text          0x000000000000e5d4        0x0 /usr/lib/gcc/x86_64-linux-gnu/11/../../../x86_64-linux-gnu/crtn.o
 *(.gnu.warning)

.fini           0x000000000000e5d4        0xd
 *(SORT_NONE(.fini))
 .fini          0x000000000000e5d4        0x8 /usr/lib/gcc/x86_64-linux-gnu/11/../../../x86_64-linux-gnu/crti.o
                0x000000000000e5d4                _fini
 .fini          0x000000000000e5dc        0x5 /usr/lib/gcc/x86_64-linux-gnu/11/../../../x86_64-linux-gnu/crtn.o
                [!provide]                        PROVIDE (__etext = .)
                [!provide]                        PROVIDE (_etext = .)
                [!provide]                        PROVIDE (etext = .)
                0x000000000000f000                . = ALIGN (CONSTANT (MAXPAGESIZE))
                0x000000000000f000                . = SEGMENT_START ("rodata-segment", (ALIGN (CONSTANT (MAXPAGESIZE)) + (. & (CONSTANT (MAXPAGESIZE) - 0x1))))

.rodata         0x000000000000f000     0x3887
 *(.rodata .rodata.* .gnu.linkonce.r.*)
 .rodata.cst4   0x000000000000f000        0x4 /usr/lib/gcc/x86_64-linux-gnu/11/../../../x86_64-linux-gnu/Scrt1.o
                0x000000000000f000                _IO_stdin_used
 *fill*         0x000000000000f004        0x4 
 .rodata        0x000000000000f008      0xe24 /tmp/ccxBslZq.o
 *fill*         0x000000000000fe2c       0x14 
 .rodata        0x000000000000fe40      0x222 /tmp/ccR9uN9a.o
 *fill*         0x0000000000010062        0x6 
 .rodata        0x0000000000010068      0x213 /tmp/cctCJJ0O.o
 *fill*         0x000000000001027b        0x5 
 .rodata        0x0000000000010280       0x28 /tmp/ccp7ulI1.o
 .rodata        0x00000000000102a8       0x8f /tmp/ccp5ADLK.o
 *fill*         0x0000000000010337        0x1 
 .rodata        0x0000000000010338       0xbb /tmp/ccEAgKJe.o
 *fill*         0x00000000000103f3        0x5 
 .rodata        0x00000000000103f8      0x1a1 /tmp/cczAhgy0.o
 *fill*         0x0000000000010599        0x7 
 .rodata        0x00000000000105a0      0x7db /tmp/cchMyX34.o
 *fill*         0x0000000000010d7b        0x5 
 .rodata        0x0000000000010d80      0x608 /tmp/ccHFdIVg.o
 .rodata        0x0000000000011388      0x180 /tmp/cctxZxRM.o
 .rodata        0x0000000000011508      0x523 /tmp/ccH8amp2.o
 *fill*         0x0000000000011a2b        0x5 
 .rodata        0x0000000000011a30      0x58a /tmp/ccXUzFOX.o
 *fill*         0x0000000000011fba        0x6 
 .rodata        0x0000000000011fc0      0x8c7 /tmp/ccBTqpyc.o

.rodata1
 *(.rodata1)

.eh_frame_hdr   0x0000000000012888      0x2ac
 *(.eh_frame_hdr)
 .eh_frame_hdr  0x0000000000012888      0x2ac /usr/lib/gcc/x86_64-linux-gnu/11/../../../x86_64-linux-gnu/Scrt1.o
                0x0000000000012888                __GNU_EH_FRAME_HDR
 *(.eh_frame_entry .eh_frame_entry.*)

.eh_frame       0x0000000000012b38      0xa94
 *(.eh_frame)
 .eh_frame      0x0000000000012b38       0x30 /usr/lib/gcc/x86_64-linux-gnu/11/../../../x86_64-linux-gnu/Scrt1.o
                                         0x2c (size before relaxing)
 *fill*         0x0000000000012b68        0x0 
 .eh_frame      0x0000000000012b68       0x28 /usr/lib/gcc/x86_64-linux-gnu/11/../../../x86_64-linux-gnu/Scrt1.o
                                         0x40 (size before relaxing)
 .eh_frame      0x0000000000012b90       0x18 /usr/lib/gcc/x86_64-linux-gnu/11/../../../x86_64-linux-gnu/Scrt1.o
                                         0x30 (size before relaxing)
 .eh_frame      0x0000000000012ba8       0x18 /usr/lib/gcc/x86_64-linux-gnu/11/../../../x86_64-linux-gnu/Scrt1.o
                                         0x30 (size before relaxing)
 .eh_frame      0x0000000000012bc0      0x1e0 /tmp/ccxBslZq.o
                                        0x1f8 (size before relaxing)
 .eh_frame      0x0000000000012da0       0x40 /tmp/ccR9uN9a.o
                                         0x58 (size before relaxing)
 .eh_frame      0x0000000000012de0      0x108 /tmp/cctCJJ0O.o
                                        0x120 (size before relaxing)
 .eh_frame      0x0000000000012ee8      0x100 /tmp/ccp7ulI1.o
                                        0x118 (size before relaxing)
 .eh_frame      0x0000000000012fe8       0x40 /tmp/ccp5ADLK.o
                                         0x58 (size before relaxing)
 .eh_frame      0x0000000000013028       0x80 /tmp/ccEAgKJe.o
                                         0x98 (size before relaxing)
 .eh_frame      0x00000000000130a8      0x100 /tmp/cczAhgy0.o
                                        0x118 (size before relaxing)
 .eh_frame      0x00000000000131a8       0xe0 /tmp/cchMyX34.o
                                         0xf8 (size before relaxing)
 .eh_frame      0x0000000000013288       0xc0 /tmp/ccHFdIVg.o
                                         0xd8 (size before relaxing)
 .eh_frame      0x0000000000013348       0x20 /tmp/cctxZxRM.o
                                         0x38 (size before relaxing)
 .eh_frame      0x0000000000013368       0xc0 /tmp/ccH8amp2.o
                                         0xd8 (size before relaxing)
 .eh_frame      0x0000000000013428       0xe0 /tmp/ccXUzFOX.o
                                         0xf8 (size before relaxing)
 .eh_frame      0x0000000000013508       0xc0 /tmp/ccBTqpyc.o
                                         0xd8 (size before relaxing)
 .eh_frame      0x00000000000135c8        0x4 /usr/lib/gcc/x86_64-linux-gnu/11/crtendS.o
 *(.eh_frame.*)

.gcc_except_table
 *(.gcc_except_table .gcc_except_table.*)

.gnu_extab
 *(.gnu_extab*)

.exception_ranges
 *(.exception_ranges*)
                0x0000000000014bc8                . = DATA_SEGMENT_ALIGN (CONSTANT (MAXPAGESIZE), CONSTANT (COMMONPAGESIZE))

.eh_frame
 *(.eh_frame)
 *(.eh_frame.*)

.gnu_extab
 *(.gnu_extab)

.gcc_except_table
 *(.gcc_except_table .gcc_except_table.*)

.exception_ranges
 *(.exception_ranges*)

.tdata          0x0000000000014bc8        0x0
                [!provide]                        PROVIDE (__tdata_start = .)
 *(.tdata .tdata.* .gnu.linkonce.td.*)

.tbss
 *(.tbss .tbss.* .gnu.linkonce.tb.*)
 *(.tcommon)

.preinit_array  0x0000000000014bc8        0x0
                [!provide]                        PROVIDE (__preinit_array_start = .)
 *(.preinit_array)
                [!provide]                        PROVIDE (__preinit_array_end = .)

.init_array     0x0000000000014bc8        0x8
                [!provide]                        PROVIDE (__init_array_start = .)
 *(SORT_BY_INIT_PRIORITY(.init_array.*) SORT_BY_INIT_PRIORITY(.ctors.*))
 *(.init_array EXCLUDE_FILE(*crtend?.o *crtend.o *crtbegin?.o *crtbegin.o) .ctors)
 .init_array    0x0000000000014bc8        0x8 /usr/lib/gcc/x86_64-linux-gnu/11/crtbeginS.o
                [!provide]                        PROVIDE (__init_array_end = .)

.fini_array     0x0000000000014bd0        0x8
                [!provide]                        PROVIDE (__fini_array_start = .)
 *(SORT_BY_INIT_PRIORITY(.fini_array.*) SORT_BY_INIT_PRIORITY(.dtors.*))
 *(.fini_array EXCLUDE_FILE(*crtend?.o *crtend.o *crtbegin?.o *crtbegin.o) .dtors)
 .fini_array    0x0000000000014bd0        0x8 /usr/lib/gcc/x86_64-linux-gnu/11/crtbeginS.o
                [!provide]                        PROVIDE (__fini_array_end = .)

.ctors
 *crtbegin.o(.ctors)
 *crtbegin?.o(.ctors)
 *(EXCLUDE_FILE(*crtend?.o *crtend.o) .ctors)
 *(SORT_BY_NAME(.ctors.*))
 *(.ctors)

.dtors
 *crtbegin.o(.dtors)
 *crtbegin?.o(.dtors)
 *(EXCLUDE_FILE(*crtend?.o *crtend.o) .dtors)
 *(SORT_BY_NAME(.dtors.*))
 *(.dtors)

.jcr
 *(.jcr)

.data.rel.ro    0x0000000000014bd8        0x0
 *(.data.rel.ro.local* .gnu.linkonce.d.rel.ro.local.*)
 *(.data.rel.ro .data.rel.ro.* .gnu.linkonce.d.rel.ro.*)
 .data.rel.ro   0x0000000000014bd8        0x0 /usr/lib/gcc/x86_64-linux-gnu/11/../../../x86_64-linux-gnu/Scrt1.o

.dynamic        0x0000000000014bd8      0x200
 *(.dynamic)
 .dynamic       0x0000000000014bd8      0x200 /usr/lib/gcc/x86_64-linux-gnu/11/../../../x86_64-linux-gnu/Scrt1.o
                0x0000000000014bd8                _DYNAMIC

.got            0x0000000000014dd8      0x228
 *(.got.plt)
 .got.plt       0x0000000000014dd8      0x200 /usr/lib/gcc/x86_64-linux-gnu/11/../../../x86_64-linux-gnu/Scrt1.o
                0x0000000000014dd8                _GLOBAL_OFFSET_TABLE_
 *(.igot.plt)
 *(.got)
 .got           0x0000000000014fd8       0x28 /usr/lib/gcc/x86_64-linux-gnu/11/../../../x86_64-linux-gnu/Scrt1.o
 *(.igot)
                0x0000000000015000                . = DATA_SEGMENT_RELRO_END (., 0x0)

.data           0x0000000000015000       0x10
 *(.data .data.* .gnu.linkonce.d.*)
 .data          0x0000000000015000        0x4 /usr/lib/gcc/x86_64-linux-gnu/11/../../../x86_64-linux-gnu/Scrt1.o
                0x0000000000015000                data_start
                0x0000000000015000                __data_start
 .data          0x0000000000015004        0x0 /usr/lib/gcc/x86_64-linux-gnu/11/../../../x86_64-linux-gnu/crti.o
 .data          0x0000000000015004        0x0 /usr/lib/gcc/x86_64-linux-gnu/11/crtbeginS.o
 *fill*         0x0000000000015004        0x4 
 .data.rel.local
                0x0000000000015008        0x8 /usr/lib/gcc/x86_64-linux-gnu/11/crtbeginS.o
                0x0000000000015008                __dso_handle
 .data          0x0000000000015010        0x0 /tmp/ccxBslZq.o
 .data          0x0000000000015010        0x0 /tmp/ccR9uN9a.o
 .data          0x0000000000015010        0x0 /tmp/cctCJJ0O.o
 .data          0x0000000000015010        0x0 /tmp/ccp7ulI1.o
 .data          0x0000000000015010        0x0 /tmp/ccp5ADLK.o
 .data          0x0000000000015010        0x0 /tmp/ccEAgKJe.o
 .data          0x0000000000015010        0x0 /tmp/cczAhgy0.o
 .data          0x0000000000015010        0x0 /tmp/cchMyX34.o
 .data          0x0000000000015010        0x0 /tmp/ccHFdIVg.o
 .data          0x0000000000015010        0x0 /tmp/cctxZxRM.o
 .data          0x0000000000015010        0x0 /tmp/ccH8amp2.o
 .data          0x0000000000015010        0x0 /tmp/ccXUzFOX.o
 .data          0x0000000000015010        0x0 /tmp/ccBTqpyc.o
 .data          0x0000000000015010        0x0 /usr/lib/gcc/x86_64-linux-gnu/11/crtendS.o
 .data          0x0000000000015010        0x0 /usr/lib/gcc/x86_64-linux-gnu/11/../../../x86_64-linux-gnu/crtn.o

.tm_clone_table
                0x0000000000015010        0x0
 .tm_clone_table
                0x0000000000015010        0x0 /usr/lib/gcc/x86_64-linux-gnu/11/crtbeginS.o
 .tm_clone_table
                0x0000000000015010        0x0 /usr/lib/gcc/x86_64-linux-gnu/11/crtendS.o

.data1
 *(.data1)
                0x0000000000015010                _edata = .
                [!provide]                        PROVIDE (edata = .)
                0x0000000000015010                . = .
                0x0000000000015010                __bss_start = .

.bss            0x0000000000015020   0xd08188
 *(.dynbss)
 .dynbss        0x0000000000015020        0x8 /usr/lib/gcc/x86_64-linux-gnu/11/../../../x86_64-linux-gnu/Scrt1.o
                0x0000000000015020                stderr@@GLIBC_2.2.5
 *(.bss .bss.* .gnu.linkonce.b.*)
 .bss           0x0000000000015028        0x0 /usr/lib/gcc/x86_64-linux-gnu/11/../../../x86_64-linux-gnu/Scrt1.o
 .bss           0x0000000000015028        0x0 /usr/lib/gcc/x86_64-linux-gnu/11/../../../x86_64-linux-gnu/crti.o
 .bss           0x0000000000015028        0x1 /usr/lib/gcc/x86_64-linux-gnu/11/crtbeginS.o
 *fill*         0x0000000000015029       0x17 
 .bss           0x0000000000015040   0x13c781 /tmp/ccxBslZq.o
                0x0000000000015040                sockfd
                0x0000000000015044                RCServer
                0x0000000000015050                servaddr
                0x0000000000015060                cliaddr
 *fill*         0x00000000001517c1        0x3 
 .bss           0x00000000001517c4        0x4 /tmp/ccR9uN9a.o
 *fill*         0x00000000001517c8       0x18 
 .bss           0x00000000001517e0     0x7081 /tmp/cctCJJ0O.o
                0x00000000001517e0                _StoreV
 *fill*         0x0000000000158861       0x1f 
 .bss           0x0000000000158880   0x111700 /tmp/ccp7ulI1.o
                0x0000000000158880                T_sector
 .bss           0x0000000000269f80        0x0 /tmp/ccp5ADLK.o
 .bss           0x0000000000269f80      0x420 /tmp/ccEAgKJe.o
 .bss           0x000000000026a3a0    0x10aa0 /tmp/cczAhgy0.o
 .bss           0x000000000027ae40   0x530224 /tmp/cchMyX34.o
                0x000000000027ae40                T_devstate
                0x00000000007ab040                devstate_info
 .bss           0x00000000007ab064        0x0 /tmp/ccHFdIVg.o
 .bss           0x00000000007ab064        0x0 /tmp/cctxZxRM.o
 .bss           0x00000000007ab064        0x0 /tmp/ccH8amp2.o
 *fill*         0x00000000007ab064       0x1c 
 .bss           0x00000000007ab080   0x426064 /tmp/ccXUzFOX.o
                0x00000000007ab080                T_devices
                0x0000000000ba2a80                SessionData_T_dev
                0x0000000000bd10c0                devices_info
 *fill*         0x0000000000bd10e4       0x1c 
 .bss           0x0000000000bd1100   0x14c0a4 /tmp/ccBTqpyc.o
                0x0000000000bd1100                T_devcalendar
                0x0000000000d1d180                devcalendar_info
 .bss           0x0000000000d1d1a4        0x0 /usr/lib/gcc/x86_64-linux-gnu/11/crtendS.o
 .bss           0x0000000000d1d1a4        0x0 /usr/lib/gcc/x86_64-linux-gnu/11/../../../x86_64-linux-gnu/crtn.o
 *(COMMON)
                0x0000000000d1d1a8                . = ALIGN ((. != 0x0)?0x8:0x1)
 *fill*         0x0000000000d1d1a4        0x4 

.lbss
 *(.dynlbss)
 *(.lbss .lbss.* .gnu.linkonce.lb.*)
 *(LARGE_COMMON)
                0x0000000000d1d1a8                . = ALIGN (0x8)
                0x0000000000d1d1a8                . = SEGMENT_START ("ldata-segment", .)

.lrodata
 *(.lrodata .lrodata.* .gnu.linkonce.lr.*)

.ldata          0x0000000000d1f1a8        0x0
 *(.ldata .ldata.* .gnu.linkonce.l.*)
                0x0000000000d1f1a8                . = ALIGN ((. != 0x0)?0x8:0x1)
                0x0000000000d1f1a8                . = ALIGN (0x8)
                0x0000000000d1d1a8                _end = .
                [!provide]                        PROVIDE (end = .)
                0x0000000000d1f1a8                . = DATA_SEGMENT_END (.)

.stab
 *(.stab)

.stabstr
 *(.stabstr)

.stab.excl
 *(.stab.excl)

.stab.exclstr
 *(.stab.exclstr)

.stab.index
 *(.stab.index)

.stab.indexstr
 *(.stab.indexstr)

.comment        0x0000000000000000       0x2d
 *(.comment)
 .comment       0x0000000000000000       0x2d /usr/lib/gcc/x86_64-linux-gnu/11/crtbeginS.o
                                         0x2e (size before relaxing)
 .comment       0x000000000000002d       0x2e /tmp/ccxBslZq.o
 .comment       0x000000000000002d       0x2e /tmp/ccR9uN9a.o
 .comment       0x000000000000002d       0x2e /tmp/cctCJJ0O.o
 .comment       0x000000000000002d       0x2e /tmp/ccp7ulI1.o
 .comment       0x000000000000002d       0x2e /tmp/ccp5ADLK.o
 .comment       0x000000000000002d       0x2e /tmp/ccEAgKJe.o
 .comment       0x000000000000002d       0x2e /tmp/cczAhgy0.o
 .comment       0x000000000000002d       0x2e /tmp/cchMyX34.o
 .comment       0x000000000000002d       0x2e /tmp/ccHFdIVg.o
 .comment       0x000000000000002d       0x2e /tmp/cctxZxRM.o
 .comment       0x000000000000002d       0x2e /tmp/ccH8amp2.o
 .comment       0x000000000000002d       0x2e /tmp/ccXUzFOX.o
 .comment       0x000000000000002d       0x2e /tmp/ccBTqpyc.o
 .comment       0x000000000000002d       0x2e /usr/lib/gcc/x86_64-linux-gnu/11/crtendS.o

.gnu.build.attributes
 *(.gnu.build.attributes .gnu.build.attributes.*)

.debug
 *(.debug)

.line
 *(.line)

.debug_srcinfo
 *(.debug_srcinfo)

.debug_sfnames
 *(.debug_sfnames)

.debug_aranges  0x0000000000000000      0x270
 *(.debug_aranges)
 .debug_aranges
                0x0000000000000000       0x30 /tmp/ccxBslZq.o
 .debug_aranges
                0x0000000000000030       0x30 /tmp/ccR9uN9a.o
 .debug_aranges
                0x0000000000000060       0x30 /tmp/cctCJJ0O.o
 .debug_aranges
                0x0000000000000090       0x30 /tmp/ccp7ulI1.o
 .debug_aranges
                0x00000000000000c0       0x30 /tmp/ccp5ADLK.o
 .debug_aranges
                0x00000000000000f0       0x30 /tmp/ccEAgKJe.o
 .debug_aranges
                0x0000000000000120       0x30 /tmp/cczAhgy0.o
 .debug_aranges
                0x0000000000000150       0x30 /tmp/cchMyX34.o
 .debug_aranges
                0x0000000000000180       0x30 /tmp/ccHFdIVg.o
 .debug_aranges
                0x00000000000001b0       0x30 /tmp/cctxZxRM.o
 .debug_aranges
                0x00000000000001e0       0x30 /tmp/ccH8amp2.o
 .debug_aranges
                0x0000000000000210       0x30 /tmp/ccXUzFOX.o
 .debug_aranges
                0x0000000000000240       0x30 /tmp/ccBTqpyc.o

.debug_pubnames
 *(.debug_pubnames)

.debug_info     0x0000000000000000     0x921b
 *(.debug_info .gnu.linkonce.wi.*)
 .debug_info    0x0000000000000000     0x242b /tmp/ccxBslZq.o
 .debug_info    0x000000000000242b      0x217 /tmp/ccR9uN9a.o
 .debug_info    0x0000000000002642      0xc22 /tmp/cctCJJ0O.o
 .debug_info    0x0000000000003264      0x8f5 /tmp/ccp7ulI1.o
 .debug_info    0x0000000000003b59      0x181 /tmp/ccp5ADLK.o
 .debug_info    0x0000000000003cda      0x746 /tmp/ccEAgKJe.o
 .debug_info    0x0000000000004420      0xa75 /tmp/cczAhgy0.o
 .debug_info    0x0000000000004e95      0xde9 /tmp/cchMyX34.o
 .debug_info    0x0000000000005c7e      0xa97 /tmp/ccHFdIVg.o
 .debug_info    0x0000000000006715      0x67b /tmp/cctxZxRM.o
 .debug_info    0x0000000000006d90      0xa62 /tmp/ccH8amp2.o
 .debug_info    0x00000000000077f2      0xca6 /tmp/ccXUzFOX.o
 .debug_info    0x0000000000008498      0xd83 /tmp/ccBTqpyc.o

.debug_abbrev   0x0000000000000000     0x1e33
 *(.debug_abbrev)
 .debug_abbrev  0x0000000000000000      0x476 /tmp/ccxBslZq.o
 .debug_abbrev  0x0000000000000476      0x119 /tmp/ccR9uN9a.o
 .debug_abbrev  0x000000000000058f      0x268 /tmp/cctCJJ0O.o
 .debug_abbrev  0x00000000000007f7      0x251 /tmp/ccp7ulI1.o
 .debug_abbrev  0x0000000000000a48       0xe5 /tmp/ccp5ADLK.o
 .debug_abbrev  0x0000000000000b2d      0x21c /tmp/ccEAgKJe.o
 .debug_abbrev  0x0000000000000d49      0x2b3 /tmp/cczAhgy0.o
 .debug_abbrev  0x0000000000000ffc      0x2b0 /tmp/cchMyX34.o
 .debug_abbrev  0x00000000000012ac      0x252 /tmp/ccHFdIVg.o
 .debug_abbrev  0x00000000000014fe      0x194 /tmp/cctxZxRM.o
 .debug_abbrev  0x0000000000001692      0x25d /tmp/ccH8amp2.o
 .debug_abbrev  0x00000000000018ef      0x2bd /tmp/ccXUzFOX.o
 .debug_abbrev  0x0000000000001bac      0x287 /tmp/ccBTqpyc.o

.debug_line     0x0000000000000000     0x3688
 *(.debug_line .debug_line.* .debug_line_end)
 .debug_line    0x0000000000000000      0xbce /tmp/ccxBslZq.o
 .debug_line    0x0000000000000bce      0x133 /tmp/ccR9uN9a.o
 .debug_line    0x0000000000000d01      0x455 /tmp/cctCJJ0O.o
 .debug_line    0x0000000000001156      0x1be /tmp/ccp7ulI1.o
 .debug_line    0x0000000000001314      0x100 /tmp/ccp5ADLK.o
 .debug_line    0x0000000000001414      0x1c8 /tmp/ccEAgKJe.o
 .debug_line    0x00000000000015dc      0x2ea /tmp/cczAhgy0.o
 .debug_line    0x00000000000018c6      0x7a0 /tmp/cchMyX34.o
 .debug_line    0x0000000000002066      0x3ea /tmp/ccHFdIVg.o
 .debug_line    0x0000000000002450      0x134 /tmp/cctxZxRM.o
 .debug_line    0x0000000000002584      0x46c /tmp/ccH8amp2.o
 .debug_line    0x00000000000029f0      0x64f /tmp/ccXUzFOX.o
 .debug_line    0x000000000000303f      0x649 /tmp/ccBTqpyc.o

.debug_frame
 *(.debug_frame)

.debug_str      0x0000000000000000     0x1fd8
 *(.debug_str)
 .debug_str     0x0000000000000000     0x1165 /tmp/ccxBslZq.o
                                       0x137c (size before relaxing)
 .debug_str     0x0000000000001165       0x2e /tmp/ccR9uN9a.o
                                        0x16d (size before relaxing)
 .debug_str     0x0000000000001193      0x307 /tmp/cctCJJ0O.o
                                        0x7db (size before relaxing)
 .debug_str     0x000000000000149a       0xf2 /tmp/ccp7ulI1.o
                                        0x5b7 (size before relaxing)
 .debug_str     0x000000000000158c        0x7 /tmp/ccp5ADLK.o
                                        0x143 (size before relaxing)
 .debug_str     0x0000000000001593       0xd1 /tmp/ccEAgKJe.o
                                        0x467 (size before relaxing)
 .debug_str     0x0000000000001664       0xdf /tmp/cczAhgy0.o
                                        0x57a (size before relaxing)
 .debug_str     0x0000000000001743      0x3a5 /tmp/cchMyX34.o
                                        0x96b (size before relaxing)
 .debug_str     0x0000000000001ae8      0x24e /tmp/ccHFdIVg.o
                                        0x93d (size before relaxing)
 .debug_str     0x0000000000001d36       0x25 /tmp/cctxZxRM.o
                                        0x6a0 (size before relaxing)
 .debug_str     0x0000000000001d5b      0x1ae /tmp/ccH8amp2.o
                                        0x91a (size before relaxing)
 .debug_str     0x0000000000001f09       0x4c /tmp/ccXUzFOX.o
                                        0x954 (size before relaxing)
 .debug_str     0x0000000000001f55       0x83 /tmp/ccBTqpyc.o
                                        0x92c (size before relaxing)

.debug_loc
 *(.debug_loc)

.debug_macinfo
 *(.debug_macinfo)

.debug_weaknames
 *(.debug_weaknames)

.debug_funcnames
 *(.debug_funcnames)

.debug_typenames
 *(.debug_typenames)

.debug_varnames
 *(.debug_varnames)

.debug_pubtypes
 *(.debug_pubtypes)

.debug_ranges
 *(.debug_ranges)

.debug_addr
 *(.debug_addr)

.debug_line_str
                0x0000000000000000      0x33f
 *(.debug_line_str)
 .debug_line_str
                0x0000000000000000      0x21d /tmp/ccxBslZq.o
                                        0x26f (size before relaxing)
 .debug_line_str
                0x000000000000021d        0x6 /tmp/ccR9uN9a.o
                                         0xe1 (size before relaxing)
 .debug_line_str
                0x0000000000000223       0x34 /tmp/cctCJJ0O.o
                                        0x1b3 (size before relaxing)
 .debug_line_str
                0x0000000000000257        0x5 /tmp/ccp7ulI1.o
                                        0x112 (size before relaxing)
 .debug_line_str
                0x000000000000025c        0x7 /tmp/ccp5ADLK.o
                                         0x78 (size before relaxing)
 .debug_line_str
                0x0000000000000263       0x26 /tmp/ccEAgKJe.o
                                        0x1b1 (size before relaxing)
 .debug_line_str
                0x0000000000000289        0xc /tmp/cczAhgy0.o
                                        0x151 (size before relaxing)
 .debug_line_str
                0x0000000000000295       0x40 /tmp/cchMyX34.o
                                        0x1a7 (size before relaxing)
 .debug_line_str
                0x00000000000002d5       0x1c /tmp/ccHFdIVg.o
                                        0x198 (size before relaxing)
 .debug_line_str
                0x00000000000002f1       0x1a /tmp/cctxZxRM.o
                                        0x177 (size before relaxing)
 .debug_line_str
                0x000000000000030b       0x16 /tmp/ccH8amp2.o
                                        0x1a9 (size before relaxing)
 .debug_line_str
                0x0000000000000321        0xd /tmp/ccXUzFOX.o
                                        0x194 (size before relaxing)
 .debug_line_str
                0x000000000000032e       0x11 /tmp/ccBTqpyc.o
                                        0x1a5 (size before relaxing)

.debug_loclists
 *(.debug_loclists)

.debug_macro
 *(.debug_macro)

.debug_names
 *(.debug_names)

.debug_rnglists
                0x0000000000000000       0x3d
 *(.debug_rnglists)
 .debug_rnglists
                0x0000000000000000       0x3d /tmp/ccxBslZq.o

.debug_str_offsets
 *(.debug_str_offsets)

.debug_sup
 *(.debug_sup)

.gnu.attributes
 *(.gnu.attributes)

/DISCARD/
 *(.note.GNU-stack)
 *(.gnu_debuglink)
 *(.gnu.lto_*)
OUTPUT(rcserver elf64-x86-64)
