[2026-09-20 20:48:13] prueba
[2026-09-20 20:48:20] prueba
[2026-09-20 20:48:20] prueba
[2026-09-20 20:48:25] prueba
[2026-09-20 20:48:29] prueba
[2026-09-20 20:48:32] prueba
[2026-09-20 20:48:36] prueba
[2026-09-20 20:48:41] prueba
[2026-09-20 20:48:43] prueba
[2026-09-20 20:48:47] prueba
[2026-09-20 20:48:52] prueba
[2026-09-20 20:48:55] prueba
[2026-09-20 20:48:59] prueba
[2026-09-20 20:49:04] prueba
[2026-09-20 20:49:06] prueba
[2026-09-20 21:01:24] p_stRxHubStatus->HubStatus (C7)
[2026-09-20 21:01:24] p_stRxHubStatus->TimeRunning (1047)Seg
[2026-09-20 21:01:24] p_stRxHubStatus->netvoltage (219)V
[2026-09-20 21:01:24] p_stRxHubStatus->netcurrent (1)A
[2026-09-20 21:01:24] p_stRxHubStatus->HubStatus (C7)
[2026-09-20 21:01:24] p_stRxHubStatus->TimeRunning (1050)Seg
[2026-09-20 21:01:24] p_stRxHubStatus->netvoltage (219)V
[2026-09-20 21:01:24] p_stRxHubStatus->netcurrent (1)A
[2026-09-20 21:01:24] p_stRxHubStatus->HubStatus (C7)
[2026-09-20 21:01:24] p_stRxHubStatus->TimeRunning (1053)Seg
[2026-09-20 21:01:24] p_stRxHubStatus->netvoltage (219)V
[2026-09-20 21:01:24] p_stRxHubStatus->netcurrent (1)A
[2026-09-20 21:01:24] p_stRxHubStatus->HubStatus (C7)
[2026-09-20 21:01:24] p_stRxHubStatus->TimeRunning (1056)Seg
[2026-09-20 21:01:24] p_stRxHubStatus->netvoltage (219)V
[2026-09-20 21:01:24] p_stRxHubStatus->netcurrent (1)A
[2026-09-20 21:18:13] p_stRxHubStatus->HubStatus (80)
[2026-09-20 21:18:13] p_stRxHubStatus->TimeRunning (71)Seg
[2026-09-20 21:18:13] p_stRxHubStatus->netvoltage (219)V
[2026-09-20 21:18:13] p_stRxHubStatus->netcurrent (43066)A
[2026-09-20 21:18:17] p_stRxHubStatus->HubStatus (87)
[2026-09-20 21:18:17] p_stRxHubStatus->TimeRunning (78)Seg
[2026-09-20 21:18:17] p_stRxHubStatus->netvoltage (219)V
[2026-09-20 21:18:17] p_stRxHubStatus->netcurrent (43066)A
[2026-09-20 21:18:26] p_stRxHubStatus->HubStatus (87)
[2026-09-20 21:18:26] p_stRxHubStatus->TimeRunning (81)Seg
[2026-09-20 21:18:26] p_stRxHubStatus->netvoltage (219)V
[2026-09-20 21:18:26] p_stRxHubStatus->netcurrent (43066)A
[2026-09-20 21:18:26] p_stRxHubStatus->HubStatus (87)
[2026-09-20 21:18:26] p_stRxHubStatus->TimeRunning (84)Seg
[2026-09-20 21:18:26] p_stRxHubStatus->netvoltage (219)V
[2026-09-20 21:18:26] p_stRxHubStatus->netcurrent (43066)A
[2026-09-20 21:18:27] p_stRxHubStatus->HubStatus (87)
[2026-09-20 21:18:27] p_stRxHubStatus->TimeRunning (87)Seg
[2026-09-20 21:18:27] p_stRxHubStatus->netvoltage (219)V
[2026-09-20 21:18:27] p_stRxHubStatus->netcurrent (43066)A
[2026-09-20 21:18:31] p_stRxHubStatus->HubStatus (87)
[2026-09-20 21:18:31] p_stRxHubStatus->TimeRunning (90)Seg
[2026-09-20 21:18:31] p_stRxHubStatus->netvoltage (219)V
[2026-09-20 21:18:31] p_stRxHubStatus->netcurrent (43066)A
[2026-09-20 21:18:35] p_stRxHubStatus->HubStatus (87)
[2026-09-20 21:18:35] p_stRxHubStatus->TimeRunning (93)Seg
[2026-09-20 21:18:35] p_stRxHubStatus->netvoltage (219)V
[2026-09-20 21:18:35] p_stRxHubStatus->netcurrent (43066)A
[2026-09-20 21:19:57] p_stRxHubStatus->HubStatus (87)
[2026-09-20 21:19:57] p_stRxHubStatus->TimeRunning (161)Seg
[2026-09-20 21:19:57] p_stRxHubStatus->netvoltage (219)V
[2026-09-20 21:19:57] p_stRxHubStatus->netcurrent (43066)A
[2026-09-20 21:20:05] p_stRxHubStatus->HubStatus (87)
[2026-09-20 21:20:05] p_stRxHubStatus->TimeRunning (164)Seg
[2026-09-20 21:20:05] p_stRxHubStatus->netvoltage (219)V
[2026-09-20 21:20:05] p_stRxHubStatus->netcurrent (43066)A
[2026-09-20 21:20:05] p_stRxHubStatus->HubStatus (87)
[2026-09-20 21:20:05] p_stRxHubStatus->TimeRunning (167)Seg
[2026-09-20 21:20:05] p_stRxHubStatus->netvoltage (219)V
[2026-09-20 21:20:05] p_stRxHubStatus->netcurrent (43066)A
[2026-09-20 21:20:09] p_stRxHubStatus->HubStatus (87)
[2026-09-20 21:20:09] p_stRxHubStatus->TimeRunning (170)Seg
[2026-09-20 21:20:09] p_stRxHubStatus->netvoltage (219)V
[2026-09-20 21:20:09] p_stRxHubStatus->netcurrent (43066)A
[2026-09-20 21:20:13] p_stRxHubStatus->HubStatus (87)
[2026-09-20 21:20:13] p_stRxHubStatus->TimeRunning (173)Seg
[2026-09-20 21:20:13] p_stRxHubStatus->netvoltage (219)V
[2026-09-20 21:20:13] p_stRxHubStatus->netcurrent (43066)A
[2026-09-20 21:20:17] p_stRxHubStatus->HubStatus (87)
[2026-09-20 21:20:17] p_stRxHubStatus->TimeRunning (177)Seg
[2026-09-20 21:20:17] p_stRxHubStatus->netvoltage (219)V
[2026-09-20 21:20:17] p_stRxHubStatus->netcurrent (43066)A
[2026-09-20 21:20:22] p_stRxHubStatus->HubStatus (87)
[2026-09-20 21:20:22] p_stRxHubStatus->TimeRunning (180)Seg
[2026-09-20 21:20:22] p_stRxHubStatus->netvoltage (219)V
[2026-09-20 21:20:22] p_stRxHubStatus->netcurrent (43066)A
[2026-09-20 21:20:27] p_stRxHubStatus->HubStatus (87)
[2026-09-20 21:20:27] p_stRxHubStatus->TimeRunning (183)Seg
[2026-09-20 21:20:27] p_stRxHubStatus->netvoltage (219)V
[2026-09-20 21:20:27] p_stRxHubStatus->netcurrent (43066)A
[2026-09-20 21:20:30] p_stRxHubStatus->HubStatus (87)
[2026-09-20 21:20:30] p_stRxHubStatus->TimeRunning (186)Seg
[2026-09-20 21:20:30] p_stRxHubStatus->netvoltage (219)V
[2026-09-20 21:20:30] p_stRxHubStatus->netcurrent (43066)A
[2026-09-20 21:20:34] p_stRxHubStatus->HubStatus (87)
[2026-09-20 21:20:34] p_stRxHubStatus->TimeRunning (189)Seg
[2026-09-20 21:20:34] p_stRxHubStatus->netvoltage (219)V
[2026-09-20 21:20:34] p_stRxHubStatus->netcurrent (43066)A
[2026-09-20 21:20:38] p_stRxHubStatus->HubStatus (87)
[2026-09-20 21:20:38] p_stRxHubStatus->TimeRunning (192)Seg
[2026-09-20 21:20:38] p_stRxHubStatus->netvoltage (219)V
[2026-09-20 21:20:38] p_stRxHubStatus->netcurrent (43066)A
[2026-09-20 21:20:42] p_stRxHubStatus->HubStatus (87)
[2026-09-20 21:20:42] p_stRxHubStatus->TimeRunning (195)Seg
[2026-09-20 21:20:42] p_stRxHubStatus->netvoltage (219)V
[2026-09-20 21:20:42] p_stRxHubStatus->netcurrent (43066)A
[2026-09-20 21:20:46] p_stRxHubStatus->HubStatus (87)
[2026-09-20 21:20:46] p_stRxHubStatus->TimeRunning (198)Seg
[2026-09-20 21:20:46] p_stRxHubStatus->netvoltage (219)V
[2026-09-20 21:20:46] p_stRxHubStatus->netcurrent (43066)A
[2026-09-20 21:20:51] p_stRxHubStatus->HubStatus (87)
[2026-09-20 21:20:51] p_stRxHubStatus->TimeRunning (202)Seg
[2026-09-20 21:20:51] p_stRxHubStatus->netvoltage (219)V
[2026-09-20 21:20:51] p_stRxHubStatus->netcurrent (43066)A
[2026-09-20 21:20:55] p_stRxHubStatus->HubStatus (87)
[2026-09-20 21:20:55] p_stRxHubStatus->TimeRunning (205)Seg
[2026-09-20 21:20:55] p_stRxHubStatus->netvoltage (219)V
[2026-09-20 21:20:55] p_stRxHubStatus->netcurrent (43066)A
[2026-09-20 21:21:03] p_stRxHubStatus->HubStatus (87)
[2026-09-20 21:21:03] p_stRxHubStatus->TimeRunning (211)Seg
[2026-09-20 21:21:03] p_stRxHubStatus->netvoltage (219)V
[2026-09-20 21:21:03] p_stRxHubStatus->netcurrent (43066)A
[2026-09-20 21:21:07] p_stRxHubStatus->HubStatus (87)
[2026-09-20 21:21:07] p_stRxHubStatus->TimeRunning (214)Seg
[2026-09-20 21:21:07] p_stRxHubStatus->netvoltage (219)V
[2026-09-20 21:21:07] p_stRxHubStatus->netcurrent (43066)A
[2026-09-20 21:21:11] p_stRxHubStatus->HubStatus (87)
[2026-09-20 21:21:11] p_stRxHubStatus->TimeRunning (217)Seg
[2026-09-20 21:21:11] p_stRxHubStatus->netvoltage (219)V
[2026-09-20 21:21:11] p_stRxHubStatus->netcurrent (43066)A
[2026-09-20 21:21:15] p_stRxHubStatus->HubStatus (87)
[2026-09-20 21:21:15] p_stRxHubStatus->TimeRunning (220)Seg
[2026-09-20 21:21:15] p_stRxHubStatus->netvoltage (219)V
[2026-09-20 21:21:15] p_stRxHubStatus->netcurrent (43066)A
[2026-09-20 21:21:20] p_stRxHubStatus->HubStatus (87)
[2026-09-20 21:21:20] p_stRxHubStatus->TimeRunning (224)Seg
[2026-09-20 21:21:20] p_stRxHubStatus->netvoltage (219)V
[2026-09-20 21:21:20] p_stRxHubStatus->netcurrent (43066)A
[2026-09-20 21:21:24] p_stRxHubStatus->HubStatus (87)
[2026-09-20 21:21:24] p_stRxHubStatus->TimeRunning (227)Seg
[2026-09-20 21:21:24] p_stRxHubStatus->netvoltage (219)V
[2026-09-20 21:21:24] p_stRxHubStatus->netcurrent (43066)A
[2026-09-20 21:21:28] p_stRxHubStatus->HubStatus (87)
[2026-09-20 21:21:28] p_stRxHubStatus->TimeRunning (230)Seg
[2026-09-20 21:21:28] p_stRxHubStatus->netvoltage (219)V
[2026-09-20 21:21:28] p_stRxHubStatus->netcurrent (43066)A
[2026-09-20 21:21:32] p_stRxHubStatus->HubStatus (87)
[2026-09-20 21:21:32] p_stRxHubStatus->TimeRunning (233)Seg
[2026-09-20 21:21:32] p_stRxHubStatus->netvoltage (219)V
[2026-09-20 21:21:32] p_stRxHubStatus->netcurrent (43066)A
[2026-09-20 21:21:36] p_stRxHubStatus->HubStatus (87)
[2026-09-20 21:21:36] p_stRxHubStatus->TimeRunning (236)Seg
[2026-09-20 21:21:36] p_stRxHubStatus->netvoltage (219)V
[2026-09-20 21:21:36] p_stRxHubStatus->netcurrent (43066)A
[2026-09-20 21:21:40] p_stRxHubStatus->HubStatus (87)
[2026-09-20 21:21:40] p_stRxHubStatus->TimeRunning (239)Seg
[2026-09-20 21:21:40] p_stRxHubStatus->netvoltage (219)V
[2026-09-20 21:21:40] p_stRxHubStatus->netcurrent (43066)A
[2026-09-20 21:21:45] p_stRxHubStatus->HubStatus (87)
[2026-09-20 21:21:45] p_stRxHubStatus->TimeRunning (242)Seg
[2026-09-20 21:21:45] p_stRxHubStatus->netvoltage (219)V
[2026-09-20 21:21:45] p_stRxHubStatus->netcurrent (43066)A
[2026-09-20 21:21:49] p_stRxHubStatus->HubStatus (87)
[2026-09-20 21:21:49] p_stRxHubStatus->TimeRunning (246)Seg
[2026-09-20 21:21:49] p_stRxHubStatus->netvoltage (219)V
[2026-09-20 21:21:49] p_stRxHubStatus->netcurrent (43066)A
[2026-09-20 21:21:53] p_stRxHubStatus->HubStatus (87)
[2026-09-20 21:21:53] p_stRxHubStatus->TimeRunning (249)Seg
[2026-09-20 21:21:53] p_stRxHubStatus->netvoltage (219)V
[2026-09-20 21:21:53] p_stRxHubStatus->netcurrent (43066)A
[2026-09-20 21:21:57] p_stRxHubStatus->HubStatus (87)
[2026-09-20 21:21:57] p_stRxHubStatus->TimeRunning (252)Seg
[2026-09-20 21:21:57] p_stRxHubStatus->netvoltage (219)V
[2026-09-20 21:21:57] p_stRxHubStatus->netcurrent (43066)A
[2026-09-20 21:22:01] p_stRxHubStatus->HubStatus (87)
[2026-09-20 21:22:01] p_stRxHubStatus->TimeRunning (255)Seg
[2026-09-20 21:22:01] p_stRxHubStatus->netvoltage (219)V
[2026-09-20 21:22:01] p_stRxHubStatus->netcurrent (43066)A
[2026-09-20 21:22:05] p_stRxHubStatus->HubStatus (87)
[2026-09-20 21:22:05] p_stRxHubStatus->TimeRunning (258)Seg
[2026-09-20 21:22:05] p_stRxHubStatus->netvoltage (219)V
[2026-09-20 21:22:05] p_stRxHubStatus->netcurrent (43066)A
[2026-09-20 21:22:10] p_stRxHubStatus->HubStatus (87)
[2026-09-20 21:22:10] p_stRxHubStatus->TimeRunning (261)Seg
[2026-09-20 21:22:10] p_stRxHubStatus->netvoltage (219)V
[2026-09-20 21:22:10] p_stRxHubStatus->netcurrent (43066)A
[2026-09-20 21:22:14] p_stRxHubStatus->HubStatus (87)
[2026-09-20 21:22:14] p_stRxHubStatus->TimeRunning (264)Seg
[2026-09-20 21:22:14] p_stRxHubStatus->netvoltage (219)V
[2026-09-20 21:22:14] p_stRxHubStatus->netcurrent (308)A
[2026-09-20 21:22:22] p_stRxHubStatus->HubStatus (C7)
[2026-09-20 21:22:22] p_stRxHubStatus->TimeRunning (271)Seg
[2026-09-20 21:22:22] p_stRxHubStatus->netvoltage (219)V
[2026-09-20 21:22:22] p_stRxHubStatus->netcurrent (183)A
[2026-09-20 21:22:29] p_stRxHubStatus->HubStatus (C7)
[2026-09-20 21:22:29] p_stRxHubStatus->TimeRunning (277)Seg
[2026-09-20 21:22:29] p_stRxHubStatus->netvoltage (219)V
[2026-09-20 21:22:29] p_stRxHubStatus->netcurrent (264)A
[2026-09-20 21:22:37] p_stRxHubStatus->HubStatus (C7)
[2026-09-20 21:22:37] p_stRxHubStatus->TimeRunning (283)Seg
[2026-09-20 21:22:37] p_stRxHubStatus->netvoltage (219)V
[2026-09-20 21:22:37] p_stRxHubStatus->netcurrent (248)A
[2026-09-20 21:22:45] p_stRxHubStatus->HubStatus (C7)
[2026-09-20 21:22:45] p_stRxHubStatus->TimeRunning (289)Seg
[2026-09-20 21:22:45] p_stRxHubStatus->netvoltage (219)V
[2026-09-20 21:22:45] p_stRxHubStatus->netcurrent (102)A
[2026-09-20 21:22:53] p_stRxHubStatus->HubStatus (C7)
[2026-09-20 21:22:53] p_stRxHubStatus->TimeRunning (296)Seg
[2026-09-20 21:22:53] p_stRxHubStatus->netvoltage (219)V
[2026-09-20 21:22:53] p_stRxHubStatus->netcurrent (302)A
[2026-09-20 21:23:00] p_stRxHubStatus->HubStatus (C7)
[2026-09-20 21:23:00] p_stRxHubStatus->TimeRunning (302)Seg
[2026-09-20 21:23:00] p_stRxHubStatus->netvoltage (219)V
[2026-09-20 21:23:00] p_stRxHubStatus->netcurrent (254)A
[2026-09-20 21:23:12] p_stRxHubStatus->HubStatus (C7)
[2026-09-20 21:23:12] p_stRxHubStatus->TimeRunning (311)Seg
[2026-09-20 21:23:12] p_stRxHubStatus->netvoltage (219)V
[2026-09-20 21:23:12] p_stRxHubStatus->netcurrent (367)A
[2026-09-20 21:23:20] p_stRxHubStatus->HubStatus (C7)
[2026-09-20 21:23:20] p_stRxHubStatus->TimeRunning (318)Seg
[2026-09-20 21:23:20] p_stRxHubStatus->netvoltage (219)V
[2026-09-20 21:23:20] p_stRxHubStatus->netcurrent (102)A
[2026-09-20 21:23:27] p_stRxHubStatus->HubStatus (C7)
[2026-09-20 21:23:27] p_stRxHubStatus->TimeRunning (324)Seg
[2026-09-20 21:23:27] p_stRxHubStatus->netvoltage (219)V
[2026-09-20 21:23:27] p_stRxHubStatus->netcurrent (264)A
[2026-09-20 21:23:35] p_stRxHubStatus->HubStatus (C7)
[2026-09-20 21:23:35] p_stRxHubStatus->TimeRunning (330)Seg
[2026-09-20 21:23:35] p_stRxHubStatus->netvoltage (219)V
[2026-09-20 21:23:35] p_stRxHubStatus->netcurrent (264)A
[2026-09-20 21:23:43] p_stRxHubStatus->HubStatus (C7)
[2026-09-20 21:23:43] p_stRxHubStatus->TimeRunning (336)Seg
[2026-09-20 21:23:43] p_stRxHubStatus->netvoltage (219)V
[2026-09-20 21:23:43] p_stRxHubStatus->netcurrent (372)A
[2026-09-20 21:23:52] p_stRxHubStatus->HubStatus (C7)
[2026-09-20 21:23:52] p_stRxHubStatus->TimeRunning (343)Seg
[2026-09-20 21:23:52] p_stRxHubStatus->netvoltage (219)V
[2026-09-20 21:23:52] p_stRxHubStatus->netcurrent (356)A
[2026-09-20 21:23:59] p_stRxHubStatus->HubStatus (C7)
[2026-09-20 21:23:59] p_stRxHubStatus->TimeRunning (349)Seg
[2026-09-20 21:23:59] p_stRxHubStatus->netvoltage (219)V
[2026-09-20 21:23:59] p_stRxHubStatus->netcurrent (145)A
[2026-09-20 21:24:10] p_stRxHubStatus->HubStatus (C7)
[2026-09-20 21:24:10] p_stRxHubStatus->TimeRunning (358)Seg
[2026-09-20 21:24:10] p_stRxHubStatus->netvoltage (219)V
[2026-09-20 21:24:10] p_stRxHubStatus->netcurrent (264)A
[2026-09-20 21:24:18] p_stRxHubStatus->HubStatus (C7)
[2026-09-20 21:24:18] p_stRxHubStatus->TimeRunning (365)Seg
[2026-09-20 21:24:18] p_stRxHubStatus->netvoltage (219)V
[2026-09-20 21:24:18] p_stRxHubStatus->netcurrent (140)A
[2026-09-20 21:24:25] p_stRxHubStatus->HubStatus (C7)
[2026-09-20 21:24:25] p_stRxHubStatus->TimeRunning (371)Seg
[2026-09-20 21:24:25] p_stRxHubStatus->netvoltage (219)V
[2026-09-20 21:24:25] p_stRxHubStatus->netcurrent (232)A
[2026-09-20 21:24:33] p_stRxHubStatus->HubStatus (C7)
[2026-09-20 21:24:33] p_stRxHubStatus->TimeRunning (377)Seg
[2026-09-20 21:24:33] p_stRxHubStatus->netvoltage (219)V
[2026-09-20 21:24:33] p_stRxHubStatus->netcurrent (308)A
[2026-09-20 21:24:41] p_stRxHubStatus->HubStatus (C7)
[2026-09-20 21:24:41] p_stRxHubStatus->TimeRunning (383)Seg
[2026-09-20 21:24:41] p_stRxHubStatus->netvoltage (219)V
[2026-09-20 21:24:41] p_stRxHubStatus->netcurrent (172)A
[2026-09-20 21:24:49] p_stRxHubStatus->HubStatus (C7)
[2026-09-20 21:24:49] p_stRxHubStatus->TimeRunning (390)Seg
[2026-09-20 21:24:49] p_stRxHubStatus->netvoltage (219)V
[2026-09-20 21:24:49] p_stRxHubStatus->netcurrent (378)A
[2026-09-20 21:24:57] p_stRxHubStatus->HubStatus (C7)
[2026-09-20 21:24:57] p_stRxHubStatus->TimeRunning (396)Seg
[2026-09-20 21:24:57] p_stRxHubStatus->netvoltage (219)V
[2026-09-20 21:24:57] p_stRxHubStatus->netcurrent (329)A
[2026-09-20 21:25:04] p_stRxHubStatus->HubStatus (C7)
[2026-09-20 21:25:04] p_stRxHubStatus->TimeRunning (402)Seg
[2026-09-20 21:25:04] p_stRxHubStatus->netvoltage (219)V
[2026-09-20 21:25:04] p_stRxHubStatus->netcurrent (194)A
[2026-09-20 21:25:12] p_stRxHubStatus->HubStatus (C7)
[2026-09-20 21:25:12] p_stRxHubStatus->TimeRunning (409)Seg
[2026-09-20 21:25:12] p_stRxHubStatus->netvoltage (219)V
[2026-09-20 21:25:12] p_stRxHubStatus->netcurrent (183)A
[2026-09-20 21:25:20] p_stRxHubStatus->HubStatus (C7)
[2026-09-20 21:25:20] p_stRxHubStatus->TimeRunning (415)Seg
[2026-09-20 21:25:20] p_stRxHubStatus->netvoltage (219)V
[2026-09-20 21:25:20] p_stRxHubStatus->netcurrent (372)A
[2026-09-20 21:25:27] p_stRxHubStatus->HubStatus (C7)
[2026-09-20 21:25:27] p_stRxHubStatus->TimeRunning (421)Seg
[2026-09-20 21:25:27] p_stRxHubStatus->netvoltage (219)V
[2026-09-20 21:25:27] p_stRxHubStatus->netcurrent (329)A
[2026-09-20 21:25:54] p_stRxHubStatus->HubStatus (C7)
[2026-09-20 21:25:54] p_stRxHubStatus->TimeRunning (443)Seg
[2026-09-20 21:25:54] p_stRxHubStatus->netvoltage (219)V
[2026-09-20 21:25:54] p_stRxHubStatus->netcurrent (183)mA
[2026-09-20 21:26:02] p_stRxHubStatus->HubStatus (C7)
[2026-09-20 21:26:02] p_stRxHubStatus->TimeRunning (449)Seg
[2026-09-20 21:26:02] p_stRxHubStatus->netvoltage (219)V
[2026-09-20 21:26:02] p_stRxHubStatus->netcurrent (194)mA
[2026-09-20 21:26:10] p_stRxHubStatus->HubStatus (C7)
[2026-09-20 21:26:10] p_stRxHubStatus->TimeRunning (456)Seg
[2026-09-20 21:26:10] p_stRxHubStatus->netvoltage (219)V
[2026-09-20 21:26:10] p_stRxHubStatus->netcurrent (113)mA
[2026-09-20 21:26:17] p_stRxHubStatus->HubStatus (C7)
[2026-09-20 21:26:17] p_stRxHubStatus->TimeRunning (462)Seg
[2026-09-20 21:26:17] p_stRxHubStatus->netvoltage (219)V
[2026-09-20 21:26:17] p_stRxHubStatus->netcurrent (221)mA
[2026-09-20 21:26:25] p_stRxHubStatus->HubStatus (C7)
[2026-09-20 21:26:25] p_stRxHubStatus->TimeRunning (468)Seg
[2026-09-20 21:26:25] p_stRxHubStatus->netvoltage (219)V
[2026-09-20 21:26:25] p_stRxHubStatus->netcurrent (254)mA
[2026-09-20 21:26:41] p_stRxHubStatus->HubStatus (C7)
[2026-09-20 21:26:41] p_stRxHubStatus->TimeRunning (481)Seg
[2026-09-20 21:26:41] p_stRxHubStatus->netvoltage (219)V
[2026-09-20 21:26:41] p_stRxHubStatus->netcurrent (205)mA
[2026-09-20 21:26:49] p_stRxHubStatus->HubStatus (C7)
[2026-09-20 21:26:49] p_stRxHubStatus->TimeRunning (487)Seg
[2026-09-20 21:26:49] p_stRxHubStatus->netvoltage (219)V
[2026-09-20 21:26:49] p_stRxHubStatus->netcurrent (356)mA
[2026-09-20 21:27:04] p_stRxHubStatus->HubStatus (C7)
[2026-09-20 21:27:04] p_stRxHubStatus->TimeRunning (497)Seg
[2026-09-20 21:27:04] p_stRxHubStatus->netvoltage (219)V
[2026-09-20 21:27:04] p_stRxHubStatus->netcurrent (281)mA
[2026-09-20 21:27:08] p_stRxHubStatus->HubStatus (C7)
[2026-09-20 21:27:08] p_stRxHubStatus->TimeRunning (503)Seg
[2026-09-20 21:27:08] p_stRxHubStatus->netvoltage (219)V
[2026-09-20 21:27:08] p_stRxHubStatus->netcurrent (108)mA
[2026-09-20 21:27:16] p_stRxHubStatus->HubStatus (C7)
[2026-09-20 21:27:16] p_stRxHubStatus->TimeRunning (510)Seg
[2026-09-20 21:27:16] p_stRxHubStatus->netvoltage (219)V
[2026-09-20 21:27:16] p_stRxHubStatus->netcurrent (324)mA
[2026-09-20 21:27:24] p_stRxHubStatus->HubStatus (C7)
[2026-09-20 21:27:24] p_stRxHubStatus->TimeRunning (516)Seg
[2026-09-20 21:27:24] p_stRxHubStatus->netvoltage (219)V
[2026-09-20 21:27:24] p_stRxHubStatus->netcurrent (156)mA
[2026-09-20 21:27:32] p_stRxHubStatus->HubStatus (C7)
[2026-09-20 21:27:32] p_stRxHubStatus->TimeRunning (522)Seg
[2026-09-20 21:27:32] p_stRxHubStatus->netvoltage (219)V
[2026-09-20 21:27:32] p_stRxHubStatus->netcurrent (302)mA
[2026-09-20 21:27:39] p_stRxHubStatus->HubStatus (C7)
[2026-09-20 21:27:39] p_stRxHubStatus->TimeRunning (528)Seg
[2026-09-20 21:27:39] p_stRxHubStatus->netvoltage (219)V
[2026-09-20 21:27:39] p_stRxHubStatus->netcurrent (102)mA
[2026-09-20 21:27:47] p_stRxHubStatus->HubStatus (C7)
[2026-09-20 21:27:47] p_stRxHubStatus->TimeRunning (535)Seg
[2026-09-20 21:27:47] p_stRxHubStatus->netvoltage (219)V
[2026-09-20 21:27:47] p_stRxHubStatus->netcurrent (324)mA
[2026-09-20 21:27:55] p_stRxHubStatus->HubStatus (C7)
[2026-09-20 21:27:55] p_stRxHubStatus->TimeRunning (541)Seg
[2026-09-20 21:27:55] p_stRxHubStatus->netvoltage (219)V
[2026-09-20 21:27:55] p_stRxHubStatus->netcurrent (356)mA
[2026-09-20 21:28:03] p_stRxHubStatus->HubStatus (C7)
[2026-09-20 21:28:03] p_stRxHubStatus->TimeRunning (547)Seg
[2026-09-20 21:28:03] p_stRxHubStatus->netvoltage (219)V
[2026-09-20 21:28:03] p_stRxHubStatus->netcurrent (372)mA
[2026-09-20 21:28:11] p_stRxHubStatus->HubStatus (C7)
[2026-09-20 21:28:11] p_stRxHubStatus->TimeRunning (553)Seg
[2026-09-20 21:28:11] p_stRxHubStatus->netvoltage (219)V
[2026-09-20 21:28:11] p_stRxHubStatus->netcurrent (221)mA
[2026-09-20 21:28:18] p_stRxHubStatus->HubStatus (C7)
[2026-09-20 21:28:18] p_stRxHubStatus->TimeRunning (560)Seg
[2026-09-20 21:28:18] p_stRxHubStatus->netvoltage (219)V
[2026-09-20 21:28:18] p_stRxHubStatus->netcurrent (351)mA
[2026-09-20 21:28:30] p_stRxHubStatus->HubStatus (C7)
[2026-09-20 21:28:30] p_stRxHubStatus->TimeRunning (569)Seg
[2026-09-20 21:28:30] p_stRxHubStatus->netvoltage (219)V
[2026-09-20 21:28:30] p_stRxHubStatus->netcurrent (367)mA
[2026-09-20 21:28:38] p_stRxHubStatus->HubStatus (C7)
[2026-09-20 21:28:38] p_stRxHubStatus->TimeRunning (575)Seg
[2026-09-20 21:28:38] p_stRxHubStatus->netvoltage (219)V
[2026-09-20 21:28:38] p_stRxHubStatus->netcurrent (86)mA
[2026-09-20 21:28:45] p_stRxHubStatus->HubStatus (C7)
[2026-09-20 21:28:45] p_stRxHubStatus->TimeRunning (582)Seg
[2026-09-20 21:28:45] p_stRxHubStatus->netvoltage (219)V
[2026-09-20 21:28:45] p_stRxHubStatus->netcurrent (308)mA
[2026-09-20 21:28:53] p_stRxHubStatus->HubStatus (C7)
[2026-09-20 21:28:53] p_stRxHubStatus->TimeRunning (588)Seg
[2026-09-20 21:28:53] p_stRxHubStatus->netvoltage (219)V
[2026-09-20 21:28:53] p_stRxHubStatus->netcurrent (302)mA
[2026-09-20 21:29:01] p_stRxHubStatus->HubStatus (C7)
[2026-09-20 21:29:01] p_stRxHubStatus->TimeRunning (594)Seg
[2026-09-20 21:29:01] p_stRxHubStatus->netvoltage (219)V
[2026-09-20 21:29:01] p_stRxHubStatus->netcurrent (372)mA
[2026-09-20 21:29:09] p_stRxHubStatus->HubStatus (C7)
[2026-09-20 21:29:09] p_stRxHubStatus->TimeRunning (600)Seg
[2026-09-20 21:29:09] p_stRxHubStatus->netvoltage (219)V
[2026-09-20 21:29:09] p_stRxHubStatus->netcurrent (200)mA
[2026-09-20 21:29:17] p_stRxHubStatus->HubStatus (C7)
[2026-09-20 21:29:17] p_stRxHubStatus->TimeRunning (607)Seg
[2026-09-20 21:29:17] p_stRxHubStatus->netvoltage (219)V
[2026-09-20 21:29:17] p_stRxHubStatus->netcurrent (172)mA
[2026-09-20 21:29:24] p_stRxHubStatus->HubStatus (C7)
[2026-09-20 21:29:24] p_stRxHubStatus->TimeRunning (613)Seg
[2026-09-20 21:29:24] p_stRxHubStatus->netvoltage (219)V
[2026-09-20 21:29:24] p_stRxHubStatus->netcurrent (81)mA
[2026-09-20 21:29:32] p_stRxHubStatus->HubStatus (C7)
[2026-09-20 21:29:32] p_stRxHubStatus->TimeRunning (619)Seg
[2026-09-20 21:29:32] p_stRxHubStatus->netvoltage (219)V
[2026-09-20 21:29:32] p_stRxHubStatus->netcurrent (259)mA
[2026-09-20 21:29:40] p_stRxHubStatus->HubStatus (C7)
[2026-09-20 21:29:40] p_stRxHubStatus->TimeRunning (626)Seg
[2026-09-20 21:29:40] p_stRxHubStatus->netvoltage (219)V
[2026-09-20 21:29:40] p_stRxHubStatus->netcurrent (372)mA
[2026-09-20 21:29:48] p_stRxHubStatus->HubStatus (C7)
[2026-09-20 21:29:48] p_stRxHubStatus->TimeRunning (632)Seg
[2026-09-20 21:29:48] p_stRxHubStatus->netvoltage (219)V
[2026-09-20 21:29:48] p_stRxHubStatus->netcurrent (351)mA
[2026-09-20 21:29:55] p_stRxHubStatus->HubStatus (C7)
[2026-09-20 21:29:55] p_stRxHubStatus->TimeRunning (638)Seg
[2026-09-20 21:29:55] p_stRxHubStatus->netvoltage (219)V
[2026-09-20 21:29:55] p_stRxHubStatus->netcurrent (313)mA
[2026-09-20 21:30:03] p_stRxHubStatus->HubStatus (C7)
[2026-09-20 21:30:03] p_stRxHubStatus->TimeRunning (644)Seg
[2026-09-20 21:30:03] p_stRxHubStatus->netvoltage (219)V
[2026-09-20 21:30:03] p_stRxHubStatus->netcurrent (291)mA
[2026-09-20 21:30:11] p_stRxHubStatus->HubStatus (C7)
[2026-09-20 21:30:11] p_stRxHubStatus->TimeRunning (651)Seg
[2026-09-20 21:30:11] p_stRxHubStatus->netvoltage (219)V
[2026-09-20 21:30:11] p_stRxHubStatus->netcurrent (335)mA
[2026-09-20 21:30:19] p_stRxHubStatus->HubStatus (C7)
[2026-09-20 21:30:19] p_stRxHubStatus->TimeRunning (657)Seg
[2026-09-20 21:30:19] p_stRxHubStatus->netvoltage (219)V
[2026-09-20 21:30:19] p_stRxHubStatus->netcurrent (356)mA
[2026-09-20 21:30:27] p_stRxHubStatus->HubStatus (C7)
[2026-09-20 21:30:27] p_stRxHubStatus->TimeRunning (663)Seg
[2026-09-20 21:30:27] p_stRxHubStatus->netvoltage (219)V
[2026-09-20 21:30:27] p_stRxHubStatus->netcurrent (16)mA
[2026-09-20 21:30:34] p_stRxHubStatus->HubStatus (C7)
[2026-09-20 21:30:34] p_stRxHubStatus->TimeRunning (669)Seg
[2026-09-20 21:30:34] p_stRxHubStatus->netvoltage (219)V
[2026-09-20 21:30:34] p_stRxHubStatus->netcurrent (286)mA
[2026-09-20 21:30:46] p_stRxHubStatus->HubStatus (C7)
[2026-09-20 21:30:46] p_stRxHubStatus->TimeRunning (679)Seg
[2026-09-20 21:30:46] p_stRxHubStatus->netvoltage (219)V
[2026-09-20 21:30:46] p_stRxHubStatus->netcurrent (75)mA
[2026-09-20 21:30:54] p_stRxHubStatus->HubStatus (C7)
[2026-09-20 21:30:54] p_stRxHubStatus->TimeRunning (685)Seg
[2026-09-20 21:30:54] p_stRxHubStatus->netvoltage (219)V
[2026-09-20 21:30:54] p_stRxHubStatus->netcurrent (389)mA
[2026-09-20 21:31:06] p_stRxHubStatus->HubStatus (C7)
[2026-09-20 21:31:06] p_stRxHubStatus->TimeRunning (695)Seg
[2026-09-20 21:31:06] p_stRxHubStatus->netvoltage (219)V
[2026-09-20 21:31:06] p_stRxHubStatus->netcurrent (221)mA
[2026-09-20 21:31:14] p_stRxHubStatus->HubStatus (C7)
[2026-09-20 21:31:14] p_stRxHubStatus->TimeRunning (701)Seg
[2026-09-20 21:31:14] p_stRxHubStatus->netvoltage (219)V
[2026-09-20 21:31:14] p_stRxHubStatus->netcurrent (405)mA
[2026-09-20 21:33:55] p_stRxHubStatus->HubStatus (87)
[2026-09-20 21:33:55] p_stRxHubStatus->TimeRunning (836)Seg
[2026-09-20 21:33:55] p_stRxHubStatus->netvoltage (219)V
[2026-09-20 21:33:55] p_stRxHubStatus->netcurrent (367)mA
[2026-09-20 21:33:59] p_stRxHubStatus->HubStatus (87)
[2026-09-20 21:33:59] p_stRxHubStatus->TimeRunning (839)Seg
[2026-09-20 21:33:59] p_stRxHubStatus->netvoltage (219)V
[2026-09-20 21:33:59] p_stRxHubStatus->netcurrent (400)mA
[2026-09-20 21:34:06] p_stRxHubStatus->HubStatus (C7)
[2026-09-20 21:34:06] p_stRxHubStatus->TimeRunning (845)Seg
[2026-09-20 21:34:06] p_stRxHubStatus->netvoltage (219)V
[2026-09-20 21:34:06] p_stRxHubStatus->netcurrent (432)mA
[2026-09-20 21:34:14] p_stRxHubStatus->HubStatus (C7)
[2026-09-20 21:34:14] p_stRxHubStatus->TimeRunning (851)Seg
[2026-09-20 21:34:14] p_stRxHubStatus->netvoltage (219)V
[2026-09-20 21:34:14] p_stRxHubStatus->netcurrent (643)mA
[2026-09-20 21:34:22] p_stRxHubStatus->HubStatus (C7)
[2026-09-20 21:34:22] p_stRxHubStatus->TimeRunning (858)Seg
[2026-09-20 21:34:22] p_stRxHubStatus->netvoltage (219)V
[2026-09-20 21:34:22] p_stRxHubStatus->netcurrent (367)mA
[2026-09-20 21:34:29] p_stRxHubStatus->HubStatus (C7)
[2026-09-20 21:34:29] p_stRxHubStatus->TimeRunning (864)Seg
[2026-09-20 21:34:29] p_stRxHubStatus->netvoltage (219)V
[2026-09-20 21:34:29] p_stRxHubStatus->netcurrent (383)mA
[2026-09-20 21:34:37] p_stRxHubStatus->HubStatus (C7)
[2026-09-20 21:34:37] p_stRxHubStatus->TimeRunning (870)Seg
[2026-09-20 21:34:37] p_stRxHubStatus->netvoltage (219)V
[2026-09-20 21:34:37] p_stRxHubStatus->netcurrent (481)mA
[2026-09-20 21:34:45] p_stRxHubStatus->HubStatus (C7)
[2026-09-20 21:34:45] p_stRxHubStatus->TimeRunning (876)Seg
[2026-09-20 21:34:45] p_stRxHubStatus->netvoltage (219)V
[2026-09-20 21:34:45] p_stRxHubStatus->netcurrent (562)mA
[2026-09-20 21:34:53] p_stRxHubStatus->HubStatus (C7)
[2026-09-20 21:34:53] p_stRxHubStatus->TimeRunning (883)Seg
[2026-09-20 21:34:53] p_stRxHubStatus->netvoltage (219)V
[2026-09-20 21:34:53] p_stRxHubStatus->netcurrent (210)mA
[2026-09-20 21:34:57] p_stRxHubStatus->HubStatus (C7)
[2026-09-20 21:34:57] p_stRxHubStatus->TimeRunning (886)Seg
[2026-09-20 21:34:57] p_stRxHubStatus->netvoltage (219)V
[2026-09-20 21:34:57] p_stRxHubStatus->netcurrent (535)mA
[2026-09-20 21:35:04] p_stRxHubStatus->HubStatus (C7)
[2026-09-20 21:35:04] p_stRxHubStatus->TimeRunning (892)Seg
[2026-09-20 21:35:04] p_stRxHubStatus->netvoltage (219)V
[2026-09-20 21:35:04] p_stRxHubStatus->netcurrent (243)mA
[2026-09-20 21:35:12] p_stRxHubStatus->HubStatus (C7)
[2026-09-20 21:35:12] p_stRxHubStatus->TimeRunning (898)Seg
[2026-09-20 21:35:12] p_stRxHubStatus->netvoltage (219)V
[2026-09-20 21:35:12] p_stRxHubStatus->netcurrent (578)mA
[2026-09-20 21:35:20] p_stRxHubStatus->HubStatus (C7)
[2026-09-20 21:35:20] p_stRxHubStatus->TimeRunning (905)Seg
[2026-09-20 21:35:20] p_stRxHubStatus->netvoltage (219)V
[2026-09-20 21:35:20] p_stRxHubStatus->netcurrent (481)mA
[2026-09-20 21:35:31] p_stRxHubStatus->HubStatus (C7)
[2026-09-20 21:35:31] p_stRxHubStatus->TimeRunning (914)Seg
[2026-09-20 21:35:31] p_stRxHubStatus->netvoltage (219)V
[2026-09-20 21:35:31] p_stRxHubStatus->netcurrent (178)mA
[2026-09-20 21:35:39] p_stRxHubStatus->HubStatus (C7)
[2026-09-20 21:35:39] p_stRxHubStatus->TimeRunning (920)Seg
[2026-09-20 21:35:39] p_stRxHubStatus->netvoltage (219)V
[2026-09-20 21:35:39] p_stRxHubStatus->netcurrent (508)mA
[2026-09-20 21:35:47] p_stRxHubStatus->HubStatus (C7)
[2026-09-20 21:35:47] p_stRxHubStatus->TimeRunning (927)Seg
[2026-09-20 21:35:47] p_stRxHubStatus->netvoltage (219)V
[2026-09-20 21:35:47] p_stRxHubStatus->netcurrent (529)mA
[2026-09-20 21:35:55] p_stRxHubStatus->HubStatus (C7)
[2026-09-20 21:35:55] p_stRxHubStatus->TimeRunning (933)Seg
[2026-09-20 21:35:55] p_stRxHubStatus->netvoltage (219)V
[2026-09-20 21:35:55] p_stRxHubStatus->netcurrent (567)mA
[2026-09-20 21:36:03] p_stRxHubStatus->HubStatus (C7)
[2026-09-20 21:36:03] p_stRxHubStatus->TimeRunning (939)Seg
[2026-09-20 21:36:03] p_stRxHubStatus->netvoltage (219)V
[2026-09-20 21:36:03] p_stRxHubStatus->netcurrent (654)mA
[2026-09-20 21:36:12] p_stRxHubStatus->HubStatus (C7)
[2026-09-20 21:36:12] p_stRxHubStatus->TimeRunning (945)Seg
[2026-09-20 21:36:12] p_stRxHubStatus->netvoltage (219)V
[2026-09-20 21:36:12] p_stRxHubStatus->netcurrent (259)mA
[2026-09-20 21:36:18] p_stRxHubStatus->HubStatus (C7)
[2026-09-20 21:36:18] p_stRxHubStatus->TimeRunning (952)Seg
[2026-09-20 21:36:18] p_stRxHubStatus->netvoltage (219)V
[2026-09-20 21:36:18] p_stRxHubStatus->netcurrent (535)mA
[2026-09-20 21:36:26] p_stRxHubStatus->HubStatus (C7)
[2026-09-20 21:36:26] p_stRxHubStatus->TimeRunning (958)Seg
[2026-09-20 21:36:26] p_stRxHubStatus->netvoltage (219)V
[2026-09-20 21:36:26] p_stRxHubStatus->netcurrent (275)mA
[2026-09-20 21:36:35] p_stRxHubStatus->HubStatus (C7)
[2026-09-20 21:36:35] p_stRxHubStatus->TimeRunning (964)Seg
[2026-09-20 21:36:35] p_stRxHubStatus->netvoltage (219)V
[2026-09-20 21:36:35] p_stRxHubStatus->netcurrent (416)mA
[2026-09-20 21:36:42] p_stRxHubStatus->HubStatus (C7)
[2026-09-20 21:36:42] p_stRxHubStatus->TimeRunning (971)Seg
[2026-09-20 21:36:42] p_stRxHubStatus->netvoltage (219)V
[2026-09-20 21:36:42] p_stRxHubStatus->netcurrent (421)mA
[2026-09-20 21:36:49] p_stRxHubStatus->HubStatus (C7)
[2026-09-20 21:36:49] p_stRxHubStatus->TimeRunning (977)Seg
[2026-09-20 21:36:49] p_stRxHubStatus->netvoltage (219)V
[2026-09-20 21:36:49] p_stRxHubStatus->netcurrent (59)mA
[2026-09-20 21:36:58] p_stRxHubStatus->HubStatus (C7)
[2026-09-20 21:36:58] p_stRxHubStatus->TimeRunning (983)Seg
[2026-09-20 21:36:58] p_stRxHubStatus->netvoltage (219)V
[2026-09-20 21:36:58] p_stRxHubStatus->netcurrent (600)mA
[2026-09-20 21:37:05] p_stRxHubStatus->HubStatus (C7)
[2026-09-20 21:37:05] p_stRxHubStatus->TimeRunning (989)Seg
[2026-09-20 21:37:05] p_stRxHubStatus->netvoltage (219)V
[2026-09-20 21:37:05] p_stRxHubStatus->netcurrent (583)mA
[2026-09-20 21:37:13] p_stRxHubStatus->HubStatus (C7)
[2026-09-20 21:37:13] p_stRxHubStatus->TimeRunning (996)Seg
[2026-09-20 21:37:13] p_stRxHubStatus->netvoltage (219)V
[2026-09-20 21:37:13] p_stRxHubStatus->netcurrent (383)mA
[2026-09-20 21:37:21] p_stRxHubStatus->HubStatus (C7)
[2026-09-20 21:37:21] p_stRxHubStatus->TimeRunning (1002)Seg
[2026-09-20 21:37:21] p_stRxHubStatus->netvoltage (219)V
[2026-09-20 21:37:21] p_stRxHubStatus->netcurrent (600)mA
[2026-09-20 21:37:29] p_stRxHubStatus->HubStatus (C7)
[2026-09-20 21:37:29] p_stRxHubStatus->TimeRunning (1008)Seg
[2026-09-20 21:37:29] p_stRxHubStatus->netvoltage (219)V
[2026-09-20 21:37:29] p_stRxHubStatus->netcurrent (275)mA
[2026-09-20 21:37:37] p_stRxHubStatus->HubStatus (C7)
[2026-09-20 21:37:37] p_stRxHubStatus->TimeRunning (1014)Seg
[2026-09-20 21:37:37] p_stRxHubStatus->netvoltage (219)V
[2026-09-20 21:37:37] p_stRxHubStatus->netcurrent (297)mA
[2026-09-20 21:37:44] p_stRxHubStatus->HubStatus (C7)
[2026-09-20 21:37:44] p_stRxHubStatus->TimeRunning (1021)Seg
[2026-09-20 21:37:44] p_stRxHubStatus->netvoltage (219)V
[2026-09-20 21:37:44] p_stRxHubStatus->netcurrent (632)mA
[2026-09-20 21:37:52] p_stRxHubStatus->HubStatus (C7)
[2026-09-20 21:37:52] p_stRxHubStatus->TimeRunning (1027)Seg
[2026-09-20 21:37:52] p_stRxHubStatus->netvoltage (219)V
[2026-09-20 21:37:52] p_stRxHubStatus->netcurrent (302)mA
[2026-09-20 21:38:00] p_stRxHubStatus->HubStatus (C7)
[2026-09-20 21:38:00] p_stRxHubStatus->TimeRunning (1033)Seg
[2026-09-20 21:38:00] p_stRxHubStatus->netvoltage (219)V
[2026-09-20 21:38:00] p_stRxHubStatus->netcurrent (589)mA
[2026-09-20 21:38:08] p_stRxHubStatus->HubStatus (C7)
[2026-09-20 21:38:08] p_stRxHubStatus->TimeRunning (1040)Seg
[2026-09-20 21:38:08] p_stRxHubStatus->netvoltage (219)V
[2026-09-20 21:38:08] p_stRxHubStatus->netcurrent (200)mA
[2026-09-20 21:42:15] p_stRxHubStatus->HubStatus (87)
[2026-09-20 21:42:15] p_stRxHubStatus->TimeRunning (159)Seg
[2026-09-20 21:42:15] p_stRxHubStatus->netvoltage (219)V
[2026-09-20 21:42:15] p_stRxHubStatus->netcurrent (113)mA
[2026-09-20 21:42:19] p_stRxHubStatus->HubStatus (87)
[2026-09-20 21:42:19] p_stRxHubStatus->TimeRunning (162)Seg
[2026-09-20 21:42:19] p_stRxHubStatus->netvoltage (219)V
[2026-09-20 21:42:19] p_stRxHubStatus->netcurrent (340)mA
[2026-09-20 21:42:28] p_stRxHubStatus->HubStatus (87)
[2026-09-20 21:42:28] p_stRxHubStatus->TimeRunning (165)Seg
[2026-09-20 21:42:28] p_stRxHubStatus->netvoltage (219)V
[2026-09-20 21:42:28] p_stRxHubStatus->netcurrent (351)mA
[2026-09-20 21:42:29] p_stRxHubStatus->HubStatus (87)
[2026-09-20 21:42:29] p_stRxHubStatus->TimeRunning (168)Seg
[2026-09-20 21:42:29] p_stRxHubStatus->netvoltage (219)V
[2026-09-20 21:42:29] p_stRxHubStatus->netcurrent (335)mA
[2026-09-20 21:42:35] p_stRxHubStatus->HubStatus (C7)
[2026-09-20 21:42:35] p_stRxHubStatus->TimeRunning (174)Seg
[2026-09-20 21:42:35] p_stRxHubStatus->netvoltage (219)V
[2026-09-20 21:42:35] p_stRxHubStatus->netcurrent (313)mA
